#======================================================
#
# Synopsys Synthesis Scripts (Design Vision dctcl mode)
#
#======================================================
#======================================================
# (A) Global Parameters
#======================================================
set DESIGN "MQ_NTT"
MQ_NTT
set CYCLE 2.1
2.1
set INPUT_DLY [expr 0.5*$CYCLE]
1.05
set OUTPUT_DLY [expr 0.5*$CYCLE]
1.05
#======================================================
# (B) Read RTL Code
#======================================================
# (B-1) analyze + elaborate
set hdlin_auto_save_templates TRUE
TRUE
analyze -f sverilog $DESIGN\.v 
Running PRESTO HDLC
Compiling source file ../01_RTL/MQ_NTT.v
Opening include file ../01_RTL/RADIX2.v
Opening include file ../01_RTL/DELAY_BUFFER.v
Opening include file ../01_RTL/BUTTERFLY.v
Warning:  ../01_RTL/BUTTERFLY.v:8: Empty port in module declaration. (VER-986)
Opening include file ../01_RTL/MQ.v
Presto compilation completed successfully.
Loading db file '/cell_base_lib/CBDK_TSMC40_Arm_f2.0/CIC/SynopsysDC/db/sc9_base_rvt/sc9_cln40g_base_rvt_ss_typical_max_0p81v_125c.db'
Loading db file '/cell_base_lib/CBDK_TSMC40_Arm_f2.0/CIC/SynopsysDC/db/sc9_base_hvt/sc9_cln40g_base_hvt_ss_typical_max_0p81v_125c.db'
Loading db file '/cell_base_lib/CBDK_TSMC40_Arm_f2.0/CIC/SynopsysDC/db/sc9_base_lvt/sc9_cln40g_base_lvt_ss_typical_max_0p81v_125c.db'
Loading db file '/usr/cad/synopsys/synthesis/cur/libraries/syn/dw_foundation.sldb'
Loading db file '/usr/cad/synopsys/synthesis/cur/libraries/syn/standard.sldb'
1
elaborate $DESIGN  
Loading db file '/usr/cad/synopsys/synthesis/2022.03/libraries/syn/gtech.db'
Loading db file '/usr/cad/synopsys/synthesis/2022.03/libraries/syn/standard.sldb'
  Loading link library 'sc9_cln40g_base_rvt_ss_typical_max_0p81v_125c'
  Loading link library 'sc9_cln40g_base_hvt_ss_typical_max_0p81v_125c'
  Loading link library 'sc9_cln40g_base_lvt_ss_typical_max_0p81v_125c'
  Loading link library 'gtech'
Running PRESTO HDLC

Inferred memory devices in process
        in routine MQ_NTT line 217 in file
                '../01_RTL/MQ_NTT.v'.
===============================================================================
|    Register Name    |   Type    | Width | Bus | MB | AR | AS | SR | SS | ST |
===============================================================================
|        a_reg        | Flip-flop |  14   |  Y  | N  | Y  | N  | N  | N  | N  |
|      valid_reg      | Flip-flop |   1   |  N  | N  | Y  | N  | N  | N  | N  |
===============================================================================

Inferred memory devices in process
        in routine MQ_NTT line 231 in file
                '../01_RTL/MQ_NTT.v'.
===============================================================================
|    Register Name    |   Type    | Width | Bus | MB | AR | AS | SR | SS | ST |
===============================================================================
|      s_reg_reg      | Flip-flop |  126  |  Y  | N  | Y  | N  | N  | N  | N  |
===============================================================================
Presto compilation completed successfully. (MQ_NTT)
Elaborated 1 design.
Current design is now 'MQ_NTT'.
Information: Building the design 'RADIX2' instantiated from design 'MQ_NTT' with
        the parameters "9,0". (HDL-193)
Warning:  ../01_RTL/RADIX2.v:127: signed to unsigned conversion occurs. (VER-318)
Warning:  ../01_RTL/RADIX2.v:139: signed to unsigned conversion occurs. (VER-318)
Warning:  ../01_RTL/RADIX2.v:152: signed to unsigned conversion occurs. (VER-318)
Warning:  ../01_RTL/RADIX2.v:153: signed to unsigned assignment occurs. (VER-318)

Statistics for case statements in always block at line 118 in file
        '../01_RTL/RADIX2.v'
===============================================
|           Line           |  full/ parallel  |
===============================================
|           119            |    auto/auto     |
===============================================

Statistics for case statements in always block at line 135 in file
        '../01_RTL/RADIX2.v'
===============================================
|           Line           |  full/ parallel  |
===============================================
|           136            |    auto/auto     |
===============================================
Warning:  ../01_RTL/RADIX2.v:162: Statement unreachable (Branch condition impossible to meet).  (VER-61)

Inferred memory devices in process
        in routine RADIX2_logn9_U0 line 201 in file
                '../01_RTL/RADIX2.v'.
===============================================================================
|    Register Name    |   Type    | Width | Bus | MB | AR | AS | SR | SS | ST |
===============================================================================
|     mult_en_reg     | Flip-flop |   1   |  N  | N  | Y  | N  | N  | N  | N  |
|     i_valid_reg     | Flip-flop |   1   |  N  | N  | Y  | N  | N  | N  | N  |
|   mult_d_reg_reg    | Flip-flop |  14   |  Y  | N  | Y  | N  | N  | N  | N  |
|    state_reg_reg    | Flip-flop |   1   |  N  | N  | Y  | N  | N  | N  | N  |
|     cnt_reg_reg     | Flip-flop |  10   |  Y  | N  | Y  | N  | N  | N  | N  |
|    out_valid_reg    | Flip-flop |   1   |  N  | N  | Y  | N  | N  | N  | N  |
|       a_o_reg       | Flip-flop |  14   |  Y  | N  | Y  | N  | N  | N  | N  |
|  in_valid_reg_reg   | Flip-flop |   1   |  N  | N  | Y  | N  | N  | N  | N  |
===============================================================================
Presto compilation completed successfully. (RADIX2_logn9_U0)
Information: Building the design 'RADIX2' instantiated from design 'MQ_NTT' with
        the parameters "9,1". (HDL-193)
Warning:  ../01_RTL/RADIX2.v:127: signed to unsigned conversion occurs. (VER-318)
Warning:  ../01_RTL/RADIX2.v:139: signed to unsigned conversion occurs. (VER-318)
Warning:  ../01_RTL/RADIX2.v:152: signed to unsigned conversion occurs. (VER-318)
Warning:  ../01_RTL/RADIX2.v:153: signed to unsigned assignment occurs. (VER-318)

Statistics for case statements in always block at line 118 in file
        '../01_RTL/RADIX2.v'
===============================================
|           Line           |  full/ parallel  |
===============================================
|           119            |    auto/auto     |
===============================================

Statistics for case statements in always block at line 135 in file
        '../01_RTL/RADIX2.v'
===============================================
|           Line           |  full/ parallel  |
===============================================
|           136            |    auto/auto     |
===============================================
Warning:  ../01_RTL/RADIX2.v:162: Statement unreachable (Branch condition impossible to meet).  (VER-61)

Inferred memory devices in process
        in routine RADIX2_logn9_U1 line 201 in file
                '../01_RTL/RADIX2.v'.
===============================================================================
|    Register Name    |   Type    | Width | Bus | MB | AR | AS | SR | SS | ST |
===============================================================================
|     mult_en_reg     | Flip-flop |   1   |  N  | N  | Y  | N  | N  | N  | N  |
|     i_valid_reg     | Flip-flop |   1   |  N  | N  | Y  | N  | N  | N  | N  |
|   mult_d_reg_reg    | Flip-flop |  14   |  Y  | N  | Y  | N  | N  | N  | N  |
|    state_reg_reg    | Flip-flop |   1   |  N  | N  | Y  | N  | N  | N  | N  |
|     cnt_reg_reg     | Flip-flop |  10   |  Y  | N  | Y  | N  | N  | N  | N  |
|    out_valid_reg    | Flip-flop |   1   |  N  | N  | Y  | N  | N  | N  | N  |
|       a_o_reg       | Flip-flop |  14   |  Y  | N  | Y  | N  | N  | N  | N  |
|  in_valid_reg_reg   | Flip-flop |   1   |  N  | N  | Y  | N  | N  | N  | N  |
===============================================================================
Presto compilation completed successfully. (RADIX2_logn9_U1)
Information: Building the design 'RADIX2' instantiated from design 'MQ_NTT' with
        the parameters "9,2". (HDL-193)
Warning:  ../01_RTL/RADIX2.v:127: signed to unsigned conversion occurs. (VER-318)
Warning:  ../01_RTL/RADIX2.v:139: signed to unsigned conversion occurs. (VER-318)
Warning:  ../01_RTL/RADIX2.v:152: signed to unsigned conversion occurs. (VER-318)
Warning:  ../01_RTL/RADIX2.v:153: signed to unsigned assignment occurs. (VER-318)

Statistics for case statements in always block at line 118 in file
        '../01_RTL/RADIX2.v'
===============================================
|           Line           |  full/ parallel  |
===============================================
|           119            |    auto/auto     |
===============================================

Statistics for case statements in always block at line 135 in file
        '../01_RTL/RADIX2.v'
===============================================
|           Line           |  full/ parallel  |
===============================================
|           136            |    auto/auto     |
===============================================
Warning:  ../01_RTL/RADIX2.v:162: Statement unreachable (Branch condition impossible to meet).  (VER-61)

Inferred memory devices in process
        in routine RADIX2_logn9_U2 line 201 in file
                '../01_RTL/RADIX2.v'.
===============================================================================
|    Register Name    |   Type    | Width | Bus | MB | AR | AS | SR | SS | ST |
===============================================================================
|     mult_en_reg     | Flip-flop |   1   |  N  | N  | Y  | N  | N  | N  | N  |
|     i_valid_reg     | Flip-flop |   1   |  N  | N  | Y  | N  | N  | N  | N  |
|   mult_d_reg_reg    | Flip-flop |  14   |  Y  | N  | Y  | N  | N  | N  | N  |
|    state_reg_reg    | Flip-flop |   1   |  N  | N  | Y  | N  | N  | N  | N  |
|     cnt_reg_reg     | Flip-flop |  10   |  Y  | N  | Y  | N  | N  | N  | N  |
|    out_valid_reg    | Flip-flop |   1   |  N  | N  | Y  | N  | N  | N  | N  |
|       a_o_reg       | Flip-flop |  14   |  Y  | N  | Y  | N  | N  | N  | N  |
|  in_valid_reg_reg   | Flip-flop |   1   |  N  | N  | Y  | N  | N  | N  | N  |
===============================================================================
Presto compilation completed successfully. (RADIX2_logn9_U2)
Information: Building the design 'RADIX2' instantiated from design 'MQ_NTT' with
        the parameters "9,3". (HDL-193)
Warning:  ../01_RTL/RADIX2.v:127: signed to unsigned conversion occurs. (VER-318)
Warning:  ../01_RTL/RADIX2.v:139: signed to unsigned conversion occurs. (VER-318)
Warning:  ../01_RTL/RADIX2.v:152: signed to unsigned conversion occurs. (VER-318)
Warning:  ../01_RTL/RADIX2.v:153: signed to unsigned assignment occurs. (VER-318)

Statistics for case statements in always block at line 118 in file
        '../01_RTL/RADIX2.v'
===============================================
|           Line           |  full/ parallel  |
===============================================
|           119            |    auto/auto     |
===============================================

Statistics for case statements in always block at line 135 in file
        '../01_RTL/RADIX2.v'
===============================================
|           Line           |  full/ parallel  |
===============================================
|           136            |    auto/auto     |
===============================================
Warning:  ../01_RTL/RADIX2.v:162: Statement unreachable (Branch condition impossible to meet).  (VER-61)

Inferred memory devices in process
        in routine RADIX2_logn9_U3 line 201 in file
                '../01_RTL/RADIX2.v'.
===============================================================================
|    Register Name    |   Type    | Width | Bus | MB | AR | AS | SR | SS | ST |
===============================================================================
|     mult_en_reg     | Flip-flop |   1   |  N  | N  | Y  | N  | N  | N  | N  |
|     i_valid_reg     | Flip-flop |   1   |  N  | N  | Y  | N  | N  | N  | N  |
|   mult_d_reg_reg    | Flip-flop |  14   |  Y  | N  | Y  | N  | N  | N  | N  |
|    state_reg_reg    | Flip-flop |   1   |  N  | N  | Y  | N  | N  | N  | N  |
|     cnt_reg_reg     | Flip-flop |  10   |  Y  | N  | Y  | N  | N  | N  | N  |
|    out_valid_reg    | Flip-flop |   1   |  N  | N  | Y  | N  | N  | N  | N  |
|       a_o_reg       | Flip-flop |  14   |  Y  | N  | Y  | N  | N  | N  | N  |
|  in_valid_reg_reg   | Flip-flop |   1   |  N  | N  | Y  | N  | N  | N  | N  |
===============================================================================
Presto compilation completed successfully. (RADIX2_logn9_U3)
Information: Building the design 'RADIX2' instantiated from design 'MQ_NTT' with
        the parameters "9,4". (HDL-193)
Warning:  ../01_RTL/RADIX2.v:127: signed to unsigned conversion occurs. (VER-318)
Warning:  ../01_RTL/RADIX2.v:139: signed to unsigned conversion occurs. (VER-318)
Warning:  ../01_RTL/RADIX2.v:152: signed to unsigned conversion occurs. (VER-318)
Warning:  ../01_RTL/RADIX2.v:153: signed to unsigned assignment occurs. (VER-318)

Statistics for case statements in always block at line 118 in file
        '../01_RTL/RADIX2.v'
===============================================
|           Line           |  full/ parallel  |
===============================================
|           119            |    auto/auto     |
===============================================

Statistics for case statements in always block at line 135 in file
        '../01_RTL/RADIX2.v'
===============================================
|           Line           |  full/ parallel  |
===============================================
|           136            |    auto/auto     |
===============================================
Warning:  ../01_RTL/RADIX2.v:162: Statement unreachable (Branch condition impossible to meet).  (VER-61)

Inferred memory devices in process
        in routine RADIX2_logn9_U4 line 201 in file
                '../01_RTL/RADIX2.v'.
===============================================================================
|    Register Name    |   Type    | Width | Bus | MB | AR | AS | SR | SS | ST |
===============================================================================
|     mult_en_reg     | Flip-flop |   1   |  N  | N  | Y  | N  | N  | N  | N  |
|     i_valid_reg     | Flip-flop |   1   |  N  | N  | Y  | N  | N  | N  | N  |
|   mult_d_reg_reg    | Flip-flop |  14   |  Y  | N  | Y  | N  | N  | N  | N  |
|    state_reg_reg    | Flip-flop |   1   |  N  | N  | Y  | N  | N  | N  | N  |
|     cnt_reg_reg     | Flip-flop |  10   |  Y  | N  | Y  | N  | N  | N  | N  |
|    out_valid_reg    | Flip-flop |   1   |  N  | N  | Y  | N  | N  | N  | N  |
|       a_o_reg       | Flip-flop |  14   |  Y  | N  | Y  | N  | N  | N  | N  |
|  in_valid_reg_reg   | Flip-flop |   1   |  N  | N  | Y  | N  | N  | N  | N  |
===============================================================================
Presto compilation completed successfully. (RADIX2_logn9_U4)
Information: Building the design 'RADIX2' instantiated from design 'MQ_NTT' with
        the parameters "9,5". (HDL-193)
Warning:  ../01_RTL/RADIX2.v:127: signed to unsigned conversion occurs. (VER-318)
Warning:  ../01_RTL/RADIX2.v:139: signed to unsigned conversion occurs. (VER-318)
Warning:  ../01_RTL/RADIX2.v:152: signed to unsigned conversion occurs. (VER-318)
Warning:  ../01_RTL/RADIX2.v:153: signed to unsigned assignment occurs. (VER-318)

Statistics for case statements in always block at line 118 in file
        '../01_RTL/RADIX2.v'
===============================================
|           Line           |  full/ parallel  |
===============================================
|           119            |    auto/auto     |
===============================================

Statistics for case statements in always block at line 135 in file
        '../01_RTL/RADIX2.v'
===============================================
|           Line           |  full/ parallel  |
===============================================
|           136            |    auto/auto     |
===============================================
Warning:  ../01_RTL/RADIX2.v:162: Statement unreachable (Branch condition impossible to meet).  (VER-61)

Inferred memory devices in process
        in routine RADIX2_logn9_U5 line 201 in file
                '../01_RTL/RADIX2.v'.
===============================================================================
|    Register Name    |   Type    | Width | Bus | MB | AR | AS | SR | SS | ST |
===============================================================================
|     mult_en_reg     | Flip-flop |   1   |  N  | N  | Y  | N  | N  | N  | N  |
|     i_valid_reg     | Flip-flop |   1   |  N  | N  | Y  | N  | N  | N  | N  |
|   mult_d_reg_reg    | Flip-flop |  14   |  Y  | N  | Y  | N  | N  | N  | N  |
|    state_reg_reg    | Flip-flop |   1   |  N  | N  | Y  | N  | N  | N  | N  |
|     cnt_reg_reg     | Flip-flop |  10   |  Y  | N  | Y  | N  | N  | N  | N  |
|    out_valid_reg    | Flip-flop |   1   |  N  | N  | Y  | N  | N  | N  | N  |
|       a_o_reg       | Flip-flop |  14   |  Y  | N  | Y  | N  | N  | N  | N  |
|  in_valid_reg_reg   | Flip-flop |   1   |  N  | N  | Y  | N  | N  | N  | N  |
===============================================================================
Presto compilation completed successfully. (RADIX2_logn9_U5)
Information: Building the design 'RADIX2' instantiated from design 'MQ_NTT' with
        the parameters "9,6". (HDL-193)
Warning:  ../01_RTL/RADIX2.v:127: signed to unsigned conversion occurs. (VER-318)
Warning:  ../01_RTL/RADIX2.v:139: signed to unsigned conversion occurs. (VER-318)
Warning:  ../01_RTL/RADIX2.v:152: signed to unsigned conversion occurs. (VER-318)
Warning:  ../01_RTL/RADIX2.v:153: signed to unsigned assignment occurs. (VER-318)

Statistics for case statements in always block at line 118 in file
        '../01_RTL/RADIX2.v'
===============================================
|           Line           |  full/ parallel  |
===============================================
|           119            |    auto/auto     |
===============================================

Statistics for case statements in always block at line 135 in file
        '../01_RTL/RADIX2.v'
===============================================
|           Line           |  full/ parallel  |
===============================================
|           136            |    auto/auto     |
===============================================
Warning:  ../01_RTL/RADIX2.v:162: Statement unreachable (Branch condition impossible to meet).  (VER-61)

Inferred memory devices in process
        in routine RADIX2_logn9_U6 line 201 in file
                '../01_RTL/RADIX2.v'.
===============================================================================
|    Register Name    |   Type    | Width | Bus | MB | AR | AS | SR | SS | ST |
===============================================================================
|     mult_en_reg     | Flip-flop |   1   |  N  | N  | Y  | N  | N  | N  | N  |
|     i_valid_reg     | Flip-flop |   1   |  N  | N  | Y  | N  | N  | N  | N  |
|   mult_d_reg_reg    | Flip-flop |  14   |  Y  | N  | Y  | N  | N  | N  | N  |
|    state_reg_reg    | Flip-flop |   1   |  N  | N  | Y  | N  | N  | N  | N  |
|     cnt_reg_reg     | Flip-flop |  10   |  Y  | N  | Y  | N  | N  | N  | N  |
|    out_valid_reg    | Flip-flop |   1   |  N  | N  | Y  | N  | N  | N  | N  |
|       a_o_reg       | Flip-flop |  14   |  Y  | N  | Y  | N  | N  | N  | N  |
|  in_valid_reg_reg   | Flip-flop |   1   |  N  | N  | Y  | N  | N  | N  | N  |
===============================================================================
Presto compilation completed successfully. (RADIX2_logn9_U6)
Information: Building the design 'RADIX2' instantiated from design 'MQ_NTT' with
        the parameters "9,7". (HDL-193)
Warning:  ../01_RTL/RADIX2.v:127: signed to unsigned conversion occurs. (VER-318)
Warning:  ../01_RTL/RADIX2.v:139: signed to unsigned conversion occurs. (VER-318)
Warning:  ../01_RTL/RADIX2.v:152: signed to unsigned conversion occurs. (VER-318)
Warning:  ../01_RTL/RADIX2.v:153: signed to unsigned assignment occurs. (VER-318)

Statistics for case statements in always block at line 118 in file
        '../01_RTL/RADIX2.v'
===============================================
|           Line           |  full/ parallel  |
===============================================
|           119            |    auto/auto     |
===============================================

Statistics for case statements in always block at line 135 in file
        '../01_RTL/RADIX2.v'
===============================================
|           Line           |  full/ parallel  |
===============================================
|           136            |    auto/auto     |
===============================================
Warning:  ../01_RTL/RADIX2.v:162: Statement unreachable (Branch condition impossible to meet).  (VER-61)

Inferred memory devices in process
        in routine RADIX2_logn9_U7 line 201 in file
                '../01_RTL/RADIX2.v'.
===============================================================================
|    Register Name    |   Type    | Width | Bus | MB | AR | AS | SR | SS | ST |
===============================================================================
|     mult_en_reg     | Flip-flop |   1   |  N  | N  | Y  | N  | N  | N  | N  |
|     i_valid_reg     | Flip-flop |   1   |  N  | N  | Y  | N  | N  | N  | N  |
|   mult_d_reg_reg    | Flip-flop |  14   |  Y  | N  | Y  | N  | N  | N  | N  |
|    state_reg_reg    | Flip-flop |   1   |  N  | N  | Y  | N  | N  | N  | N  |
|     cnt_reg_reg     | Flip-flop |  10   |  Y  | N  | Y  | N  | N  | N  | N  |
|    out_valid_reg    | Flip-flop |   1   |  N  | N  | Y  | N  | N  | N  | N  |
|       a_o_reg       | Flip-flop |  14   |  Y  | N  | Y  | N  | N  | N  | N  |
|  in_valid_reg_reg   | Flip-flop |   1   |  N  | N  | Y  | N  | N  | N  | N  |
===============================================================================
Presto compilation completed successfully. (RADIX2_logn9_U7)
Information: Building the design 'RADIX2' instantiated from design 'MQ_NTT' with
        the parameters "9,8". (HDL-193)
Warning:  ../01_RTL/RADIX2.v:127: signed to unsigned conversion occurs. (VER-318)
Warning:  ../01_RTL/RADIX2.v:139: signed to unsigned conversion occurs. (VER-318)
Warning:  ../01_RTL/RADIX2.v:152: signed to unsigned conversion occurs. (VER-318)
Warning:  ../01_RTL/RADIX2.v:153: signed to unsigned assignment occurs. (VER-318)

Statistics for case statements in always block at line 118 in file
        '../01_RTL/RADIX2.v'
===============================================
|           Line           |  full/ parallel  |
===============================================
|           119            |    auto/auto     |
===============================================

Statistics for case statements in always block at line 135 in file
        '../01_RTL/RADIX2.v'
===============================================
|           Line           |  full/ parallel  |
===============================================
|           136            |    auto/auto     |
===============================================

Inferred memory devices in process
        in routine RADIX2_logn9_U8 line 201 in file
                '../01_RTL/RADIX2.v'.
===============================================================================
|    Register Name    |   Type    | Width | Bus | MB | AR | AS | SR | SS | ST |
===============================================================================
|     mult_en_reg     | Flip-flop |   1   |  N  | N  | Y  | N  | N  | N  | N  |
|     i_valid_reg     | Flip-flop |   1   |  N  | N  | Y  | N  | N  | N  | N  |
|   mult_d_reg_reg    | Flip-flop |  14   |  Y  | N  | Y  | N  | N  | N  | N  |
|    state_reg_reg    | Flip-flop |   1   |  N  | N  | Y  | N  | N  | N  | N  |
|     cnt_reg_reg     | Flip-flop |  10   |  Y  | N  | Y  | N  | N  | N  | N  |
|    out_valid_reg    | Flip-flop |   1   |  N  | N  | Y  | N  | N  | N  | N  |
|       a_o_reg       | Flip-flop |  14   |  Y  | N  | Y  | N  | N  | N  | N  |
|  in_valid_reg_reg   | Flip-flop |   1   |  N  | N  | Y  | N  | N  | N  | N  |
===============================================================================
Presto compilation completed successfully. (RADIX2_logn9_U8)
Information: Building the design 'BUTTERFLY'. (HDL-193)
Warning:  ../01_RTL/BUTTERFLY.v:1: Port number 5 of 'BUTTERFLY' was named 'Port5'. (VER-441)
Presto compilation completed successfully. (BUTTERFLY)
Information: Building the design 'DELAY_BUFFER' instantiated from design 'RADIX2_logn9_U0' with
        the parameters "DEPTH=256". (HDL-193)

Inferred memory devices in process
        in routine DELAY_BUFFER_DEPTH256 line 39 in file
                '../01_RTL/DELAY_BUFFER.v'.
===============================================================================
|    Register Name    |   Type    | Width | Bus | MB | AR | AS | SR | SS | ST |
===============================================================================
|      buff_reg       | Flip-flop |  14   |  Y  | N  | Y  | N  | N  | N  | N  |
|    buf_valid_reg    | Flip-flop |   1   |  N  | N  | Y  | N  | N  | N  | N  |
===============================================================================

Inferred memory devices in process
        in routine DELAY_BUFFER_DEPTH256 line 59 in file
                '../01_RTL/DELAY_BUFFER.v'.
===============================================================================
|    Register Name    |   Type    | Width | Bus | MB | AR | AS | SR | SS | ST |
===============================================================================
|      buff_reg       | Flip-flop | 3570  |  Y  | N  | Y  | N  | N  | N  | N  |
|    buf_valid_reg    | Flip-flop |  255  |  Y  | N  | Y  | N  | N  | N  | N  |
===============================================================================
Presto compilation completed successfully. (DELAY_BUFFER_DEPTH256)
Information: Building the design 'MQ_MONTYMUL'. (HDL-193)

Inferred memory devices in process
        in routine MQ_MONTYMUL line 185 in file
                '../01_RTL/MQ.v'.
===============================================================================
|    Register Name    |   Type    | Width | Bus | MB | AR | AS | SR | SS | ST |
===============================================================================
|      w_reg_reg      | Flip-flop |  30   |  Y  | N  | Y  | N  | N  | N  | N  |
|      x_reg_reg      | Flip-flop |  14   |  Y  | N  | Y  | N  | N  | N  | N  |
|     ena_reg_reg     | Flip-flop |   1   |  N  | N  | Y  | N  | N  | N  | N  |
|    out_valid_reg    | Flip-flop |   1   |  N  | N  | Y  | N  | N  | N  | N  |
|     x_y_reg_reg     | Flip-flop |  28   |  Y  | N  | Y  | N  | N  | N  | N  |
===============================================================================
Presto compilation completed successfully. (MQ_MONTYMUL)
Information: Building the design 'DELAY_BUFFER' instantiated from design 'RADIX2_logn9_U1' with
        the parameters "DEPTH=128". (HDL-193)

Inferred memory devices in process
        in routine DELAY_BUFFER_DEPTH128 line 39 in file
                '../01_RTL/DELAY_BUFFER.v'.
===============================================================================
|    Register Name    |   Type    | Width | Bus | MB | AR | AS | SR | SS | ST |
===============================================================================
|      buff_reg       | Flip-flop |  14   |  Y  | N  | Y  | N  | N  | N  | N  |
|    buf_valid_reg    | Flip-flop |   1   |  N  | N  | Y  | N  | N  | N  | N  |
===============================================================================

Inferred memory devices in process
        in routine DELAY_BUFFER_DEPTH128 line 59 in file
                '../01_RTL/DELAY_BUFFER.v'.
===============================================================================
|    Register Name    |   Type    | Width | Bus | MB | AR | AS | SR | SS | ST |
===============================================================================
|      buff_reg       | Flip-flop | 1778  |  Y  | N  | Y  | N  | N  | N  | N  |
|    buf_valid_reg    | Flip-flop |  127  |  Y  | N  | Y  | N  | N  | N  | N  |
===============================================================================
Presto compilation completed successfully. (DELAY_BUFFER_DEPTH128)
Information: Building the design 'DELAY_BUFFER' instantiated from design 'RADIX2_logn9_U2' with
        the parameters "DEPTH=64". (HDL-193)

Inferred memory devices in process
        in routine DELAY_BUFFER_DEPTH64 line 39 in file
                '../01_RTL/DELAY_BUFFER.v'.
===============================================================================
|    Register Name    |   Type    | Width | Bus | MB | AR | AS | SR | SS | ST |
===============================================================================
|      buff_reg       | Flip-flop |  14   |  Y  | N  | Y  | N  | N  | N  | N  |
|    buf_valid_reg    | Flip-flop |   1   |  N  | N  | Y  | N  | N  | N  | N  |
===============================================================================

Inferred memory devices in process
        in routine DELAY_BUFFER_DEPTH64 line 59 in file
                '../01_RTL/DELAY_BUFFER.v'.
===============================================================================
|    Register Name    |   Type    | Width | Bus | MB | AR | AS | SR | SS | ST |
===============================================================================
|      buff_reg       | Flip-flop |  882  |  Y  | N  | Y  | N  | N  | N  | N  |
|    buf_valid_reg    | Flip-flop |  63   |  Y  | N  | Y  | N  | N  | N  | N  |
===============================================================================
Presto compilation completed successfully. (DELAY_BUFFER_DEPTH64)
Information: Building the design 'DELAY_BUFFER' instantiated from design 'RADIX2_logn9_U3' with
        the parameters "DEPTH=32". (HDL-193)

Inferred memory devices in process
        in routine DELAY_BUFFER_DEPTH32 line 39 in file
                '../01_RTL/DELAY_BUFFER.v'.
===============================================================================
|    Register Name    |   Type    | Width | Bus | MB | AR | AS | SR | SS | ST |
===============================================================================
|      buff_reg       | Flip-flop |  14   |  Y  | N  | Y  | N  | N  | N  | N  |
|    buf_valid_reg    | Flip-flop |   1   |  N  | N  | Y  | N  | N  | N  | N  |
===============================================================================

Inferred memory devices in process
        in routine DELAY_BUFFER_DEPTH32 line 59 in file
                '../01_RTL/DELAY_BUFFER.v'.
===============================================================================
|    Register Name    |   Type    | Width | Bus | MB | AR | AS | SR | SS | ST |
===============================================================================
|      buff_reg       | Flip-flop |  434  |  Y  | N  | Y  | N  | N  | N  | N  |
|    buf_valid_reg    | Flip-flop |  31   |  Y  | N  | Y  | N  | N  | N  | N  |
===============================================================================
Presto compilation completed successfully. (DELAY_BUFFER_DEPTH32)
Information: Building the design 'DELAY_BUFFER' instantiated from design 'RADIX2_logn9_U4' with
        the parameters "DEPTH=16". (HDL-193)

Inferred memory devices in process
        in routine DELAY_BUFFER_DEPTH16 line 39 in file
                '../01_RTL/DELAY_BUFFER.v'.
===============================================================================
|    Register Name    |   Type    | Width | Bus | MB | AR | AS | SR | SS | ST |
===============================================================================
|      buff_reg       | Flip-flop |  14   |  Y  | N  | Y  | N  | N  | N  | N  |
|    buf_valid_reg    | Flip-flop |   1   |  N  | N  | Y  | N  | N  | N  | N  |
===============================================================================

Inferred memory devices in process
        in routine DELAY_BUFFER_DEPTH16 line 59 in file
                '../01_RTL/DELAY_BUFFER.v'.
===============================================================================
|    Register Name    |   Type    | Width | Bus | MB | AR | AS | SR | SS | ST |
===============================================================================
|      buff_reg       | Flip-flop |  210  |  Y  | N  | Y  | N  | N  | N  | N  |
|    buf_valid_reg    | Flip-flop |  15   |  Y  | N  | Y  | N  | N  | N  | N  |
===============================================================================
Presto compilation completed successfully. (DELAY_BUFFER_DEPTH16)
Information: Building the design 'DELAY_BUFFER' instantiated from design 'RADIX2_logn9_U5' with
        the parameters "DEPTH=8". (HDL-193)

Inferred memory devices in process
        in routine DELAY_BUFFER_DEPTH8 line 39 in file
                '../01_RTL/DELAY_BUFFER.v'.
===============================================================================
|    Register Name    |   Type    | Width | Bus | MB | AR | AS | SR | SS | ST |
===============================================================================
|      buff_reg       | Flip-flop |  14   |  Y  | N  | Y  | N  | N  | N  | N  |
|    buf_valid_reg    | Flip-flop |   1   |  N  | N  | Y  | N  | N  | N  | N  |
===============================================================================

Inferred memory devices in process
        in routine DELAY_BUFFER_DEPTH8 line 59 in file
                '../01_RTL/DELAY_BUFFER.v'.
===============================================================================
|    Register Name    |   Type    | Width | Bus | MB | AR | AS | SR | SS | ST |
===============================================================================
|      buff_reg       | Flip-flop |  98   |  Y  | N  | Y  | N  | N  | N  | N  |
|    buf_valid_reg    | Flip-flop |   7   |  Y  | N  | Y  | N  | N  | N  | N  |
===============================================================================
Presto compilation completed successfully. (DELAY_BUFFER_DEPTH8)
Information: Building the design 'DELAY_BUFFER' instantiated from design 'RADIX2_logn9_U6' with
        the parameters "DEPTH=4". (HDL-193)

Inferred memory devices in process
        in routine DELAY_BUFFER_DEPTH4 line 39 in file
                '../01_RTL/DELAY_BUFFER.v'.
===============================================================================
|    Register Name    |   Type    | Width | Bus | MB | AR | AS | SR | SS | ST |
===============================================================================
|      buff_reg       | Flip-flop |  14   |  Y  | N  | Y  | N  | N  | N  | N  |
|    buf_valid_reg    | Flip-flop |   1   |  N  | N  | Y  | N  | N  | N  | N  |
===============================================================================

Inferred memory devices in process
        in routine DELAY_BUFFER_DEPTH4 line 59 in file
                '../01_RTL/DELAY_BUFFER.v'.
===============================================================================
|    Register Name    |   Type    | Width | Bus | MB | AR | AS | SR | SS | ST |
===============================================================================
|      buff_reg       | Flip-flop |  42   |  Y  | N  | Y  | N  | N  | N  | N  |
|    buf_valid_reg    | Flip-flop |   3   |  Y  | N  | Y  | N  | N  | N  | N  |
===============================================================================
Presto compilation completed successfully. (DELAY_BUFFER_DEPTH4)
Information: Building the design 'DELAY_BUFFER' instantiated from design 'RADIX2_logn9_U7' with
        the parameters "DEPTH=2". (HDL-193)

Inferred memory devices in process
        in routine DELAY_BUFFER_DEPTH2 line 39 in file
                '../01_RTL/DELAY_BUFFER.v'.
===============================================================================
|    Register Name    |   Type    | Width | Bus | MB | AR | AS | SR | SS | ST |
===============================================================================
|      buff_reg       | Flip-flop |  14   |  Y  | N  | Y  | N  | N  | N  | N  |
|    buf_valid_reg    | Flip-flop |   1   |  N  | N  | Y  | N  | N  | N  | N  |
===============================================================================

Inferred memory devices in process
        in routine DELAY_BUFFER_DEPTH2 line 59 in file
                '../01_RTL/DELAY_BUFFER.v'.
===============================================================================
|    Register Name    |   Type    | Width | Bus | MB | AR | AS | SR | SS | ST |
===============================================================================
|      buff_reg       | Flip-flop |  14   |  Y  | N  | Y  | N  | N  | N  | N  |
|    buf_valid_reg    | Flip-flop |   1   |  N  | N  | Y  | N  | N  | N  | N  |
===============================================================================
Presto compilation completed successfully. (DELAY_BUFFER_DEPTH2)
Information: Building the design 'DELAY_BUFFER' instantiated from design 'RADIX2_logn9_U8' with
        the parameters "DEPTH=1". (HDL-193)

Inferred memory devices in process
        in routine DELAY_BUFFER_DEPTH1 line 39 in file
                '../01_RTL/DELAY_BUFFER.v'.
===============================================================================
|    Register Name    |   Type    | Width | Bus | MB | AR | AS | SR | SS | ST |
===============================================================================
|      buff_reg       | Flip-flop |  14   |  Y  | N  | Y  | N  | N  | N  | N  |
|    buf_valid_reg    | Flip-flop |   1   |  N  | N  | Y  | N  | N  | N  | N  |
===============================================================================
Presto compilation completed successfully. (DELAY_BUFFER_DEPTH1)
Information: Building the design 'MQ_ADD'. (HDL-193)
Presto compilation completed successfully. (MQ_ADD)
Information: Building the design 'MQ_SUB'. (HDL-193)
Presto compilation completed successfully. (MQ_SUB)
1
# (B-2) read_sverilog
# read_sverilog $DESIGN\.v
# (B-3) set current design
current_design $DESIGN
Current design is 'MQ_NTT'.
{MQ_NTT}
link

  Linking design 'MQ_NTT'
  Using the following designs and libraries:
  --------------------------------------------------------------------------
  * (23 designs)              /home/daniel_kuo/Falcon/hardware/mq_ntt/02_SYN/MQ_NTT.db, etc
  sc9_cln40g_base_rvt_ss_typical_max_0p81v_125c (library) /cell_base_lib/CBDK_TSMC40_Arm_f2.0/CIC/SynopsysDC/db/sc9_base_rvt/sc9_cln40g_base_rvt_ss_typical_max_0p81v_125c.db
  sc9_cln40g_base_hvt_ss_typical_max_0p81v_125c (library) /cell_base_lib/CBDK_TSMC40_Arm_f2.0/CIC/SynopsysDC/db/sc9_base_hvt/sc9_cln40g_base_hvt_ss_typical_max_0p81v_125c.db
  sc9_cln40g_base_lvt_ss_typical_max_0p81v_125c (library) /cell_base_lib/CBDK_TSMC40_Arm_f2.0/CIC/SynopsysDC/db/sc9_base_lvt/sc9_cln40g_base_lvt_ss_typical_max_0p81v_125c.db
  dw_foundation.sldb (library) /usr/cad/synopsys/synthesis/cur/libraries/syn/dw_foundation.sldb

1
#======================================================
#  (C) Global Setting
#======================================================
set_wire_load_mode top
1
# set_operating_conditions -max WCCOM -min BCCOM
# set_wire_load_model -name umc18_wl10 -library slow
#======================================================
#  (D) Set Design Constraints
#======================================================
# (D-1) Setting Clock Constraints
create_clock -name clk -period $CYCLE [get_ports clk] 
1
set_dont_touch_network             [get_clocks clk]
1
set_fix_hold                       [get_clocks clk]
1
set_clock_uncertainty       0.1    [get_clocks clk]
1
# set_clock_latency   -source 0      [get_clocks clk]
# set_clock_latency           1      [get_clocks clk] 
set_input_transition        0.5    [all_inputs] 
1
set_clock_transition        0.1    [all_clocks] 
1
# (D-2) Setting in/out Constraints
set_input_delay   -max  $INPUT_DLY  -clock clk   [all_inputs] ;  # set_up time check 
1
set_input_delay   -min  0           -clock clk   [all_inputs] ;  # hold   time check 
1
set_output_delay  -max  $OUTPUT_DLY -clock clk   [all_outputs] ; # set_up time check 
1
set_output_delay  -min  0           -clock clk   [all_outputs] ; # hold   time check 
1
set_input_delay 0 -clock clk clk
1
set_input_delay 0 -clock clk rst_n
1
#set_max_delay $CYCLE -from [all_inputs] -to [all_outputs]
# (D-3) Setting Design Environment
# set_driving_cell -library umc18io3v5v_slow -lib_cell P2C    -pin {Y}  [get_ports clk]
# set_driving_cell -library umc18io3v5v_slow -lib_cell P2C    -pin {Y}  [remove_from_collection [all_inputs] [get_ports clk]]
# set_load  [load_of "umc18io3v5v_slow/P8C/A"]       [all_outputs] ; # ~= 0.038
set_load 0.05 [all_outputs]
1
# (D-4) Setting DRC Constraint
#set_max_delay           0     ; # Optimize delay max effort                 
#set_max_area            0      ; # Optimize area max effort           
set_max_transition      3       [all_inputs]   ; # U18 LUT Max Transition Value  
1
set_max_capacitance     0.15    [all_inputs]   ; # U18 LUT Max Capacitance Value
1
set_max_fanout          10      [all_inputs]
1
# set_dont_use slow/JKFF*
#set_dont_touch [get_cells core_reg_macro]
#set hdlin_ff_always_sync_set_reset true
# (D-5) Report Clock skew
report_clock -skew clk
Information: Checking out the license 'DesignWare'. (SEC-104)
Information: Changed wire load model for 'alt1' from '(none)' to 'Small'. (OPT-170)
Information: Changed wire load model for 'apparch' from '(none)' to 'Small'. (OPT-170)
Information: Changed wire load model for 'alt1' from '(none)' to 'Small'. (OPT-170)
Information: Changed wire load model for 'apparch' from '(none)' to 'Small'. (OPT-170)
Information: Updating design information... (UID-85)
Warning: Design 'MQ_NTT' contains 19 high-fanout nets. A fanout number of 1000 will be used for delay calculations involving these nets. (TIM-134)
 
****************************************
Report : clock_skew
Design : MQ_NTT
Version: T-2022.03
Date   : Fri Sep  5 09:19:38 2025
****************************************

                 Rise      Fall  Min Rise  Min fall        Uncertainty
Object          Delay     Delay     Delay     Delay     Plus      Minus
--------------------------------------------------------------------------------
clk                 -         -         -         -      0.10      0.10

                 Max Transition      Min Transition
Object           Rise      Fall      Rise      Fall
-------------------------------------------------------
clk              0.10      0.10      0.10      0.10
1
check_timing

Information: Checking generated_clocks...

Information: Checking loops...

Information: Checking no_input_delay...

Information: Checking unconstrained_endpoints...

Information: Checking pulse_clock_cell_type...

Information: Checking no_driving_cell...

Information: Checking partial_input_delay...
1
#======================================================
#  (E) Optimization
#======================================================
check_design > Report/$DESIGN\.check
set_fix_multiple_port_nets -all -buffer_constants [get_designs *]
1
set_fix_hold [all_clocks]
1
compile_ultra
Information: Performing power optimization. (PWR-850)
Analyzing: "/cell_base_lib/CBDK_TSMC40_Arm_f2.0/CIC/SynopsysDC/db/sc9_base_rvt/sc9_cln40g_base_rvt_ss_typical_max_0p81v_125c.db"
Analyzing: "/cell_base_lib/CBDK_TSMC40_Arm_f2.0/CIC/SynopsysDC/db/sc9_base_hvt/sc9_cln40g_base_hvt_ss_typical_max_0p81v_125c.db"
Analyzing: "/cell_base_lib/CBDK_TSMC40_Arm_f2.0/CIC/SynopsysDC/db/sc9_base_lvt/sc9_cln40g_base_lvt_ss_typical_max_0p81v_125c.db"
Library analysis succeeded.
Information: Running optimization using a maximum of 4 cores. (OPT-1500)
Information: Evaluating DesignWare library utilization. (UISN-27)

============================================================================
| DesignWare Building Block Library  |         Version         | Available |
============================================================================
| Basic DW Building Blocks           | S-2021.06-DWBB_202106.0 |     *     |
| Licensed DW Building Blocks        | S-2021.06-DWBB_202106.0 |     *     |
============================================================================

====================================================================================================
| Flow Information                                                                                 |
----------------------------------------------------------------------------------------------------
| Flow         | Design Compiler NXT WLM                                                           |
| Comand line  | compile_ultra                                                                     |
====================================================================================================
| Design Information                                      | Value                                  |
====================================================================================================
| Number of Scenarios                                     | 0                                      |
| Leaf Cell Count                                         | 28754                                  |
| Number of User Hierarchies                              | 54                                     |
| Sequential Cell Count                                   | 8859                                   |
| Macro Count                                             | 0                                      |
| Number of Power Domains                                 | 0                                      |
| Number of Path Groups                                   | 2                                      |
| Number of VT class                                      | 0                                      |
| Number of Clocks                                        | 1                                      |
| Number of Dont Touch cells                              | 18955                                  |
| Number of Dont Touch nets                               | 28                                     |
| Number of size only cells                               | 0                                      |
| Design with UPF Data                                    | false                                  |
----------------------------------------------------------------------------------------------------
| Variables                                               | Value                                  |
----------------------------------------------------------------------------------------------------
| set_fix_multiple_port_nets                              | -all -buffer_constants                 |
====================================================================================================
Information: Sequential output inversion is enabled.  SVF file must be used for formal verification. (OPT-1208)

Information: There are 345 potential problems in your design. Please run 'check_design' for more information. (LINT-99)

Information: Uniquified 9 instances of design 'BUTTERFLY'. (OPT-1056)
Information: Uniquified 9 instances of design 'MQ_MONTYMUL'. (OPT-1056)
Information: Uniquified 9 instances of design 'MQ_ADD'. (OPT-1056)
Information: Uniquified 9 instances of design 'MQ_SUB'. (OPT-1056)
  Simplifying Design 'MQ_NTT'

Loaded alib file './alib-52/sc9_cln40g_base_rvt_ss_typical_max_0p81v_125c.db.alib' (placeholder)
Loaded alib file './alib-52/sc9_cln40g_base_hvt_ss_typical_max_0p81v_125c.db.alib'
Loaded alib file './alib-52/sc9_cln40g_base_lvt_ss_typical_max_0p81v_125c.db.alib' (placeholder)
  Building model 'DW01_NAND2'
Information: Ungrouping hierarchy genblk1[0].u_RADIX2 before Pass 1 (OPT-776)
Information: Ungrouping hierarchy genblk1[1].u_RADIX2 before Pass 1 (OPT-776)
Information: Ungrouping hierarchy genblk1[2].u_RADIX2 before Pass 1 (OPT-776)
Information: Ungrouping hierarchy genblk1[3].u_RADIX2 before Pass 1 (OPT-776)
Information: Ungrouping hierarchy genblk1[4].u_RADIX2 before Pass 1 (OPT-776)
Information: Ungrouping hierarchy genblk1[5].u_RADIX2 before Pass 1 (OPT-776)
Information: Ungrouping hierarchy genblk1[6].u_RADIX2 before Pass 1 (OPT-776)
Information: Ungrouping hierarchy genblk1[7].u_RADIX2 before Pass 1 (OPT-776)
Information: Ungrouping hierarchy genblk1[8].u_RADIX2 before Pass 1 (OPT-776)
Information: Ungrouping hierarchy genblk1[0].u_RADIX2/u_BUTTERFLY before Pass 1 (OPT-776)
Information: Ungrouping hierarchy genblk1[0].u_RADIX2/u_DELAY_BUFFER before Pass 1 (OPT-776)
Information: Ungrouping hierarchy genblk1[0].u_RADIX2/u_mq_montymul before Pass 1 (OPT-776)
Information: Ungrouping hierarchy genblk1[1].u_RADIX2/u_DELAY_BUFFER before Pass 1 (OPT-776)
Information: Ungrouping hierarchy genblk1[2].u_RADIX2/u_DELAY_BUFFER before Pass 1 (OPT-776)
Information: Ungrouping hierarchy genblk1[3].u_RADIX2/u_DELAY_BUFFER before Pass 1 (OPT-776)
Information: Ungrouping hierarchy genblk1[4].u_RADIX2/u_DELAY_BUFFER before Pass 1 (OPT-776)
Information: Ungrouping hierarchy genblk1[5].u_RADIX2/u_DELAY_BUFFER before Pass 1 (OPT-776)
Information: Ungrouping hierarchy genblk1[6].u_RADIX2/u_DELAY_BUFFER before Pass 1 (OPT-776)
Information: Ungrouping hierarchy genblk1[7].u_RADIX2/u_DELAY_BUFFER before Pass 1 (OPT-776)
Information: Ungrouping hierarchy genblk1[8].u_RADIX2/u_DELAY_BUFFER before Pass 1 (OPT-776)
Information: Ungrouping hierarchy genblk1[8].u_RADIX2/u_BUTTERFLY before Pass 1 (OPT-776)
Information: Ungrouping hierarchy genblk1[7].u_RADIX2/u_BUTTERFLY before Pass 1 (OPT-776)
Information: Ungrouping hierarchy genblk1[6].u_RADIX2/u_BUTTERFLY before Pass 1 (OPT-776)
Information: Ungrouping hierarchy genblk1[5].u_RADIX2/u_BUTTERFLY before Pass 1 (OPT-776)
Information: Ungrouping hierarchy genblk1[4].u_RADIX2/u_BUTTERFLY before Pass 1 (OPT-776)
Information: Ungrouping hierarchy genblk1[3].u_RADIX2/u_BUTTERFLY before Pass 1 (OPT-776)
Information: Ungrouping hierarchy genblk1[2].u_RADIX2/u_BUTTERFLY before Pass 1 (OPT-776)
Information: Ungrouping hierarchy genblk1[1].u_RADIX2/u_BUTTERFLY before Pass 1 (OPT-776)
Information: Ungrouping hierarchy genblk1[8].u_RADIX2/u_mq_montymul before Pass 1 (OPT-776)
Information: Ungrouping hierarchy genblk1[7].u_RADIX2/u_mq_montymul before Pass 1 (OPT-776)
Information: Ungrouping hierarchy genblk1[6].u_RADIX2/u_mq_montymul before Pass 1 (OPT-776)
Information: Ungrouping hierarchy genblk1[5].u_RADIX2/u_mq_montymul before Pass 1 (OPT-776)
Information: Ungrouping hierarchy genblk1[4].u_RADIX2/u_mq_montymul before Pass 1 (OPT-776)
Information: Ungrouping hierarchy genblk1[3].u_RADIX2/u_mq_montymul before Pass 1 (OPT-776)
Information: Ungrouping hierarchy genblk1[2].u_RADIX2/u_mq_montymul before Pass 1 (OPT-776)
Information: Ungrouping hierarchy genblk1[1].u_RADIX2/u_mq_montymul before Pass 1 (OPT-776)
Information: Ungrouping hierarchy genblk1[0].u_RADIX2/u_BUTTERFLY/u_mq_add before Pass 1 (OPT-776)
Information: Ungrouping hierarchy genblk1[0].u_RADIX2/u_BUTTERFLY/u_mq_sub before Pass 1 (OPT-776)
Information: Ungrouping hierarchy genblk1[8].u_RADIX2/u_BUTTERFLY/u_mq_add before Pass 1 (OPT-776)
Information: Ungrouping hierarchy genblk1[7].u_RADIX2/u_BUTTERFLY/u_mq_add before Pass 1 (OPT-776)
Information: Ungrouping hierarchy genblk1[6].u_RADIX2/u_BUTTERFLY/u_mq_add before Pass 1 (OPT-776)
Information: Ungrouping hierarchy genblk1[5].u_RADIX2/u_BUTTERFLY/u_mq_add before Pass 1 (OPT-776)
Information: Ungrouping hierarchy genblk1[4].u_RADIX2/u_BUTTERFLY/u_mq_add before Pass 1 (OPT-776)
Information: Ungrouping hierarchy genblk1[3].u_RADIX2/u_BUTTERFLY/u_mq_add before Pass 1 (OPT-776)
Information: Ungrouping hierarchy genblk1[2].u_RADIX2/u_BUTTERFLY/u_mq_add before Pass 1 (OPT-776)
Information: Ungrouping hierarchy genblk1[1].u_RADIX2/u_BUTTERFLY/u_mq_add before Pass 1 (OPT-776)
Information: Ungrouping hierarchy genblk1[8].u_RADIX2/u_BUTTERFLY/u_mq_sub before Pass 1 (OPT-776)
Information: Ungrouping hierarchy genblk1[7].u_RADIX2/u_BUTTERFLY/u_mq_sub before Pass 1 (OPT-776)
Information: Ungrouping hierarchy genblk1[6].u_RADIX2/u_BUTTERFLY/u_mq_sub before Pass 1 (OPT-776)
Information: Ungrouping hierarchy genblk1[5].u_RADIX2/u_BUTTERFLY/u_mq_sub before Pass 1 (OPT-776)
Information: Ungrouping hierarchy genblk1[4].u_RADIX2/u_BUTTERFLY/u_mq_sub before Pass 1 (OPT-776)
Information: Ungrouping hierarchy genblk1[3].u_RADIX2/u_BUTTERFLY/u_mq_sub before Pass 1 (OPT-776)
Information: Ungrouping hierarchy genblk1[2].u_RADIX2/u_BUTTERFLY/u_mq_sub before Pass 1 (OPT-776)
Information: Ungrouping hierarchy genblk1[1].u_RADIX2/u_BUTTERFLY/u_mq_sub before Pass 1 (OPT-776)
Information: Ungrouping 54 of 55 hierarchies before Pass 1 (OPT-775)
Information: State dependent leakage is now switched from on to off.

  Beginning Pass 1 Mapping
  ------------------------
  Processing 'MQ_NTT'
Information: Added key list 'DesignWare' to design 'MQ_NTT'. (DDB-72)
Information: In design 'MQ_NTT', the register 's_reg_reg[0][11]' is removed because it is merged to 's_reg_reg[0][9]'. (OPT-1215)
Information: In design 'MQ_NTT', the register 's_reg_reg[1][11]' is removed because it is merged to 's_reg_reg[0][9]'. (OPT-1215)
Information: In design 'MQ_NTT', the register 's_reg_reg[0][0]' is removed because it is merged to 's_reg_reg[0][1]'. (OPT-1215)
Information: In design 'MQ_NTT', the register 's_reg_reg[0][7]' is removed because it is merged to 's_reg_reg[0][6]'. (OPT-1215)
 Implement Synthetic for 'MQ_NTT'.
Information: The register 's_reg_reg[1][12]' is a constant and will be removed. (OPT-1206)

  Updating timing information
Information: Updating design information... (UID-85)
Information: The library cell 'TIELO_X1M_A9TR' in the library 'sc9_cln40g_base_rvt_ss_typical_max_0p81v_125c' is not characterized for internal power. (PWR-536)
Information: The library cell 'TIEHI_X1M_A9TR' in the library 'sc9_cln40g_base_rvt_ss_typical_max_0p81v_125c' is not characterized for internal power. (PWR-536)
Information: The library cell 'TIELO_X1M_A9TH' in the library 'sc9_cln40g_base_hvt_ss_typical_max_0p81v_125c' is not characterized for internal power. (PWR-536)
Information: The library cell 'TIEHI_X1M_A9TH' in the library 'sc9_cln40g_base_hvt_ss_typical_max_0p81v_125c' is not characterized for internal power. (PWR-536)
Information: The library cell 'TIELO_X1M_A9TL' in the library 'sc9_cln40g_base_lvt_ss_typical_max_0p81v_125c' is not characterized for internal power. (PWR-536)
Information: The library cell 'TIEHI_X1M_A9TL' in the library 'sc9_cln40g_base_lvt_ss_typical_max_0p81v_125c' is not characterized for internal power. (PWR-536)
Information: The target library(s) contains cell(s), other than black boxes, that are not characterized for internal power. (PWR-24)
Information: In design 'MQ_NTT', the register 's_reg_reg[1][9]' is removed because it is merged to 's_reg_reg[1][8]'. (OPT-1215)
Information: In design 'MQ_NTT', the register 's_reg_reg[0][4]' is removed because it is merged to 's_reg_reg[1][8]'. (OPT-1215)
Information: In design 'MQ_NTT', the register 's_reg_reg[0][9]' is removed because it is merged to 's_reg_reg[1][8]'. (OPT-1215)
Information: In design 'MQ_NTT', the register 's_reg_reg[0][8]' is removed because it is merged to 's_reg_reg[0][5]'. (OPT-1215)
Information: In design 'MQ_NTT', the register 's_reg_reg[0][1]' is removed because it is merged to 's_reg_reg[0][3]'. (OPT-1215)
Information: In design 'MQ_NTT', the register 's_reg_reg[0][2]' is removed because it is merged to 's_reg_reg[0][13]'. (OPT-1215)
Information: In design 'MQ_NTT', the register 's_reg_reg[0][6]' is removed because it is merged to 's_reg_reg[0][10]'. (OPT-1215)
Information: In design 'MQ_NTT', the register 's_reg_reg[1][0]' is removed because it is merged to 's_reg_reg[1][10]'. (OPT-1215)
Information: In design 'MQ_NTT', the register 's_reg_reg[1][1]' is removed because it is merged to 's_reg_reg[1][10]'. (OPT-1215)
Information: In design 'MQ_NTT', the register 's_reg_reg[1][4]' is removed because it is merged to 's_reg_reg[1][5]'. (OPT-1215)
Information: In design 'MQ_NTT', the register 's_reg_reg[1][6]' is removed because it is merged to 's_reg_reg[1][3]'. (OPT-1215)
Information: In design 'MQ_NTT', the register 's_reg_reg[1][7]' is removed because it is merged to 's_reg_reg[1][3]'. (OPT-1215)
Information: In design 'MQ_NTT', the register 'genblk1[1].u_RADIX2/mult_en_reg' is removed because it is merged to 's_reg_reg[1][13]'. (OPT-1215)
Information: In design 'MQ_NTT', the register 's_reg_reg[2][10]' is removed because it is merged to 's_reg_reg[2][3]'. (OPT-1215)
Information: In design 'MQ_NTT', the register 'genblk1[0].u_RADIX2/u_mq_montymul/w_reg_reg[0]' is removed because it is merged to 'genblk1[0].u_RADIX2/u_mq_montymul/x_y_reg_reg[0]'. (OPT-1215)
Information: In design 'MQ_NTT', the register 'genblk1[1].u_RADIX2/u_mq_montymul/w_reg_reg[0]' is removed because it is merged to 'genblk1[1].u_RADIX2/u_mq_montymul/x_y_reg_reg[0]'. (OPT-1215)
Information: In design 'MQ_NTT', the register 'genblk1[2].u_RADIX2/u_mq_montymul/w_reg_reg[0]' is removed because it is merged to 'genblk1[2].u_RADIX2/u_mq_montymul/x_y_reg_reg[0]'. (OPT-1215)
Information: In design 'MQ_NTT', the register 'genblk1[3].u_RADIX2/u_mq_montymul/w_reg_reg[0]' is removed because it is merged to 'genblk1[3].u_RADIX2/u_mq_montymul/x_y_reg_reg[0]'. (OPT-1215)
Information: In design 'MQ_NTT', the register 'genblk1[4].u_RADIX2/u_mq_montymul/w_reg_reg[0]' is removed because it is merged to 'genblk1[4].u_RADIX2/u_mq_montymul/x_y_reg_reg[0]'. (OPT-1215)
Information: In design 'MQ_NTT', the register 'genblk1[5].u_RADIX2/u_mq_montymul/w_reg_reg[0]' is removed because it is merged to 'genblk1[5].u_RADIX2/u_mq_montymul/x_y_reg_reg[0]'. (OPT-1215)
Information: In design 'MQ_NTT', the register 'genblk1[6].u_RADIX2/u_mq_montymul/w_reg_reg[0]' is removed because it is merged to 'genblk1[6].u_RADIX2/u_mq_montymul/x_y_reg_reg[0]'. (OPT-1215)
Information: In design 'MQ_NTT', the register 'genblk1[7].u_RADIX2/u_mq_montymul/w_reg_reg[0]' is removed because it is merged to 'genblk1[7].u_RADIX2/u_mq_montymul/x_y_reg_reg[0]'. (OPT-1215)
Information: In design 'MQ_NTT', the register 'genblk1[8].u_RADIX2/u_mq_montymul/w_reg_reg[0]' is removed because it is merged to 'genblk1[8].u_RADIX2/u_mq_montymul/x_y_reg_reg[0]'. (OPT-1215)

  Beginning Mapping Optimizations  (Ultra High effort)
  -------------------------------
  Mapping Optimization (Phase 1)

                                  TOTAL                                                            
   ELAPSED            WORST NEG   SETUP    DESIGN                              LEAKAGE   MIN DELAY 
    TIME      AREA      SLACK     COST    RULE COST         ENDPOINT            POWER      COST    
  --------- --------- --------- --------- --------- ------------------------- --------- -----------
    0:01:12  136263.7      0.48     122.3       0.0                            878.4470      0.00  
    0:01:12  135965.5      0.50     137.6       0.0                            876.5767      0.00  

  Beginning Constant Register Removal
  -----------------------------------
    0:01:13  135965.5      0.50     137.6       0.0                            876.5767      0.00  
    0:01:13  135958.2      0.50     137.6       0.0                            876.5284      0.00  

  Beginning Global Optimizations
  ------------------------------
  Numerical Synthesis (Phase 1)
  Numerical Synthesis (Phase 2)
  Global Optimization (Phase 1)
  Global Optimization (Phase 2)
  Global Optimization (Phase 3)
  Global Optimization (Phase 4)
  Global Optimization (Phase 5)
  Global Optimization (Phase 6)
  Global Optimization (Phase 7)
  Global Optimization (Phase 8)
  Global Optimization (Phase 9)
  Global Optimization (Phase 10)
  Global Optimization (Phase 11)
  Global Optimization (Phase 12)
  Global Optimization (Phase 13)
  Global Optimization (Phase 14)
  Global Optimization (Phase 15)
  Global Optimization (Phase 16)
  Global Optimization (Phase 17)
  Global Optimization (Phase 18)
  Global Optimization (Phase 19)
  Global Optimization (Phase 20)
  Global Optimization (Phase 21)
  Global Optimization (Phase 22)
  Global Optimization (Phase 23)
  Global Optimization (Phase 24)
  Global Optimization (Phase 25)
  Global Optimization (Phase 26)
  Global Optimization (Phase 27)
  Global Optimization (Phase 28)
  Global Optimization (Phase 29)
  Global Optimization (Phase 30)
  Global Optimization (Phase 31)
  Global Optimization (Phase 32)

  Beginning Isolate Ports
  -----------------------

  Beginning Delay Optimization
  ----------------------------
    0:01:20   81518.0      0.75     197.5    1779.3                            373.7787      0.00  
    0:01:21   82628.7      0.35     116.0    1779.9                            384.1461      0.00  
    0:01:21   82628.7      0.35     116.0    1779.9                            384.1461      0.00  
    0:01:21   82628.0      0.35     114.9    1779.9                            384.1540      0.00  
    0:01:24   82295.3      0.66     181.5    1779.9                            381.8757      0.00  
    0:01:24   82266.3      0.66     182.1    1779.9                            381.7332      0.00  

  Beginning WLM Backend Optimization
  --------------------------------------
    0:01:30   82066.4      0.62     178.5    1601.8                            374.6770      0.00  
    0:01:37   81880.9      0.62     177.7    1451.2                            373.4451      0.00  

  Beginning Delay Optimization HSVT Pass
  --------------------------------------
    0:01:38   81830.3      0.61     175.4    1451.2                            373.1060      0.00  
    0:01:38   81830.3      0.61     175.4    1451.2                            373.1060      0.00  
    0:01:38   81830.3      0.61     175.4    1451.2                            373.1060      0.00  
    0:01:38   83068.9      0.31     110.7    1451.2                            412.1680      0.00  
    0:01:40   83068.9      0.31     110.7    1451.2                            412.1680      0.00  
    0:01:40   83068.9      0.31     110.7    1451.2                            412.1680      0.00  
    0:01:40   83068.9      0.31     110.7    1451.2                            412.1680      0.00  
    0:01:40   83565.4      0.27      99.9    1451.2                            442.1200      0.00  
    0:01:42   83565.4      0.27      99.9    1451.2                            442.1200      0.00  
    0:01:44   83963.6      0.06      12.3    1470.9                            613.7342      0.00  
    0:01:45   83801.7      0.01       0.2    1470.8                            630.3065      0.00  
    0:01:45   83801.7      0.01       0.2    1470.8                            630.3065      0.00  
    0:01:47   80137.1      0.00       0.0     692.5                            489.4910      0.00  
    0:01:47   80137.1      0.00       0.0     692.5                            489.4910      0.00  
    0:01:47   80137.1      0.00       0.0     692.5                            489.4910      0.00  
    0:01:47   80137.1      0.00       0.0     692.5                            489.4910      0.00  
    0:01:47   80137.1      0.00       0.0     692.5                            489.4910      0.00  
    0:01:47   80137.1      0.00       0.0     692.5                            489.4910      0.00  
    0:01:47   80137.1      0.00       0.0     692.5                            489.4910      0.00  
    0:01:47   80137.1      0.00       0.0     692.5                            489.4910      0.00  
    0:01:47   80137.1      0.00       0.0     692.5                            489.4910      0.00  
    0:01:47   80137.1      0.00       0.0     692.5                            489.4910      0.00  
    0:01:47   80137.1      0.00       0.0     692.5                            489.4910      0.00  

  Beginning Delay Optimization
  ----------------------------
    0:01:47   80137.1      0.00       0.0     692.5                            489.4910      0.00  
    0:01:47   80137.1      0.00       0.0     692.5                            489.4910      0.00  
    0:01:47   80137.1      0.00       0.0     692.5                            489.4910      0.00  
    0:01:47   80137.1      0.00       0.0     692.5                            489.4910      0.00  
    0:01:47   80137.1      0.00       0.0     692.5                            489.4910      0.00  
    0:01:47   80137.1      0.00       0.0     692.5                            489.4910      0.00  
    0:01:47   80137.1      0.00       0.0     692.5                            489.4910      0.00  
    0:01:47   80137.1      0.00       0.0     692.5                            489.4910      0.00  


  Beginning Design Rule Fixing  (max_transition)  (max_capacitance)
  ----------------------------

                                  TOTAL                                                            
   ELAPSED            WORST NEG   SETUP    DESIGN                              LEAKAGE   MIN DELAY 
    TIME      AREA      SLACK     COST    RULE COST         ENDPOINT            POWER      COST    
  --------- --------- --------- --------- --------- ------------------------- --------- -----------
    0:01:47   80137.1      0.00       0.0     692.5                            489.4910      0.00  
  Global Optimization (Phase 33)
  Global Optimization (Phase 34)
  Global Optimization (Phase 35)
    0:01:48   80141.6      0.00       0.0       0.0                            489.6424      0.00  
    0:01:48   80141.6      0.00       0.0       0.0                            489.6424      0.00  


  Beginning Leakage Power Optimization  (max_leakage_power 0)
  ------------------------------------

                                  TOTAL                                                            
   ELAPSED            WORST NEG   SETUP    DESIGN                              LEAKAGE   MIN DELAY 
    TIME      AREA      SLACK     COST    RULE COST         ENDPOINT            POWER      COST    
  --------- --------- --------- --------- --------- ------------------------- --------- -----------
    0:01:48   80141.6      0.00       0.0       0.0                            489.6424      0.00  
  Global Optimization (Phase 36)
  Global Optimization (Phase 37)
  Global Optimization (Phase 38)
  Global Optimization (Phase 39)
  Global Optimization (Phase 40)
  Global Optimization (Phase 41)
  Global Optimization (Phase 42)
  Global Optimization (Phase 43)
  Global Optimization (Phase 44)
  Global Optimization (Phase 45)
  Global Optimization (Phase 46)
  Global Optimization (Phase 47)
  Global Optimization (Phase 48)
  Global Optimization (Phase 49)
  Global Optimization (Phase 50)
    0:02:00   79594.6      0.04       5.2       2.3                            457.2895      0.00  
    0:02:01   81936.9      0.00       0.0      80.4                            629.2267      0.00  
    0:02:01   81936.9      0.00       0.0      80.4                            629.2267      0.00  
    0:02:03   79089.2      0.00       0.0       2.3                            464.7072      0.00  
    0:02:04   79089.2      0.00       0.0       2.3                            464.7072      0.00  
    0:02:04   79089.2      0.00       0.0       2.3                            464.7072      0.00  
    0:02:04   79089.2      0.00       0.0       2.3                            464.7072      0.00  
    0:02:04   79089.2      0.00       0.0       2.3                            464.7072      0.00  
    0:02:04   79089.2      0.00       0.0       2.3                            464.7072      0.00  
    0:02:04   79089.2      0.00       0.0       2.3                            464.7072      0.00  
    0:02:04   79089.2      0.00       0.0       2.3                            464.7072      0.00  
    0:02:04   79089.2      0.00       0.0       2.3                            464.7072      0.00  
    0:02:04   79089.2      0.00       0.0       2.3                            464.7072      0.00  
    0:02:04   79089.2      0.00       0.0       2.3                            464.7072      0.00  
    0:02:04   79089.2      0.00       0.0       2.3                            464.7072      0.00  
    0:02:04   79089.2      0.00       0.0       2.3                            464.7072      0.00  
    0:02:04   79089.2      0.00       0.0       2.3                            464.7072      0.00  
    0:02:04   79089.2      0.00       0.0       2.3                            464.7072      0.00  
    0:02:04   79089.2      0.00       0.0       2.3                            464.7072      0.00  
    0:02:04   79089.2      0.00       0.0       2.3                            464.7072      0.00  
    0:02:04   79089.2      0.00       0.0       2.3                            464.7072      0.00  
    0:02:04   79089.2      0.00       0.0       2.3                            464.7072      0.00  

                                  TOTAL                                                            
   ELAPSED            WORST NEG   SETUP    DESIGN                              LEAKAGE   MIN DELAY 
    TIME      AREA      SLACK     COST    RULE COST         ENDPOINT            POWER      COST    
  --------- --------- --------- --------- --------- ------------------------- --------- -----------
    0:02:05   79088.6      0.00       0.0       2.3                            464.7061      0.00  
    0:02:21   73959.9      0.00       0.0       0.0                            382.0505      0.00  
    0:02:21   73959.9      0.00       0.0       0.0                            382.0505      0.00  
    0:02:21   73959.9      0.00       0.0       0.0                            382.0505      0.00  
    0:02:22   73911.2      0.00       0.0       0.0                            372.0374      0.00  

  Beginning Delay Optimization HSVT Pass
  --------------------------------------
    0:02:23   73911.2      0.00       0.0       0.0                            372.0374      0.00  
    0:02:23   73911.2      0.00       0.0       0.0                            372.0374      0.00  
    0:02:23   73911.2      0.00       0.0       0.0                            372.0374      0.00  
    0:02:23   73911.2      0.00       0.0       0.0                            372.0374      0.00  
    0:02:25   73911.2      0.00       0.0       0.0                            372.0374      0.00  
    0:02:25   73911.2      0.00       0.0       0.0                            372.0374      0.00  
    0:02:25   73911.2      0.00       0.0       0.0                            372.0374      0.00  
    0:02:25   73911.2      0.00       0.0       0.0                            372.0374      0.00  
    0:02:36   73835.9      0.00       0.0       0.0                            369.5229      0.00  
    0:02:37   73989.4      0.00       0.0       0.0                            365.0509      0.00  
    0:02:37   73989.4      0.00       0.0       0.0                            365.0509      0.00  
    0:02:37   73989.4      0.00       0.0       0.0                            365.0509      0.00  
    0:02:37   73989.4      0.00       0.0       0.0                            365.0509      0.00  
    0:02:37   73989.4      0.00       0.0       0.0                            365.0510      0.00  
    0:02:37   73989.4      0.00       0.0       0.0                            365.0510      0.00  
    0:02:39   73471.6      0.00       0.0       0.0                            356.8037      0.00  
Loading db file '/cell_base_lib/CBDK_TSMC40_Arm_f2.0/CIC/SynopsysDC/db/sc9_base_rvt/sc9_cln40g_base_rvt_ss_typical_max_0p81v_125c.db'
Loading db file '/cell_base_lib/CBDK_TSMC40_Arm_f2.0/CIC/SynopsysDC/db/sc9_base_hvt/sc9_cln40g_base_hvt_ss_typical_max_0p81v_125c.db'
Loading db file '/cell_base_lib/CBDK_TSMC40_Arm_f2.0/CIC/SynopsysDC/db/sc9_base_lvt/sc9_cln40g_base_lvt_ss_typical_max_0p81v_125c.db'


Note: Symbol # after min delay cost means estimated hold TNS across all active scenarios 


  Optimization Complete
  ---------------------
Warning: Design 'MQ_NTT' contains 1 high-fanout nets. A fanout number of 1000 will be used for delay calculations involving these nets. (TIM-134)
     Net 'clk': 8831 load(s), 1 driver(s)
Information: State dependent leakage is now switched from off to on.
Information: Propagating switching activity (low effort zero delay simulation). (PWR-6)
1
#uniquify
#compile
#======================================================
#  (F) Output Reports 
#======================================================
report_design  >  Report/$DESIGN\.design
report_resource >  Report/$DESIGN\.resource
report_timing -max_paths 3 >  Report/$DESIGN\.timing
report_area >  Report/$DESIGN\.area
report_power > Report/$DESIGN\.power
report_clock > Report/$DESIGN\.clock
report_port >  Report/$DESIGN\.port
report_power >  Report/$DESIGN\.power
#report_reference > Report/$DESIGN\.reference
#======================================================
#  (G) Change Naming Rule
#======================================================
set bus_inference_style "%s\[%d\]"
%s[%d]
set bus_naming_style "%s\[%d\]"
%s[%d]
set hdlout_internal_busses true
true
change_names -hierarchy -rule verilog
1
define_name_rules name_rule -allowed "a-z A-Z 0-9 _" -max_length 255 -type cell
1
define_name_rules name_rule -allowed "a-z A-Z 0-9 _[]" -max_length 255 -type net
1
define_name_rules name_rule -map {{"\\*cell\\*" "cell"}}
1
define_name_rules name_rule -case_insensitive
1
change_names -hierarchy -rules name_rule
1
#======================================================
#  (H) Output Results
#======================================================
set verilogout_higher_designs_first true
true
write -format verilog -output Netlist/$DESIGN\_SYN.v -hierarchy
Writing verilog file '/home/daniel_kuo/Falcon/hardware/mq_ntt/02_SYN/Netlist/MQ_NTT_SYN.v'.
1
write -format ddc     -hierarchy -output $DESIGN\_SYN.ddc
Writing ddc file 'MQ_NTT_SYN.ddc'.
1
write_sdf -version 3.0 -context verilog -load_delay cell Netlist/$DESIGN\_SYN.sdf -significant_digits 6
Information: Writing timing information to file '/home/daniel_kuo/Falcon/hardware/mq_ntt/02_SYN/Netlist/MQ_NTT_SYN.sdf'. (WT-3)
1
write_sdc Netlist/$DESIGN\_SYN.sdc
1
#======================================================
#  (I) Finish and Quit
#======================================================
report_area
 
****************************************
Report : area
Design : MQ_NTT
Version: T-2022.03
Date   : Fri Sep  5 09:24:45 2025
****************************************

Library(s) Used:

    sc9_cln40g_base_hvt_ss_typical_max_0p81v_125c (File: /cell_base_lib/CBDK_TSMC40_Arm_f2.0/CIC/SynopsysDC/db/sc9_base_hvt/sc9_cln40g_base_hvt_ss_typical_max_0p81v_125c.db)
    sc9_cln40g_base_lvt_ss_typical_max_0p81v_125c (File: /cell_base_lib/CBDK_TSMC40_Arm_f2.0/CIC/SynopsysDC/db/sc9_base_lvt/sc9_cln40g_base_lvt_ss_typical_max_0p81v_125c.db)
    sc9_cln40g_base_rvt_ss_typical_max_0p81v_125c (File: /cell_base_lib/CBDK_TSMC40_Arm_f2.0/CIC/SynopsysDC/db/sc9_base_rvt/sc9_cln40g_base_rvt_ss_typical_max_0p81v_125c.db)

Number of ports:                           32
Number of nets:                         35228
Number of cells:                        34030
Number of combinational cells:          25199
Number of sequential cells:              8831
Number of macros/black boxes:               0
Number of buf/inv:                       3590
Number of references:                     546

Combinational area:              33385.639816
Buf/Inv area:                     2004.004763
Noncombinational area:           40085.990831
Macro/Black Box area:                0.000000
Net Interconnect area:               0.000000

Total cell area:                 73471.630647
Total area:                      73471.630647
1
report_timing 
 
****************************************
Report : timing
        -path full
        -delay max
        -max_paths 1
Design : MQ_NTT
Version: T-2022.03
Date   : Fri Sep  5 09:24:45 2025
****************************************

 # A fanout number of 1000 was used for high fanout net computations.

Operating Conditions: ss_typical_max_0p81v_125c   Library: sc9_cln40g_base_rvt_ss_typical_max_0p81v_125c
Wire Load Model Mode: top

  Startpoint: genblk1_2__u_RADIX2_u_mq_montymul_x_y_reg_reg_5_
              (rising edge-triggered flip-flop clocked by clk)
  Endpoint: genblk1_2__u_RADIX2_mult_d_reg_reg_9_
            (rising edge-triggered flip-flop clocked by clk)
  Path Group: clk
  Path Type: max

  Des/Clust/Port     Wire Load Model       Library
  ------------------------------------------------
  MQ_NTT             Small                 sc9_cln40g_base_rvt_ss_typical_max_0p81v_125c

  Point                                                   Incr       Path
  --------------------------------------------------------------------------
  clock clk (rise edge)                                   0.00       0.00
  clock network delay (ideal)                             0.00       0.00
  genblk1_2__u_RADIX2_u_mq_montymul_x_y_reg_reg_5_/CK (DFFRPQ_X2M_A9TH)
                                                          0.00 #     0.00 r
  genblk1_2__u_RADIX2_u_mq_montymul_x_y_reg_reg_5_/Q (DFFRPQ_X2M_A9TH)
                                                          0.23       0.23 f
  U22808/Y (NOR2_X1M_A9TH)                                0.12       0.35 r
  U39756/Y (OAI21_X0P7M_A9TH)                             0.13       0.48 f
  U39760/Y (AOI21_X1M_A9TH)                               0.13       0.61 r
  U28105/Y (OAI21_X1M_A9TL)                               0.07       0.67 f
  U22499/Y (AO21_X1M_A9TL)                                0.09       0.76 f
  U27943/Y (NOR2_X1A_A9TL)                                0.07       0.84 r
  U27878/Y (INV_X1M_A9TR)                                 0.06       0.90 f
  U27862/Y (NAND2_X1A_A9TL)                               0.05       0.95 r
  U27372/Y (NOR2_X2B_A9TR)                                0.05       1.00 f
  U29036/Y (NAND2_X1A_A9TL)                               0.06       1.06 r
  U23718/Y (NOR2_X2B_A9TR)                                0.05       1.11 f
  U40160/Y (NAND2_X1A_A9TH)                               0.10       1.21 r
  U23543/Y (NOR2_X2B_A9TR)                                0.06       1.27 f
  U29035/Y (NAND2_X1A_A9TL)                               0.07       1.34 r
  U23368/Y (NOR2_X2B_A9TR)                                0.05       1.39 f
  U41070/Y (INV_X0P8B_A9TH)                               0.08       1.47 r
  U41071/Y (OAI21_X1M_A9TH)                               0.10       1.58 f
  U25421/Y (XNOR2_X0P5M_A9TR)                             0.10       1.68 r
  U41073/Y (AOI222_X1M_A9TH)                              0.14       1.82 f
  U33064/Y (INV_X1M_A9TH)                                 0.14       1.96 r
  genblk1_2__u_RADIX2_mult_d_reg_reg_9_/D (DFFRPQ_X4M_A9TR)
                                                          0.00       1.96 r
  data arrival time                                                  1.96

  clock clk (rise edge)                                   2.10       2.10
  clock network delay (ideal)                             0.00       2.10
  clock uncertainty                                      -0.10       2.00
  genblk1_2__u_RADIX2_mult_d_reg_reg_9_/CK (DFFRPQ_X4M_A9TR)
                                                          0.00       2.00 r
  library setup time                                     -0.04       1.96
  data required time                                                 1.96
  --------------------------------------------------------------------------
  data required time                                                 1.96
  data arrival time                                                 -1.96
  --------------------------------------------------------------------------
  slack (MET)                                                        0.00


1
exit

Memory usage for this session 1069 Mbytes.
Memory usage for this session including child processes 1616 Mbytes.
CPU usage for this session 355 seconds ( 0.10 hours ).
Elapsed time for this session 319 seconds ( 0.09 hours ).

Thank you...

