#======================================================
#
# Synopsys Synthesis Scripts (Design Vision dctcl mode)
#
#======================================================
#======================================================
# (A) Global Parameters
#======================================================
set DESIGN "FPC_MUL"
FPC_MUL
set CYCLE 1.2
1.2
set INPUT_DLY [expr 0*$CYCLE]
0.0
set OUTPUT_DLY [expr 0*$CYCLE]
0.0
#======================================================
# (B) Read RTL Code
#======================================================
# (B-1) analyze + elaborate
set hdlin_auto_save_templates TRUE
TRUE
analyze -f sverilog $DESIGN.sv
Running PRESTO HDLC
Compiling source file ../01_RTL/FPC_MUL.sv
Presto compilation completed successfully.
Loading db file '/cell_base_lib/CBDK_TSMC40_Arm_f2.0/CIC/SynopsysDC/db/sc9_base_rvt/sc9_cln40g_base_rvt_ss_typical_max_0p81v_125c.db'
Loading db file '/cell_base_lib/CBDK_TSMC40_Arm_f2.0/CIC/SynopsysDC/db/sc9_base_hvt/sc9_cln40g_base_hvt_ss_typical_max_0p81v_125c.db'
Loading db file '/cell_base_lib/CBDK_TSMC40_Arm_f2.0/CIC/SynopsysDC/db/sc9_base_lvt/sc9_cln40g_base_lvt_ss_typical_max_0p81v_125c.db'
Loading db file '/usr/cad/synopsys/synthesis/cur/libraries/syn/dw_foundation.sldb'
Loading db file '/usr/cad/synopsys/synthesis/cur/libraries/syn/standard.sldb'
1
elaborate $DESIGN 
Loading db file '/usr/cad/synopsys/synthesis/2022.03/libraries/syn/gtech.db'
Loading db file '/usr/cad/synopsys/synthesis/2022.03/libraries/syn/standard.sldb'
  Loading link library 'sc9_cln40g_base_rvt_ss_typical_max_0p81v_125c'
  Loading link library 'sc9_cln40g_base_hvt_ss_typical_max_0p81v_125c'
  Loading link library 'sc9_cln40g_base_lvt_ss_typical_max_0p81v_125c'
  Loading link library 'gtech'
Running PRESTO HDLC

Inferred memory devices in process
        in routine FPC_MUL line 133 in file
                '../01_RTL/FPC_MUL.sv'.
===============================================================================
|    Register Name    |   Type    | Width | Bus | MB | AR | AS | SR | SS | ST |
===============================================================================
|     pipe_im_reg     | Flip-flop |  64   |  Y  | N  | Y  | N  | N  | N  | N  |
|      valid_reg      | Flip-flop |   1   |  N  | N  | Y  | N  | N  | N  | N  |
|     pipe_re_reg     | Flip-flop |  64   |  Y  | N  | Y  | N  | N  | N  | N  |
===============================================================================

Inferred memory devices in process
        in routine FPC_MUL line 149 in file
                '../01_RTL/FPC_MUL.sv'.
===============================================================================
|    Register Name    |   Type    | Width | Bus | MB | AR | AS | SR | SS | ST |
===============================================================================
|     pipe_im_reg     | Flip-flop |  64   |  Y  | N  | Y  | N  | N  | N  | N  |
|      valid_reg      | Flip-flop |   1   |  N  | N  | Y  | N  | N  | N  | N  |
|     pipe_re_reg     | Flip-flop |  64   |  Y  | N  | Y  | N  | N  | N  | N  |
===============================================================================
Presto compilation completed successfully. (FPC_MUL)
Elaborated 1 design.
Current design is now 'FPC_MUL'.
Information: Building the design 'fpr_mul'. (HDL-193)
Presto compilation completed successfully. (fpr_mul)
Information: Building the design 'fpr_add'. (HDL-193)
Presto compilation completed successfully. (fpr_add)
Information: Building the design 'lzd64'. (HDL-193)
Presto compilation completed successfully. (lzd64)
Information: Building the design 'lzd8'. (HDL-193)
Presto compilation completed successfully. (lzd8)
1
# (B-2) set current design
current_design $DESIGN
Current design is 'FPC_MUL'.
{FPC_MUL}
link

  Linking design 'FPC_MUL'
  Using the following designs and libraries:
  --------------------------------------------------------------------------
  * (5 designs)               /home/daniel_kuo/Falcon/hardware/fpc_custom_opt/02_SYN/FPC_MUL.db, etc
  sc9_cln40g_base_rvt_ss_typical_max_0p81v_125c (library) /cell_base_lib/CBDK_TSMC40_Arm_f2.0/CIC/SynopsysDC/db/sc9_base_rvt/sc9_cln40g_base_rvt_ss_typical_max_0p81v_125c.db
  sc9_cln40g_base_hvt_ss_typical_max_0p81v_125c (library) /cell_base_lib/CBDK_TSMC40_Arm_f2.0/CIC/SynopsysDC/db/sc9_base_hvt/sc9_cln40g_base_hvt_ss_typical_max_0p81v_125c.db
  sc9_cln40g_base_lvt_ss_typical_max_0p81v_125c (library) /cell_base_lib/CBDK_TSMC40_Arm_f2.0/CIC/SynopsysDC/db/sc9_base_lvt/sc9_cln40g_base_lvt_ss_typical_max_0p81v_125c.db
  dw_foundation.sldb (library) /usr/cad/synopsys/synthesis/cur/libraries/syn/dw_foundation.sldb

1
#======================================================
#  (C) Global Setting
#======================================================
set_svf -append Netlist/$DESIGN\_SYN.svf
1
set_wire_load_mode top
1
#======================================================
#  (D) Set Design Constraints
#======================================================
# (D-1) Setting Clock Constraints
create_clock -name clk -period $CYCLE [get_ports clk] 
1
set_dont_touch_network             [get_clocks clk]
1
# (D-2) Setting in/out Constraints
set_input_delay   -max  $INPUT_DLY  -clock clk   [all_inputs] ;  # set_up time check 
1
set_input_delay   -min  0           -clock clk   [all_inputs] ;  # hold   time check 
1
set_output_delay  -max  $OUTPUT_DLY -clock clk   [all_outputs] ; # set_up time check 
1
set_output_delay  -min  0           -clock clk   [all_outputs] ; # hold   time check 
1
set_input_delay 0 -clock clk clk
1
set_input_delay 0 -clock clk rst_n
1
# (D-3) Setting Design Environment
set_load 0.05 [all_outputs]
1
# (D-4) Report Clock skew
report_clock -skew clk
Information: Checking out the license 'DesignWare'. (SEC-104)
Information: Changed wire load model for 'alt1' from '(none)' to 'Small'. (OPT-170)
Information: Changed wire load model for 'apparch' from '(none)' to 'Small'. (OPT-170)
Information: Changed wire load model for 'alt1' from '(none)' to 'Small'. (OPT-170)
Information: Changed wire load model for 'astr' from '(none)' to 'Small'. (OPT-170)
Information: Changed wire load model for 'alt1' from '(none)' to 'Small'. (OPT-170)
Information: Changed wire load model for 'astr' from '(none)' to 'Small'. (OPT-170)
Information: Updating design information... (UID-85)
Warning: Design 'FPC_MUL' contains 1 high-fanout nets. A fanout number of 1000 will be used for delay calculations involving these nets. (TIM-134)
 
****************************************
Report : clock_skew
Design : FPC_MUL
Version: T-2022.03
Date   : Sun May 31 19:25:54 2026
****************************************

                 Rise      Fall  Min Rise  Min fall        Uncertainty
Object          Delay     Delay     Delay     Delay     Plus      Minus
--------------------------------------------------------------------------------
1
check_timing

Information: Checking generated_clocks...

Information: Checking loops...

Information: Checking no_input_delay...

Information: Checking unconstrained_endpoints...

Information: Checking pulse_clock_cell_type...

Information: Checking no_driving_cell...

Information: Checking partial_input_delay...
1
#======================================================
#  (E) Optimization
#======================================================
check_design > Report/$DESIGN\.check
set_fix_multiple_port_nets -all -buffer_constants
1
# Adaptive retiming moves registers to improve worst negative slack
set_optimize_registers true -design FPC_MUL
1
# compile_ultra
compile_ultra -retime
Information: Performing power optimization. (PWR-850)
Alib files are up-to-date.
Information: Running optimization using a maximum of 8 cores. (OPT-1500)
Information: Evaluating DesignWare library utilization. (UISN-27)

============================================================================
| DesignWare Building Block Library  |         Version         | Available |
============================================================================
| Basic DW Building Blocks           | S-2021.06-DWBB_202106.0 |     *     |
| Licensed DW Building Blocks        | S-2021.06-DWBB_202106.0 |     *     |
============================================================================

====================================================================================================
| Flow Information                                                                                 |
----------------------------------------------------------------------------------------------------
| Flow         | Design Compiler NXT WLM                                                           |
| Comand line  | compile_ultra -retime                                                             |
====================================================================================================
| Design Information                                      | Value                                  |
====================================================================================================
| Number of Scenarios                                     | 0                                      |
| Leaf Cell Count                                         | 1668                                   |
| Number of User Hierarchies                              | 24                                     |
| Sequential Cell Count                                   | 258                                    |
| Macro Count                                             | 0                                      |
| Number of Power Domains                                 | 0                                      |
| Number of Path Groups                                   | 2                                      |
| Number of VT class                                      | 0                                      |
| Number of Clocks                                        | 1                                      |
| Number of Dont Touch cells                              | 508                                    |
| Number of Dont Touch nets                               | 1                                      |
| Number of size only cells                               | 0                                      |
| Design with UPF Data                                    | false                                  |
----------------------------------------------------------------------------------------------------
| Variables                                               | Value                                  |
----------------------------------------------------------------------------------------------------
| set_fix_multiple_port_nets                              | -all -buffer_constants                 |
====================================================================================================
Information: Sequential output inversion is enabled.  SVF file must be used for formal verification. (OPT-1208)
Information: Retiming is enabled. SVF file must be used for formal verification. (OPT-1210)

Information: There are 223 potential problems in your design. Please run 'check_design' for more information. (LINT-99)

Information: Uniquified 4 instances of design 'fpr_mul'. (OPT-1056)
Information: Uniquified 2 instances of design 'fpr_add'. (OPT-1056)
Information: Uniquified 2 instances of design 'lzd64'. (OPT-1056)
Information: Uniquified 16 instances of design 'lzd8'. (OPT-1056)
  Simplifying Design 'FPC_MUL'

Loaded alib file './alib-52/sc9_cln40g_base_rvt_ss_typical_max_0p81v_125c.db.alib' (placeholder)
Loaded alib file './alib-52/sc9_cln40g_base_hvt_ss_typical_max_0p81v_125c.db.alib'
Loaded alib file './alib-52/sc9_cln40g_base_lvt_ss_typical_max_0p81v_125c.db.alib' (placeholder)
  Building model 'DW01_NAND2'
Information: Ungrouping hierarchy u_FPR_ADD_0 before Pass 1 (OPT-776)
Information: Ungrouping hierarchy u_FPR_ADD_1 before Pass 1 (OPT-776)
Information: Ungrouping hierarchy u_FPR_ADD_0/u_lzd_tree before Pass 1 (OPT-776)
Information: Ungrouping hierarchy u_FPR_ADD_1/u_lzd_tree before Pass 1 (OPT-776)
Information: Ungrouping hierarchy u_FPR_ADD_0/u_lzd_tree/u_lzd7 before Pass 1 (OPT-776)
Information: Ungrouping hierarchy u_FPR_ADD_1/u_lzd_tree/u_lzd0 before Pass 1 (OPT-776)
Information: Ungrouping hierarchy u_FPR_ADD_1/u_lzd_tree/u_lzd1 before Pass 1 (OPT-776)
Information: Ungrouping hierarchy u_FPR_ADD_1/u_lzd_tree/u_lzd2 before Pass 1 (OPT-776)
Information: Ungrouping hierarchy u_FPR_ADD_1/u_lzd_tree/u_lzd3 before Pass 1 (OPT-776)
Information: Ungrouping hierarchy u_FPR_ADD_1/u_lzd_tree/u_lzd4 before Pass 1 (OPT-776)
Information: Ungrouping hierarchy u_FPR_ADD_1/u_lzd_tree/u_lzd5 before Pass 1 (OPT-776)
Information: Ungrouping hierarchy u_FPR_ADD_1/u_lzd_tree/u_lzd6 before Pass 1 (OPT-776)
Information: Ungrouping hierarchy u_FPR_ADD_1/u_lzd_tree/u_lzd7 before Pass 1 (OPT-776)
Information: Ungrouping hierarchy u_FPR_ADD_0/u_lzd_tree/u_lzd0 before Pass 1 (OPT-776)
Information: Ungrouping hierarchy u_FPR_ADD_0/u_lzd_tree/u_lzd1 before Pass 1 (OPT-776)
Information: Ungrouping hierarchy u_FPR_ADD_0/u_lzd_tree/u_lzd2 before Pass 1 (OPT-776)
Information: Ungrouping hierarchy u_FPR_ADD_0/u_lzd_tree/u_lzd3 before Pass 1 (OPT-776)
Information: Ungrouping hierarchy u_FPR_ADD_0/u_lzd_tree/u_lzd4 before Pass 1 (OPT-776)
Information: Ungrouping hierarchy u_FPR_ADD_0/u_lzd_tree/u_lzd5 before Pass 1 (OPT-776)
Information: Ungrouping hierarchy u_FPR_ADD_0/u_lzd_tree/u_lzd6 before Pass 1 (OPT-776)
Information: Ungrouping 20 of 25 hierarchies before Pass 1 (OPT-775)
Information: State dependent leakage is now switched from on to off.

  Beginning Pass 1 Mapping
  ------------------------
  Processing 'FPC_MUL'
 Implement Synthetic for 'FPC_MUL'.
Information: Added key list 'DesignWare' to design 'FPC_MUL'. (DDB-72)
Information: Added key list 'DesignWare' to design 'FPC_MUL_RSOP_108'. (DDB-72)
Information: Added key list 'DesignWare' to design 'FPC_MUL_RSOP_111'. (DDB-72)
  Processing 'fpr_mul_0'
 Implement Synthetic for 'fpr_mul_0'.

  Updating timing information
Information: Updating design information... (UID-85)
Information: The library cell 'TIELO_X1M_A9TR' in the library 'sc9_cln40g_base_rvt_ss_typical_max_0p81v_125c' is not characterized for internal power. (PWR-536)
Information: The library cell 'TIEHI_X1M_A9TR' in the library 'sc9_cln40g_base_rvt_ss_typical_max_0p81v_125c' is not characterized for internal power. (PWR-536)
Information: The library cell 'TIELO_X1M_A9TH' in the library 'sc9_cln40g_base_hvt_ss_typical_max_0p81v_125c' is not characterized for internal power. (PWR-536)
Information: The library cell 'TIEHI_X1M_A9TH' in the library 'sc9_cln40g_base_hvt_ss_typical_max_0p81v_125c' is not characterized for internal power. (PWR-536)
Information: The library cell 'TIELO_X1M_A9TL' in the library 'sc9_cln40g_base_lvt_ss_typical_max_0p81v_125c' is not characterized for internal power. (PWR-536)
Information: The library cell 'TIEHI_X1M_A9TL' in the library 'sc9_cln40g_base_lvt_ss_typical_max_0p81v_125c' is not characterized for internal power. (PWR-536)
Information: The target library(s) contains cell(s), other than black boxes, that are not characterized for internal power. (PWR-24)

  Beginning Mapping Optimizations  (Ultra High effort)
  -------------------------------
Information: Checking pipeline property of design FPC_MUL. (RTDC-137)
Information: design FPC_MUL is a pipeline. (RTDC-139)
Information: Ungrouping hierarchy u_FPR_MUL_3 'fpr_mul_0' #insts = 121. (OPT-777)
Information: Ungrouping hierarchy u_FPR_MUL_2 'fpr_mul_1' #insts = 121. (OPT-777)
Information: Ungrouping hierarchy u_FPR_MUL_1 'fpr_mul_2' #insts = 121. (OPT-777)
Information: Ungrouping hierarchy u_FPR_MUL_0 'fpr_mul_3' #insts = 121. (OPT-777)
  Mapping Optimization (Phase 1)
  Mapping Optimization (Phase 2)
Information: Checkpoint guidance is generated in the .svf file. (INFO-122)
Warning: Retiming is likely to run for an extended
        period of time due to the large design size. (RTDC-135)
  Retiming FPC_MUL (top)
  Preferred flip-flop is DFFQ_X4M_A9TL with setup = 0.02

Warning: The following cells only drive
        asynchronous pins of sequential cells which have no
        timing constraint. Therefore retiming will not optimize
        delay through them:
        *cell*3015 (INV_X16M_A9TH)
        *cell*3020 (INV_X16M_A9TH)
        *cell*3019 (INV_X16M_A9TH)
        *cell*3018 (INV_X16M_A9TH)
        *cell*3017 (INV_X16M_A9TH)
        *cell*3016 (INV_X16M_A9TH)
        *cell*3025 (INV_X16M_A9TH)
        *cell*3024 (INV_X16M_A9TH)
        *cell*3023 (INV_X16M_A9TH)
        *cell*3022 (INV_X16M_A9TH)
        *cell*3021 (INV_X16M_A9TH)
        *cell*3031 (BUFH_X11M_A9TH)
        *cell*3028 (BUFH_X11M_A9TH)
        *cell*3029 (BUFH_X11M_A9TH)
        *cell*3030 (BUFH_X11M_A9TH)
        *cell*3026 (BUFH_X11M_A9TH)
        *cell*3027 (BUFH_X11M_A9TH)
        *cell*3032 (INV_X16M_A9TH)
        *cell*3033 (INV_X16M_A9TH)
        *cell*2255 (INV_X0P6B_A9TH)

 (RTDC-115)

  Retiming base-clock clk, rising edge.
  Beginning minimum period retiming ...
  ... minimum period retiming done.
  Beginning minimum area retiming step 1 ...
  ... minimum area retiming step 1 done.
  Beginning minimum area retiming step 2 ...
  
  ... minimum area retiming step 2 done.
  Beginning minimum area retiming step 3 ...
  
  ... minimum area retiming step 3 done.
  Beginning final register move ...
  ... final register move done.
  Lower bound estimate = 1.25
  Critical path length = 1.25
  Clock correction = 0.17 (clock-to-Q delay = 0.15, setup = 0.02, uncertainty = 0.00)
  Mapping Optimization (Phase 3)
  Mapping Optimization (Phase 4)

                                  TOTAL                                                
   ELAPSED            WORST NEG   SETUP    DESIGN                              LEAKAGE 
    TIME      AREA      SLACK     COST    RULE COST         ENDPOINT            POWER  
  --------- --------- --------- --------- --------- ------------------------- ---------
    0:01:20  142528.2      0.25      75.1       0.0 d_im[30]                  6247.2285
    0:01:20  142528.2      0.25      75.1       0.0 d_im[30]                  6247.2285
    0:01:21  142427.0      0.21      58.9       0.0 clk_r_REG60_S2/D          6255.4858
    0:01:22  142386.6      0.18      46.8       0.0 d_re[14]                  6264.3989
    0:01:23  142430.9      0.16      40.4       0.0 d_im[16]                  6274.5386
    0:01:24  142497.1      0.14      36.7       0.0 d_im[14]                  6286.7754
    0:01:25  142567.6      0.13      33.7       0.0 d_re[9]                   6296.0503
    0:01:25  142544.5      0.13      31.5       0.0 d_im[14]                  6298.3726
    0:01:27  142652.0      0.11      27.5       0.0 d_re[15]                  6310.8584
    0:01:27  142674.4      0.11      26.2       0.0                           6313.9951
    0:01:28  142654.3      0.16      26.4       0.0                           6312.8618

  Beginning Constant Register Removal
  -----------------------------------
    0:01:28  142689.9      0.16      26.4       0.0                           6316.5308
    0:01:28  142684.0      0.16      29.2       0.0                           6316.3374

  Beginning Global Optimizations
  ------------------------------
  Numerical Synthesis (Phase 1)
  Numerical Synthesis (Phase 2)
  Global Optimization (Phase 1)
  Global Optimization (Phase 2)
  Global Optimization (Phase 3)
  Global Optimization (Phase 4)
  Global Optimization (Phase 5)
  Global Optimization (Phase 6)
  Global Optimization (Phase 7)
  Global Optimization (Phase 8)
  Global Optimization (Phase 9)
  Global Optimization (Phase 10)
  Global Optimization (Phase 11)
  Global Optimization (Phase 12)
  Global Optimization (Phase 13)
  Global Optimization (Phase 14)
  Global Optimization (Phase 15)
  Global Optimization (Phase 16)
  Global Optimization (Phase 17)
  Global Optimization (Phase 18)
  Global Optimization (Phase 19)
  Global Optimization (Phase 20)
  Global Optimization (Phase 21)
  Global Optimization (Phase 22)
  Global Optimization (Phase 23)
  Global Optimization (Phase 24)
  Global Optimization (Phase 25)
  Global Optimization (Phase 26)
  Global Optimization (Phase 27)
  Global Optimization (Phase 28)
  Global Optimization (Phase 29)
  Global Optimization (Phase 30)
  Global Optimization (Phase 31)

  Beginning Isolate Ports
  -----------------------

  Beginning Delay Optimization
  ----------------------------
    0:01:36   59195.7      0.54     214.3     178.9                           1655.3672
    0:01:38   60307.0      0.27     129.9     181.2                           1740.1368
    0:01:38   60307.0      0.27     129.9     181.2                           1740.1368
    0:01:38   60316.1      0.27     131.6     184.5                           1741.1359
    0:01:51   60263.5      0.40     150.2     184.5                           1739.2976
    0:01:52   59721.4      0.72     241.3     244.6                           1712.9839

  Beginning WLM Backend Optimization
  --------------------------------------
    0:02:07   59841.2      0.92     331.5     244.1                           1690.4495
    0:02:09   59302.5      0.91     307.3      42.6                           1649.5720
    0:02:09   59183.2      0.91     288.6       1.2                           1641.4243
    0:02:11   60050.3      0.24     109.2       1.2                           1715.5072
    0:02:13   60728.9      0.24      87.8       1.4                           1768.1754
    0:02:14   60957.3      0.24      81.5       1.4                           1789.6376
    0:02:14   60957.3      0.24      81.5       1.4                           1789.6376
    0:02:16   62872.8      0.24      78.7       2.1                           1716.2819
    0:02:16   62872.8      0.24      78.7       2.1                           1716.2819
    0:02:24   66048.5      0.20      75.9       2.1                           1869.7654
    0:02:24   66048.5      0.20      75.9       2.1                           1869.7654
    0:02:24   66758.1      0.15      58.7       2.3                           1925.1356
    0:02:24   66758.1      0.15      58.7       2.3                           1925.1356
    0:02:33   69839.7      0.14      49.0       2.3                           2078.0234
    0:02:33   69839.7      0.14      49.0       2.3                           2078.0234
    0:02:39   72165.0      0.03       5.8       3.4                           2258.7241
    0:02:39   72165.0      0.03       5.8       3.4                           2258.7241
    0:02:41   72353.1      0.03       5.5       3.4                           2267.3757
    0:02:41   72353.1      0.03       5.5       3.4                           2267.3757
    0:02:43   72825.0      0.02       2.9       3.4                           2300.6409
    0:02:43   72825.0      0.02       2.9       3.4                           2300.6409
    0:02:44   73104.0      0.02       2.8       3.4                           2314.2666
    0:02:44   73104.0      0.02       2.8       3.4                           2314.2666
    0:02:46   73422.9      0.01       1.2       3.4                           2336.6528
    0:02:46   73422.9      0.01       1.2       3.4                           2336.6528
    0:02:46   73417.0      0.01       1.1       3.4                           2336.3726


  Beginning Design Rule Fixing  (max_transition)  (max_capacitance)
  ----------------------------

                                  TOTAL                                                
   ELAPSED            WORST NEG   SETUP    DESIGN                              LEAKAGE 
    TIME      AREA      SLACK     COST    RULE COST         ENDPOINT            POWER  
  --------- --------- --------- --------- --------- ------------------------- ---------
    0:02:46   73417.0      0.01       1.1       3.4                           2336.3726
  Global Optimization (Phase 32)
  Global Optimization (Phase 33)
  Global Optimization (Phase 34)
    0:02:47   73495.0      0.01       0.9       0.0 d_im[46]                  2342.7949
    0:02:47   73498.8      0.01       0.8       0.0                           2342.7334
    0:02:49   73667.8      0.01       0.8       0.0                           2349.3499


  Beginning Leakage Power Optimization  (max_leakage_power 0)
  ------------------------------------

                                  TOTAL                                                
   ELAPSED            WORST NEG   SETUP    DESIGN                              LEAKAGE 
    TIME      AREA      SLACK     COST    RULE COST         ENDPOINT            POWER  
  --------- --------- --------- --------- --------- ------------------------- ---------
    0:02:49   73667.8      0.01       0.8       0.0                           2349.3499
  Global Optimization (Phase 35)
  Global Optimization (Phase 36)
  Global Optimization (Phase 37)
  Global Optimization (Phase 38)
  Global Optimization (Phase 39)
  Global Optimization (Phase 40)
  Global Optimization (Phase 41)
  Global Optimization (Phase 42)
  Global Optimization (Phase 43)
  Global Optimization (Phase 44)
  Global Optimization (Phase 45)
  Global Optimization (Phase 46)
  Global Optimization (Phase 47)
  Global Optimization (Phase 48)
  Global Optimization (Phase 49)
  Global Optimization (Phase 50)
    0:02:57   79532.9      0.17      84.5       0.0                           1970.3319
    0:03:04   81059.5      0.13      56.2       0.0                           2058.0295
    0:03:04   81059.5      0.13      56.2       0.0                           2058.0295
    0:03:06   77172.8      0.12      41.8       0.0                           1916.1830
    0:03:07   77172.8      0.12      41.8       0.0                           1916.1830
    0:03:09   77612.8      0.12      40.0       0.0                           1937.2860
    0:03:09   77612.8      0.12      40.0       0.0                           1937.2860
    0:03:09   77761.8      0.11      36.1       0.0                           1947.5297
    0:03:09   77761.8      0.11      36.1       0.0                           1947.5297
    0:03:14   78500.0      0.10      34.0       0.0                           1982.5724
    0:03:14   78500.0      0.10      34.0       0.0                           1982.5724
    0:03:19   79808.4      0.02       3.5       0.0                           2086.3254
    0:03:19   79808.4      0.02       3.5       0.0                           2086.3254
    0:03:20   79875.8      0.02       3.3       0.0                           2090.0796
    0:03:20   79875.8      0.02       3.3       0.0                           2090.0796
    0:03:22   80139.6      0.02       2.6       0.0                           2108.9626
    0:03:22   80139.6      0.02       2.6       0.0                           2108.9626
    0:03:23   80145.9      0.02       2.6       0.0                           2109.4954
    0:03:23   80145.9      0.02       2.6       0.0                           2109.4954
    0:03:23   80183.6      0.02       2.5       0.0                           2112.2026
    0:03:23   80183.6      0.02       2.5       0.0                           2112.2026
    0:03:23   80177.9      0.02       2.5       0.0                           2111.8879

                                  TOTAL                                                
   ELAPSED            WORST NEG   SETUP    DESIGN                              LEAKAGE 
    TIME      AREA      SLACK     COST    RULE COST         ENDPOINT            POWER  
  --------- --------- --------- --------- --------- ------------------------- ---------
    0:03:24   80177.9      0.02       2.5       0.0                           2111.8879
    0:03:52   66173.7      0.03       5.4       0.0                           1956.2903
    0:03:52   66151.2      0.03       5.0       0.0                           1955.8734
    0:03:52   66151.2      0.03       5.0       0.0                           1955.8734
    0:03:54   66198.4      0.04       5.2       1.6                           1922.4904

  Beginning Delay Optimization HSVT Pass
  --------------------------------------
    0:03:55   66198.4      0.04       5.2       1.6                           1922.4904
    0:03:55   66198.4      0.04       5.2       1.6                           1922.4904
    0:03:55   66198.4      0.04       5.2       1.6                           1922.4904
    0:03:57   66263.5      0.03       4.8       1.6                           1926.8539
    0:03:58   66263.5      0.03       4.8       1.6                           1926.8539
    0:03:58   66263.5      0.03       4.8       1.6                           1926.8539
    0:03:58   66263.5      0.03       4.8       1.6                           1926.8539
    0:03:59   66301.1      0.03       4.8       1.6                           1928.7899
    0:04:02   66148.7      0.03       4.9       1.1                           1917.7985
    0:04:02   66104.0      0.03       4.7       1.1 d_im[31]                  1901.4912
    0:04:03   66185.5      0.02       3.8       1.1 d_re[28]                  1906.0869
    0:04:04   66253.3      0.02       3.3       0.0 d_im[42]                  1910.4503
    0:04:04   66346.5      0.02       2.8       0.0                           1916.5111
    0:04:06   67199.0      0.01       0.4       0.0                           1977.6592
    0:04:06   67199.0      0.01       0.4       0.0                           1977.6592
    0:04:06   67196.1      0.01       0.4       0.0                           1977.5479
    0:04:07   67196.1      0.01       0.4       0.0                           1977.5479
    0:04:07   67202.2      0.01       0.4       0.0                           1977.8802
    0:04:10   64621.7      0.01       0.4       0.0                           1764.3927
    0:04:12   63733.5      0.01       0.3       0.0                           1714.4584
Loading db file '/cell_base_lib/CBDK_TSMC40_Arm_f2.0/CIC/SynopsysDC/db/sc9_base_rvt/sc9_cln40g_base_rvt_ss_typical_max_0p81v_125c.db'
Loading db file '/cell_base_lib/CBDK_TSMC40_Arm_f2.0/CIC/SynopsysDC/db/sc9_base_hvt/sc9_cln40g_base_hvt_ss_typical_max_0p81v_125c.db'
Loading db file '/cell_base_lib/CBDK_TSMC40_Arm_f2.0/CIC/SynopsysDC/db/sc9_base_lvt/sc9_cln40g_base_lvt_ss_typical_max_0p81v_125c.db'


Note: Symbol # after min delay cost means estimated hold TNS across all active scenarios 


  Optimization Complete
  ---------------------
Warning: Design 'FPC_MUL' contains 1 high-fanout nets. A fanout number of 1000 will be used for delay calculations involving these nets. (TIM-134)
     Net 'clk': 1065 load(s), 1 driver(s)
Information: State dependent leakage is now switched from off to on.
Information: Propagating switching activity (low effort zero delay simulation). (PWR-6)
1
set_fix_hold [all_clocks]
1
compile -incremental_mapping -only_hold_time
Information: Performing power optimization. (PWR-850)
====================================================================================================
| Flow Information                                                                                 |
----------------------------------------------------------------------------------------------------
| Flow         | Design Compiler NXT                                                               |
| Comand line  | compile_ultra                                                                     |
====================================================================================================
| Design Information                                      | Value                                  |
====================================================================================================
| Number of Scenarios                                     | 0                                      |
| Leaf Cell Count                                         | 30515                                  |
| Number of User Hierarchies                              | 0                                      |
| Sequential Cell Count                                   | 1065                                   |
| Macro Count                                             | 0                                      |
| Number of Power Domains                                 | 0                                      |
| Number of Path Groups                                   | 2                                      |
| Number of VT class                                      | 0                                      |
| Number of Clocks                                        | 1                                      |
| Number of Dont Touch cells                              | 0                                      |
| Number of Dont Touch nets                               | 1                                      |
| Number of size only cells                               | 0                                      |
| Design with UPF Data                                    | false                                  |
----------------------------------------------------------------------------------------------------
| Variables                                               | Value                                  |
----------------------------------------------------------------------------------------------------
| set_fix_multiple_port_nets                              | -all -buffer_constants                 |
====================================================================================================

Information: State dependent leakage is now switched from on to off.

  Beginning Pass 1 Mapping  (Incremental)
  ------------------------

  Updating timing information
Information: Updating design information... (UID-85)
Information: The library cell 'TIELO_X1M_A9TR' in the library 'sc9_cln40g_base_rvt_ss_typical_max_0p81v_125c' is not characterized for internal power. (PWR-536)
Information: The library cell 'TIEHI_X1M_A9TR' in the library 'sc9_cln40g_base_rvt_ss_typical_max_0p81v_125c' is not characterized for internal power. (PWR-536)
Information: The library cell 'TIELO_X1M_A9TH' in the library 'sc9_cln40g_base_hvt_ss_typical_max_0p81v_125c' is not characterized for internal power. (PWR-536)
Information: The library cell 'TIEHI_X1M_A9TH' in the library 'sc9_cln40g_base_hvt_ss_typical_max_0p81v_125c' is not characterized for internal power. (PWR-536)
Information: The library cell 'TIELO_X1M_A9TL' in the library 'sc9_cln40g_base_lvt_ss_typical_max_0p81v_125c' is not characterized for internal power. (PWR-536)
Information: The library cell 'TIEHI_X1M_A9TL' in the library 'sc9_cln40g_base_lvt_ss_typical_max_0p81v_125c' is not characterized for internal power. (PWR-536)
Information: The target library(s) contains cell(s), other than black boxes, that are not characterized for internal power. (PWR-24)

  Beginning Mapping Optimizations  (Incremental)
  -------------------------------

  Beginning Delay Optimization Phase
  ----------------------------------

                                  TOTAL                                                            
   ELAPSED            WORST NEG   SETUP    DESIGN                              LEAKAGE   MIN DELAY 
    TIME      AREA      SLACK     COST    RULE COST         ENDPOINT            POWER      COST    
  --------- --------- --------- --------- --------- ------------------------- --------- -----------
    0:00:02   63733.5      0.01       0.3       0.0                           1714.4584      0.00  
    0:00:03   63790.9      0.03       0.3       0.0                           1718.7083      0.00  
    0:00:04   63789.8      0.03       0.4       0.0                           1721.2006      0.00  
    0:00:04   63789.8      0.03       0.3       0.0                           1721.3433      0.00  


  Beginning Design Rule Fixing  (min_path)
  ----------------------------

                                  TOTAL                                                            
   ELAPSED            WORST NEG   SETUP    DESIGN                              LEAKAGE   MIN DELAY 
    TIME      AREA      SLACK     COST    RULE COST         ENDPOINT            POWER      COST    
  --------- --------- --------- --------- --------- ------------------------- --------- -----------
    0:00:04   63789.8      0.03       0.3       0.0                           1721.3433     -0.01  
Information: State dependent leakage is now switched from off to on.
Information: Propagating switching activity (low effort zero delay simulation). (PWR-6)
    0:00:06   63846.2      0.00       0.2       0.0 d_im[42]                  1754.2477      0.00  
    0:00:07   63876.4      0.00       0.1       0.0 d_im[47]                  1757.0863      0.00  
    0:00:07   63898.0      0.00       0.0       0.0 clk_r_REG580_S1/D         1759.2754      0.00  
    0:00:08   63912.5      0.00       0.0       0.0 d_re[40]                  1760.5463      0.00  
    0:00:08   63912.0      0.00       0.0       0.0                           1760.6967      0.00  
Loading db file '/cell_base_lib/CBDK_TSMC40_Arm_f2.0/CIC/SynopsysDC/db/sc9_base_rvt/sc9_cln40g_base_rvt_ss_typical_max_0p81v_125c.db'
Loading db file '/cell_base_lib/CBDK_TSMC40_Arm_f2.0/CIC/SynopsysDC/db/sc9_base_hvt/sc9_cln40g_base_hvt_ss_typical_max_0p81v_125c.db'
Loading db file '/cell_base_lib/CBDK_TSMC40_Arm_f2.0/CIC/SynopsysDC/db/sc9_base_lvt/sc9_cln40g_base_lvt_ss_typical_max_0p81v_125c.db'


Note: Symbol # after min delay cost means estimated hold TNS across all active scenarios 


  Optimization Complete
  ---------------------
Warning: Design 'FPC_MUL' contains 1 high-fanout nets. A fanout number of 1000 will be used for delay calculations involving these nets. (TIM-134)
     Net 'clk': 1065 load(s), 1 driver(s)
1
# uniquify
# compile
#======================================================
#  (F) Output Reports
#======================================================
report_design  >  Report/$DESIGN\.design
report_resource >  Report/$DESIGN\.resource
report_timing -max_paths 3 >  Report/$DESIGN\.timing
report_timing -delay_type min >  Report/$DESIGN\_hold.timing
report_area >  Report/$DESIGN\.area
report_area -hierarchy >  Report/$DESIGN\_hier.area
report_power > Report/$DESIGN\.power
report_clock > Report/$DESIGN\.clock
report_port >  Report/$DESIGN\.port
report_power >  Report/$DESIGN\.power
#======================================================
#  (G) Change Naming Rule
#======================================================
set bus_inference_style "%s\[%d\]"
%s[%d]
set bus_naming_style "%s\[%d\]"
%s[%d]
set hdlout_internal_busses true
true
change_names -hierarchy -rule verilog
1
define_name_rules name_rule -allowed "a-z A-Z 0-9 _" -max_length 255 -type cell
1
define_name_rules name_rule -allowed "a-z A-Z 0-9 _[]" -max_length 255 -type net
1
define_name_rules name_rule -map {{"\\*cell\\*" "cell"}}
1
define_name_rules name_rule -case_insensitive
1
change_names -hierarchy -rules name_rule
1
#======================================================
#  (H) Output Results
#======================================================
set verilogout_higher_designs_first true
true
write -format verilog -output Netlist/$DESIGN\_SYN.v -hierarchy
Writing verilog file '/home/daniel_kuo/Falcon/hardware/fpc_custom_opt/02_SYN/Netlist/FPC_MUL_SYN.v'.
1
write -format ddc     -hierarchy -output $DESIGN\_SYN.ddc
Writing ddc file 'FPC_MUL_SYN.ddc'.
1
write_sdf -version 3.0 -context verilog -load_delay cell Netlist/$DESIGN\_SYN.sdf -significant_digits 6
Information: Writing timing information to file '/home/daniel_kuo/Falcon/hardware/fpc_custom_opt/02_SYN/Netlist/FPC_MUL_SYN.sdf'. (WT-3)
1
write_sdc Netlist/$DESIGN\_SYN.sdc
1
#======================================================
#  (I) Finish and Quit
#======================================================
report_resource
 
****************************************
Report : resources
Design : FPC_MUL
Version: T-2022.03
Date   : Sun May 31 19:30:28 2026
****************************************


Resource Report for this hierarchy in file ../01_RTL/FPC_MUL.sv
=============================================================================
| Cell           | Module         | Parameters | Contained Operations       |
=============================================================================
| gte_x_1        | DW_cmp         | width=63   | u_FPR_ADD_0/gte_275 (FPC_MUL.sv:275) |
| gt_x_2         | DW_cmp         | width=11   | u_FPR_ADD_0/gt_285 (FPC_MUL.sv:285) |
| ash_8          | DW_leftsh      | A_width=52 | u_FPR_ADD_0/sll_335 (FPC_MUL.sv:335) |
       |                | SH_width=6 |                            |
| gte_x_11       | DW_cmp         | width=63   | u_FPR_ADD_1/gte_275 (FPC_MUL.sv:275) |
| gt_x_12        | DW_cmp         | width=11   | u_FPR_ADD_1/gt_285 (FPC_MUL.sv:285) |
| ash_18         | DW_leftsh      | A_width=52 | u_FPR_ADD_1/sll_335 (FPC_MUL.sv:335) |
       |                | SH_width=6 |                            |
| DP_OP_23J1_125_9916             |            |                            |
|                | DP_OP_23J1_125_9916 |       |                            |
| DP_OP_45J1_131_5596             |            |                            |
|                | DP_OP_45J1_131_5596 |       |                            |
| DP_OP_103_156_9481              |            |                            |
|                | DP_OP_103_156_9481 |        |                            |
| DP_OP_104_157_964               |            |                            |
|                | DP_OP_104_157_964 |         |                            |
| DP_OP_5_158_9918                |            |                            |
|                | DP_OP_5_158_9918 |          |                            |
| DP_OP_6_159_9918                |            |                            |
|                | DP_OP_6_159_9918 |          |                            |
| ashr_r108_2    | DW_rightsh     | A_width=53 | u_FPR_ADD_0/srl_292 (FPC_MUL.sv:292) |
       |                | SH_width=6 |                            |
| ashr_r108_3    | DW_rightsh     | A_width=53 | u_FPR_ADD_0/srl_291 (FPC_MUL.sv:291) |
       |                | SH_width=6 |                            |
| DP_OP_26_161_8936               |            |                            |
|                | DP_OP_26_161_8936 |         |                            |
| DP_OP_106_154_2269              |            |                            |
|                | DP_OP_106_154_2269 |        |                            |
| DP_OP_107_155_196               |            |                            |
|                | DP_OP_107_155_196 |         |                            |
| DP_OP_27_150_767                |            |                            |
|                | DP_OP_27_150_767 |          |                            |
| DP_OP_28_151_767                |            |                            |
|                | DP_OP_28_151_767 |          |                            |
| ashr_r111_2    | DW_rightsh     | A_width=53 | u_FPR_ADD_1/srl_292 (FPC_MUL.sv:292) |
       |                | SH_width=6 |                            |
| ashr_r111_3    | DW_rightsh     | A_width=53 | u_FPR_ADD_1/srl_291 (FPC_MUL.sv:291) |
       |                | SH_width=6 |                            |
| DP_OP_26_153_9448               |            |                            |
|                | DP_OP_26_153_9448 |         |                            |
| DP_OP_26_152_761                |            |                            |
|                | DP_OP_26_152_761 |          |                            |
| DP_OP_26_160_8168               |            |                            |
|                | DP_OP_26_160_8168 |         |                            |
=============================================================================

Datapath Report for DP_OP_23J1_125_9916
==============================================================================
| Cell                 | Contained Operations                                |
==============================================================================
| DP_OP_23J1_125_9916  | u_FPR_ADD_0/add_310 (FPC_MUL.sv:310)                |
|                      | u_FPR_ADD_0/sub_311 (FPC_MUL.sv:311)                |
==============================================================================

==============================================================================
|       |      | Data     |       |                                          |
| Var   | Type | Class    | Width | Expression                               |
==============================================================================
| I1    | PI   | Unsigned | 53    |                                          |
| I2    | PI   | Unsigned | 53    |                                          |
| I3    | PI   | Unsigned | 1     |                                          |
| O1    | PO   | Signed   | 54    | addsub(I1,I2,I3) ( FPC_MUL.sv:310 FPC_MUL.sv:311 ) |
==============================================================================

Datapath Report for DP_OP_45J1_131_5596
==============================================================================
| Cell                 | Contained Operations                                |
==============================================================================
| DP_OP_45J1_131_5596  | u_FPR_ADD_1/add_310 (FPC_MUL.sv:310)                |
|                      | u_FPR_ADD_1/sub_311 (FPC_MUL.sv:311)                |
==============================================================================

==============================================================================
|       |      | Data     |       |                                          |
| Var   | Type | Class    | Width | Expression                               |
==============================================================================
| I1    | PI   | Unsigned | 53    |                                          |
| I2    | PI   | Unsigned | 53    |                                          |
| I3    | PI   | Unsigned | 1     |                                          |
| O1    | PO   | Signed   | 54    | addsub(I1,I2,I3) ( FPC_MUL.sv:310 FPC_MUL.sv:311 ) |
==============================================================================

Datapath Report for DP_OP_103_156_9481
==============================================================================
| Cell                 | Contained Operations                                |
==============================================================================
| DP_OP_103_156_9481   | u_FPR_ADD_0/add_343 (FPC_MUL.sv:343)                |
==============================================================================

==============================================================================
|       |      | Data     |       |                                          |
| Var   | Type | Class    | Width | Expression                               |
==============================================================================
| I1    | PI   | Unsigned | 11    |                                          |
| O1    | PO   | Unsigned | 11    | I1 + $unsigned(1'b1) (FPC_MUL.sv:343)    |
==============================================================================

Datapath Report for DP_OP_104_157_964
==============================================================================
| Cell                 | Contained Operations                                |
==============================================================================
| DP_OP_104_157_964    | u_FPR_ADD_0/sub_343 (FPC_MUL.sv:343)                |
==============================================================================

==============================================================================
|       |      | Data     |       |                                          |
| Var   | Type | Class    | Width | Expression                               |
==============================================================================
| I1    | PI   | Unsigned | 11    |                                          |
| I2    | PI   | Unsigned | 6     |                                          |
| O1    | PO   | Signed   | 11    | I1 - I2 (FPC_MUL.sv:343)                 |
==============================================================================

Datapath Report for DP_OP_5_158_9918
==============================================================================
| Cell                 | Contained Operations                                |
==============================================================================
| DP_OP_5_158_9918     | u_FPR_ADD_0/sub_281 (FPC_MUL.sv:281)                |
==============================================================================

==============================================================================
|       |      | Data     |       |                                          |
| Var   | Type | Class    | Width | Expression                               |
==============================================================================
| I1    | PI   | Unsigned | 11    |                                          |
| I2    | PI   | Unsigned | 11    |                                          |
| O1    | PO   | Signed   | 11    | I1 - I2 (FPC_MUL.sv:281)                 |
==============================================================================

Datapath Report for DP_OP_6_159_9918
==============================================================================
| Cell                 | Contained Operations                                |
==============================================================================
| DP_OP_6_159_9918     | u_FPR_ADD_0/sub_282 (FPC_MUL.sv:282)                |
==============================================================================

==============================================================================
|       |      | Data     |       |                                          |
| Var   | Type | Class    | Width | Expression                               |
==============================================================================
| I1    | PI   | Unsigned | 11    |                                          |
| I2    | PI   | Unsigned | 11    |                                          |
| O1    | PO   | Signed   | 11    | I1 - I2 (FPC_MUL.sv:282)                 |
==============================================================================

Datapath Report for DP_OP_26_161_8936
==============================================================================
| Cell                 | Contained Operations                                |
==============================================================================
| DP_OP_26_161_8936    | add_446 (FPC_MUL.sv:446) sub_447 (FPC_MUL.sv:447)   |
|                      | sub_448 (FPC_MUL.sv:448)                            |
==============================================================================

==============================================================================
|       |      | Data     |       |                                          |
| Var   | Type | Class    | Width | Expression                               |
==============================================================================
| I1    | PI   | Unsigned | 11    |                                          |
| I2    | PI   | Unsigned | 11    |                                          |
| T24   | IFO  | Unsigned | 11    | I1 + I2 ( FPC_MUL.sv:446 FPC_MUL.sv:447 FPC_MUL.sv:448 ) |
| O1    | PO   | Signed   | 11    | -$unsigned(10'b1111111110) + T24 ( FPC_MUL.sv:446 FPC_MUL.sv:447 ) |
| O2    | PO   | Signed   | 11    | -$unsigned(10'b1111111111) + T24 ( FPC_MUL.sv:446 FPC_MUL.sv:448 ) |
==============================================================================

Datapath Report for DP_OP_106_154_2269
==============================================================================
| Cell                 | Contained Operations                                |
==============================================================================
| DP_OP_106_154_2269   | u_FPR_ADD_1/add_343 (FPC_MUL.sv:343)                |
==============================================================================

==============================================================================
|       |      | Data     |       |                                          |
| Var   | Type | Class    | Width | Expression                               |
==============================================================================
| I1    | PI   | Unsigned | 11    |                                          |
| O1    | PO   | Unsigned | 11    | I1 + $unsigned(1'b1) (FPC_MUL.sv:343)    |
==============================================================================

Datapath Report for DP_OP_107_155_196
==============================================================================
| Cell                 | Contained Operations                                |
==============================================================================
| DP_OP_107_155_196    | u_FPR_ADD_1/sub_343 (FPC_MUL.sv:343)                |
==============================================================================

==============================================================================
|       |      | Data     |       |                                          |
| Var   | Type | Class    | Width | Expression                               |
==============================================================================
| I1    | PI   | Unsigned | 11    |                                          |
| I2    | PI   | Unsigned | 6     |                                          |
| O1    | PO   | Signed   | 11    | I1 - I2 (FPC_MUL.sv:343)                 |
==============================================================================

Datapath Report for DP_OP_27_150_767
==============================================================================
| Cell                 | Contained Operations                                |
==============================================================================
| DP_OP_27_150_767     | u_FPR_ADD_1/sub_281 (FPC_MUL.sv:281)                |
==============================================================================

==============================================================================
|       |      | Data     |       |                                          |
| Var   | Type | Class    | Width | Expression                               |
==============================================================================
| I1    | PI   | Unsigned | 11    |                                          |
| I2    | PI   | Unsigned | 11    |                                          |
| O1    | PO   | Signed   | 11    | I1 - I2 (FPC_MUL.sv:281)                 |
==============================================================================

Datapath Report for DP_OP_28_151_767
==============================================================================
| Cell                 | Contained Operations                                |
==============================================================================
| DP_OP_28_151_767     | u_FPR_ADD_1/sub_282 (FPC_MUL.sv:282)                |
==============================================================================

==============================================================================
|       |      | Data     |       |                                          |
| Var   | Type | Class    | Width | Expression                               |
==============================================================================
| I1    | PI   | Unsigned | 11    |                                          |
| I2    | PI   | Unsigned | 11    |                                          |
| O1    | PO   | Signed   | 11    | I1 - I2 (FPC_MUL.sv:282)                 |
==============================================================================

Datapath Report for DP_OP_26_153_9448
==============================================================================
| Cell                 | Contained Operations                                |
==============================================================================
| DP_OP_26_153_9448    | add_446 (FPC_MUL.sv:446) sub_447 (FPC_MUL.sv:447)   |
|                      | sub_448 (FPC_MUL.sv:448)                            |
==============================================================================

==============================================================================
|       |      | Data     |       |                                          |
| Var   | Type | Class    | Width | Expression                               |
==============================================================================
| I1    | PI   | Unsigned | 11    |                                          |
| I2    | PI   | Unsigned | 11    |                                          |
| T24   | IFO  | Unsigned | 11    | I1 + I2 ( FPC_MUL.sv:446 FPC_MUL.sv:447 FPC_MUL.sv:448 ) |
| O1    | PO   | Signed   | 11    | -$unsigned(10'b1111111110) + T24 ( FPC_MUL.sv:446 FPC_MUL.sv:447 ) |
| O2    | PO   | Signed   | 11    | -$unsigned(10'b1111111111) + T24 ( FPC_MUL.sv:446 FPC_MUL.sv:448 ) |
==============================================================================

Datapath Report for DP_OP_26_152_761
==============================================================================
| Cell                 | Contained Operations                                |
==============================================================================
| DP_OP_26_152_761     | add_446 (FPC_MUL.sv:446) sub_447 (FPC_MUL.sv:447)   |
|                      | sub_448 (FPC_MUL.sv:448)                            |
==============================================================================

==============================================================================
|       |      | Data     |       |                                          |
| Var   | Type | Class    | Width | Expression                               |
==============================================================================
| I1    | PI   | Unsigned | 11    |                                          |
| I2    | PI   | Unsigned | 11    |                                          |
| T24   | IFO  | Unsigned | 11    | I1 + I2 ( FPC_MUL.sv:446 FPC_MUL.sv:447 FPC_MUL.sv:448 ) |
| O1    | PO   | Signed   | 11    | -$unsigned(10'b1111111110) + T24 ( FPC_MUL.sv:446 FPC_MUL.sv:447 ) |
| O2    | PO   | Signed   | 11    | -$unsigned(10'b1111111111) + T24 ( FPC_MUL.sv:446 FPC_MUL.sv:448 ) |
==============================================================================

Datapath Report for DP_OP_26_160_8168
==============================================================================
| Cell                 | Contained Operations                                |
==============================================================================
| DP_OP_26_160_8168    | add_446 (FPC_MUL.sv:446) sub_447 (FPC_MUL.sv:447)   |
|                      | sub_448 (FPC_MUL.sv:448)                            |
==============================================================================

==============================================================================
|       |      | Data     |       |                                          |
| Var   | Type | Class    | Width | Expression                               |
==============================================================================
| I1    | PI   | Unsigned | 11    |                                          |
| I2    | PI   | Unsigned | 11    |                                          |
| T24   | IFO  | Unsigned | 11    | I1 + I2 ( FPC_MUL.sv:446 FPC_MUL.sv:447 FPC_MUL.sv:448 ) |
| O1    | PO   | Signed   | 11    | -$unsigned(10'b1111111110) + T24 ( FPC_MUL.sv:446 FPC_MUL.sv:447 ) |
| O2    | PO   | Signed   | 11    | -$unsigned(10'b1111111111) + T24 ( FPC_MUL.sv:446 FPC_MUL.sv:448 ) |
==============================================================================


Resource Report for Ungrouped Hierarchy u_FPR_MUL_3 in file
        ../01_RTL/FPC_MUL.sv
=============================================================================
| Cell           | Module         | Parameters | Contained Operations       |
=============================================================================
| mult_x_1       | DW_mult_uns    | a_width=53 | mult_438 (FPC_MUL.sv:438)  |
|                |                | b_width=53 |                            |
=============================================================================


Resource Report for Ungrouped Hierarchy u_FPR_MUL_2 in file
        ../01_RTL/FPC_MUL.sv
=============================================================================
| Cell           | Module         | Parameters | Contained Operations       |
=============================================================================
| mult_x_1       | DW_mult_uns    | a_width=53 | mult_438 (FPC_MUL.sv:438)  |
|                |                | b_width=53 |                            |
=============================================================================


Resource Report for Ungrouped Hierarchy u_FPR_MUL_1 in file
        ../01_RTL/FPC_MUL.sv
=============================================================================
| Cell           | Module         | Parameters | Contained Operations       |
=============================================================================
| mult_x_1       | DW_mult_uns    | a_width=53 | mult_438 (FPC_MUL.sv:438)  |
|                |                | b_width=53 |                            |
=============================================================================


Resource Report for Ungrouped Hierarchy u_FPR_MUL_0 in file
        ../01_RTL/FPC_MUL.sv
=============================================================================
| Cell           | Module         | Parameters | Contained Operations       |
=============================================================================
| mult_x_1       | DW_mult_uns    | a_width=53 | mult_438 (FPC_MUL.sv:438)  |
|                |                | b_width=53 |                            |
=============================================================================


Implementation Report
===============================================================================
|                    |                  | Current            | Set            |
| Cell               | Module           | Implementation     | Implementation |
===============================================================================
| gte_x_1            | DW_cmp           | pparch (area,speed)                 |
| gt_x_2             | DW_cmp           | apparch (area)     |                |
| ash_8              | DW_leftsh        | astr (area)        |                |
| gte_x_11           | DW_cmp           | pparch (area,speed)                 |
| gt_x_12            | DW_cmp           | apparch (area)     |                |
| ash_18             | DW_leftsh        | astr (area)        |                |
| ashr_r108_2        | DW_rightsh       | astr (area)        |                |
| ashr_r108_3        | DW_rightsh       | astr (area)        |                |
| ashr_r111_2        | DW_rightsh       | astr (area)        |                |
| ashr_r111_3        | DW_rightsh       | astr (area)        |                |
| mult_x_1           | DW_mult_uns      | pparch (area,speed)                 |
|                    |                  | mult_arch: benc_radix4              |
| mult_x_1           | DW_mult_uns      | pparch (area,speed)                 |
|                    |                  | mult_arch: benc_radix4              |
| mult_x_1           | DW_mult_uns      | pparch (area,speed)                 |
|                    |                  | mult_arch: benc_radix4              |
| mult_x_1           | DW_mult_uns      | pparch (area,speed)                 |
|                    |                  | mult_arch: benc_radix4              |
| DP_OP_23J1_125_9916                   |                    |                |
|                    | DP_OP_23J1_125_9916 | str (area,speed)                 |
| DP_OP_45J1_131_5596                   |                    |                |
|                    | DP_OP_45J1_131_5596 | str (area,speed)                 |
| DP_OP_103_156_9481 | DP_OP_103_156_9481 | str (area)       |                |
| DP_OP_104_157_964  | DP_OP_104_157_964 | str (area,speed)  |                |
| DP_OP_5_158_9918   | DP_OP_5_158_9918 | str (area,speed)   |                |
| DP_OP_6_159_9918   | DP_OP_6_159_9918 | str (area,speed)   |                |
| DP_OP_26_161_8936  | DP_OP_26_161_8936 | str (area)        |                |
| DP_OP_106_154_2269 | DP_OP_106_154_2269 | str (area)       |                |
| DP_OP_107_155_196  | DP_OP_107_155_196 | str (area,speed)  |                |
| DP_OP_27_150_767   | DP_OP_27_150_767 | str (area,speed)   |                |
| DP_OP_28_151_767   | DP_OP_28_151_767 | str (area,speed)   |                |
| DP_OP_26_153_9448  | DP_OP_26_153_9448 | str (area)        |                |
| DP_OP_26_152_761   | DP_OP_26_152_761 | str (area)         |                |
| DP_OP_26_160_8168  | DP_OP_26_160_8168 | str (area)        |                |
===============================================================================

1
report_area -hierarchy
 
****************************************
Report : area
Design : FPC_MUL
Version: T-2022.03
Date   : Sun May 31 19:30:28 2026
****************************************

Library(s) Used:

    sc9_cln40g_base_rvt_ss_typical_max_0p81v_125c (File: /cell_base_lib/CBDK_TSMC40_Arm_f2.0/CIC/SynopsysDC/db/sc9_base_rvt/sc9_cln40g_base_rvt_ss_typical_max_0p81v_125c.db)
    sc9_cln40g_base_lvt_ss_typical_max_0p81v_125c (File: /cell_base_lib/CBDK_TSMC40_Arm_f2.0/CIC/SynopsysDC/db/sc9_base_lvt/sc9_cln40g_base_lvt_ss_typical_max_0p81v_125c.db)
    sc9_cln40g_base_hvt_ss_typical_max_0p81v_125c (File: /cell_base_lib/CBDK_TSMC40_Arm_f2.0/CIC/SynopsysDC/db/sc9_base_hvt/sc9_cln40g_base_hvt_ss_typical_max_0p81v_125c.db)

Number of ports:                          388
Number of nets:                         36162
Number of cells:                        30530
Number of combinational cells:          29465
Number of sequential cells:              1065
Number of macros/black boxes:               0
Number of buf/inv:                       3033
Number of references:                     650

Combinational area:              58953.710648
Buf/Inv area:                     3517.668007
Noncombinational area:            4958.301502
Macro/Black Box area:                0.000000
Net Interconnect area:               0.000000

Total cell area:                 63912.012150
Total area:                      63912.012150

Hierarchical area distribution
------------------------------

                                  Global cell area            Local cell area
                                  -------------------  ----------------------------- 
Hierarchical cell                 Absolute    Percent  Combi-      Noncombi-  Black-
                                  Total       Total    national    national   boxes   Design
--------------------------------  ----------  -------  ----------  ---------  ------  ---------
FPC_MUL                           63912.0121    100.0  58953.7106  4958.3015  0.0000  FPC_MUL
--------------------------------  ----------  -------  ----------  ---------  ------  ---------
Total                                                  58953.7106  4958.3015  0.0000

1
report_timing -delay_type min
 
****************************************
Report : timing
        -path full
        -delay min
        -max_paths 1
Design : FPC_MUL
Version: T-2022.03
Date   : Sun May 31 19:30:28 2026
****************************************

 # A fanout number of 1000 was used for high fanout net computations.

Operating Conditions: ss_typical_max_0p81v_125c   Library: sc9_cln40g_base_rvt_ss_typical_max_0p81v_125c
Wire Load Model Mode: top

  Startpoint: in_valid (input port clocked by clk)
  Endpoint: clk_r_REG0_S1
            (rising edge-triggered flip-flop clocked by clk)
  Path Group: clk
  Path Type: min

  Des/Clust/Port     Wire Load Model       Library
  ------------------------------------------------
  FPC_MUL            Small                 sc9_cln40g_base_rvt_ss_typical_max_0p81v_125c

  Point                                    Incr       Path
  -----------------------------------------------------------
  clock clk (rise edge)                    0.00       0.00
  clock network delay (ideal)              0.00       0.00
  input external delay                     0.00       0.00 f
  in_valid (in)                            0.00       0.00 f
  U30449/Y (BUFH_X1M_A9TL)                 0.03       0.03 f
  clk_r_REG0_S1/D (DFFRPQ_X0P5M_A9TH)      0.00       0.03 f
  data arrival time                                   0.03

  clock clk (rise edge)                    0.00       0.00
  clock network delay (ideal)              0.00       0.00
  clk_r_REG0_S1/CK (DFFRPQ_X0P5M_A9TH)     0.00       0.00 r
  library hold time                        0.00       0.00
  data required time                                  0.00
  -----------------------------------------------------------
  data required time                                  0.00
  data arrival time                                  -0.03
  -----------------------------------------------------------
  slack (MET)                                         0.03


1
report_timing 
 
****************************************
Report : timing
        -path full
        -delay max
        -max_paths 1
Design : FPC_MUL
Version: T-2022.03
Date   : Sun May 31 19:30:28 2026
****************************************

 # A fanout number of 1000 was used for high fanout net computations.

Operating Conditions: ss_typical_max_0p81v_125c   Library: sc9_cln40g_base_rvt_ss_typical_max_0p81v_125c
Wire Load Model Mode: top

  Startpoint: b_im[8] (input port clocked by clk)
  Endpoint: u_FPR_MUL_1_mult_x_1_R_54_clk_r_REG898_S1
            (rising edge-triggered flip-flop clocked by clk)
  Path Group: clk
  Path Type: max

  Des/Clust/Port     Wire Load Model       Library
  ------------------------------------------------
  FPC_MUL            Small                 sc9_cln40g_base_rvt_ss_typical_max_0p81v_125c

  Point                                                   Incr       Path
  --------------------------------------------------------------------------
  clock clk (rise edge)                                   0.00       0.00
  clock network delay (ideal)                             0.00       0.00
  input external delay                                    0.00       0.00 r
  b_im[8] (in)                                            0.00       0.00 r
  U5067/Y (XNOR2_X0P7M_A9TR)                              0.12       0.12 r
  U21544/Y (OAI22_X1M_A9TL)                               0.13       0.25 f
  U14529/Y (XNOR2_X1P4M_A9TL)                             0.07       0.32 r
  U18975/Y (XOR2_X1M_A9TL)                                0.08       0.39 r
  U29311/S (ADDF_X1M_A9TL)                                0.14       0.53 f
  U23663/Y (XOR2_X1P4M_A9TL)                              0.04       0.57 r
  U18682/Y (XOR2_X1M_A9TL)                                0.07       0.64 r
  U29367/CO (ADDF_X1M_A9TL)                               0.10       0.74 r
  U29328/S (ADDF_X1M_A9TL)                                0.10       0.85 f
  U20088/S (ADDF_X2M_A9TL)                                0.11       0.96 r
  U22882/Y (NOR2_X4A_A9TL)                                0.02       0.98 f
  U15714/Y (NOR2_X4A_A9TL)                                0.03       1.01 r
  U15694/Y (NAND2_X2M_A9TL)                               0.02       1.04 f
  U20303/Y (NOR2_X3A_A9TL)                                0.04       1.08 r
  U8225/Y (AOI31_X6M_A9TL)                                0.04       1.12 f
  U11790/Y (NAND2_X2M_A9TL)                               0.04       1.16 r
  U8109/Y (AOI2XB1_X4M_A9TL)                              0.03       1.18 f
  u_FPR_MUL_1_mult_x_1_R_54_clk_r_REG898_S1/D (DFFSQ_X4M_A9TL)
                                                          0.00       1.18 f
  data arrival time                                                  1.18

  clock clk (rise edge)                                   1.20       1.20
  clock network delay (ideal)                             0.00       1.20
  u_FPR_MUL_1_mult_x_1_R_54_clk_r_REG898_S1/CK (DFFSQ_X4M_A9TL)
                                                          0.00       1.20 r
  library setup time                                     -0.02       1.18
  data required time                                                 1.18
  --------------------------------------------------------------------------
  data required time                                                 1.18
  data arrival time                                                 -1.18
  --------------------------------------------------------------------------
  slack (MET)                                                        0.00


1
exit

Memory usage for this session 937 Mbytes.
Memory usage for this session including child processes 1134 Mbytes.
CPU usage for this session 985 seconds ( 0.27 hours ).
Elapsed time for this session 278 seconds ( 0.08 hours ).

Thank you...

