Command: vcs -timescale=1ns/1fs -j4 -sverilog +v2k -full64 -Mupdate -R -debug_access+all \
-y /usr/cad/synopsys/synthesis/cur/dw/sim_ver/ +libext+.v -f filelist.f -o simv -l \
vcs.log -P /usr/cad/synopsys/verdi/2022.06/share/PLI/VCS/linux64/novas.tab /usr/cad/synopsys/verdi/2022.06/share/PLI/VCS/linux64/pli.a \
+define+RTL +define+ +notimingchecks
*** Using c compiler gcc instead of cc ...
                         Chronologic VCS (TM)
         Version T-2022.06_Full64 -- Fri Oct  3 02:08:16 2025

                    Copyright (c) 1991 - 2022 Synopsys, Inc.
   This software and the associated documentation are proprietary to Synopsys,
 Inc. This software may only be used in accordance with the terms and conditions
 of a written license agreement with Synopsys, Inc. All other use, reproduction,
   or distribution of this software is strictly prohibited.  Licensed Products
     communicate with Synopsys servers for the purpose of providing software
    updates, detecting software piracy and verifying that customers are using
    Licensed Products in conformity with the applicable License Key for such
  Licensed Products. Synopsys will use information gathered in connection with
    this process to deliver software updates and pursue software pirates and
                                   infringers.

 Inclusivity & Diversity - Visit SolvNetPlus to read the "Synopsys Statement on
            Inclusivity and Diversity" (Refer to article 000036315 at
                        https://solvnetplus.synopsys.com)

Parsing design file 'TESTBED.v'
Parsing included file 'PATTERN.v'.
Back to file 'TESTBED.v'.
Parsing included file 'KEYGEN.v'.
Parsing included file 'MODP_MONTYMUL_TOP.v'.
Back to file 'KEYGEN.v'.
Parsing included file 'MODP_R2.v'.
Parsing included file 'MODP_R.v'.
Back to file 'MODP_R2.v'.
Parsing included file 'MODP_ADD.v'.
Back to file 'MODP_R2.v'.
Back to file 'KEYGEN.v'.
Back to file 'TESTBED.v'.
Top Level Modules:
       TESTBED
TimeScale is 1 ns / 10 ps
Starting vcs inline pass...


Note-[VCS_PARAL] Parallel code-gen enabled
  VCS is running with parallel code generation(-j)...

3 modules and 0 UDP read.
recompiling module TESTBED
recompiling module MODP_R2
recompiling module MODP_MONTYMUL
All of 3 modules done
make[1]: Entering directory `/home/daniel_kuo/Falcon/hardware/modp_R2/01_RTL/csrc' \

rm -f _cuarc*.so _csrc*.so pre_vcsobj_*.so share_vcsobj_*.so
ld -shared  -Bsymbolic   -o .//../simv.daidir//_cuarc0.so objs/amcQw_d.o 
rm -f _cuarc0.so
if [ -x ../simv ]; then chmod a-x ../simv; fi
g++  -o ../simv      -rdynamic  -Wl,-rpath='$ORIGIN'/simv.daidir -Wl,-rpath=./simv.daidir \
-Wl,-rpath=/usr/cad/synopsys/vcs/2022.06/linux64/lib -L/usr/cad/synopsys/vcs/2022.06/linux64/lib \
-Wl,-rpath-link=./  /usr/lib64/libnuma.so.1     _3797_archive_1.so _3814_archive_1.so \
_prev_archive_1.so _cuarc0.so  SIM_l.o      rmapats_mop.o rmapats.o rmar.o rmar_nd.o \
rmar_llvm_0_1.o rmar_llvm_0_0.o           -lvirsim -lerrorinf -lsnpsmalloc -lvfs \
/usr/cad/synopsys/verdi/2022.06/share/PLI/VCS/linux64/pli.a    -lvcsnew -lsimprofile \
-luclinative /usr/cad/synopsys/vcs/2022.06/linux64/lib/vcs_tls.o   -Wl,-whole-archive \
-lvcsucli    -Wl,-no-whole-archive        _vcs_pli_stub_.o   /usr/cad/synopsys/vcs/2022.06/linux64/lib/vcs_save_restore_new.o \
/usr/cad/synopsys/verdi/2022.06//share/PLI/VCS/LINUX64/pli.a -ldl -lm  -lc -lpthread \
-ldl 
../simv up to date
make[1]: Leaving directory `/home/daniel_kuo/Falcon/hardware/modp_R2/01_RTL/csrc' \

Command: /home/daniel_kuo/Falcon/hardware/modp_R2/01_RTL/./simv +v2k +libext+.v -a vcs.log +define+RTL +define+ +notimingchecks
Chronologic VCS simulator copyright 1991-2022
Contains Synopsys proprietary information.
Compiler version T-2022.06_Full64; Runtime version T-2022.06_Full64;  Oct  3 02:08 2025
*Verdi* Loading libsscore_vcs202206.so
FSDB Dumper for VCS, Release Verdi_T-2022.06, Linux x86_64/64bit, 05/29/2022
(C) 1996 - 2022 by Synopsys, Inc.
*Verdi* FSDB WARNING: The FSDB file already exists. Overwriting the FSDB file may crash the programs that are using this file.
*Verdi* : Create FSDB file 'KEYGEN.fsdb'
*Verdi* : Begin traversing the scopes, layer (0).
*Verdi* : Enable +mda dumping.
*Verdi* : End of traversing.
PASS BLOCK NO.  11 ~ NO.  21,  130 CYCLES
PASS BLOCK NO.  61 ~ NO.  71,  218 CYCLES
PASS BLOCK NO. 121 ~ NO. 131,  218 CYCLES
PASS BLOCK NO. 171 ~ NO. 181,  218 CYCLES
PASS BLOCK NO. 201 ~ NO. 211,  131 CYCLES
PASS BLOCK NO. 251 ~ NO. 261,  218 CYCLES
PASS BLOCK NO. 301 ~ NO. 311,  218 CYCLES
PASS BLOCK NO. 381 ~ NO. 391,  241 CYCLES
PASS BLOCK NO. 411 ~ NO. 421,  131 CYCLES
PASS BLOCK NO. 441 ~ NO. 451,  131 CYCLES
PASS BLOCK NO. 471 ~ NO. 481,  131 CYCLES
PASS BLOCK NO. 521 ~ NO. 531,  218 CYCLES
PASS BLOCK NO. 541 ~ NO. 551,  130 CYCLES
PASS BLOCK NO. 581 ~ NO. 591,  131 CYCLES
PASS BLOCK NO. 641 ~ NO. 651,  218 CYCLES
PASS BLOCK NO. 691 ~ NO. 701,  218 CYCLES
PASS BLOCK NO. 751 ~ NO. 761,  218 CYCLES
PASS BLOCK NO. 811 ~ NO. 821,  218 CYCLES
PASS BLOCK NO. 861 ~ NO. 871,  218 CYCLES
PASS BLOCK NO. 911 ~ NO. 921,  218 CYCLES
PASS BLOCK NO. 971 ~ NO. 981,  218 CYCLES
PASS BLOCK NO.1031 ~ NO.1041,  218 CYCLES
PASS BLOCK NO.1081 ~ NO.1091,  218 CYCLES
PASS BLOCK NO.1151 ~ NO.1161,  241 CYCLES
PASS BLOCK NO.1201 ~ NO.1211,  218 CYCLES
PASS BLOCK NO.1241 ~ NO.1251,  131 CYCLES
PASS BLOCK NO.1301 ~ NO.1311,  218 CYCLES
PASS BLOCK NO.1341 ~ NO.1351,  131 CYCLES
PASS BLOCK NO.1381 ~ NO.1391,  131 CYCLES
PASS BLOCK NO.1411 ~ NO.1421,  131 CYCLES
PASS BLOCK NO.1491 ~ NO.1501,  241 CYCLES
PASS BLOCK NO.1561 ~ NO.1571,  241 CYCLES
PASS BLOCK NO.1631 ~ NO.1641,  241 CYCLES
PASS BLOCK NO.1671 ~ NO.1681,  131 CYCLES
PASS BLOCK NO.1691 ~ NO.1701,  130 CYCLES
PASS BLOCK NO.1731 ~ NO.1741,  131 CYCLES
PASS BLOCK NO.1771 ~ NO.1781,  131 CYCLES
PASS BLOCK NO.1821 ~ NO.1831,  218 CYCLES
PASS BLOCK NO.1891 ~ NO.1901,  241 CYCLES
PASS BLOCK NO.1961 ~ NO.1971,  241 CYCLES
PASS BLOCK NO.2011 ~ NO.2021,  218 CYCLES
PASS BLOCK NO.2061 ~ NO.2071,  218 CYCLES
PASS BLOCK NO.2091 ~ NO.2101,  131 CYCLES
PASS BLOCK NO.2141 ~ NO.2151,  218 CYCLES
PASS BLOCK NO.2161 ~ NO.2171,  130 CYCLES
PASS BLOCK NO.2211 ~ NO.2221,  218 CYCLES
PASS BLOCK NO.2241 ~ NO.2251,  131 CYCLES
PASS BLOCK NO.2291 ~ NO.2301,  218 CYCLES
PASS BLOCK NO.2341 ~ NO.2351,  218 CYCLES
PASS BLOCK NO.2391 ~ NO.2401,  218 CYCLES
PASS BLOCK NO.2421 ~ NO.2431,  131 CYCLES
PASS BLOCK NO.2451 ~ NO.2461,  131 CYCLES
PASS BLOCK NO.2521 ~ NO.2531,  241 CYCLES
PASS BLOCK NO.2561 ~ NO.2571,  131 CYCLES
PASS BLOCK NO.2621 ~ NO.2631,  218 CYCLES
PASS BLOCK NO.2681 ~ NO.2691,  218 CYCLES
PASS BLOCK NO.2721 ~ NO.2731,  131 CYCLES
PASS BLOCK NO.2761 ~ NO.2771,  131 CYCLES
PASS BLOCK NO.2831 ~ NO.2841,  241 CYCLES
PASS BLOCK NO.2881 ~ NO.2891,  218 CYCLES
PASS BLOCK NO.2901 ~ NO.2911,  130 CYCLES
PASS BLOCK NO.2941 ~ NO.2951,  131 CYCLES
PASS BLOCK NO.2981 ~ NO.2991,  131 CYCLES
PASS BLOCK NO.3041 ~ NO.3051,  218 CYCLES
PASS BLOCK NO.3091 ~ NO.3101,  218 CYCLES
PASS BLOCK NO.3141 ~ NO.3151,  218 CYCLES
PASS BLOCK NO.3161 ~ NO.3171,  130 CYCLES
PASS BLOCK NO.3191 ~ NO.3201,  131 CYCLES
PASS BLOCK NO.3221 ~ NO.3231,  131 CYCLES
PASS BLOCK NO.3271 ~ NO.3281,  218 CYCLES
PASS BLOCK NO.3331 ~ NO.3341,  218 CYCLES
PASS BLOCK NO.3381 ~ NO.3391,  218 CYCLES
PASS BLOCK NO.3411 ~ NO.3421,  131 CYCLES
PASS BLOCK NO.3461 ~ NO.3471,  218 CYCLES
PASS BLOCK NO.3491 ~ NO.3501,  131 CYCLES
PASS BLOCK NO.3541 ~ NO.3551,  218 CYCLES
PASS BLOCK NO.3601 ~ NO.3611,  218 CYCLES
PASS BLOCK NO.3661 ~ NO.3671,  218 CYCLES
PASS BLOCK NO.3721 ~ NO.3731,  218 CYCLES
PASS BLOCK NO.3781 ~ NO.3791,  218 CYCLES
PASS BLOCK NO.3871 ~ NO.3881,  290 CYCLES
PASS BLOCK NO.3931 ~ NO.3941,  218 CYCLES
PASS BLOCK NO.3961 ~ NO.3971,  131 CYCLES
PASS BLOCK NO.3991 ~ NO.4001,  131 CYCLES
PASS BLOCK NO.4031 ~ NO.4041,  131 CYCLES
PASS BLOCK NO.4101 ~ NO.4111,  241 CYCLES
PASS BLOCK NO.4161 ~ NO.4171,  218 CYCLES
PASS BLOCK NO.4211 ~ NO.4221,  218 CYCLES
PASS BLOCK NO.4241 ~ NO.4251,  131 CYCLES
PASS BLOCK NO.4271 ~ NO.4281,  131 CYCLES
PASS BLOCK NO.4341 ~ NO.4351,  241 CYCLES
PASS BLOCK NO.4371 ~ NO.4381,  131 CYCLES
PASS BLOCK NO.4421 ~ NO.4431,  218 CYCLES
PASS BLOCK NO.4451 ~ NO.4461,  131 CYCLES
PASS BLOCK NO.4491 ~ NO.4501,  131 CYCLES
PASS BLOCK NO.4521 ~ NO.4531,  131 CYCLES
PASS BLOCK NO.4541 ~ NO.4551,  130 CYCLES
PASS BLOCK NO.4561 ~ NO.4571,  130 CYCLES
PASS BLOCK NO.4601 ~ NO.4611,  131 CYCLES
PASS BLOCK NO.4651 ~ NO.4661,  218 CYCLES
PASS BLOCK NO.4701 ~ NO.4711,  218 CYCLES
PASS BLOCK NO.4771 ~ NO.4781,  241 CYCLES
PASS BLOCK NO.4791 ~ NO.4801,  130 CYCLES
PASS BLOCK NO.4841 ~ NO.4851,  218 CYCLES
PASS BLOCK NO.4911 ~ NO.4921,  241 CYCLES
PASS BLOCK NO.4931 ~ NO.4941,  130 CYCLES
PASS BLOCK NO.4991 ~ NO.5001,  218 CYCLES
PASS BLOCK NO.5001 ~ NO.5011,  130 CYCLES
PASS BLOCK NO.5031 ~ NO.5041,  131 CYCLES
PASS BLOCK NO.5071 ~ NO.5081,  131 CYCLES
PASS BLOCK NO.5121 ~ NO.5131,  218 CYCLES
PASS BLOCK NO.5141 ~ NO.5151,  130 CYCLES
PASS BLOCK NO.5191 ~ NO.5201,  218 CYCLES
PASS BLOCK NO.5251 ~ NO.5261,  218 CYCLES
PASS BLOCK NO.5321 ~ NO.5331,  241 CYCLES
PASS BLOCK NO.5361 ~ NO.5371,  131 CYCLES
PASS BLOCK NO.5441 ~ NO.5451,  241 CYCLES
PASS BLOCK NO.5481 ~ NO.5491,  131 CYCLES
PASS BLOCK NO.5541 ~ NO.5551,  218 CYCLES
PASS BLOCK NO.5591 ~ NO.5601,  218 CYCLES
PASS BLOCK NO.5641 ~ NO.5651,  218 CYCLES
PASS BLOCK NO.5701 ~ NO.5711,  218 CYCLES
PASS BLOCK NO.5751 ~ NO.5761,  218 CYCLES
PASS BLOCK NO.5781 ~ NO.5791,  131 CYCLES
PASS BLOCK NO.5841 ~ NO.5851,  218 CYCLES
PASS BLOCK NO.5911 ~ NO.5921,  241 CYCLES
PASS BLOCK NO.5971 ~ NO.5981,  218 CYCLES
PASS BLOCK NO.6031 ~ NO.6041,  218 CYCLES
PASS BLOCK NO.6061 ~ NO.6071,  131 CYCLES
PASS BLOCK NO.6111 ~ NO.6121,  218 CYCLES
PASS BLOCK NO.6161 ~ NO.6171,  218 CYCLES
PASS BLOCK NO.6231 ~ NO.6241,  241 CYCLES
PASS BLOCK NO.6291 ~ NO.6301,  218 CYCLES
PASS BLOCK NO.6311 ~ NO.6321,  130 CYCLES
PASS BLOCK NO.6351 ~ NO.6361,  131 CYCLES
PASS BLOCK NO.6411 ~ NO.6421,  218 CYCLES
PASS BLOCK NO.6481 ~ NO.6491,  241 CYCLES
PASS BLOCK NO.6531 ~ NO.6541,  218 CYCLES
PASS BLOCK NO.6591 ~ NO.6601,  218 CYCLES
PASS BLOCK NO.6671 ~ NO.6681,  241 CYCLES
PASS BLOCK NO.6731 ~ NO.6741,  218 CYCLES
PASS BLOCK NO.6791 ~ NO.6801,  218 CYCLES
PASS BLOCK NO.6841 ~ NO.6851,  218 CYCLES
PASS BLOCK NO.6901 ~ NO.6911,  218 CYCLES
PASS BLOCK NO.6951 ~ NO.6961,  218 CYCLES
PASS BLOCK NO.6991 ~ NO.7001,  131 CYCLES
PASS BLOCK NO.7031 ~ NO.7041,  131 CYCLES
PASS BLOCK NO.7081 ~ NO.7091,  218 CYCLES
PASS BLOCK NO.7121 ~ NO.7131,  131 CYCLES
PASS BLOCK NO.7171 ~ NO.7181,  218 CYCLES
PASS BLOCK NO.7191 ~ NO.7201,  130 CYCLES
PASS BLOCK NO.7261 ~ NO.7271,  241 CYCLES
PASS BLOCK NO.7281 ~ NO.7291,  130 CYCLES
PASS BLOCK NO.7341 ~ NO.7351,  218 CYCLES
PASS BLOCK NO.7401 ~ NO.7411,  218 CYCLES
PASS BLOCK NO.7441 ~ NO.7451,  131 CYCLES
PASS BLOCK NO.7491 ~ NO.7501,  218 CYCLES
PASS BLOCK NO.7541 ~ NO.7551,  218 CYCLES
PASS BLOCK NO.7581 ~ NO.7591,  131 CYCLES
PASS BLOCK NO.7631 ~ NO.7641,  218 CYCLES
PASS BLOCK NO.7651 ~ NO.7661,  130 CYCLES
PASS BLOCK NO.7671 ~ NO.7681,  130 CYCLES
PASS BLOCK NO.7721 ~ NO.7731,  218 CYCLES
PASS BLOCK NO.7771 ~ NO.7781,  218 CYCLES
PASS BLOCK NO.7831 ~ NO.7841,  218 CYCLES
PASS BLOCK NO.7891 ~ NO.7901,  218 CYCLES
PASS BLOCK NO.7921 ~ NO.7931,  131 CYCLES
PASS BLOCK NO.7971 ~ NO.7981,  218 CYCLES
PASS BLOCK NO.8011 ~ NO.8021,  131 CYCLES
PASS BLOCK NO.8061 ~ NO.8071,  218 CYCLES
PASS BLOCK NO.8101 ~ NO.8111,  131 CYCLES
PASS BLOCK NO.8141 ~ NO.8151,  131 CYCLES
PASS BLOCK NO.8191 ~ NO.8201,  218 CYCLES
PASS BLOCK NO.8221 ~ NO.8231,  131 CYCLES
PASS BLOCK NO.8241 ~ NO.8251,  130 CYCLES
PASS BLOCK NO.8271 ~ NO.8281,  131 CYCLES
PASS BLOCK NO.8321 ~ NO.8331,  218 CYCLES
PASS BLOCK NO.8371 ~ NO.8381,  218 CYCLES
PASS BLOCK NO.8421 ~ NO.8431,  218 CYCLES
PASS BLOCK NO.8431 ~ NO.8441,  130 CYCLES
PASS BLOCK NO.8481 ~ NO.8491,  218 CYCLES
PASS BLOCK NO.8511 ~ NO.8521,  131 CYCLES
PASS BLOCK NO.8571 ~ NO.8581,  218 CYCLES
PASS BLOCK NO.8621 ~ NO.8631,  218 CYCLES
PASS BLOCK NO.8661 ~ NO.8671,  131 CYCLES
PASS BLOCK NO.8721 ~ NO.8731,  218 CYCLES
PASS BLOCK NO.8781 ~ NO.8791,  218 CYCLES
PASS BLOCK NO.8841 ~ NO.8851,  218 CYCLES
PASS BLOCK NO.8901 ~ NO.8911,  218 CYCLES
PASS BLOCK NO.8961 ~ NO.8971,  218 CYCLES
PASS BLOCK NO.9011 ~ NO.9021,  218 CYCLES
PASS BLOCK NO.9051 ~ NO.9061,  131 CYCLES
PASS BLOCK NO.9081 ~ NO.9091,  131 CYCLES
PASS BLOCK NO.9131 ~ NO.9141,  218 CYCLES
PASS BLOCK NO.9191 ~ NO.9201,  218 CYCLES
PASS BLOCK NO.9241 ~ NO.9251,  218 CYCLES
PASS BLOCK NO.9301 ~ NO.9311,  218 CYCLES
PASS BLOCK NO.9361 ~ NO.9371,  218 CYCLES
PASS BLOCK NO.9411 ~ NO.9421,  218 CYCLES
PASS BLOCK NO.9491 ~ NO.9501,  241 CYCLES
PASS BLOCK NO.9551 ~ NO.9561,  218 CYCLES
PASS BLOCK NO.9621 ~ NO.9631,  241 CYCLES
PASS BLOCK NO.9671 ~ NO.9681,  218 CYCLES
PASS BLOCK NO.9751 ~ NO.9761,  241 CYCLES
PASS BLOCK NO.9821 ~ NO.9831,  241 CYCLES
PASS BLOCK NO.9871 ~ NO.9881,  218 CYCLES
PASS BLOCK NO.9921 ~ NO.9931,  218 CYCLES
PASS BLOCK NO.9991 ~ NO.10001,  241 CYCLES
--------------------------------------------------------------------
                         Congratulations!                           
                  You have passed all patterns!                     
                  Your execution cycles = 39360 cycles                
                  Your clock period = 2.0 ns                       
                  Total Latency = 78720.0 ns                           
--------------------------------------------------------------------
$finish called from file "PATTERN.v", line 266.
$finish at simulation time              7962400
           V C S   S i m u l a t i o n   R e p o r t 
Time: 79624000 ps
CPU Time:      1.440 seconds;       Data structure size:   0.1Mb
Fri Oct  3 02:08:18 2025
CPU time: .309 seconds to compile + .239 seconds to elab + .244 seconds to link + 1.464 seconds in simulation
