Command: vcs -timescale=1ns/1fs -j4 -sverilog +v2k -full64 -Mupdate -R -debug_access+all \
-y /usr/cad/synopsys/synthesis/cur/dw/sim_ver/ +libext+.v -f filelist.f -o simv -l \
vcs.log -P /usr/cad/synopsys/verdi/2022.06/share/PLI/VCS/linux64/novas.tab /usr/cad/synopsys/verdi/2022.06/share/PLI/VCS/linux64/pli.a \
+define+RTL +define+ +notimingchecks
*** Using c compiler gcc instead of cc ...
                         Chronologic VCS (TM)
         Version T-2022.06_Full64 -- Tue Sep 16 16:57:52 2025

                    Copyright (c) 1991 - 2022 Synopsys, Inc.
   This software and the associated documentation are proprietary to Synopsys,
 Inc. This software may only be used in accordance with the terms and conditions
 of a written license agreement with Synopsys, Inc. All other use, reproduction,
   or distribution of this software is strictly prohibited.  Licensed Products
     communicate with Synopsys servers for the purpose of providing software
    updates, detecting software piracy and verifying that customers are using
    Licensed Products in conformity with the applicable License Key for such
  Licensed Products. Synopsys will use information gathered in connection with
    this process to deliver software updates and pursue software pirates and
                                   infringers.

 Inclusivity & Diversity - Visit SolvNetPlus to read the "Synopsys Statement on
            Inclusivity and Diversity" (Refer to article 000036315 at
                        https://solvnetplus.synopsys.com)

Parsing design file 'TESTBED.v'
Parsing included file 'PATTERN.v'.
Back to file 'TESTBED.v'.
Parsing included file 'MQ_INTT.v'.
Parsing included file 'RADIX2.v'.
Parsing included file 'DELAY_BUFFER.v'.
Back to file 'RADIX2.v'.
Parsing included file 'BUTTERFLY.v'.

Warning-[EPIMD] Empty Port in Module Declaration
BUTTERFLY.v, 8
  There is empty port specified in module declaration.
  

Back to file 'RADIX2.v'.
Parsing included file 'MQ.v'.
Back to file 'RADIX2.v'.
Back to file 'MQ_INTT.v'.
Back to file 'TESTBED.v'.
Top Level Modules:
       TESTBED
TimeScale is 1 ns / 10 ps

Warning-[TFIPC] Too few instance port connections
RADIX2.v, 79
RADIX2, "BUTTERFLY u_BUTTERFLY( .x (delay_d_o),  .y (a_i_reg),  .X (butterfly_X),  .Y (butterfly_Y));"
  The above instance has fewer port connections than the module definition.
  Please use '+lint=TFIPC-L' to print out detailed information of unconnected 
  ports.


Warning-[TFIPC] Too few instance port connections
RADIX2.v, 79
RADIX2, "BUTTERFLY u_BUTTERFLY( .x (delay_d_o),  .y (a_i_reg),  .X (butterfly_X),  .Y (butterfly_Y));"
  The above instance has fewer port connections than the module definition.
  Please use '+lint=TFIPC-L' to print out detailed information of unconnected 
  ports.


Warning-[TFIPC] Too few instance port connections
RADIX2.v, 79
RADIX2, "BUTTERFLY u_BUTTERFLY( .x (delay_d_o),  .y (a_i_reg),  .X (butterfly_X),  .Y (butterfly_Y));"
  The above instance has fewer port connections than the module definition.
  Please use '+lint=TFIPC-L' to print out detailed information of unconnected 
  ports.


Warning-[TFIPC] Too few instance port connections
RADIX2.v, 79
RADIX2, "BUTTERFLY u_BUTTERFLY( .x (delay_d_o),  .y (a_i_reg),  .X (butterfly_X),  .Y (butterfly_Y));"
  The above instance has fewer port connections than the module definition.
  Please use '+lint=TFIPC-L' to print out detailed information of unconnected 
  ports.


Warning-[TFIPC] Too few instance port connections
RADIX2.v, 79
RADIX2, "BUTTERFLY u_BUTTERFLY( .x (delay_d_o),  .y (a_i_reg),  .X (butterfly_X),  .Y (butterfly_Y));"
  The above instance has fewer port connections than the module definition.
  Please use '+lint=TFIPC-L' to print out detailed information of unconnected 
  ports.


Warning-[TFIPC] Too few instance port connections
RADIX2.v, 79
RADIX2, "BUTTERFLY u_BUTTERFLY( .x (delay_d_o),  .y (a_i_reg),  .X (butterfly_X),  .Y (butterfly_Y));"
  The above instance has fewer port connections than the module definition.
  Please use '+lint=TFIPC-L' to print out detailed information of unconnected 
  ports.


Warning-[TFIPC] Too few instance port connections
RADIX2.v, 79
RADIX2, "BUTTERFLY u_BUTTERFLY( .x (delay_d_o),  .y (a_i_reg),  .X (butterfly_X),  .Y (butterfly_Y));"
  The above instance has fewer port connections than the module definition.
  Please use '+lint=TFIPC-L' to print out detailed information of unconnected 
  ports.


Warning-[TFIPC] Too few instance port connections
RADIX2.v, 79
RADIX2, "BUTTERFLY u_BUTTERFLY( .x (delay_d_o),  .y (a_i_reg),  .X (butterfly_X),  .Y (butterfly_Y));"
  The above instance has fewer port connections than the module definition.
  Please use '+lint=TFIPC-L' to print out detailed information of unconnected 
  ports.


Warning-[TFIPC] Too few instance port connections
RADIX2.v, 79
RADIX2, "BUTTERFLY u_BUTTERFLY( .x (delay_d_o),  .y (a_i_reg),  .X (butterfly_X),  .Y (butterfly_Y));"
  The above instance has fewer port connections than the module definition.
  Please use '+lint=TFIPC-L' to print out detailed information of unconnected 
  ports.

Starting vcs inline pass...


Note-[VCS_PARAL] Parallel code-gen enabled
  VCS is running with parallel code generation(-j)...

4 modules and 0 UDP read.
recompiling module RADIX2
recompiling module RADIX2
recompiling module TESTBED
recompiling module RADIX2
recompiling module RADIX2
make[1]: Entering directory `/home/daniel_kuo/Falcon/hardware/mq_intt/01_RTL/csrc' \

rm -f _cuarc*.so _csrc*.so pre_vcsobj_*.so share_vcsobj_*.so
ld -shared  -Bsymbolic   -o .//../simv.daidir//_cuarc0.so objs/amcQw_d.o 
rm -f _cuarc0.so
if [ -x ../simv ]; then chmod a-x ../simv; fi
g++  -o ../simv      -rdynamic  -Wl,-rpath='$ORIGIN'/simv.daidir -Wl,-rpath=./simv.daidir \
-Wl,-rpath=/usr/cad/synopsys/vcs/2022.06/linux64/lib -L/usr/cad/synopsys/vcs/2022.06/linux64/lib \
-Wl,-rpath-link=./  /usr/lib64/libnuma.so.1     _4589_archive_1.so _4607_archive_1.so \
_4608_archive_1.so _4609_archive_1.so _prev_archive_1.so _cuarc0.so  SIM_l.o     \
rmapats_mop.o rmapats.o rmar.o rmar_nd.o  rmar_llvm_0_1.o rmar_llvm_0_0.o        \
-lvirsim -lerrorinf -lsnpsmalloc -lvfs /usr/cad/synopsys/verdi/2022.06/share/PLI/VCS/linux64/pli.a \
-lvcsnew -lsimprofile -luclinative /usr/cad/synopsys/vcs/2022.06/linux64/lib/vcs_tls.o \
-Wl,-whole-archive  -lvcsucli    -Wl,-no-whole-archive        _vcs_pli_stub_.o   \
/usr/cad/synopsys/vcs/2022.06/linux64/lib/vcs_save_restore_new.o /usr/cad/synopsys/verdi/2022.06//share/PLI/VCS/LINUX64/pli.a \
-ldl -lm  -lc -lpthread -ldl 
../simv up to date
make[1]: Leaving directory `/home/daniel_kuo/Falcon/hardware/mq_intt/01_RTL/csrc' \

Command: /home/daniel_kuo/Falcon/hardware/mq_intt/01_RTL/./simv +v2k +libext+.v -a vcs.log +define+RTL +define+ +notimingchecks
Chronologic VCS simulator copyright 1991-2022
Contains Synopsys proprietary information.
Compiler version T-2022.06_Full64; Runtime version T-2022.06_Full64;  Sep 16 16:57 2025
*Verdi* Loading libsscore_vcs202206.so
FSDB Dumper for VCS, Release Verdi_T-2022.06, Linux x86_64/64bit, 05/29/2022
(C) 1996 - 2022 by Synopsys, Inc.
*Verdi* FSDB WARNING: The FSDB file already exists. Overwriting the FSDB file may crash the programs that are using this file.
*Verdi* : Create FSDB file 'MQ_INTT.fsdb'
*Verdi* : Begin traversing the scopes, layer (0).
*Verdi* : Enable +mda dumping.
*Verdi* : End of traversing.
PASS PATTERN NO.   1,  540 CYCLES
PASS PATTERN NO.   2,  540 CYCLES
PASS PATTERN NO.   3,  540 CYCLES
PASS PATTERN NO.   4,  540 CYCLES
PASS PATTERN NO.   5,  540 CYCLES
PASS PATTERN NO.   6,  540 CYCLES
PASS PATTERN NO.   7,  540 CYCLES
PASS PATTERN NO.   8,  540 CYCLES
PASS PATTERN NO.   9,  540 CYCLES
PASS PATTERN NO.  10,  540 CYCLES
PASS PATTERN NO.  11,  540 CYCLES
PASS PATTERN NO.  12,  540 CYCLES
PASS PATTERN NO.  13,  540 CYCLES
PASS PATTERN NO.  14,  540 CYCLES
PASS PATTERN NO.  15,  540 CYCLES
PASS PATTERN NO.  16,  540 CYCLES
PASS PATTERN NO.  17,  540 CYCLES
PASS PATTERN NO.  18,  540 CYCLES
PASS PATTERN NO.  19,  540 CYCLES
PASS PATTERN NO.  20,  540 CYCLES
PASS PATTERN NO.  21,  540 CYCLES
PASS PATTERN NO.  22,  540 CYCLES
PASS PATTERN NO.  23,  540 CYCLES
PASS PATTERN NO.  24,  540 CYCLES
PASS PATTERN NO.  25,  540 CYCLES
PASS PATTERN NO.  26,  540 CYCLES
PASS PATTERN NO.  27,  540 CYCLES
PASS PATTERN NO.  28,  540 CYCLES
PASS PATTERN NO.  29,  540 CYCLES
PASS PATTERN NO.  30,  540 CYCLES
PASS PATTERN NO.  31,  540 CYCLES
PASS PATTERN NO.  32,  540 CYCLES
PASS PATTERN NO.  33,  540 CYCLES
PASS PATTERN NO.  34,  540 CYCLES
PASS PATTERN NO.  35,  540 CYCLES
PASS PATTERN NO.  36,  540 CYCLES
--------------------------------------------------------------------
                         Congratulations!                           
                  You have passed all patterns!                     
                  Your execution cycles = 19440 cycles                
                  Your clock period = 2.0 ns                       
                  Total Latency = 38880.0 ns                           
--------------------------------------------------------------------
$finish called from file "PATTERN.v", line 207.
$finish at simulation time              7598500
           V C S   S i m u l a t i o n   R e p o r t 
Time: 75985000 ps
CPU Time:      3.040 seconds;       Data structure size:   0.1Mb
Tue Sep 16 16:57:56 2025
CPU time: .759 seconds to compile + .243 seconds to elab + .287 seconds to link + 3.080 seconds in simulation
