set vcs version: 2022.06 (default)
set verdi version: 2022.06/ (default)
set synthesis version: 2022.03 (default)
set vcs version: 2022.06 (default)
set primetime version: 2022.03/ (default)
set verdi version: 2022.06/ (default)
set spyglass version: 2023.03/ (default)
set synthesis version: 2022.03 (default)
set INNOVUS version: INNOVUS_21.12.000 (default)
vcs -timescale=1ns/1fs -j8 -sverilog +v2k -full64 -Mupdate -R -debug_access+all -y /usr/cad/synopsys/synthesis/cur/dw/sim_ver/ +libext+.sv -f "filelist.f" -o "simv" -l "vcs.log" -P /usr/cad/synopsys/verdi/2022.06/share/PLI/VCS/linux64/novas.tab /usr/cad/synopsys/verdi/2022.06/share/PLI/VCS/linux64/pli.a +define+RTL +define+CYCLE_TIME=1.55  +define+WN=4 +notimingchecks 
*** Using c compiler gcc instead of cc ...
                         Chronologic VCS (TM)
         Version T-2022.06_Full64 -- Thu May 28 13:05:38 2026

                    Copyright (c) 1991 - 2022 Synopsys, Inc.
   This software and the associated documentation are proprietary to Synopsys,
 Inc. This software may only be used in accordance with the terms and conditions
 of a written license agreement with Synopsys, Inc. All other use, reproduction,
   or distribution of this software is strictly prohibited.  Licensed Products
     communicate with Synopsys servers for the purpose of providing software
    updates, detecting software piracy and verifying that customers are using
    Licensed Products in conformity with the applicable License Key for such
  Licensed Products. Synopsys will use information gathered in connection with
    this process to deliver software updates and pursue software pirates and
                                   infringers.

 Inclusivity & Diversity - Visit SolvNetPlus to read the "Synopsys Statement on
            Inclusivity and Diversity" (Refer to article 000036315 at
                        https://solvnetplus.synopsys.com)

The design hasn't changed and need not be recompiled. 
If you really want to, delete file /home/daniel_kuo/Falcon/hardware/fpc_custom_opt/01_RTL/simv.daidir/.vcs.timestamp and
run VCS again.

Notice: timing checks disabled with +notimingcheck at compile-time
Chronologic VCS simulator copyright 1991-2022
Contains Synopsys proprietary information.
Compiler version T-2022.06_Full64; Runtime version T-2022.06_Full64;  May 28 13:05 2026
*Verdi* Loading libsscore_vcs202206.so
FSDB Dumper for VCS, Release Verdi_T-2022.06, Linux x86_64/64bit, 05/29/2022
(C) 1996 - 2022 by Synopsys, Inc.
*Verdi* FSDB WARNING: The FSDB file already exists. Overwriting the FSDB file may crash the programs that are using this file.
*Verdi* : Create FSDB file 'fpc_custom_opt.fsdb'
*Verdi* : Begin traversing the scope (TESTBED), layer (0).
*Verdi* : End of traversing.
FAIL [          1] Op=          2: Expected (-1.999100e+04, 2.008500e+05), Got (0.000000e+00, 0.000000e+00)
FAIL [          2] Op=          2: Expected (-3.583300e+04, 3.122700e+04), Got (0.000000e+00, 0.000000e+00)
FAIL [          3] Op=          2: Expected (1.038500e+04, 6.900000e+04), Got (0.000000e+00, 0.000000e+00)
FAIL [          4] Op=          2: Expected (1.048400e+05, -1.364080e+05), Got (1.186320e+05, -1.992760e+05)
FAIL [          5] Op=          2: Expected (-1.249600e+04, 7.432800e+04), Got (-3.660000e+04, 7.812400e+04)

=== FPC Test Results ===
Total tests:       10000
Passed:                0
Failed:            10000
❌ Some tests FAILED
$finish called from file "PATTERN.sv", line 117.
$finish at simulation time             46500775
           V C S   S i m u l a t i o n   R e p o r t 
Time: 46500775 ps
CPU Time:      0.310 seconds;       Data structure size:   0.0Mb
Thu May 28 13:05:38 2026
CPU time: .325 seconds in simulation
