Command: vcs -timescale=1ns/1fs -j8 -sverilog +v2k -full64 -Mupdate -R -debug_access+all \
-y /usr/cad/synopsys/synthesis/cur/dw/sim_ver/ +libext+.v+.sv -f filelist.f -o simv \
-l vcs.log -P /usr/cad/synopsys/verdi/2022.06/share/PLI/VCS/linux64/novas.tab /usr/cad/synopsys/verdi/2022.06/share/PLI/VCS/linux64/pli.a \
+define+RTL +define+CYCLE_TIME=1.55 +define+WN=4 +notimingchecks
*** Using c compiler gcc instead of cc ...
                         Chronologic VCS (TM)
         Version T-2022.06_Full64 -- Thu May 28 13:45:49 2026

                    Copyright (c) 1991 - 2022 Synopsys, Inc.
   This software and the associated documentation are proprietary to Synopsys,
 Inc. This software may only be used in accordance with the terms and conditions
 of a written license agreement with Synopsys, Inc. All other use, reproduction,
   or distribution of this software is strictly prohibited.  Licensed Products
     communicate with Synopsys servers for the purpose of providing software
    updates, detecting software piracy and verifying that customers are using
    Licensed Products in conformity with the applicable License Key for such
  Licensed Products. Synopsys will use information gathered in connection with
    this process to deliver software updates and pursue software pirates and
                                   infringers.

 Inclusivity & Diversity - Visit SolvNetPlus to read the "Synopsys Statement on
            Inclusivity and Diversity" (Refer to article 000036315 at
                        https://solvnetplus.synopsys.com)

Parsing design file 'TESTBED.sv'
Parsing included file 'PATTERN.sv'.
Back to file 'TESTBED.sv'.
Parsing included file 'fpc_custom_opt.sv'.
Back to file 'TESTBED.sv'.
Top Level Modules:
       TESTBED
TimeScale is 1 ns / 1 ps
Starting vcs inline pass...


Note-[VCS_PARAL] Parallel code-gen enabled
  VCS is running with parallel code generation(-j)...

3 modules and 0 UDP read.
recompiling module fpr_add
recompiling module TESTBED
recompiling module fpr_mul
All of 3 modules done
make[1]: Entering directory '/home/daniel_kuo/Falcon/hardware/fpc_custom_opt/01_RTL/csrc' \

rm -f _cuarc*.so _csrc*.so pre_vcsobj_*.so share_vcsobj_*.so
if [ -x ../simv ]; then chmod a-x ../simv; fi
g++  -o ../simv      -rdynamic  -Wl,-rpath='$ORIGIN'/simv.daidir -Wl,-rpath=./simv.daidir \
-Wl,-rpath=/usr/cad/synopsys/vcs/2022.06/linux64/lib -L/usr/cad/synopsys/vcs/2022.06/linux64/lib \
-Wl,-rpath-link=./  /usr/lib64/libnuma.so.1   objs/amcQw_d.o  _27902_archive_1.so \
_27938_archive_1.so _27939_archive_1.so _27940_archive_1.so  SIM_l.o      rmapats_mop.o \
rmapats.o rmar.o rmar_nd.o  rmar_llvm_0_1.o rmar_llvm_0_0.o           -lvirsim -lerrorinf \
-lsnpsmalloc -lvfs /usr/cad/synopsys/verdi/2022.06/share/PLI/VCS/linux64/pli.a   \
-lvcsnew -lsimprofile -luclinative /usr/cad/synopsys/vcs/2022.06/linux64/lib/vcs_tls.o \
-Wl,-whole-archive  -lvcsucli    -Wl,-no-whole-archive       _vcs_pli_stub_.o   /usr/cad/synopsys/vcs/2022.06/linux64/lib/vcs_save_restore_new.o \
/usr/cad/synopsys/verdi/2022.06//share/PLI/VCS/LINUX64/pli.a -ldl -lm  -lc -lpthread \
-ldl 
../simv up to date
make[1]: Leaving directory '/home/daniel_kuo/Falcon/hardware/fpc_custom_opt/01_RTL/csrc' \

Command: /home/daniel_kuo/Falcon/hardware/fpc_custom_opt/01_RTL/./simv +v2k +libext+.v+.sv -a vcs.log +define+RTL +define+CYCLE_TIME=1.55 +define+WN=4 +notimingchecks
Chronologic VCS simulator copyright 1991-2022
Contains Synopsys proprietary information.
Compiler version T-2022.06_Full64; Runtime version T-2022.06_Full64;  May 28 13:45 2026
*Verdi* Loading libsscore_vcs202206.so
FSDB Dumper for VCS, Release Verdi_T-2022.06, Linux x86_64/64bit, 05/29/2022
(C) 1996 - 2022 by Synopsys, Inc.
*Verdi* FSDB WARNING: The FSDB file already exists. Overwriting the FSDB file may crash the programs that are using this file.
*Verdi* : Create FSDB file 'fpc_custom_opt.fsdb'
*Verdi* : Begin traversing the scope (TESTBED), layer (0).
*Verdi* : End of traversing.
Test           1: op=          2, a_re=4.610000e+02 a_im=4.860000e+02, b_re=1.970000e+02 b_im=2.280000e+02
  Expected: (-1.999100e+04, 2.008500e+05)
  Got: (-1.999100e+04, 2.008500e+05)
Test           2: op=          2, a_re=-6.300000e+01 a_im=7.700000e+01, b_re=4.710000e+02 b_im=8.000000e+01
  Expected: (-3.583300e+04, 3.122700e+04)
  Got: (-3.583300e+04, 3.122700e+04)
Test           3: op=          2, a_re=-1.280000e+02 a_im=1.490000e+02, b_re=2.320000e+02 b_im=-2.690000e+02
  Expected: (1.038500e+04, 6.900000e+04)
  Got: (1.038500e+04, 6.900000e+04)
Test           4: op=          2, a_re=-3.420000e+02 a_im=-2.150000e+02, b_re=-4.000000e+01 b_im=4.240000e+02
  Expected: (1.048400e+05, -1.364080e+05)
  Got: (1.048400e+05, -1.364080e+05)
Test           5: op=          2, a_re=-1.520000e+02 a_im=-4.000000e+02, b_re=-1.520000e+02 b_im=-8.900000e+01
  Expected: (-1.249600e+04, 7.432800e+04)
  Got: (-1.249600e+04, 7.432800e+04)

=== FPC Test Results ===
Total tests:       10000
Passed:            10000
Failed:                0
✅ All tests PASSED!
$finish called from file "PATTERN.sv", line 138.
$finish at simulation time             31020925
           V C S   S i m u l a t i o n   R e p o r t 
Time: 31020925 ps
CPU Time:      0.430 seconds;       Data structure size:   0.0Mb
Thu May 28 13:45:51 2026
CPU time: .244 seconds to compile + .161 seconds to elab + .136 seconds to link + .454 seconds in simulation
