set vcs version: 2022.06 (default)
set verdi version: 2022.06/ (default)
set synthesis version: 2022.03 (default)
set vcs version: 2022.06 (default)
set primetime version: 2022.03/ (default)
set verdi version: 2022.06/ (default)
set spyglass version: 2023.03/ (default)
set synthesis version: 2022.03 (default)
set INNOVUS version: INNOVUS_21.12.000 (default)
vcs -timescale=1ns/1fs -j8 -sverilog +v2k -full64 -Mupdate -R -debug_access+all -y /usr/cad/synopsys/synthesis/cur/dw/sim_ver/ +libext+.sv -f "filelist.f" -o "simv" -l "vcs.log" -P /usr/cad/synopsys/verdi/2022.06/share/PLI/VCS/linux64/novas.tab /usr/cad/synopsys/verdi/2022.06/share/PLI/VCS/linux64/pli.a +define+RTL +define+CYCLE_TIME=1.55  +define+WN=4 +notimingchecks 
*** Using c compiler gcc instead of cc ...
                         Chronologic VCS (TM)
         Version T-2022.06_Full64 -- Thu May 28 13:04:27 2026

                    Copyright (c) 1991 - 2022 Synopsys, Inc.
   This software and the associated documentation are proprietary to Synopsys,
 Inc. This software may only be used in accordance with the terms and conditions
 of a written license agreement with Synopsys, Inc. All other use, reproduction,
   or distribution of this software is strictly prohibited.  Licensed Products
     communicate with Synopsys servers for the purpose of providing software
    updates, detecting software piracy and verifying that customers are using
    Licensed Products in conformity with the applicable License Key for such
  Licensed Products. Synopsys will use information gathered in connection with
    this process to deliver software updates and pursue software pirates and
                                   infringers.

 Inclusivity & Diversity - Visit SolvNetPlus to read the "Synopsys Statement on
            Inclusivity and Diversity" (Refer to article 000036315 at
                        https://solvnetplus.synopsys.com)

Parsing design file 'TESTBED.sv'
Parsing included file 'PATTERN.sv'.
Back to file 'TESTBED.sv'.
Parsing included file 'fpc_custom_opt.sv'.

Error-[MPD] Module previously declared
  The module was previously declared at: 
  "fpc_custom_opt.sv", 44
  It is redeclared later at:
  "fpc_custom_opt.sv", 169: token is 'FPC_MUL'
  module FPC_MUL #(
                ^
  Please remove one of the declarations and compile again.

Back to file 'TESTBED.sv'.
1 error
CPU time: .072 seconds to compile
make: *** [makefile:197：vcs_rtl] 錯誤 255
