
################################################################################
#
# This file has been generated by SpyGlass:
#     Report Name      : moresimple
#     Report Created by: daniel_kuo
#     Report Created on:  Fri Feb 13 14:36:21 2026
#     Working Directory: /home/daniel_kuo/Falcon/hardware/zint_rebuild_CRT/07_LINT
#     SpyGlass Version : SpyGlass_vU-2023.03
#     Policy Name      : SpyGlass(SpyGlass_vU-2023.03)
#                        clock-reset(SpyGlass_vU-2023.03)
#                        erc(SpyGlass_vU-2023.03)
#                        latch(SpyGlass_vU-2023.03)
#                        lint(SpyGlass_vU-2023.03)
#                        morelint(SpyGlass_vU-2023.03)
#                        openmore(SpyGlass_vU-2023.03)
#                        power_est(SpyGlass_vU-2023.03)
#                        simulation(SpyGlass_vU-2023.03)
#                        starc(SpyGlass_vU-2023.03)
#                        starc2005(SpyGlass_vU-2023.03)
#                        txv(SpyGlass_vU-2023.03)
#
#     Total Number of Generated Messages :         53
#     Number of Waived Messages          :          0
#     Number of Reported Messages        :         53
#     Number of Overlimit Messages       :          0
#
#
################################################################################

+++++++++++++++++++++++++++++++++++++++++++++++++++++++++++++++++++++++
MORESIMPLE REPORT:


############### BuiltIn -> RuleGroup=Blackbox Resolution ###############
+++++++++++++++++++++++++++++++++++++++++++++++++++++++++++++++++++++++++++++++++++++++
ID       Rule               Alias              Severity    File                            Line    Wt    Message
======================================================================================
[3A]     InfoAnalyzeBBox    InfoAnalyzeBBox    Info        ../04_MEM/RF_2p_CRT_2x1024.v    1184    10    UnsynthesizedDU: Design Unit 'RF_2p_CRT_2x1024' (elaborated name 'RF_2p_CRT_2x1024') not synthesizable; Stop applied on design unit using -stop option
[3B]     InfoAnalyzeBBox    InfoAnalyzeBBox    Info        ../04_MEM/RF_2p_CRT_TMP.v       961     10    UnsynthesizedDU: Design Unit 'RF_2p_CRT_TMP' (elaborated name 'RF_2p_CRT_TMP') not synthesizable; Stop applied on design unit using -stop option
+++++++++++++++++++++++++++++++++++++++++++++++++++++++++++++++++++++++++++++++++++++++


############### BuiltIn -> RuleGroup=Command-line read ###############
+++++++++++++++++++++++++++++++++++++++++++++++++++++++++++++++++++++++++++++++++++++++
ID       Rule                 Alias              Severity    File    Line    Wt    Message
======================================================================================
[0]      checkCMD_ignore01    OptionWOCmdOnly    Info        N.A.    0       10    Option 'enableSV' ignored as another option(s) 'enableSV09' have been specified
+++++++++++++++++++++++++++++++++++++++++++++++++++++++++++++++++++++++++++++++++++++++


############### BuiltIn -> RuleGroup=Design Read ###############
+++++++++++++++++++++++++++++++++++++++++++++++++++++++++++++++++++++++++++++++++++++++
ID       Rule                    Alias                   Severity            File                                                                               Line    Wt      Message
======================================================================================
[3]      DetectTopDesignUnits    DetectTopDesignUnits    Info                ../01_RTL/MAKE_FG.sv                                                               4       2       Module MAKE_FG is a top level design unit
[33]     SYNTH_5166                                      SynthesisWarning    ../01_RTL/MAKE_FG.sv                                                               331     1000    MAKE_FG -> ($display) Statement is not synthesizable. Ignoring it
[4]      CheckCelldefine         CheckCelldefine         Info                N.A.                                                                               0       10      Rule-checking skipped on verilog celldefine modules present in the current run. If you want to check these modules, please specify 'check_celldefine' option
[2]      ElabSummary             ElabSummary             Info                ./spyglass_run/MAKE_FG/lint/lint_rtl/spyglass_reports/SpyGlass/elab_summary.rpt    0       2       Please refer file './spyglass_run/MAKE_FG/lint/lint_rtl/spyglass_reports/SpyGlass/elab_summary.rpt' for elab summary report
[1]      ReportStopSummary       ReportStopSummary       Info                ./spyglass_run/MAKE_FG/lint/lint_rtl/spyglass_reports/SpyGlass/stop_summary.rpt    0       10      Design option(s) stop/stopfile/stopdir specified. Please see ./spyglass_run/MAKE_FG/lint/lint_rtl/spyglass_reports/SpyGlass/stop_summary.rpt to know the design units which have been stopped
+++++++++++++++++++++++++++++++++++++++++++++++++++++++++++++++++++++++++++++++++++++++


############### Non-BuiltIn -> Goal=lint/lint_rtl ###############
+++++++++++++++++++++++++++++++++++++++++++++++++++++++++++++++++++++++++++++++++++++++
ID       Rule     Alias    Severity    File                                                                                Line    Wt    Message
======================================================================================
[C]      W116              Warning     ../01_RTL/ZINT_REBUILD_CRT.sv                                                       690     10    For operator (&), left expression: "mod_small_unsigned_ptr" width 10 should match right expression: "(~num_1)" width 9. [Hierarchy: ':MAKE_FG:u_ZINT_REBUILD_CRT@ZINT_REBUILD_CRT']
[D]      W116              Warning     ../01_RTL/ZINT_REBUILD_CRT.sv                                                       691     10    For operator (&), left expression: "mod_small_unsigned_ptr_comb" width 10 should match right expression: "(~num_1)" width 9. [Hierarchy: ':MAKE_FG:u_ZINT_REBUILD_CRT@ZINT_REBUILD_CRT']
[E]      W116              Warning     ../01_RTL/ZINT_REBUILD_CRT.sv                                                       760     10    For operator (&), left expression: "mod_small_unsigned_ptr" width 10 should match right expression: "num_1" width 9. [Hierarchy: ':MAKE_FG:u_ZINT_REBUILD_CRT@ZINT_REBUILD_CRT']
[F]      W116              Warning     ../01_RTL/ZINT_REBUILD_CRT.sv                                                       838     10    For operator (&), left expression: "mod_small_unsigned_ptr_reg" width 10 should match right expression: "num_1" width 9. [Hierarchy: ':MAKE_FG:u_ZINT_REBUILD_CRT@ZINT_REBUILD_CRT']
[10]     W116              Warning     ../01_RTL/ZINT_REBUILD_CRT.sv                                                       847     10    For operator (&), left expression: "add_mul_small_ptr" width 10 should match right expression: "(~num_1)" width 9. [Hierarchy: ':MAKE_FG:u_ZINT_REBUILD_CRT@ZINT_REBUILD_CRT']
[11]     W116              Warning     ../01_RTL/ZINT_REBUILD_CRT.sv                                                       848     10    For operator (&), left expression: "add_mul_small_ptr_comb" width 10 should match right expression: "(~num_1)" width 9. [Hierarchy: ':MAKE_FG:u_ZINT_REBUILD_CRT@ZINT_REBUILD_CRT']
[12]     W116              Warning     ../01_RTL/ZINT_REBUILD_CRT.sv                                                       950     10    For operator (&), left expression: "{2'b0 ,vB_add_mul_small}" width 11 should match right expression: "num_1" width 9. [Hierarchy: ':MAKE_FG:u_ZINT_REBUILD_CRT@ZINT_REBUILD_CRT']
[13]     W116              Warning     ../01_RTL/ZINT_REBUILD_CRT.sv                                                       1141    10    For operator (&), left expression: "add_mul_small_ptr" width 10 should match right expression: "num_1" width 9. [Hierarchy: ':MAKE_FG:u_ZINT_REBUILD_CRT@ZINT_REBUILD_CRT']
[14]     W116              Warning     ../01_RTL/ZINT_REBUILD_CRT.sv                                                       1143    10    For operator (&), left expression: "add_mul_small_ptr" width 10 should match right expression: "num_1" width 9. [Hierarchy: ':MAKE_FG:u_ZINT_REBUILD_CRT@ZINT_REBUILD_CRT']
[15]     W116              Warning     ../01_RTL/ZINT_REBUILD_CRT.sv                                                       1145    10    For operator (&), left expression: "mod_small_unsigned_ptr_comb" width 10 should match right expression: "num_1" width 9. [Hierarchy: ':MAKE_FG:u_ZINT_REBUILD_CRT@ZINT_REBUILD_CRT']
[29]     W216              Warning     ../01_RTL/MODP_MONTYMUL_TOP.sv                                                      117     5     Inappropriate range select for int_part_sel variable: "m_idx[($clog2(MASTER_NUM) - 1):0] "
[7]      W287b             Warning     ../01_RTL/MAKE_FG.sv                                                                396     5     Instance output port 'CENYA' is not connected
[8]      W287b             Warning     ../01_RTL/MAKE_FG.sv                                                                397     5     Instance output port 'AYA' is not connected
[9]      W287b             Warning     ../01_RTL/MAKE_FG.sv                                                                398     5     Instance output port 'CENYB' is not connected
[A]      W287b             Warning     ../01_RTL/MAKE_FG.sv                                                                399     5     Instance output port 'AYB' is not connected
[B]      W287b             Warning     ../01_RTL/MAKE_FG.sv                                                                400     5     Instance output port 'DYB' is not connected
[24]     W287b             Warning     ../01_RTL/ZINT_REBUILD_CRT.sv                                                       1876    5     Instance output port 'CENYA' is not connected
[25]     W287b             Warning     ../01_RTL/ZINT_REBUILD_CRT.sv                                                       1877    5     Instance output port 'AYA' is not connected
[26]     W287b             Warning     ../01_RTL/ZINT_REBUILD_CRT.sv                                                       1878    5     Instance output port 'CENYB' is not connected
[27]     W287b             Warning     ../01_RTL/ZINT_REBUILD_CRT.sv                                                       1879    5     Instance output port 'AYB' is not connected
[28]     W287b             Warning     ../01_RTL/ZINT_REBUILD_CRT.sv                                                       1880    5     Instance output port 'DYB' is not connected
[20]     W362              Warning     ../01_RTL/MODP_ADD.sv                                                               41      10    For operator (>=), left expression: "a_b" width 32 should match right expression: "p" width 31 [Hierarchy: ':MAKE_FG:u_ZINT_REBUILD_CRT@ZINT_REBUILD_CRT:u_ZINT_MOD_SMALL_UNSIGNED@ZINT_MOD_SMALL_UNSIGNED:\genblk1[0].u_MODP_ADD @MODP_ADD']
[16]     W362              Warning     ../01_RTL/ZINT_REBUILD_CRT.sv                                                       912     10    For operator (<), left expression: "add_mul_small_ptr" width 10 should match right expression: "intt_AB" width 12 [Hierarchy: ':MAKE_FG:u_ZINT_REBUILD_CRT@ZINT_REBUILD_CRT']
[17]     W362              Warning     ../01_RTL/ZINT_REBUILD_CRT.sv                                                       936     10    For operator (<), left expression: "add_mul_small_ptr" width 10 should match right expression: "intt_AB" width 12 [Hierarchy: ':MAKE_FG:u_ZINT_REBUILD_CRT@ZINT_REBUILD_CRT']
[18]     W362              Warning     ../01_RTL/ZINT_REBUILD_CRT.sv                                                       950     10    For operator (==), left expression: "({2'b0 ,vB_add_mul_small} & num_1)" width 11 should match right expression: "num_1" width 9 [Hierarchy: ':MAKE_FG:u_ZINT_REBUILD_CRT@ZINT_REBUILD_CRT']
[2E]     W415a             Warning     ../01_RTL/MODP_MONTYMUL_TOP.sv                                                      112     5     Signal a[j] is being assigned multiple times ( previous assignment at line 97 ) in same always block [Hierarchy: ':MAKE_FG:u_MODP_MONTYMUL_TOP@MODP_MONTYMUL_TOP:ARBITER']
[2F]     W415a             Warning     ../01_RTL/MODP_MONTYMUL_TOP.sv                                                      113     5     Signal b[j] is being assigned multiple times ( previous assignment at line 98 ) in same always block [Hierarchy: ':MAKE_FG:u_MODP_MONTYMUL_TOP@MODP_MONTYMUL_TOP:ARBITER']
[30]     W415a             Warning     ../01_RTL/MODP_MONTYMUL_TOP.sv                                                      114     5     Signal p[j] is being assigned multiple times ( previous assignment at line 99 ) in same always block [Hierarchy: ':MAKE_FG:u_MODP_MONTYMUL_TOP@MODP_MONTYMUL_TOP:ARBITER']
[31]     W415a             Warning     ../01_RTL/MODP_MONTYMUL_TOP.sv                                                      115     5     Signal p0i[j] is being assigned multiple times ( previous assignment at line 100 ) in same always block [Hierarchy: ':MAKE_FG:u_MODP_MONTYMUL_TOP@MODP_MONTYMUL_TOP:ARBITER']
[32]     W415a             Warning     ../01_RTL/MODP_MONTYMUL_TOP.sv                                                      117     5     Signal i_bus[j] is being assigned multiple times ( previous assignment at line 102 ) in same always block [Hierarchy: ':MAKE_FG:u_MODP_MONTYMUL_TOP@MODP_MONTYMUL_TOP:ARBITER']
[2A]     W415a             Warning     ../01_RTL/MODP_MONTYMUL_TOP.sv                                                      139     5     Signal d_bus_comb[o_idx] is being assigned multiple times ( previous assignment at line 135 ) in same always block [Hierarchy: ':MAKE_FG:u_MODP_MONTYMUL_TOP@MODP_MONTYMUL_TOP:\OUTPUT_GROUPING[0] ']
[2B]     W415a             Warning     ../01_RTL/MODP_MONTYMUL_TOP.sv                                                      139     5     Signal d_bus_comb[o_idx] is being assigned multiple times ( previous assignment at line 135 ) in same always block [Hierarchy: ':MAKE_FG:u_MODP_MONTYMUL_TOP@MODP_MONTYMUL_TOP:\OUTPUT_GROUPING[1] ']
[2C]     W415a             Warning     ../01_RTL/MODP_MONTYMUL_TOP.sv                                                      139     5     Signal d_bus_comb[o_idx] is being assigned multiple times ( previous assignment at line 135 ) in same always block [Hierarchy: ':MAKE_FG:u_MODP_MONTYMUL_TOP@MODP_MONTYMUL_TOP:\OUTPUT_GROUPING[2] ']
[2D]     W415a             Warning     ../01_RTL/MODP_MONTYMUL_TOP.sv                                                      139     5     Signal d_bus_comb[o_idx] is being assigned multiple times ( previous assignment at line 135 ) in same always block [Hierarchy: ':MAKE_FG:u_MODP_MONTYMUL_TOP@MODP_MONTYMUL_TOP:\OUTPUT_GROUPING[3] ']
[5]      W486              Warning     ../01_RTL/MAKE_FG.sv                                                                125     10    Rhs width '32' with shift (Expr: '(1 << logn)') is more than lhs width '11' (Expr: 'num'), this may cause overflow [Hierarchy: ':MAKE_FG']
[21]     W486              Warning     ../01_RTL/ZINT_ADD_MUL_SMALL.sv                                                     354     10    Rhs width '64' with shift (Expr: '(z[cc_comb_idx] >> 31)') is more than lhs width '31' (Expr: 'cc_comb[cc_comb_idx]'), this may cause overflow [Hierarchy: ':MAKE_FG:u_ZINT_REBUILD_CRT@ZINT_REBUILD_CRT:u_ZINT_ADD_MUL_SMALL@ZINT_ADD_MUL_SMALL:\genblk6[0] ']
[22]     W486              Warning     ../01_RTL/ZINT_ADD_MUL_SMALL.sv                                                     354     10    Rhs width '64' with shift (Expr: '(z[cc_comb_idx] >> 31)') is more than lhs width '31' (Expr: 'cc_comb[cc_comb_idx]'), this may cause overflow [Hierarchy: ':MAKE_FG:u_ZINT_REBUILD_CRT@ZINT_REBUILD_CRT:u_ZINT_ADD_MUL_SMALL@ZINT_ADD_MUL_SMALL:\genblk6[1] ']
[23]     W486              Warning     ../01_RTL/ZINT_ADD_MUL_SMALL.sv                                                     382     10    Rhs width '62' with shift (Expr: '(z_tmp >> 31)') is more than lhs width '31' (Expr: 'cc_tmp_comb'), this may cause overflow [Hierarchy: ':MAKE_FG:u_ZINT_REBUILD_CRT@ZINT_REBUILD_CRT:u_ZINT_ADD_MUL_SMALL@ZINT_ADD_MUL_SMALL']
[19]     W486              Warning     ../01_RTL/ZINT_REBUILD_CRT.sv                                                       690     10    Rhs width '32' with shift (Expr: '(((mod_small_unsigned_ptr & (~num_1)) * WORD_NUM) >> logn)') is more than lhs width '9' (Expr: 'u_mod_small_unsigned'), this may cause overflow [Hierarchy: ':MAKE_FG:u_ZINT_REBUILD_CRT@ZINT_REBUILD_CRT']
[1A]     W486              Warning     ../01_RTL/ZINT_REBUILD_CRT.sv                                                       691     10    Rhs width '32' with shift (Expr: '(((mod_small_unsigned_ptr_comb & (~num_1)) * WORD_NUM) >> logn)') is more than lhs width '9' (Expr: 'u_mod_small_unsigned_comb'), this may cause overflow [Hierarchy: ':MAKE_FG:u_ZINT_REBUILD_CRT@ZINT_REBUILD_CRT']
[1B]     W486              Warning     ../01_RTL/ZINT_REBUILD_CRT.sv                                                       847     10    Rhs width '32' with shift (Expr: '(((add_mul_small_ptr & (~num_1)) * WORD_NUM) >> logn)') is more than lhs width '9' (Expr: 'u_add_mul_small'), this may cause overflow [Hierarchy: ':MAKE_FG:u_ZINT_REBUILD_CRT@ZINT_REBUILD_CRT']
[1C]     W486              Warning     ../01_RTL/ZINT_REBUILD_CRT.sv                                                       848     10    Rhs width '32' with shift (Expr: '(((add_mul_small_ptr_comb & (~num_1)) * WORD_NUM) >> logn)') is more than lhs width '9' (Expr: 'u_add_mul_small_comb'), this may cause overflow [Hierarchy: ':MAKE_FG:u_ZINT_REBUILD_CRT@ZINT_REBUILD_CRT']
[1F]     W528              Warning     ../01_RTL/ZINT_REBUILD_CRT.sv                                                       261     10    Variable 'prime_0.s[30:0]' set but not read.[Hierarchy: ':MAKE_FG:u_ZINT_REBUILD_CRT@ZINT_REBUILD_CRT']
[1E]     W528              Warning     ../01_RTL/ZINT_REBUILD_CRT.sv                                                       262     10    Variable 'prime_1.R2[30:0]' set but not read.[Hierarchy: ':MAKE_FG:u_ZINT_REBUILD_CRT@ZINT_REBUILD_CRT']
[1D]     W528              Info        ./spyglass_run/MAKE_FG/lint/lint_rtl/spyglass_reports/lint/SignalUsageReport.rpt    0       10    Please refer to 'SignalUsageReport.rpt' for details of violating bits
+++++++++++++++++++++++++++++++++++++++++++++++++++++++++++++++++++++++++++++++++++++++
