Command: vcs -timescale=1ns/1fs -j8 -sverilog +v2k -full64 -Mupdate -R -debug_access+all \
+libext+.v+.sv -f filelist.f -o simv -l vcs.log -P /usr/cad/synopsys/verdi/2022.06/share/PLI/VCS/linux64/novas.tab \
/usr/cad/synopsys/verdi/2022.06/share/PLI/VCS/linux64/pli.a +define+RTL +define+CYCLE_TIME=1.6 \
+notimingchecks
*** Using c compiler gcc instead of cc ...
                         Chronologic VCS (TM)
         Version T-2022.06_Full64 -- Tue Jun  2 17:28:57 2026

                    Copyright (c) 1991 - 2022 Synopsys, Inc.
   This software and the associated documentation are proprietary to Synopsys,
 Inc. This software may only be used in accordance with the terms and conditions
 of a written license agreement with Synopsys, Inc. All other use, reproduction,
   or distribution of this software is strictly prohibited.  Licensed Products
     communicate with Synopsys servers for the purpose of providing software
    updates, detecting software piracy and verifying that customers are using
    Licensed Products in conformity with the applicable License Key for such
  Licensed Products. Synopsys will use information gathered in connection with
    this process to deliver software updates and pursue software pirates and
                                   infringers.

 Inclusivity & Diversity - Visit SolvNetPlus to read the "Synopsys Statement on
            Inclusivity and Diversity" (Refer to article 000036315 at
                        https://solvnetplus.synopsys.com)

Parsing design file 'TESTBED.sv'
Parsing included file 'PATTERN.sv'.
Back to file 'TESTBED.sv'.
Parsing included file 'FPC_TOP.sv'.
Parsing included file 'FPC.sv'.
Back to file 'FPC_TOP.sv'.
Back to file 'TESTBED.sv'.
Top Level Modules:
       FPC_ADD
       FPC_SUB
       lzd8
       TESTBED
TimeScale is 1 ns / 10 ps
Starting vcs inline pass...


Note-[VCS_PARAL] Parallel code-gen enabled
  VCS is running with parallel code generation(-j)...

6 modules and 0 UDP read.
recompiling module TESTBED
recompiling module FPC_SUB
recompiling module FPC_ADD
	However, due to incremental compilation, only 3 modules need to be compiled. 
make[1]: Entering directory '/home/daniel_kuo/Falcon/hardware/FPC_MUL/01_RTL/csrc' \

rm -f _cuarc*.so _csrc*.so pre_vcsobj_*.so share_vcsobj_*.so
if [ -x ../simv ]; then chmod a-x ../simv; fi
g++  -o ../simv      -rdynamic  -Wl,-rpath='$ORIGIN'/simv.daidir -Wl,-rpath=./simv.daidir \
-Wl,-rpath=/usr/cad/synopsys/vcs/2022.06/linux64/lib -L/usr/cad/synopsys/vcs/2022.06/linux64/lib \
-Wl,-rpath-link=./  /usr/lib64/libnuma.so.1   objs/amcQw_d.o  _3188_archive_1.so \
_3212_archive_1.so _prev_archive_1.so  SIM_l.o      rmapats_mop.o rmapats.o rmar.o \
rmar_nd.o  rmar_llvm_0_1.o rmar_llvm_0_0.o           -lvirsim -lerrorinf -lsnpsmalloc \
-lvfs /usr/cad/synopsys/verdi/2022.06/share/PLI/VCS/linux64/pli.a    -lvcsnew -lsimprofile \
-luclinative /usr/cad/synopsys/vcs/2022.06/linux64/lib/vcs_tls.o   -Wl,-whole-archive \
-lvcsucli    -Wl,-no-whole-archive       _vcs_pli_stub_.o   /usr/cad/synopsys/vcs/2022.06/linux64/lib/vcs_save_restore_new.o \
/usr/cad/synopsys/verdi/2022.06//share/PLI/VCS/LINUX64/pli.a -ldl -lm  -lc -lpthread \
-ldl 
../simv up to date
make[1]: Leaving directory '/home/daniel_kuo/Falcon/hardware/FPC_MUL/01_RTL/csrc' \

Command: /home/daniel_kuo/Falcon/hardware/FPC_MUL/01_RTL/./simv +v2k +libext+.v+.sv -a vcs.log +define+RTL +define+CYCLE_TIME=1.6 +notimingchecks
Chronologic VCS simulator copyright 1991-2022
Contains Synopsys proprietary information.
Compiler version T-2022.06_Full64; Runtime version T-2022.06_Full64;  Jun  2 17:28 2026
*Verdi* Loading libsscore_vcs202206.so
FSDB Dumper for VCS, Release Verdi_T-2022.06, Linux x86_64/64bit, 05/29/2022
(C) 1996 - 2022 by Synopsys, Inc.
*Verdi* FSDB WARNING: The FSDB file already exists. Overwriting the FSDB file may crash the programs that are using this file.
*Verdi* : Create FSDB file 'FPC_TOP.fsdb'
*Verdi* : Begin traversing the scopes, layer (0).
*Verdi* : Enable +all dumping.
*Verdi* : End of traversing.
[0;32mPASS PATTERN NO.   1[0m, [0;33mLatency:      3[0m
[0;32mPASS PATTERN NO.   2[0m, [0;33mLatency:      3[0m
[0;32mPASS PATTERN NO.   3[0m, [0;33mLatency:      3[0m
[0;32mPASS PATTERN NO.   4[0m, [0;33mLatency:      3[0m
[0;32mPASS PATTERN NO.   5[0m, [0;33mLatency:      3[0m
[0;32mPASS PATTERN NO.   6[0m, [0;33mLatency:      3[0m
[0;32mPASS PATTERN NO.   7[0m, [0;33mLatency:      3[0m
[0;32mPASS PATTERN NO.   8[0m, [0;33mLatency:      3[0m
[0;32mPASS PATTERN NO.   9[0m, [0;33mLatency:      3[0m
[0;32mPASS PATTERN NO.  10[0m, [0;33mLatency:      3[0m
--------------------------------------------------------------------
                         Congratulations!                           
                  You have passed all patterns!                     
                  Total execution cycles =    30 cycles               
--------------------------------------------------------------------
$finish called from file "PATTERN.sv", line 203.
$finish at simulation time                 7920
           V C S   S i m u l a t i o n   R e p o r t 
Time: 79200 ps
CPU Time:      0.190 seconds;       Data structure size:   0.1Mb
Tue Jun  2 17:28:58 2026
CPU time: .269 seconds to compile + .234 seconds to elab + .255 seconds to link + .233 seconds in simulation
