Command: vcs -timescale=1ns/1fs -j4 -sverilog +v2k -full64 -Mupdate -R -debug_access+all \
-y /usr/cad/synopsys/synthesis/cur/dw/sim_ver/ +libext+.v -f filelist.f -o simv -l \
vcs.log -P /usr/cad/synopsys/verdi/2022.06/share/PLI/VCS/linux64/novas.tab /usr/cad/synopsys/verdi/2022.06/share/PLI/VCS/linux64/pli.a \
+define+RTL +define+ +notimingchecks
*** Using c compiler gcc instead of cc ...
                         Chronologic VCS (TM)
         Version T-2022.06_Full64 -- Thu Sep 18 18:03:19 2025

                    Copyright (c) 1991 - 2022 Synopsys, Inc.
   This software and the associated documentation are proprietary to Synopsys,
 Inc. This software may only be used in accordance with the terms and conditions
 of a written license agreement with Synopsys, Inc. All other use, reproduction,
   or distribution of this software is strictly prohibited.  Licensed Products
     communicate with Synopsys servers for the purpose of providing software
    updates, detecting software piracy and verifying that customers are using
    Licensed Products in conformity with the applicable License Key for such
  Licensed Products. Synopsys will use information gathered in connection with
    this process to deliver software updates and pursue software pirates and
                                   infringers.

 Inclusivity & Diversity - Visit SolvNetPlus to read the "Synopsys Statement on
            Inclusivity and Diversity" (Refer to article 000036315 at
                        https://solvnetplus.synopsys.com)

Parsing design file 'TESTBED.v'
Parsing included file 'PATTERN.v'.
Back to file 'TESTBED.v'.
Parsing included file 'POLY_INVNORM2_FFT.v'.
Back to file 'TESTBED.v'.
Parsing library directory file '/usr/cad/synopsys/synthesis/cur/dw/sim_ver/DW_fp_add.v'
Parsing library directory file '/usr/cad/synopsys/synthesis/cur/dw/sim_ver/DW_fp_square.v'
Parsing library directory file '/usr/cad/synopsys/synthesis/cur/dw/sim_ver/DW_lp_piped_fp_div.v'
Parsing library directory file '/usr/cad/synopsys/synthesis/cur/dw/sim_ver/DW_fp_addsub.v'
Parsing library directory file '/usr/cad/synopsys/synthesis/cur/dw/sim_ver/DW_fp_div.v'
Parsing library directory file '/usr/cad/synopsys/synthesis/cur/dw/sim_ver/DW_lp_pipe_mgr.v'
Top Level Modules:
       TESTBED
TimeScale is 1 ns / 10 ps

Warning-[TFIPC] Too few instance port connections
POLY_INVNORM2_FFT.v, 73
POLY_INVNORM2_FFT, "DW_fp_square #(sig_width, exp_width, ieee_compliance) u_FPR_SQR_0( .a (a_re),  .rnd (rnd),  .z (next_a_re_2));"
  The above instance has fewer port connections than the module definition.
  Please use '+lint=TFIPC-L' to print out detailed information of unconnected 
  ports.


Warning-[TFIPC] Too few instance port connections
POLY_INVNORM2_FFT.v, 76
POLY_INVNORM2_FFT, "DW_fp_square #(sig_width, exp_width, ieee_compliance) u_FPR_SQR_1( .a (a_im),  .rnd (rnd),  .z (next_a_im_2));"
  The above instance has fewer port connections than the module definition.
  Please use '+lint=TFIPC-L' to print out detailed information of unconnected 
  ports.


Warning-[TFIPC] Too few instance port connections
POLY_INVNORM2_FFT.v, 79
POLY_INVNORM2_FFT, "DW_fp_square #(sig_width, exp_width, ieee_compliance) u_FPR_SQR_2( .a (b_re),  .rnd (rnd),  .z (next_b_re_2));"
  The above instance has fewer port connections than the module definition.
  Please use '+lint=TFIPC-L' to print out detailed information of unconnected 
  ports.


Warning-[TFIPC] Too few instance port connections
POLY_INVNORM2_FFT.v, 82
POLY_INVNORM2_FFT, "DW_fp_square #(sig_width, exp_width, ieee_compliance) u_FPR_SQR_3( .a (b_im),  .rnd (rnd),  .z (next_b_im_2));"
  The above instance has fewer port connections than the module definition.
  Please use '+lint=TFIPC-L' to print out detailed information of unconnected 
  ports.


Warning-[TFIPC] Too few instance port connections
POLY_INVNORM2_FFT.v, 85
POLY_INVNORM2_FFT, "DW_fp_add #(sig_width, exp_width, ieee_compliance) u_FPR_ADD_0( .a (a_re_2),  .b (a_im_2),  .rnd (rnd),  .z (a_norm_2));"
  The above instance has fewer port connections than the module definition.
  Please use '+lint=TFIPC-L' to print out detailed information of unconnected 
  ports.


Warning-[TFIPC] Too few instance port connections
POLY_INVNORM2_FFT.v, 88
POLY_INVNORM2_FFT, "DW_fp_add #(sig_width, exp_width, ieee_compliance) u_FPR_ADD_1( .a (b_re_2),  .b (b_im_2),  .rnd (rnd),  .z (b_norm_2));"
  The above instance has fewer port connections than the module definition.
  Please use '+lint=TFIPC-L' to print out detailed information of unconnected 
  ports.


Warning-[TFIPC] Too few instance port connections
POLY_INVNORM2_FFT.v, 91
POLY_INVNORM2_FFT, "DW_fp_add #(sig_width, exp_width, ieee_compliance) u_FPR_ADD_2( .a (a_norm_2),  .b (b_norm_2),  .rnd (rnd),  .z (next_a_norm_2_b_norm_2));"
  The above instance has fewer port connections than the module definition.
  Please use '+lint=TFIPC-L' to print out detailed information of unconnected 
  ports.


Warning-[TFIPC] Too few instance port connections
POLY_INVNORM2_FFT.v, 94
POLY_INVNORM2_FFT, "DW_lp_piped_fp_div #(sig_width, exp_width, ieee_compliance, faithful_round, op_iso_mode, id_width, in_reg, stages, out_reg, no_pm, rst_mode) u_FPR_DIV( .clk (clk),  .rst_n (rst_n),  .a (one_fp),  .b (a_norm_2_b_norm_2),  .rnd (rnd),  .z (next_d),  .launch (1'b1),  .launch_id (1'b0),  .accept_n (1'b0));"
  The above instance has fewer port connections than the module definition.
  Please use '+lint=TFIPC-L' to print out detailed information of unconnected 
  ports.

Starting vcs inline pass...


Note-[VCS_PARAL] Parallel code-gen enabled
  VCS is running with parallel code generation(-j)...

4 modules and 0 UDP read.
recompiling module TESTBED
	However, due to incremental compilation, only 1 module needs to be compiled. 
make[1]: Entering directory `/home/daniel_kuo/Falcon/hardware/poly_invnorm2_fft/01_RTL/csrc' \

rm -f _cuarc*.so _csrc*.so pre_vcsobj_*.so share_vcsobj_*.so
ld -shared  -Bsymbolic   -o .//../simv.daidir//_cuarc0.so objs/amcQw_d.o 
rm -f _cuarc0.so
if [ -x ../simv ]; then chmod a-x ../simv; fi
g++  -o ../simv      -rdynamic  -Wl,-rpath='$ORIGIN'/simv.daidir -Wl,-rpath=./simv.daidir \
-Wl,-rpath=/usr/cad/synopsys/vcs/2022.06/linux64/lib -L/usr/cad/synopsys/vcs/2022.06/linux64/lib \
-Wl,-rpath-link=./  /usr/lib64/libnuma.so.1     _23730_archive_1.so _23747_archive_1.so \
_prev_archive_1.so _cuarc0.so  SIM_l.o      rmapats_mop.o rmapats.o rmar.o rmar_nd.o \
rmar_llvm_0_1.o rmar_llvm_0_0.o           -lvirsim -lerrorinf -lsnpsmalloc -lvfs \
/usr/cad/synopsys/verdi/2022.06/share/PLI/VCS/linux64/pli.a    -lvcsnew -lsimprofile \
-luclinative /usr/cad/synopsys/vcs/2022.06/linux64/lib/vcs_tls.o   -Wl,-whole-archive \
-lvcsucli    -Wl,-no-whole-archive        _vcs_pli_stub_.o   /usr/cad/synopsys/vcs/2022.06/linux64/lib/vcs_save_restore_new.o \
/usr/cad/synopsys/verdi/2022.06//share/PLI/VCS/LINUX64/pli.a -ldl -lm  -lc -lpthread \
-ldl 
../simv up to date
make[1]: Leaving directory `/home/daniel_kuo/Falcon/hardware/poly_invnorm2_fft/01_RTL/csrc' \

Command: /home/daniel_kuo/Falcon/hardware/poly_invnorm2_fft/01_RTL/./simv +v2k +libext+.v -a vcs.log +define+RTL +define+ +notimingchecks
Chronologic VCS simulator copyright 1991-2022
Contains Synopsys proprietary information.
Compiler version T-2022.06_Full64; Runtime version T-2022.06_Full64;  Sep 18 18:03 2025
*Verdi* Loading libsscore_vcs202206.so
FSDB Dumper for VCS, Release Verdi_T-2022.06, Linux x86_64/64bit, 05/29/2022
(C) 1996 - 2022 by Synopsys, Inc.
*Verdi* FSDB WARNING: The FSDB file already exists. Overwriting the FSDB file may crash the programs that are using this file.
*Verdi* : Create FSDB file 'POLY_INVNORM2_FFT.fsdb'
*Verdi* : Begin traversing the scopes, layer (0).
*Verdi* : Enable +mda dumping.
*Verdi* : End of traversing.
PASS PATTERN NO.   1
PASS PATTERN NO.   2
PASS PATTERN NO.   3
PASS PATTERN NO.   4
PASS PATTERN NO.   5
PASS PATTERN NO.   6
PASS PATTERN NO.   7
PASS PATTERN NO.   8
PASS PATTERN NO.   9
PASS PATTERN NO.  10
PASS PATTERN NO.  11
PASS PATTERN NO.  12
PASS PATTERN NO.  13
PASS PATTERN NO.  14
PASS PATTERN NO.  15
PASS PATTERN NO.  16
PASS PATTERN NO.  17
PASS PATTERN NO.  18
PASS PATTERN NO.  19
PASS PATTERN NO.  20
PASS PATTERN NO.  21
PASS PATTERN NO.  22
PASS PATTERN NO.  23
PASS PATTERN NO.  24
PASS PATTERN NO.  25
PASS PATTERN NO.  26
PASS PATTERN NO.  27
PASS PATTERN NO.  28
PASS PATTERN NO.  29
PASS PATTERN NO.  30
PASS PATTERN NO.  31
PASS PATTERN NO.  32
PASS PATTERN NO.  33
PASS PATTERN NO.  34
PASS PATTERN NO.  35
PASS PATTERN NO.  36
PASS PATTERN NO.  37
PASS PATTERN NO.  38
PASS PATTERN NO.  39
PASS PATTERN NO.  40
PASS PATTERN NO.  41
PASS PATTERN NO.  42
PASS PATTERN NO.  43
PASS PATTERN NO.  44
PASS PATTERN NO.  45
PASS PATTERN NO.  46
PASS PATTERN NO.  47
PASS PATTERN NO.  48
PASS PATTERN NO.  49
PASS PATTERN NO.  50
--------------------------------------------------------------------
                         Congratulations!                           
                  You have passed all patterns!                     
                  Your clock period = 2.0 ns                       
--------------------------------------------------------------------
$finish called from file "PATTERN.v", line 190.
$finish at simulation time                35100
           V C S   S i m u l a t i o n   R e p o r t 
Time: 351000 ps
CPU Time:      0.190 seconds;       Data structure size:   0.1Mb
Thu Sep 18 18:03:22 2025
CPU time: .336 seconds to compile + .247 seconds to elab + .242 seconds to link + .221 seconds in simulation
