#======================================================
#
# Synopsys Synthesis Scripts (Design Vision dctcl mode)
#
#======================================================
#======================================================
# (A) Global Parameters
#======================================================
set DESIGN "MQ_INTT"
MQ_INTT
set CYCLE 2.0
2.0
set INPUT_DLY [expr 0.5*$CYCLE]
1.0
set OUTPUT_DLY [expr 0.5*$CYCLE]
1.0
#======================================================
# (B) Read RTL Code
#======================================================
# (B-1) analyze + elaborate
set hdlin_auto_save_templates TRUE
TRUE
analyze -f sverilog $DESIGN\.v 
Running PRESTO HDLC
Compiling source file ../01_RTL/MQ_INTT.v
Opening include file ../01_RTL/RADIX2.v
Opening include file ../01_RTL/DELAY_BUFFER.v
Opening include file ../01_RTL/BUTTERFLY.v
Warning:  ../01_RTL/BUTTERFLY.v:8: Empty port in module declaration. (VER-986)
Opening include file ../01_RTL/MQ.v
Warning:  ../01_RTL/RADIX2.v:33: Parameter keyword used in local parameter declaration. (VER-329)
Presto compilation completed successfully.
Loading db file '/cell_base_lib/CBDK_TSMC40_Arm_f2.0/CIC/SynopsysDC/db/sc9_base_rvt/sc9_cln40g_base_rvt_ss_typical_max_0p81v_125c.db'
Loading db file '/cell_base_lib/CBDK_TSMC40_Arm_f2.0/CIC/SynopsysDC/db/sc9_base_hvt/sc9_cln40g_base_hvt_ss_typical_max_0p81v_125c.db'
Loading db file '/cell_base_lib/CBDK_TSMC40_Arm_f2.0/CIC/SynopsysDC/db/sc9_base_lvt/sc9_cln40g_base_lvt_ss_typical_max_0p81v_125c.db'
Loading db file '/usr/cad/synopsys/synthesis/cur/libraries/syn/dw_foundation.sldb'
Loading db file '/usr/cad/synopsys/synthesis/cur/libraries/syn/standard.sldb'
1
elaborate $DESIGN  
Loading db file '/usr/cad/synopsys/synthesis/2022.03/libraries/syn/gtech.db'
Loading db file '/usr/cad/synopsys/synthesis/2022.03/libraries/syn/standard.sldb'
  Loading link library 'sc9_cln40g_base_rvt_ss_typical_max_0p81v_125c'
  Loading link library 'sc9_cln40g_base_hvt_ss_typical_max_0p81v_125c'
  Loading link library 'sc9_cln40g_base_lvt_ss_typical_max_0p81v_125c'
  Loading link library 'gtech'
Running PRESTO HDLC

Inferred memory devices in process
        in routine MQ_INTT line 235 in file
                '../01_RTL/MQ_INTT.v'.
===============================================================================
|    Register Name    |   Type    | Width | Bus | MB | AR | AS | SR | SS | ST |
===============================================================================
|       a_o_reg       | Flip-flop |  14   |  Y  | N  | Y  | N  | N  | N  | N  |
|      valid_reg      | Flip-flop |   1   |  N  | N  | Y  | N  | N  | N  | N  |
|        a_reg        | Flip-flop |  14   |  Y  | N  | Y  | N  | N  | N  | N  |
|    out_valid_reg    | Flip-flop |   1   |  N  | N  | Y  | N  | N  | N  | N  |
===============================================================================

Inferred memory devices in process
        in routine MQ_INTT line 253 in file
                '../01_RTL/MQ_INTT.v'.
===============================================================================
|    Register Name    |   Type    | Width | Bus | MB | AR | AS | SR | SS | ST |
===============================================================================
|      s_reg_reg      | Flip-flop |  126  |  Y  | N  | Y  | N  | N  | N  | N  |
===============================================================================
Presto compilation completed successfully. (MQ_INTT)
Elaborated 1 design.
Current design is now 'MQ_INTT'.
Information: Building the design 'RADIX2' instantiated from design 'MQ_INTT' with
        the parameters "9,8". (HDL-193)
Warning:  ../01_RTL/RADIX2.v:139: signed to unsigned conversion occurs. (VER-318)
Warning:  ../01_RTL/RADIX2.v:152: signed to unsigned conversion occurs. (VER-318)
Warning:  ../01_RTL/RADIX2.v:153: signed to unsigned assignment occurs. (VER-318)
Warning:  ../01_RTL/RADIX2.v:182: signed to unsigned conversion occurs. (VER-318)

Statistics for case statements in always block at line 118 in file
        '../01_RTL/RADIX2.v'
===============================================
|           Line           |  full/ parallel  |
===============================================
|           119            |    auto/auto     |
===============================================

Statistics for case statements in always block at line 135 in file
        '../01_RTL/RADIX2.v'
===============================================
|           Line           |  full/ parallel  |
===============================================
|           136            |    auto/auto     |
===============================================

Inferred memory devices in process
        in routine RADIX2_logn9_U8 line 188 in file
                '../01_RTL/RADIX2.v'.
===============================================================================
|    Register Name    |   Type    | Width | Bus | MB | AR | AS | SR | SS | ST |
===============================================================================
|     mult_en_reg     | Flip-flop |   1   |  N  | N  | Y  | N  | N  | N  | N  |
|     i_valid_reg     | Flip-flop |   1   |  N  | N  | Y  | N  | N  | N  | N  |
|     a_i_reg_reg     | Flip-flop |  14   |  Y  | N  | Y  | N  | N  | N  | N  |
|    state_reg_reg    | Flip-flop |   1   |  N  | N  | Y  | N  | N  | N  | N  |
|     cnt_reg_reg     | Flip-flop |  10   |  Y  | N  | Y  | N  | N  | N  | N  |
|  mult_d_i_reg_reg   | Flip-flop |  14   |  Y  | N  | Y  | N  | N  | N  | N  |
|  mult_in_valid_reg  | Flip-flop |   1   |  N  | N  | Y  | N  | N  | N  | N  |
===============================================================================
Presto compilation completed successfully. (RADIX2_logn9_U8)
Information: Building the design 'RADIX2' instantiated from design 'MQ_INTT' with
        the parameters "9,7". (HDL-193)
Warning:  ../01_RTL/RADIX2.v:139: signed to unsigned conversion occurs. (VER-318)
Warning:  ../01_RTL/RADIX2.v:152: signed to unsigned conversion occurs. (VER-318)
Warning:  ../01_RTL/RADIX2.v:153: signed to unsigned assignment occurs. (VER-318)
Warning:  ../01_RTL/RADIX2.v:182: signed to unsigned conversion occurs. (VER-318)

Statistics for case statements in always block at line 118 in file
        '../01_RTL/RADIX2.v'
===============================================
|           Line           |  full/ parallel  |
===============================================
|           119            |    auto/auto     |
===============================================

Statistics for case statements in always block at line 135 in file
        '../01_RTL/RADIX2.v'
===============================================
|           Line           |  full/ parallel  |
===============================================
|           136            |    auto/auto     |
===============================================

Inferred memory devices in process
        in routine RADIX2_logn9_U7 line 188 in file
                '../01_RTL/RADIX2.v'.
===============================================================================
|    Register Name    |   Type    | Width | Bus | MB | AR | AS | SR | SS | ST |
===============================================================================
|     mult_en_reg     | Flip-flop |   1   |  N  | N  | Y  | N  | N  | N  | N  |
|     i_valid_reg     | Flip-flop |   1   |  N  | N  | Y  | N  | N  | N  | N  |
|     a_i_reg_reg     | Flip-flop |  14   |  Y  | N  | Y  | N  | N  | N  | N  |
|    state_reg_reg    | Flip-flop |   1   |  N  | N  | Y  | N  | N  | N  | N  |
|     cnt_reg_reg     | Flip-flop |  10   |  Y  | N  | Y  | N  | N  | N  | N  |
|  mult_d_i_reg_reg   | Flip-flop |  14   |  Y  | N  | Y  | N  | N  | N  | N  |
|  mult_in_valid_reg  | Flip-flop |   1   |  N  | N  | Y  | N  | N  | N  | N  |
===============================================================================
Presto compilation completed successfully. (RADIX2_logn9_U7)
Information: Building the design 'RADIX2' instantiated from design 'MQ_INTT' with
        the parameters "9,6". (HDL-193)
Warning:  ../01_RTL/RADIX2.v:139: signed to unsigned conversion occurs. (VER-318)
Warning:  ../01_RTL/RADIX2.v:152: signed to unsigned conversion occurs. (VER-318)
Warning:  ../01_RTL/RADIX2.v:153: signed to unsigned assignment occurs. (VER-318)
Warning:  ../01_RTL/RADIX2.v:182: signed to unsigned conversion occurs. (VER-318)

Statistics for case statements in always block at line 118 in file
        '../01_RTL/RADIX2.v'
===============================================
|           Line           |  full/ parallel  |
===============================================
|           119            |    auto/auto     |
===============================================

Statistics for case statements in always block at line 135 in file
        '../01_RTL/RADIX2.v'
===============================================
|           Line           |  full/ parallel  |
===============================================
|           136            |    auto/auto     |
===============================================

Inferred memory devices in process
        in routine RADIX2_logn9_U6 line 188 in file
                '../01_RTL/RADIX2.v'.
===============================================================================
|    Register Name    |   Type    | Width | Bus | MB | AR | AS | SR | SS | ST |
===============================================================================
|     mult_en_reg     | Flip-flop |   1   |  N  | N  | Y  | N  | N  | N  | N  |
|     i_valid_reg     | Flip-flop |   1   |  N  | N  | Y  | N  | N  | N  | N  |
|     a_i_reg_reg     | Flip-flop |  14   |  Y  | N  | Y  | N  | N  | N  | N  |
|    state_reg_reg    | Flip-flop |   1   |  N  | N  | Y  | N  | N  | N  | N  |
|     cnt_reg_reg     | Flip-flop |  10   |  Y  | N  | Y  | N  | N  | N  | N  |
|  mult_d_i_reg_reg   | Flip-flop |  14   |  Y  | N  | Y  | N  | N  | N  | N  |
|  mult_in_valid_reg  | Flip-flop |   1   |  N  | N  | Y  | N  | N  | N  | N  |
===============================================================================
Presto compilation completed successfully. (RADIX2_logn9_U6)
Information: Building the design 'RADIX2' instantiated from design 'MQ_INTT' with
        the parameters "9,5". (HDL-193)
Warning:  ../01_RTL/RADIX2.v:139: signed to unsigned conversion occurs. (VER-318)
Warning:  ../01_RTL/RADIX2.v:152: signed to unsigned conversion occurs. (VER-318)
Warning:  ../01_RTL/RADIX2.v:153: signed to unsigned assignment occurs. (VER-318)
Warning:  ../01_RTL/RADIX2.v:182: signed to unsigned conversion occurs. (VER-318)

Statistics for case statements in always block at line 118 in file
        '../01_RTL/RADIX2.v'
===============================================
|           Line           |  full/ parallel  |
===============================================
|           119            |    auto/auto     |
===============================================

Statistics for case statements in always block at line 135 in file
        '../01_RTL/RADIX2.v'
===============================================
|           Line           |  full/ parallel  |
===============================================
|           136            |    auto/auto     |
===============================================

Inferred memory devices in process
        in routine RADIX2_logn9_U5 line 188 in file
                '../01_RTL/RADIX2.v'.
===============================================================================
|    Register Name    |   Type    | Width | Bus | MB | AR | AS | SR | SS | ST |
===============================================================================
|     mult_en_reg     | Flip-flop |   1   |  N  | N  | Y  | N  | N  | N  | N  |
|     i_valid_reg     | Flip-flop |   1   |  N  | N  | Y  | N  | N  | N  | N  |
|     a_i_reg_reg     | Flip-flop |  14   |  Y  | N  | Y  | N  | N  | N  | N  |
|    state_reg_reg    | Flip-flop |   1   |  N  | N  | Y  | N  | N  | N  | N  |
|     cnt_reg_reg     | Flip-flop |  10   |  Y  | N  | Y  | N  | N  | N  | N  |
|  mult_d_i_reg_reg   | Flip-flop |  14   |  Y  | N  | Y  | N  | N  | N  | N  |
|  mult_in_valid_reg  | Flip-flop |   1   |  N  | N  | Y  | N  | N  | N  | N  |
===============================================================================
Presto compilation completed successfully. (RADIX2_logn9_U5)
Information: Building the design 'RADIX2' instantiated from design 'MQ_INTT' with
        the parameters "9,4". (HDL-193)
Warning:  ../01_RTL/RADIX2.v:139: signed to unsigned conversion occurs. (VER-318)
Warning:  ../01_RTL/RADIX2.v:152: signed to unsigned conversion occurs. (VER-318)
Warning:  ../01_RTL/RADIX2.v:153: signed to unsigned assignment occurs. (VER-318)
Warning:  ../01_RTL/RADIX2.v:182: signed to unsigned conversion occurs. (VER-318)

Statistics for case statements in always block at line 118 in file
        '../01_RTL/RADIX2.v'
===============================================
|           Line           |  full/ parallel  |
===============================================
|           119            |    auto/auto     |
===============================================

Statistics for case statements in always block at line 135 in file
        '../01_RTL/RADIX2.v'
===============================================
|           Line           |  full/ parallel  |
===============================================
|           136            |    auto/auto     |
===============================================

Inferred memory devices in process
        in routine RADIX2_logn9_U4 line 188 in file
                '../01_RTL/RADIX2.v'.
===============================================================================
|    Register Name    |   Type    | Width | Bus | MB | AR | AS | SR | SS | ST |
===============================================================================
|     mult_en_reg     | Flip-flop |   1   |  N  | N  | Y  | N  | N  | N  | N  |
|     i_valid_reg     | Flip-flop |   1   |  N  | N  | Y  | N  | N  | N  | N  |
|     a_i_reg_reg     | Flip-flop |  14   |  Y  | N  | Y  | N  | N  | N  | N  |
|    state_reg_reg    | Flip-flop |   1   |  N  | N  | Y  | N  | N  | N  | N  |
|     cnt_reg_reg     | Flip-flop |  10   |  Y  | N  | Y  | N  | N  | N  | N  |
|  mult_d_i_reg_reg   | Flip-flop |  14   |  Y  | N  | Y  | N  | N  | N  | N  |
|  mult_in_valid_reg  | Flip-flop |   1   |  N  | N  | Y  | N  | N  | N  | N  |
===============================================================================
Presto compilation completed successfully. (RADIX2_logn9_U4)
Information: Building the design 'RADIX2' instantiated from design 'MQ_INTT' with
        the parameters "9,3". (HDL-193)
Warning:  ../01_RTL/RADIX2.v:139: signed to unsigned conversion occurs. (VER-318)
Warning:  ../01_RTL/RADIX2.v:152: signed to unsigned conversion occurs. (VER-318)
Warning:  ../01_RTL/RADIX2.v:153: signed to unsigned assignment occurs. (VER-318)
Warning:  ../01_RTL/RADIX2.v:182: signed to unsigned conversion occurs. (VER-318)

Statistics for case statements in always block at line 118 in file
        '../01_RTL/RADIX2.v'
===============================================
|           Line           |  full/ parallel  |
===============================================
|           119            |    auto/auto     |
===============================================

Statistics for case statements in always block at line 135 in file
        '../01_RTL/RADIX2.v'
===============================================
|           Line           |  full/ parallel  |
===============================================
|           136            |    auto/auto     |
===============================================

Inferred memory devices in process
        in routine RADIX2_logn9_U3 line 188 in file
                '../01_RTL/RADIX2.v'.
===============================================================================
|    Register Name    |   Type    | Width | Bus | MB | AR | AS | SR | SS | ST |
===============================================================================
|     mult_en_reg     | Flip-flop |   1   |  N  | N  | Y  | N  | N  | N  | N  |
|     i_valid_reg     | Flip-flop |   1   |  N  | N  | Y  | N  | N  | N  | N  |
|     a_i_reg_reg     | Flip-flop |  14   |  Y  | N  | Y  | N  | N  | N  | N  |
|    state_reg_reg    | Flip-flop |   1   |  N  | N  | Y  | N  | N  | N  | N  |
|     cnt_reg_reg     | Flip-flop |  10   |  Y  | N  | Y  | N  | N  | N  | N  |
|  mult_d_i_reg_reg   | Flip-flop |  14   |  Y  | N  | Y  | N  | N  | N  | N  |
|  mult_in_valid_reg  | Flip-flop |   1   |  N  | N  | Y  | N  | N  | N  | N  |
===============================================================================
Presto compilation completed successfully. (RADIX2_logn9_U3)
Information: Building the design 'RADIX2' instantiated from design 'MQ_INTT' with
        the parameters "9,2". (HDL-193)
Warning:  ../01_RTL/RADIX2.v:139: signed to unsigned conversion occurs. (VER-318)
Warning:  ../01_RTL/RADIX2.v:152: signed to unsigned conversion occurs. (VER-318)
Warning:  ../01_RTL/RADIX2.v:153: signed to unsigned assignment occurs. (VER-318)
Warning:  ../01_RTL/RADIX2.v:182: signed to unsigned conversion occurs. (VER-318)

Statistics for case statements in always block at line 118 in file
        '../01_RTL/RADIX2.v'
===============================================
|           Line           |  full/ parallel  |
===============================================
|           119            |    auto/auto     |
===============================================

Statistics for case statements in always block at line 135 in file
        '../01_RTL/RADIX2.v'
===============================================
|           Line           |  full/ parallel  |
===============================================
|           136            |    auto/auto     |
===============================================

Inferred memory devices in process
        in routine RADIX2_logn9_U2 line 188 in file
                '../01_RTL/RADIX2.v'.
===============================================================================
|    Register Name    |   Type    | Width | Bus | MB | AR | AS | SR | SS | ST |
===============================================================================
|     mult_en_reg     | Flip-flop |   1   |  N  | N  | Y  | N  | N  | N  | N  |
|     i_valid_reg     | Flip-flop |   1   |  N  | N  | Y  | N  | N  | N  | N  |
|     a_i_reg_reg     | Flip-flop |  14   |  Y  | N  | Y  | N  | N  | N  | N  |
|    state_reg_reg    | Flip-flop |   1   |  N  | N  | Y  | N  | N  | N  | N  |
|     cnt_reg_reg     | Flip-flop |  10   |  Y  | N  | Y  | N  | N  | N  | N  |
|  mult_d_i_reg_reg   | Flip-flop |  14   |  Y  | N  | Y  | N  | N  | N  | N  |
|  mult_in_valid_reg  | Flip-flop |   1   |  N  | N  | Y  | N  | N  | N  | N  |
===============================================================================
Presto compilation completed successfully. (RADIX2_logn9_U2)
Information: Building the design 'RADIX2' instantiated from design 'MQ_INTT' with
        the parameters "9,1". (HDL-193)
Warning:  ../01_RTL/RADIX2.v:139: signed to unsigned conversion occurs. (VER-318)
Warning:  ../01_RTL/RADIX2.v:152: signed to unsigned conversion occurs. (VER-318)
Warning:  ../01_RTL/RADIX2.v:153: signed to unsigned assignment occurs. (VER-318)
Warning:  ../01_RTL/RADIX2.v:182: signed to unsigned conversion occurs. (VER-318)

Statistics for case statements in always block at line 118 in file
        '../01_RTL/RADIX2.v'
===============================================
|           Line           |  full/ parallel  |
===============================================
|           119            |    auto/auto     |
===============================================

Statistics for case statements in always block at line 135 in file
        '../01_RTL/RADIX2.v'
===============================================
|           Line           |  full/ parallel  |
===============================================
|           136            |    auto/auto     |
===============================================

Inferred memory devices in process
        in routine RADIX2_logn9_U1 line 188 in file
                '../01_RTL/RADIX2.v'.
===============================================================================
|    Register Name    |   Type    | Width | Bus | MB | AR | AS | SR | SS | ST |
===============================================================================
|     mult_en_reg     | Flip-flop |   1   |  N  | N  | Y  | N  | N  | N  | N  |
|     i_valid_reg     | Flip-flop |   1   |  N  | N  | Y  | N  | N  | N  | N  |
|     a_i_reg_reg     | Flip-flop |  14   |  Y  | N  | Y  | N  | N  | N  | N  |
|    state_reg_reg    | Flip-flop |   1   |  N  | N  | Y  | N  | N  | N  | N  |
|     cnt_reg_reg     | Flip-flop |  10   |  Y  | N  | Y  | N  | N  | N  | N  |
|  mult_d_i_reg_reg   | Flip-flop |  14   |  Y  | N  | Y  | N  | N  | N  | N  |
|  mult_in_valid_reg  | Flip-flop |   1   |  N  | N  | Y  | N  | N  | N  | N  |
===============================================================================
Presto compilation completed successfully. (RADIX2_logn9_U1)
Information: Building the design 'RADIX2' instantiated from design 'MQ_INTT' with
        the parameters "9,0". (HDL-193)
Warning:  ../01_RTL/RADIX2.v:139: signed to unsigned conversion occurs. (VER-318)
Warning:  ../01_RTL/RADIX2.v:152: signed to unsigned conversion occurs. (VER-318)
Warning:  ../01_RTL/RADIX2.v:153: signed to unsigned assignment occurs. (VER-318)
Warning:  ../01_RTL/RADIX2.v:182: signed to unsigned conversion occurs. (VER-318)

Statistics for case statements in always block at line 118 in file
        '../01_RTL/RADIX2.v'
===============================================
|           Line           |  full/ parallel  |
===============================================
|           119            |    auto/auto     |
===============================================

Statistics for case statements in always block at line 135 in file
        '../01_RTL/RADIX2.v'
===============================================
|           Line           |  full/ parallel  |
===============================================
|           136            |    auto/auto     |
===============================================

Inferred memory devices in process
        in routine RADIX2_logn9_U0 line 188 in file
                '../01_RTL/RADIX2.v'.
===============================================================================
|    Register Name    |   Type    | Width | Bus | MB | AR | AS | SR | SS | ST |
===============================================================================
|     mult_en_reg     | Flip-flop |   1   |  N  | N  | Y  | N  | N  | N  | N  |
|     i_valid_reg     | Flip-flop |   1   |  N  | N  | Y  | N  | N  | N  | N  |
|     a_i_reg_reg     | Flip-flop |  14   |  Y  | N  | Y  | N  | N  | N  | N  |
|    state_reg_reg    | Flip-flop |   1   |  N  | N  | Y  | N  | N  | N  | N  |
|     cnt_reg_reg     | Flip-flop |  10   |  Y  | N  | Y  | N  | N  | N  | N  |
|  mult_d_i_reg_reg   | Flip-flop |  14   |  Y  | N  | Y  | N  | N  | N  | N  |
|  mult_in_valid_reg  | Flip-flop |   1   |  N  | N  | Y  | N  | N  | N  | N  |
===============================================================================
Presto compilation completed successfully. (RADIX2_logn9_U0)
Information: Building the design 'MQ_MONTYMUL'. (HDL-193)

Inferred memory devices in process
        in routine MQ_MONTYMUL line 185 in file
                '../01_RTL/MQ.v'.
===============================================================================
|    Register Name    |   Type    | Width | Bus | MB | AR | AS | SR | SS | ST |
===============================================================================
|      w_reg_reg      | Flip-flop |  30   |  Y  | N  | Y  | N  | N  | N  | N  |
|      x_reg_reg      | Flip-flop |  14   |  Y  | N  | Y  | N  | N  | N  | N  |
|     ena_reg_reg     | Flip-flop |   1   |  N  | N  | Y  | N  | N  | N  | N  |
|    out_valid_reg    | Flip-flop |   1   |  N  | N  | Y  | N  | N  | N  | N  |
|     x_y_reg_reg     | Flip-flop |  28   |  Y  | N  | Y  | N  | N  | N  | N  |
===============================================================================
Presto compilation completed successfully. (MQ_MONTYMUL)
Information: Building the design 'BUTTERFLY'. (HDL-193)
Warning:  ../01_RTL/BUTTERFLY.v:1: Port number 5 of 'BUTTERFLY' was named 'Port5'. (VER-441)
Presto compilation completed successfully. (BUTTERFLY)
Information: Building the design 'DELAY_BUFFER' instantiated from design 'RADIX2_logn9_U8' with
        the parameters "DEPTH=1". (HDL-193)

Inferred memory devices in process
        in routine DELAY_BUFFER_DEPTH1 line 39 in file
                '../01_RTL/DELAY_BUFFER.v'.
===============================================================================
|    Register Name    |   Type    | Width | Bus | MB | AR | AS | SR | SS | ST |
===============================================================================
|      buff_reg       | Flip-flop |  14   |  Y  | N  | Y  | N  | N  | N  | N  |
|    buf_valid_reg    | Flip-flop |   1   |  N  | N  | Y  | N  | N  | N  | N  |
===============================================================================
Presto compilation completed successfully. (DELAY_BUFFER_DEPTH1)
Information: Building the design 'DELAY_BUFFER' instantiated from design 'RADIX2_logn9_U7' with
        the parameters "DEPTH=2". (HDL-193)

Inferred memory devices in process
        in routine DELAY_BUFFER_DEPTH2 line 39 in file
                '../01_RTL/DELAY_BUFFER.v'.
===============================================================================
|    Register Name    |   Type    | Width | Bus | MB | AR | AS | SR | SS | ST |
===============================================================================
|      buff_reg       | Flip-flop |  14   |  Y  | N  | Y  | N  | N  | N  | N  |
|    buf_valid_reg    | Flip-flop |   1   |  N  | N  | Y  | N  | N  | N  | N  |
===============================================================================

Inferred memory devices in process
        in routine DELAY_BUFFER_DEPTH2 line 59 in file
                '../01_RTL/DELAY_BUFFER.v'.
===============================================================================
|    Register Name    |   Type    | Width | Bus | MB | AR | AS | SR | SS | ST |
===============================================================================
|      buff_reg       | Flip-flop |  14   |  Y  | N  | Y  | N  | N  | N  | N  |
|    buf_valid_reg    | Flip-flop |   1   |  N  | N  | Y  | N  | N  | N  | N  |
===============================================================================
Presto compilation completed successfully. (DELAY_BUFFER_DEPTH2)
Information: Building the design 'DELAY_BUFFER' instantiated from design 'RADIX2_logn9_U6' with
        the parameters "DEPTH=4". (HDL-193)

Inferred memory devices in process
        in routine DELAY_BUFFER_DEPTH4 line 39 in file
                '../01_RTL/DELAY_BUFFER.v'.
===============================================================================
|    Register Name    |   Type    | Width | Bus | MB | AR | AS | SR | SS | ST |
===============================================================================
|      buff_reg       | Flip-flop |  14   |  Y  | N  | Y  | N  | N  | N  | N  |
|    buf_valid_reg    | Flip-flop |   1   |  N  | N  | Y  | N  | N  | N  | N  |
===============================================================================

Inferred memory devices in process
        in routine DELAY_BUFFER_DEPTH4 line 59 in file
                '../01_RTL/DELAY_BUFFER.v'.
===============================================================================
|    Register Name    |   Type    | Width | Bus | MB | AR | AS | SR | SS | ST |
===============================================================================
|      buff_reg       | Flip-flop |  42   |  Y  | N  | Y  | N  | N  | N  | N  |
|    buf_valid_reg    | Flip-flop |   3   |  Y  | N  | Y  | N  | N  | N  | N  |
===============================================================================
Presto compilation completed successfully. (DELAY_BUFFER_DEPTH4)
Information: Building the design 'DELAY_BUFFER' instantiated from design 'RADIX2_logn9_U5' with
        the parameters "DEPTH=8". (HDL-193)

Inferred memory devices in process
        in routine DELAY_BUFFER_DEPTH8 line 39 in file
                '../01_RTL/DELAY_BUFFER.v'.
===============================================================================
|    Register Name    |   Type    | Width | Bus | MB | AR | AS | SR | SS | ST |
===============================================================================
|      buff_reg       | Flip-flop |  14   |  Y  | N  | Y  | N  | N  | N  | N  |
|    buf_valid_reg    | Flip-flop |   1   |  N  | N  | Y  | N  | N  | N  | N  |
===============================================================================

Inferred memory devices in process
        in routine DELAY_BUFFER_DEPTH8 line 59 in file
                '../01_RTL/DELAY_BUFFER.v'.
===============================================================================
|    Register Name    |   Type    | Width | Bus | MB | AR | AS | SR | SS | ST |
===============================================================================
|      buff_reg       | Flip-flop |  98   |  Y  | N  | Y  | N  | N  | N  | N  |
|    buf_valid_reg    | Flip-flop |   7   |  Y  | N  | Y  | N  | N  | N  | N  |
===============================================================================
Presto compilation completed successfully. (DELAY_BUFFER_DEPTH8)
Information: Building the design 'DELAY_BUFFER' instantiated from design 'RADIX2_logn9_U4' with
        the parameters "DEPTH=16". (HDL-193)

Inferred memory devices in process
        in routine DELAY_BUFFER_DEPTH16 line 39 in file
                '../01_RTL/DELAY_BUFFER.v'.
===============================================================================
|    Register Name    |   Type    | Width | Bus | MB | AR | AS | SR | SS | ST |
===============================================================================
|      buff_reg       | Flip-flop |  14   |  Y  | N  | Y  | N  | N  | N  | N  |
|    buf_valid_reg    | Flip-flop |   1   |  N  | N  | Y  | N  | N  | N  | N  |
===============================================================================

Inferred memory devices in process
        in routine DELAY_BUFFER_DEPTH16 line 59 in file
                '../01_RTL/DELAY_BUFFER.v'.
===============================================================================
|    Register Name    |   Type    | Width | Bus | MB | AR | AS | SR | SS | ST |
===============================================================================
|      buff_reg       | Flip-flop |  210  |  Y  | N  | Y  | N  | N  | N  | N  |
|    buf_valid_reg    | Flip-flop |  15   |  Y  | N  | Y  | N  | N  | N  | N  |
===============================================================================
Presto compilation completed successfully. (DELAY_BUFFER_DEPTH16)
Information: Building the design 'DELAY_BUFFER' instantiated from design 'RADIX2_logn9_U3' with
        the parameters "DEPTH=32". (HDL-193)

Inferred memory devices in process
        in routine DELAY_BUFFER_DEPTH32 line 39 in file
                '../01_RTL/DELAY_BUFFER.v'.
===============================================================================
|    Register Name    |   Type    | Width | Bus | MB | AR | AS | SR | SS | ST |
===============================================================================
|      buff_reg       | Flip-flop |  14   |  Y  | N  | Y  | N  | N  | N  | N  |
|    buf_valid_reg    | Flip-flop |   1   |  N  | N  | Y  | N  | N  | N  | N  |
===============================================================================

Inferred memory devices in process
        in routine DELAY_BUFFER_DEPTH32 line 59 in file
                '../01_RTL/DELAY_BUFFER.v'.
===============================================================================
|    Register Name    |   Type    | Width | Bus | MB | AR | AS | SR | SS | ST |
===============================================================================
|      buff_reg       | Flip-flop |  434  |  Y  | N  | Y  | N  | N  | N  | N  |
|    buf_valid_reg    | Flip-flop |  31   |  Y  | N  | Y  | N  | N  | N  | N  |
===============================================================================
Presto compilation completed successfully. (DELAY_BUFFER_DEPTH32)
Information: Building the design 'DELAY_BUFFER' instantiated from design 'RADIX2_logn9_U2' with
        the parameters "DEPTH=64". (HDL-193)

Inferred memory devices in process
        in routine DELAY_BUFFER_DEPTH64 line 39 in file
                '../01_RTL/DELAY_BUFFER.v'.
===============================================================================
|    Register Name    |   Type    | Width | Bus | MB | AR | AS | SR | SS | ST |
===============================================================================
|      buff_reg       | Flip-flop |  14   |  Y  | N  | Y  | N  | N  | N  | N  |
|    buf_valid_reg    | Flip-flop |   1   |  N  | N  | Y  | N  | N  | N  | N  |
===============================================================================

Inferred memory devices in process
        in routine DELAY_BUFFER_DEPTH64 line 59 in file
                '../01_RTL/DELAY_BUFFER.v'.
===============================================================================
|    Register Name    |   Type    | Width | Bus | MB | AR | AS | SR | SS | ST |
===============================================================================
|      buff_reg       | Flip-flop |  882  |  Y  | N  | Y  | N  | N  | N  | N  |
|    buf_valid_reg    | Flip-flop |  63   |  Y  | N  | Y  | N  | N  | N  | N  |
===============================================================================
Presto compilation completed successfully. (DELAY_BUFFER_DEPTH64)
Information: Building the design 'DELAY_BUFFER' instantiated from design 'RADIX2_logn9_U1' with
        the parameters "DEPTH=128". (HDL-193)

Inferred memory devices in process
        in routine DELAY_BUFFER_DEPTH128 line 39 in file
                '../01_RTL/DELAY_BUFFER.v'.
===============================================================================
|    Register Name    |   Type    | Width | Bus | MB | AR | AS | SR | SS | ST |
===============================================================================
|      buff_reg       | Flip-flop |  14   |  Y  | N  | Y  | N  | N  | N  | N  |
|    buf_valid_reg    | Flip-flop |   1   |  N  | N  | Y  | N  | N  | N  | N  |
===============================================================================

Inferred memory devices in process
        in routine DELAY_BUFFER_DEPTH128 line 59 in file
                '../01_RTL/DELAY_BUFFER.v'.
===============================================================================
|    Register Name    |   Type    | Width | Bus | MB | AR | AS | SR | SS | ST |
===============================================================================
|      buff_reg       | Flip-flop | 1778  |  Y  | N  | Y  | N  | N  | N  | N  |
|    buf_valid_reg    | Flip-flop |  127  |  Y  | N  | Y  | N  | N  | N  | N  |
===============================================================================
Presto compilation completed successfully. (DELAY_BUFFER_DEPTH128)
Information: Building the design 'DELAY_BUFFER' instantiated from design 'RADIX2_logn9_U0' with
        the parameters "DEPTH=256". (HDL-193)

Inferred memory devices in process
        in routine DELAY_BUFFER_DEPTH256 line 39 in file
                '../01_RTL/DELAY_BUFFER.v'.
===============================================================================
|    Register Name    |   Type    | Width | Bus | MB | AR | AS | SR | SS | ST |
===============================================================================
|      buff_reg       | Flip-flop |  14   |  Y  | N  | Y  | N  | N  | N  | N  |
|    buf_valid_reg    | Flip-flop |   1   |  N  | N  | Y  | N  | N  | N  | N  |
===============================================================================

Inferred memory devices in process
        in routine DELAY_BUFFER_DEPTH256 line 59 in file
                '../01_RTL/DELAY_BUFFER.v'.
===============================================================================
|    Register Name    |   Type    | Width | Bus | MB | AR | AS | SR | SS | ST |
===============================================================================
|      buff_reg       | Flip-flop | 3570  |  Y  | N  | Y  | N  | N  | N  | N  |
|    buf_valid_reg    | Flip-flop |  255  |  Y  | N  | Y  | N  | N  | N  | N  |
===============================================================================
Presto compilation completed successfully. (DELAY_BUFFER_DEPTH256)
Information: Building the design 'MQ_ADD'. (HDL-193)
Presto compilation completed successfully. (MQ_ADD)
Information: Building the design 'MQ_SUB'. (HDL-193)
Presto compilation completed successfully. (MQ_SUB)
1
# (B-2) read_sverilog
# read_sverilog $DESIGN\.v
# (B-3) set current design
current_design $DESIGN
Current design is 'MQ_INTT'.
{MQ_INTT}
link

  Linking design 'MQ_INTT'
  Using the following designs and libraries:
  --------------------------------------------------------------------------
  * (23 designs)              /home/daniel_kuo/Falcon/hardware/mq_intt/02_SYN/MQ_INTT.db, etc
  sc9_cln40g_base_rvt_ss_typical_max_0p81v_125c (library) /cell_base_lib/CBDK_TSMC40_Arm_f2.0/CIC/SynopsysDC/db/sc9_base_rvt/sc9_cln40g_base_rvt_ss_typical_max_0p81v_125c.db
  sc9_cln40g_base_hvt_ss_typical_max_0p81v_125c (library) /cell_base_lib/CBDK_TSMC40_Arm_f2.0/CIC/SynopsysDC/db/sc9_base_hvt/sc9_cln40g_base_hvt_ss_typical_max_0p81v_125c.db
  sc9_cln40g_base_lvt_ss_typical_max_0p81v_125c (library) /cell_base_lib/CBDK_TSMC40_Arm_f2.0/CIC/SynopsysDC/db/sc9_base_lvt/sc9_cln40g_base_lvt_ss_typical_max_0p81v_125c.db
  dw_foundation.sldb (library) /usr/cad/synopsys/synthesis/cur/libraries/syn/dw_foundation.sldb

1
#======================================================
#  (C) Global Setting
#======================================================
set_wire_load_mode top
1
# set_operating_conditions -max WCCOM -min BCCOM
# set_wire_load_model -name umc18_wl10 -library slow
#======================================================
#  (D) Set Design Constraints
#======================================================
# (D-1) Setting Clock Constraints
create_clock -name clk -period $CYCLE [get_ports clk] 
1
set_dont_touch_network             [get_clocks clk]
1
set_fix_hold                       [get_clocks clk]
1
set_clock_uncertainty       0.1    [get_clocks clk]
1
# set_clock_latency   -source 0      [get_clocks clk]
# set_clock_latency           1      [get_clocks clk] 
set_input_transition        0.5    [all_inputs] 
1
set_clock_transition        0.1    [all_clocks] 
1
# (D-2) Setting in/out Constraints
set_input_delay   -max  $INPUT_DLY  -clock clk   [all_inputs] ;  # set_up time check 
1
set_input_delay   -min  0           -clock clk   [all_inputs] ;  # hold   time check 
1
set_output_delay  -max  $OUTPUT_DLY -clock clk   [all_outputs] ; # set_up time check 
1
set_output_delay  -min  0           -clock clk   [all_outputs] ; # hold   time check 
1
set_input_delay 0 -clock clk clk
1
set_input_delay 0 -clock clk rst_n
1
#set_max_delay $CYCLE -from [all_inputs] -to [all_outputs]
# (D-3) Setting Design Environment
# set_driving_cell -library umc18io3v5v_slow -lib_cell P2C    -pin {Y}  [get_ports clk]
# set_driving_cell -library umc18io3v5v_slow -lib_cell P2C    -pin {Y}  [remove_from_collection [all_inputs] [get_ports clk]]
# set_load  [load_of "umc18io3v5v_slow/P8C/A"]       [all_outputs] ; # ~= 0.038
set_load 0.05 [all_outputs]
1
# (D-4) Setting DRC Constraint
#set_max_delay           0     ; # Optimize delay max effort                 
#set_max_area            0      ; # Optimize area max effort           
set_max_transition      3       [all_inputs]   ; # U18 LUT Max Transition Value  
1
set_max_capacitance     0.15    [all_inputs]   ; # U18 LUT Max Capacitance Value
1
set_max_fanout          10      [all_inputs]
1
# set_dont_use slow/JKFF*
#set_dont_touch [get_cells core_reg_macro]
#set hdlin_ff_always_sync_set_reset true
# (D-5) Report Clock skew
report_clock -skew clk
Information: Checking out the license 'DesignWare'. (SEC-104)
Information: Changed wire load model for 'alt1' from '(none)' to 'Small'. (OPT-170)
Information: Changed wire load model for 'apparch' from '(none)' to 'Small'. (OPT-170)
Information: Changed wire load model for 'alt1' from '(none)' to 'Small'. (OPT-170)
Information: Changed wire load model for 'apparch' from '(none)' to 'Small'. (OPT-170)
Information: Updating design information... (UID-85)
Warning: Design 'MQ_INTT' contains 19 high-fanout nets. A fanout number of 1000 will be used for delay calculations involving these nets. (TIM-134)
 
****************************************
Report : clock_skew
Design : MQ_INTT
Version: T-2022.03
Date   : Tue Sep 16 18:17:30 2025
****************************************

                 Rise      Fall  Min Rise  Min fall        Uncertainty
Object          Delay     Delay     Delay     Delay     Plus      Minus
--------------------------------------------------------------------------------
clk                 -         -         -         -      0.10      0.10

                 Max Transition      Min Transition
Object           Rise      Fall      Rise      Fall
-------------------------------------------------------
clk              0.10      0.10      0.10      0.10
1
check_timing

Information: Checking generated_clocks...

Information: Checking loops...

Information: Checking no_input_delay...

Information: Checking unconstrained_endpoints...

Warning: The following end-points are not constrained for maximum delay.

End point
---------------
u_MQ_MONTYMUL/w_reg_reg[0]/next_state
u_MQ_MONTYMUL/w_reg_reg[1]/next_state
u_MQ_MONTYMUL/w_reg_reg[2]/next_state
u_MQ_MONTYMUL/w_reg_reg[3]/next_state
u_MQ_MONTYMUL/w_reg_reg[4]/next_state
u_MQ_MONTYMUL/w_reg_reg[5]/next_state
u_MQ_MONTYMUL/w_reg_reg[6]/next_state
u_MQ_MONTYMUL/x_y_reg_reg[0]/next_state
u_MQ_MONTYMUL/x_y_reg_reg[1]/next_state
u_MQ_MONTYMUL/x_y_reg_reg[2]/next_state
u_MQ_MONTYMUL/x_y_reg_reg[3]/next_state
u_MQ_MONTYMUL/x_y_reg_reg[4]/next_state
u_MQ_MONTYMUL/x_y_reg_reg[5]/next_state
u_MQ_MONTYMUL/x_y_reg_reg[6]/next_state

Information: Checking pulse_clock_cell_type...

Information: Checking no_driving_cell...

Information: Checking partial_input_delay...
1
#======================================================
#  (E) Optimization
#======================================================
check_design > Report/$DESIGN\.check
set_fix_multiple_port_nets -all -buffer_constants [get_designs *]
1
set_fix_hold [all_clocks]
1
compile_ultra
Information: Performing power optimization. (PWR-850)
Alib files are up-to-date.
Information: Running optimization using a maximum of 4 cores. (OPT-1500)
Information: Evaluating DesignWare library utilization. (UISN-27)

============================================================================
| DesignWare Building Block Library  |         Version         | Available |
============================================================================
| Basic DW Building Blocks           | S-2021.06-DWBB_202106.0 |     *     |
| Licensed DW Building Blocks        | S-2021.06-DWBB_202106.0 |     *     |
============================================================================

====================================================================================================
| Flow Information                                                                                 |
----------------------------------------------------------------------------------------------------
| Flow         | Design Compiler NXT WLM                                                           |
| Comand line  | compile_ultra                                                                     |
====================================================================================================
| Design Information                                      | Value                                  |
====================================================================================================
| Number of Scenarios                                     | 0                                      |
| Leaf Cell Count                                         | 28614                                  |
| Number of User Hierarchies                              | 55                                     |
| Sequential Cell Count                                   | 8939                                   |
| Macro Count                                             | 0                                      |
| Number of Power Domains                                 | 0                                      |
| Number of Path Groups                                   | 2                                      |
| Number of VT class                                      | 0                                      |
| Number of Clocks                                        | 1                                      |
| Number of Dont Touch cells                              | 18877                                  |
| Number of Dont Touch nets                               | 29                                     |
| Number of size only cells                               | 0                                      |
| Design with UPF Data                                    | false                                  |
----------------------------------------------------------------------------------------------------
| Variables                                               | Value                                  |
----------------------------------------------------------------------------------------------------
| set_fix_multiple_port_nets                              | -all -buffer_constants                 |
====================================================================================================
Information: Sequential output inversion is enabled.  SVF file must be used for formal verification. (OPT-1208)

Information: There are 288 potential problems in your design. Please run 'check_design' for more information. (LINT-99)

Information: Uniquified 10 instances of design 'MQ_MONTYMUL'. (OPT-1056)
Information: Uniquified 9 instances of design 'BUTTERFLY'. (OPT-1056)
Information: Uniquified 9 instances of design 'MQ_ADD'. (OPT-1056)
Information: Uniquified 9 instances of design 'MQ_SUB'. (OPT-1056)
  Simplifying Design 'MQ_INTT'

Loaded alib file './alib-52/sc9_cln40g_base_rvt_ss_typical_max_0p81v_125c.db.alib' (placeholder)
Loaded alib file './alib-52/sc9_cln40g_base_hvt_ss_typical_max_0p81v_125c.db.alib'
Loaded alib file './alib-52/sc9_cln40g_base_lvt_ss_typical_max_0p81v_125c.db.alib' (placeholder)
  Building model 'DW01_NAND2'
Information: Ungrouping hierarchy genblk1[0].u_RADIX2 before Pass 1 (OPT-776)
Information: Ungrouping hierarchy genblk1[1].u_RADIX2 before Pass 1 (OPT-776)
Information: Ungrouping hierarchy genblk1[2].u_RADIX2 before Pass 1 (OPT-776)
Information: Ungrouping hierarchy genblk1[3].u_RADIX2 before Pass 1 (OPT-776)
Information: Ungrouping hierarchy genblk1[4].u_RADIX2 before Pass 1 (OPT-776)
Information: Ungrouping hierarchy genblk1[5].u_RADIX2 before Pass 1 (OPT-776)
Information: Ungrouping hierarchy genblk1[6].u_RADIX2 before Pass 1 (OPT-776)
Information: Ungrouping hierarchy genblk1[7].u_RADIX2 before Pass 1 (OPT-776)
Information: Ungrouping hierarchy genblk1[8].u_RADIX2 before Pass 1 (OPT-776)
Information: Ungrouping hierarchy u_MQ_MONTYMUL before Pass 1 (OPT-776)
Information: Ungrouping hierarchy genblk1[0].u_RADIX2/u_BUTTERFLY before Pass 1 (OPT-776)
Information: Ungrouping hierarchy genblk1[0].u_RADIX2/u_DELAY_BUFFER before Pass 1 (OPT-776)
Information: Ungrouping hierarchy genblk1[1].u_RADIX2/u_DELAY_BUFFER before Pass 1 (OPT-776)
Information: Ungrouping hierarchy genblk1[2].u_RADIX2/u_DELAY_BUFFER before Pass 1 (OPT-776)
Information: Ungrouping hierarchy genblk1[3].u_RADIX2/u_DELAY_BUFFER before Pass 1 (OPT-776)
Information: Ungrouping hierarchy genblk1[4].u_RADIX2/u_DELAY_BUFFER before Pass 1 (OPT-776)
Information: Ungrouping hierarchy genblk1[5].u_RADIX2/u_DELAY_BUFFER before Pass 1 (OPT-776)
Information: Ungrouping hierarchy genblk1[6].u_RADIX2/u_DELAY_BUFFER before Pass 1 (OPT-776)
Information: Ungrouping hierarchy genblk1[7].u_RADIX2/u_DELAY_BUFFER before Pass 1 (OPT-776)
Information: Ungrouping hierarchy genblk1[8].u_RADIX2/u_DELAY_BUFFER before Pass 1 (OPT-776)
Information: Ungrouping hierarchy genblk1[8].u_RADIX2/u_MQ_MONTYMUL before Pass 1 (OPT-776)
Information: Ungrouping hierarchy genblk1[7].u_RADIX2/u_MQ_MONTYMUL before Pass 1 (OPT-776)
Information: Ungrouping hierarchy genblk1[6].u_RADIX2/u_MQ_MONTYMUL before Pass 1 (OPT-776)
Information: Ungrouping hierarchy genblk1[5].u_RADIX2/u_MQ_MONTYMUL before Pass 1 (OPT-776)
Information: Ungrouping hierarchy genblk1[4].u_RADIX2/u_MQ_MONTYMUL before Pass 1 (OPT-776)
Information: Ungrouping hierarchy genblk1[3].u_RADIX2/u_MQ_MONTYMUL before Pass 1 (OPT-776)
Information: Ungrouping hierarchy genblk1[2].u_RADIX2/u_MQ_MONTYMUL before Pass 1 (OPT-776)
Information: Ungrouping hierarchy genblk1[1].u_RADIX2/u_MQ_MONTYMUL before Pass 1 (OPT-776)
Information: Ungrouping hierarchy genblk1[0].u_RADIX2/u_MQ_MONTYMUL before Pass 1 (OPT-776)
Information: Ungrouping hierarchy genblk1[8].u_RADIX2/u_BUTTERFLY before Pass 1 (OPT-776)
Information: Ungrouping hierarchy genblk1[7].u_RADIX2/u_BUTTERFLY before Pass 1 (OPT-776)
Information: Ungrouping hierarchy genblk1[6].u_RADIX2/u_BUTTERFLY before Pass 1 (OPT-776)
Information: Ungrouping hierarchy genblk1[5].u_RADIX2/u_BUTTERFLY before Pass 1 (OPT-776)
Information: Ungrouping hierarchy genblk1[4].u_RADIX2/u_BUTTERFLY before Pass 1 (OPT-776)
Information: Ungrouping hierarchy genblk1[3].u_RADIX2/u_BUTTERFLY before Pass 1 (OPT-776)
Information: Ungrouping hierarchy genblk1[2].u_RADIX2/u_BUTTERFLY before Pass 1 (OPT-776)
Information: Ungrouping hierarchy genblk1[1].u_RADIX2/u_BUTTERFLY before Pass 1 (OPT-776)
Information: Ungrouping hierarchy genblk1[0].u_RADIX2/u_BUTTERFLY/u_mq_add before Pass 1 (OPT-776)
Information: Ungrouping hierarchy genblk1[0].u_RADIX2/u_BUTTERFLY/u_mq_sub before Pass 1 (OPT-776)
Information: Ungrouping hierarchy genblk1[8].u_RADIX2/u_BUTTERFLY/u_mq_add before Pass 1 (OPT-776)
Information: Ungrouping hierarchy genblk1[7].u_RADIX2/u_BUTTERFLY/u_mq_add before Pass 1 (OPT-776)
Information: Ungrouping hierarchy genblk1[6].u_RADIX2/u_BUTTERFLY/u_mq_add before Pass 1 (OPT-776)
Information: Ungrouping hierarchy genblk1[5].u_RADIX2/u_BUTTERFLY/u_mq_add before Pass 1 (OPT-776)
Information: Ungrouping hierarchy genblk1[4].u_RADIX2/u_BUTTERFLY/u_mq_add before Pass 1 (OPT-776)
Information: Ungrouping hierarchy genblk1[3].u_RADIX2/u_BUTTERFLY/u_mq_add before Pass 1 (OPT-776)
Information: Ungrouping hierarchy genblk1[2].u_RADIX2/u_BUTTERFLY/u_mq_add before Pass 1 (OPT-776)
Information: Ungrouping hierarchy genblk1[1].u_RADIX2/u_BUTTERFLY/u_mq_add before Pass 1 (OPT-776)
Information: Ungrouping hierarchy genblk1[8].u_RADIX2/u_BUTTERFLY/u_mq_sub before Pass 1 (OPT-776)
Information: Ungrouping hierarchy genblk1[7].u_RADIX2/u_BUTTERFLY/u_mq_sub before Pass 1 (OPT-776)
Information: Ungrouping hierarchy genblk1[6].u_RADIX2/u_BUTTERFLY/u_mq_sub before Pass 1 (OPT-776)
Information: Ungrouping hierarchy genblk1[5].u_RADIX2/u_BUTTERFLY/u_mq_sub before Pass 1 (OPT-776)
Information: Ungrouping hierarchy genblk1[4].u_RADIX2/u_BUTTERFLY/u_mq_sub before Pass 1 (OPT-776)
Information: Ungrouping hierarchy genblk1[3].u_RADIX2/u_BUTTERFLY/u_mq_sub before Pass 1 (OPT-776)
Information: Ungrouping hierarchy genblk1[2].u_RADIX2/u_BUTTERFLY/u_mq_sub before Pass 1 (OPT-776)
Information: Ungrouping hierarchy genblk1[1].u_RADIX2/u_BUTTERFLY/u_mq_sub before Pass 1 (OPT-776)
Information: Ungrouping 55 of 56 hierarchies before Pass 1 (OPT-775)
Information: State dependent leakage is now switched from on to off.

  Beginning Pass 1 Mapping
  ------------------------
  Processing 'MQ_INTT'
Information: Added key list 'DesignWare' to design 'MQ_INTT'. (DDB-72)
Information: The register 'u_MQ_MONTYMUL/w_reg_reg[18]' is a constant and will be removed. (OPT-1206)
Information: The register 'u_MQ_MONTYMUL/w_reg_reg[17]' is a constant and will be removed. (OPT-1206)
Information: The register 'u_MQ_MONTYMUL/w_reg_reg[16]' is a constant and will be removed. (OPT-1206)
Information: The register 'u_MQ_MONTYMUL/w_reg_reg[6]' is a constant and will be removed. (OPT-1206)
Information: The register 'u_MQ_MONTYMUL/w_reg_reg[5]' is a constant and will be removed. (OPT-1206)
Information: The register 'u_MQ_MONTYMUL/w_reg_reg[4]' is a constant and will be removed. (OPT-1206)
Information: The register 'u_MQ_MONTYMUL/w_reg_reg[3]' is a constant and will be removed. (OPT-1206)
Information: The register 'u_MQ_MONTYMUL/w_reg_reg[2]' is a constant and will be removed. (OPT-1206)
Information: The register 'u_MQ_MONTYMUL/w_reg_reg[1]' is a constant and will be removed. (OPT-1206)
Information: The register 'u_MQ_MONTYMUL/w_reg_reg[0]' is a constant and will be removed. (OPT-1206)
Information: The register 'u_MQ_MONTYMUL/x_y_reg_reg[27]' is a constant and will be removed. (OPT-1206)
Information: The register 'u_MQ_MONTYMUL/x_y_reg_reg[26]' is a constant and will be removed. (OPT-1206)
Information: The register 'u_MQ_MONTYMUL/x_y_reg_reg[25]' is a constant and will be removed. (OPT-1206)
Information: The register 'u_MQ_MONTYMUL/x_y_reg_reg[24]' is a constant and will be removed. (OPT-1206)
Information: The register 'u_MQ_MONTYMUL/x_y_reg_reg[23]' is a constant and will be removed. (OPT-1206)
Information: The register 'u_MQ_MONTYMUL/x_y_reg_reg[22]' is a constant and will be removed. (OPT-1206)
Information: The register 'u_MQ_MONTYMUL/x_y_reg_reg[21]' is a constant and will be removed. (OPT-1206)
Information: The register 'u_MQ_MONTYMUL/x_y_reg_reg[6]' is a constant and will be removed. (OPT-1206)
Information: The register 'u_MQ_MONTYMUL/x_y_reg_reg[5]' is a constant and will be removed. (OPT-1206)
Information: The register 'u_MQ_MONTYMUL/x_y_reg_reg[4]' is a constant and will be removed. (OPT-1206)
Information: The register 'u_MQ_MONTYMUL/x_y_reg_reg[3]' is a constant and will be removed. (OPT-1206)
Information: The register 'u_MQ_MONTYMUL/x_y_reg_reg[2]' is a constant and will be removed. (OPT-1206)
Information: The register 'u_MQ_MONTYMUL/x_y_reg_reg[1]' is a constant and will be removed. (OPT-1206)
Information: The register 'u_MQ_MONTYMUL/x_y_reg_reg[0]' is a constant and will be removed. (OPT-1206)
Information: The register 's_reg_reg[8][13]' is a constant and will be removed. (OPT-1206)
Information: The register 's_reg_reg[7][13]' is a constant and will be removed. (OPT-1206)
Information: The register 's_reg_reg[6][13]' is a constant and will be removed. (OPT-1206)
Information: In design 'MQ_INTT', the register 's_reg_reg[7][0]' is removed because it is merged to 'u_MQ_MONTYMUL/ena_reg_reg'. (OPT-1215)
Information: In design 'MQ_INTT', the register 's_reg_reg[8][8]' is removed because it is merged to 'u_MQ_MONTYMUL/ena_reg_reg'. (OPT-1215)
Information: In design 'MQ_INTT', the register 's_reg_reg[8][5]' is removed because it is merged to 'u_MQ_MONTYMUL/ena_reg_reg'. (OPT-1215)
 Implement Synthetic for 'MQ_INTT'.
Information: The register 's_reg_reg[7][12]' is a constant and will be removed. (OPT-1206)
Information: The register 's_reg_reg[8][2]' is a constant and will be removed. (OPT-1206)

  Updating timing information
Information: Updating design information... (UID-85)
Information: The library cell 'TIELO_X1M_A9TR' in the library 'sc9_cln40g_base_rvt_ss_typical_max_0p81v_125c' is not characterized for internal power. (PWR-536)
Information: The library cell 'TIEHI_X1M_A9TR' in the library 'sc9_cln40g_base_rvt_ss_typical_max_0p81v_125c' is not characterized for internal power. (PWR-536)
Information: The library cell 'TIELO_X1M_A9TH' in the library 'sc9_cln40g_base_hvt_ss_typical_max_0p81v_125c' is not characterized for internal power. (PWR-536)
Information: The library cell 'TIEHI_X1M_A9TH' in the library 'sc9_cln40g_base_hvt_ss_typical_max_0p81v_125c' is not characterized for internal power. (PWR-536)
Information: The library cell 'TIELO_X1M_A9TL' in the library 'sc9_cln40g_base_lvt_ss_typical_max_0p81v_125c' is not characterized for internal power. (PWR-536)
Information: The library cell 'TIEHI_X1M_A9TL' in the library 'sc9_cln40g_base_lvt_ss_typical_max_0p81v_125c' is not characterized for internal power. (PWR-536)
Information: The target library(s) contains cell(s), other than black boxes, that are not characterized for internal power. (PWR-24)
Information: In design 'MQ_INTT', the register 's_reg_reg[8][0]' is removed because it is merged to 'u_MQ_MONTYMUL/ena_reg_reg'. (OPT-1215)
Information: In design 'MQ_INTT', the register 's_reg_reg[8][4]' is removed because it is merged to 'u_MQ_MONTYMUL/ena_reg_reg'. (OPT-1215)
Information: In design 'MQ_INTT', the register 's_reg_reg[7][3]' is removed because it is merged to 'u_MQ_MONTYMUL/ena_reg_reg'. (OPT-1215)
Information: In design 'MQ_INTT', the register 's_reg_reg[7][10]' is removed because it is merged to 'u_MQ_MONTYMUL/ena_reg_reg'. (OPT-1215)
Information: In design 'MQ_INTT', the register 'genblk1[0].u_RADIX2/u_MQ_MONTYMUL/w_reg_reg[0]' is removed because it is merged to 'genblk1[0].u_RADIX2/u_MQ_MONTYMUL/x_y_reg_reg[0]'. (OPT-1215)
Information: In design 'MQ_INTT', the register 'genblk1[1].u_RADIX2/u_MQ_MONTYMUL/w_reg_reg[0]' is removed because it is merged to 'genblk1[1].u_RADIX2/u_MQ_MONTYMUL/x_y_reg_reg[0]'. (OPT-1215)
Information: In design 'MQ_INTT', the register 's_reg_reg[6][1]' is removed because it is merged to 's_reg_reg[6][8]'. (OPT-1215)
Information: In design 'MQ_INTT', the register 's_reg_reg[8][12]' is removed because it is merged to 'genblk1[8].u_RADIX2/mult_en_reg'. (OPT-1215)
Information: In design 'MQ_INTT', the register 's_reg_reg[8][11]' is removed because it is merged to 's_reg_reg[8][9]'. (OPT-1215)
Information: In design 'MQ_INTT', the register 's_reg_reg[8][7]' is removed because it is merged to 's_reg_reg[8][9]'. (OPT-1215)
Information: In design 'MQ_INTT', the register 's_reg_reg[8][3]' is removed because it is merged to 's_reg_reg[8][9]'. (OPT-1215)
Information: In design 'MQ_INTT', the register 's_reg_reg[8][1]' is removed because it is merged to 's_reg_reg[8][9]'. (OPT-1215)
Information: In design 'MQ_INTT', the register 's_reg_reg[8][10]' is removed because it is merged to 's_reg_reg[8][9]'. (OPT-1215)
Information: In design 'MQ_INTT', the register 's_reg_reg[8][6]' is removed because it is merged to 's_reg_reg[8][9]'. (OPT-1215)
Information: In design 'MQ_INTT', the register 's_reg_reg[7][11]' is removed because it is merged to 's_reg_reg[7][9]'. (OPT-1215)
Information: In design 'MQ_INTT', the register 's_reg_reg[7][8]' is removed because it is merged to 's_reg_reg[7][9]'. (OPT-1215)
Information: In design 'MQ_INTT', the register 's_reg_reg[7][1]' is removed because it is merged to 's_reg_reg[7][9]'. (OPT-1215)
Information: In design 'MQ_INTT', the register 's_reg_reg[7][6]' is removed because it is merged to 's_reg_reg[7][7]'. (OPT-1215)
Information: In design 'MQ_INTT', the register 's_reg_reg[7][4]' is removed because it is merged to 's_reg_reg[7][5]'. (OPT-1215)
Information: In design 'MQ_INTT', the register 's_reg_reg[6][3]' is removed because it is merged to 's_reg_reg[6][9]'. (OPT-1215)
Information: In design 'MQ_INTT', the register 'genblk1[2].u_RADIX2/u_MQ_MONTYMUL/w_reg_reg[0]' is removed because it is merged to 'genblk1[2].u_RADIX2/u_MQ_MONTYMUL/x_y_reg_reg[0]'. (OPT-1215)
Information: In design 'MQ_INTT', the register 'genblk1[3].u_RADIX2/u_MQ_MONTYMUL/w_reg_reg[0]' is removed because it is merged to 'genblk1[3].u_RADIX2/u_MQ_MONTYMUL/x_y_reg_reg[0]'. (OPT-1215)
Information: In design 'MQ_INTT', the register 'genblk1[4].u_RADIX2/u_MQ_MONTYMUL/w_reg_reg[0]' is removed because it is merged to 'genblk1[4].u_RADIX2/u_MQ_MONTYMUL/x_y_reg_reg[0]'. (OPT-1215)
Information: In design 'MQ_INTT', the register 'genblk1[5].u_RADIX2/u_MQ_MONTYMUL/w_reg_reg[0]' is removed because it is merged to 'genblk1[5].u_RADIX2/u_MQ_MONTYMUL/x_y_reg_reg[0]'. (OPT-1215)
Information: In design 'MQ_INTT', the register 'genblk1[6].u_RADIX2/u_MQ_MONTYMUL/w_reg_reg[0]' is removed because it is merged to 'genblk1[6].u_RADIX2/u_MQ_MONTYMUL/x_y_reg_reg[0]'. (OPT-1215)
Information: In design 'MQ_INTT', the register 'genblk1[7].u_RADIX2/u_MQ_MONTYMUL/w_reg_reg[0]' is removed because it is merged to 'genblk1[7].u_RADIX2/u_MQ_MONTYMUL/x_y_reg_reg[0]'. (OPT-1215)
Information: In design 'MQ_INTT', the register 'genblk1[8].u_RADIX2/u_MQ_MONTYMUL/w_reg_reg[0]' is removed because it is merged to 'genblk1[8].u_RADIX2/u_MQ_MONTYMUL/x_y_reg_reg[0]'. (OPT-1215)
Information: In design 'MQ_INTT', the register 'u_MQ_MONTYMUL/x_reg_reg[2]' is removed because it is merged to 'u_MQ_MONTYMUL/x_y_reg_reg[9]'. (OPT-1215)
Information: In design 'MQ_INTT', the register 'u_MQ_MONTYMUL/x_reg_reg[3]' is removed because it is merged to 'u_MQ_MONTYMUL/x_y_reg_reg[10]'. (OPT-1215)
Information: In design 'MQ_INTT', the register 'u_MQ_MONTYMUL/x_reg_reg[4]' is removed because it is merged to 'u_MQ_MONTYMUL/x_y_reg_reg[11]'. (OPT-1215)
Information: In design 'MQ_INTT', the register 'u_MQ_MONTYMUL/x_reg_reg[5]' is removed because it is merged to 'u_MQ_MONTYMUL/x_y_reg_reg[12]'. (OPT-1215)
Information: In design 'MQ_INTT', the register 'u_MQ_MONTYMUL/x_reg_reg[6]' is removed because it is merged to 'u_MQ_MONTYMUL/x_y_reg_reg[13]'. (OPT-1215)
Information: In design 'MQ_INTT', the register 'u_MQ_MONTYMUL/x_reg_reg[7]' is removed because it is merged to 'u_MQ_MONTYMUL/x_y_reg_reg[14]'. (OPT-1215)
Information: In design 'MQ_INTT', the register 'u_MQ_MONTYMUL/x_reg_reg[8]' is removed because it is merged to 'u_MQ_MONTYMUL/x_y_reg_reg[15]'. (OPT-1215)
Information: In design 'MQ_INTT', the register 'u_MQ_MONTYMUL/x_reg_reg[9]' is removed because it is merged to 'u_MQ_MONTYMUL/x_y_reg_reg[16]'. (OPT-1215)
Information: In design 'MQ_INTT', the register 'u_MQ_MONTYMUL/x_reg_reg[11]' is removed because it is merged to 'u_MQ_MONTYMUL/x_y_reg_reg[18]'. (OPT-1215)
Information: In design 'MQ_INTT', the register 'u_MQ_MONTYMUL/x_reg_reg[10]' is removed because it is merged to 'u_MQ_MONTYMUL/x_y_reg_reg[17]'. (OPT-1215)
Information: In design 'MQ_INTT', the register 'u_MQ_MONTYMUL/x_reg_reg[1]' is removed because it is merged to 'u_MQ_MONTYMUL/x_y_reg_reg[8]'. (OPT-1215)
Information: In design 'MQ_INTT', the register 'u_MQ_MONTYMUL/x_reg_reg[13]' is removed because it is merged to 'u_MQ_MONTYMUL/x_y_reg_reg[20]'. (OPT-1215)
Information: In design 'MQ_INTT', the register 'u_MQ_MONTYMUL/x_reg_reg[12]' is removed because it is merged to 'u_MQ_MONTYMUL/x_y_reg_reg[19]'. (OPT-1215)
Information: In design 'MQ_INTT', the register 'u_MQ_MONTYMUL/w_reg_reg[7]' is removed because it is merged to 'u_MQ_MONTYMUL/x_y_reg_reg[7]'. (OPT-1215)
Information: In design 'MQ_INTT', the register 'u_MQ_MONTYMUL/w_reg_reg[19]' is removed because it is merged to 'u_MQ_MONTYMUL/x_y_reg_reg[7]'. (OPT-1215)
Information: In design 'MQ_INTT', the register 'u_MQ_MONTYMUL/x_reg_reg[0]' is removed because it is merged to 'u_MQ_MONTYMUL/x_y_reg_reg[7]'. (OPT-1215)

  Beginning Mapping Optimizations  (Ultra High effort)
  -------------------------------
  Mapping Optimization (Phase 1)
Information: The register 'genblk1[8].u_RADIX2/u_MQ_MONTYMUL/x_y_reg_reg[27]' is a constant and will be removed. (OPT-1206)

                                  TOTAL                                                            
   ELAPSED            WORST NEG   SETUP    DESIGN                              LEAKAGE   MIN DELAY 
    TIME      AREA      SLACK     COST    RULE COST         ENDPOINT            POWER      COST    
  --------- --------- --------- --------- --------- ------------------------- --------- -----------
    0:01:10  142736.8      0.61     157.0       0.0                            925.8184      0.00  
    0:01:10  142292.7      0.78     170.2       0.0                            922.8632      0.00  

  Beginning Constant Register Removal
  -----------------------------------
    0:01:11  142304.3      0.78     170.0       0.0                            923.0022      0.00  
    0:01:11  142297.5      0.78     171.1       0.0                            922.9661      0.00  

  Beginning Global Optimizations
  ------------------------------
  Numerical Synthesis (Phase 1)
  Numerical Synthesis (Phase 2)
  Global Optimization (Phase 1)
  Global Optimization (Phase 2)
  Global Optimization (Phase 3)
  Global Optimization (Phase 4)
  Global Optimization (Phase 5)
  Global Optimization (Phase 6)
  Global Optimization (Phase 7)
  Global Optimization (Phase 8)
  Global Optimization (Phase 9)
  Global Optimization (Phase 10)
  Global Optimization (Phase 11)
  Global Optimization (Phase 12)
  Global Optimization (Phase 13)
  Global Optimization (Phase 14)
  Global Optimization (Phase 15)
  Global Optimization (Phase 16)
  Global Optimization (Phase 17)
  Global Optimization (Phase 18)
  Global Optimization (Phase 19)
  Global Optimization (Phase 20)
  Global Optimization (Phase 21)
  Global Optimization (Phase 22)
  Global Optimization (Phase 23)
  Global Optimization (Phase 24)
  Global Optimization (Phase 25)
  Global Optimization (Phase 26)
  Global Optimization (Phase 27)
  Global Optimization (Phase 28)
  Global Optimization (Phase 29)
  Global Optimization (Phase 30)
  Global Optimization (Phase 31)
  Mapping 'MQ_INTT_DP_OP_564J1_143_8553_3'

  Beginning Isolate Ports
  -----------------------

  Beginning Delay Optimization
  ----------------------------
    0:01:18   82431.4      0.79     220.9      55.1                            373.7356      0.00  
    0:01:19   83496.2      0.44     156.4      57.7                            383.6047      0.00  
    0:01:19   83496.2      0.44     156.4      57.7                            383.6047      0.00  
    0:01:20   83400.0      0.44     154.0      57.7                            384.5613      0.00  
    0:01:22   83196.6      0.78     242.4      57.7                            383.1928      0.00  
    0:01:23   83156.9      0.78     242.9      57.7                            382.9876      0.00  

  Beginning WLM Backend Optimization
  --------------------------------------
    0:01:28   82943.5      0.78     234.9      55.1                            376.1742      0.00  
    0:01:36   82631.2      0.76     234.6       6.3                            373.8999      0.00  

  Beginning Delay Optimization HSVT Pass
  --------------------------------------
    0:01:37   82502.8      0.74     232.9       6.3                            372.8141      0.00  
    0:01:37   82502.8      0.74     232.9       6.3                            372.8141      0.00  
    0:01:37   82502.8      0.74     232.9       6.3                            372.8141      0.00  
    0:01:37   83779.9      0.40     143.5       6.3                            416.9265      0.00  
    0:01:39   83779.9      0.40     143.5       6.3                            416.9265      0.00  
    0:01:39   83779.9      0.40     143.5       6.3                            416.9265      0.00  
    0:01:39   83779.9      0.40     143.5       6.3                            416.9265      0.00  
    0:01:39   84241.7      0.39     133.9      24.8                            443.5044      0.00  
    0:01:41   84241.7      0.39     133.9      24.8                            443.5044      0.00  
    0:01:43   85211.7      0.13      44.7       5.0                            668.4761      0.00  
    0:01:44   85359.4      0.01       0.2       0.0                            740.4444      0.00  
    0:01:44   85331.9      0.01       0.1       0.0                            740.7223      0.00  
    0:01:44   85331.9      0.01       0.1       0.0                            740.7223      0.00  
    0:01:46   80879.1      0.01       0.1       0.0                            554.1116      0.00  
    0:01:46   80879.1      0.01       0.1       0.0                            554.1116      0.00  
    0:01:47   81674.1      0.00       0.0       0.0                            611.6206      0.00  
    0:01:47   81674.1      0.00       0.0       0.0                            611.6206      0.00  
    0:01:47   81672.7      0.00       0.0       0.0                            611.8547      0.00  
    0:01:47   81672.7      0.00       0.0       0.0                            611.8547      0.00  
    0:01:47   81672.7      0.00       0.0       0.0                            611.8547      0.00  
    0:01:47   81672.7      0.00       0.0       0.0                            611.8547      0.00  
    0:01:47   81672.7      0.00       0.0       0.0                            611.8547      0.00  
    0:01:47   81672.7      0.00       0.0       0.0                            611.8547      0.00  
    0:01:47   81672.7      0.00       0.0       0.0                            611.8547      0.00  

  Beginning Delay Optimization
  ----------------------------
    0:01:47   81672.7      0.00       0.0       0.0                            611.8547      0.00  
    0:01:47   81672.7      0.00       0.0       0.0                            611.8547      0.00  
    0:01:47   81672.7      0.00       0.0       0.0                            611.8547      0.00  
    0:01:47   81672.7      0.00       0.0       0.0                            611.8547      0.00  
    0:01:47   81672.7      0.00       0.0       0.0                            611.8547      0.00  
    0:01:47   81672.7      0.00       0.0       0.0                            611.8547      0.00  
    0:01:47   81672.7      0.00       0.0       0.0                            611.8547      0.00  
    0:01:47   81672.7      0.00       0.0       0.0                            611.8547      0.00  


  Beginning Design Rule Fixing  (max_transition)
  ----------------------------

                                  TOTAL                                                            
   ELAPSED            WORST NEG   SETUP    DESIGN                              LEAKAGE   MIN DELAY 
    TIME      AREA      SLACK     COST    RULE COST         ENDPOINT            POWER      COST    
  --------- --------- --------- --------- --------- ------------------------- --------- -----------
    0:01:47   81672.7      0.00       0.0       0.0                            611.8547      0.00  
  Global Optimization (Phase 32)
  Global Optimization (Phase 33)
  Global Optimization (Phase 34)
    0:01:47   81672.7      0.00       0.0       0.0                            611.8904      0.00  
    0:01:47   81672.7      0.00       0.0       0.0                            611.8904      0.00  


  Beginning Leakage Power Optimization  (max_leakage_power 0)
  ------------------------------------

                                  TOTAL                                                            
   ELAPSED            WORST NEG   SETUP    DESIGN                              LEAKAGE   MIN DELAY 
    TIME      AREA      SLACK     COST    RULE COST         ENDPOINT            POWER      COST    
  --------- --------- --------- --------- --------- ------------------------- --------- -----------
    0:01:47   81672.7      0.00       0.0       0.0                            611.8904      0.00  
  Global Optimization (Phase 35)
  Global Optimization (Phase 36)
  Global Optimization (Phase 37)
  Global Optimization (Phase 38)
  Global Optimization (Phase 39)
  Global Optimization (Phase 40)
  Global Optimization (Phase 41)
  Global Optimization (Phase 42)
  Global Optimization (Phase 43)
  Global Optimization (Phase 44)
  Global Optimization (Phase 45)
  Global Optimization (Phase 46)
  Global Optimization (Phase 47)
  Global Optimization (Phase 48)
  Global Optimization (Phase 49)
    0:02:01   80815.0      0.05       9.6       0.0                            535.1187      0.00  
    0:02:02   82736.6      0.04       1.7     106.2                            659.7994      0.00  
    0:02:02   82736.6      0.04       1.7     106.2                            659.7994      0.00  
    0:02:04   78952.3      0.00       0.0       0.0                            481.7904      0.00  
    0:02:04   78952.3      0.00       0.0       0.0                            481.7904      0.00  
    0:02:04   79092.9      0.00       0.0       0.0                            490.8091      0.00  
    0:02:04   79092.9      0.00       0.0       0.0                            490.8091      0.00  
    0:02:04   79092.9      0.00       0.0       0.0                            490.8091      0.00  
    0:02:04   79092.9      0.00       0.0       0.0                            490.8091      0.00  
    0:02:04   79092.9      0.00       0.0       0.0                            490.8091      0.00  
    0:02:04   79092.9      0.00       0.0       0.0                            490.8091      0.00  
    0:02:04   79092.9      0.00       0.0       0.0                            490.8091      0.00  
    0:02:04   79092.9      0.00       0.0       0.0                            490.8091      0.00  
    0:02:04   79092.9      0.00       0.0       0.0                            490.8091      0.00  
    0:02:04   79092.9      0.00       0.0       0.0                            490.8091      0.00  
    0:02:04   79092.9      0.00       0.0       0.0                            490.8091      0.00  
    0:02:04   79092.9      0.00       0.0       0.0                            490.8091      0.00  
    0:02:04   79092.9      0.00       0.0       0.0                            490.8091      0.00  
    0:02:04   79092.9      0.00       0.0       0.0                            490.8091      0.00  
    0:02:04   79092.9      0.00       0.0       0.0                            490.8091      0.00  
    0:02:04   79092.9      0.00       0.0       0.0                            490.8091      0.00  
    0:02:04   79092.9      0.00       0.0       0.0                            490.8091      0.00  

                                  TOTAL                                                            
   ELAPSED            WORST NEG   SETUP    DESIGN                              LEAKAGE   MIN DELAY 
    TIME      AREA      SLACK     COST    RULE COST         ENDPOINT            POWER      COST    
  --------- --------- --------- --------- --------- ------------------------- --------- -----------
    0:02:05   79091.5      0.00       0.0       0.0                            490.8068      0.00  
    0:02:18   74719.3      0.00       0.0       0.0                            420.1048      0.00  
    0:02:19   74719.3      0.00       0.0       0.0                            420.1177      0.00  
    0:02:19   74719.3      0.00       0.0       0.0                            420.1177      0.00  
    0:02:20   74705.0      0.00       0.0       0.0                            414.6656      0.00  

  Beginning Delay Optimization HSVT Pass
  --------------------------------------
    0:02:21   74705.0      0.00       0.0       0.0                            414.6656      0.00  
    0:02:21   74705.0      0.00       0.0       0.0                            414.6656      0.00  
    0:02:21   74705.0      0.00       0.0       0.0                            414.6656      0.00  
    0:02:21   74705.0      0.00       0.0       0.0                            414.6656      0.00  
    0:02:22   74705.0      0.00       0.0       0.0                            414.6656      0.00  
    0:02:22   74705.0      0.00       0.0       0.0                            414.6656      0.00  
    0:02:22   74705.0      0.00       0.0       0.0                            414.6656      0.00  
    0:02:22   74705.0      0.00       0.0       0.0                            414.6656      0.00  
    0:02:34   74635.3      0.00       0.0       0.0                            413.2547      0.00  
    0:02:35   74839.9      0.00       0.0       0.0                            407.8868      0.00  
    0:02:35   74842.2      0.00       0.0       0.0                            407.8720      0.00  
    0:02:35   74842.2      0.00       0.0       0.0                            407.8720      0.00  
    0:02:35   74842.2      0.00       0.0       0.0                            407.8720      0.00  
    0:02:35   74842.2      0.00       0.0       0.0                            407.8720      0.00  
    0:02:36   74842.2      0.00       0.0       0.0                            407.8721      0.00  
    0:02:36   74842.2      0.00       0.0       0.0                            407.8721      0.00  
    0:02:38   74295.6      0.00       0.0       0.0                            400.6007      0.00  
Loading db file '/cell_base_lib/CBDK_TSMC40_Arm_f2.0/CIC/SynopsysDC/db/sc9_base_rvt/sc9_cln40g_base_rvt_ss_typical_max_0p81v_125c.db'
Loading db file '/cell_base_lib/CBDK_TSMC40_Arm_f2.0/CIC/SynopsysDC/db/sc9_base_hvt/sc9_cln40g_base_hvt_ss_typical_max_0p81v_125c.db'
Loading db file '/cell_base_lib/CBDK_TSMC40_Arm_f2.0/CIC/SynopsysDC/db/sc9_base_lvt/sc9_cln40g_base_lvt_ss_typical_max_0p81v_125c.db'


Note: Symbol # after min delay cost means estimated hold TNS across all active scenarios 


  Optimization Complete
  ---------------------
Warning: Design 'MQ_INTT' contains 1 high-fanout nets. A fanout number of 1000 will be used for delay calculations involving these nets. (TIM-134)
     Net 'clk': 8863 load(s), 1 driver(s)
Information: State dependent leakage is now switched from off to on.
Information: Propagating switching activity (low effort zero delay simulation). (PWR-6)
1
#uniquify
#compile
#======================================================
#  (F) Output Reports 
#======================================================
report_design  >  Report/$DESIGN\.design
report_resource >  Report/$DESIGN\.resource
report_timing -max_paths 3 >  Report/$DESIGN\.timing
report_area >  Report/$DESIGN\.area
report_power > Report/$DESIGN\.power
report_clock > Report/$DESIGN\.clock
report_port >  Report/$DESIGN\.port
report_power >  Report/$DESIGN\.power
#report_reference > Report/$DESIGN\.reference
#======================================================
#  (G) Change Naming Rule
#======================================================
set bus_inference_style "%s\[%d\]"
%s[%d]
set bus_naming_style "%s\[%d\]"
%s[%d]
set hdlout_internal_busses true
true
change_names -hierarchy -rule verilog
1
define_name_rules name_rule -allowed "a-z A-Z 0-9 _" -max_length 255 -type cell
1
define_name_rules name_rule -allowed "a-z A-Z 0-9 _[]" -max_length 255 -type net
1
define_name_rules name_rule -map {{"\\*cell\\*" "cell"}}
1
define_name_rules name_rule -case_insensitive
1
change_names -hierarchy -rules name_rule
1
#======================================================
#  (H) Output Results
#======================================================
set verilogout_higher_designs_first true
true
write -format verilog -output Netlist/$DESIGN\_SYN.v -hierarchy
Writing verilog file '/home/daniel_kuo/Falcon/hardware/mq_intt/02_SYN/Netlist/MQ_INTT_SYN.v'.
1
write -format ddc     -hierarchy -output $DESIGN\_SYN.ddc
Writing ddc file 'MQ_INTT_SYN.ddc'.
1
write_sdf -version 3.0 -context verilog -load_delay cell Netlist/$DESIGN\_SYN.sdf -significant_digits 6
Information: Writing timing information to file '/home/daniel_kuo/Falcon/hardware/mq_intt/02_SYN/Netlist/MQ_INTT_SYN.sdf'. (WT-3)
1
write_sdc Netlist/$DESIGN\_SYN.sdc
1
#======================================================
#  (I) Finish and Quit
#======================================================
report_area
 
****************************************
Report : area
Design : MQ_INTT
Version: T-2022.03
Date   : Tue Sep 16 18:20:19 2025
****************************************

Library(s) Used:

    sc9_cln40g_base_hvt_ss_typical_max_0p81v_125c (File: /cell_base_lib/CBDK_TSMC40_Arm_f2.0/CIC/SynopsysDC/db/sc9_base_hvt/sc9_cln40g_base_hvt_ss_typical_max_0p81v_125c.db)
    sc9_cln40g_base_lvt_ss_typical_max_0p81v_125c (File: /cell_base_lib/CBDK_TSMC40_Arm_f2.0/CIC/SynopsysDC/db/sc9_base_lvt/sc9_cln40g_base_lvt_ss_typical_max_0p81v_125c.db)
    sc9_cln40g_base_rvt_ss_typical_max_0p81v_125c (File: /cell_base_lib/CBDK_TSMC40_Arm_f2.0/CIC/SynopsysDC/db/sc9_base_rvt/sc9_cln40g_base_rvt_ss_typical_max_0p81v_125c.db)

Number of ports:                           32
Number of nets:                         36188
Number of cells:                        35041
Number of combinational cells:          26178
Number of sequential cells:              8863
Number of macros/black boxes:               0
Number of buf/inv:                       4082
Number of references:                     600

Combinational area:              34067.854220
Buf/Inv area:                     2290.226361
Noncombinational area:           40227.740847
Macro/Black Box area:                0.000000
Net Interconnect area:               0.000000

Total cell area:                 74295.595067
Total area:                      74295.595067
1
report_timing 
 
****************************************
Report : timing
        -path full
        -delay max
        -max_paths 1
Design : MQ_INTT
Version: T-2022.03
Date   : Tue Sep 16 18:20:19 2025
****************************************

 # A fanout number of 1000 was used for high fanout net computations.

Operating Conditions: ss_typical_max_0p81v_125c   Library: sc9_cln40g_base_rvt_ss_typical_max_0p81v_125c
Wire Load Model Mode: top

  Startpoint: genblk1_6__u_RADIX2_mult_d_i_reg_reg_1_
              (rising edge-triggered flip-flop clocked by clk)
  Endpoint: genblk1_6__u_RADIX2_u_MQ_MONTYMUL_w_reg_reg_28_
            (rising edge-triggered flip-flop clocked by clk)
  Path Group: clk
  Path Type: max

  Des/Clust/Port     Wire Load Model       Library
  ------------------------------------------------
  MQ_INTT            Small                 sc9_cln40g_base_rvt_ss_typical_max_0p81v_125c

  Point                                                   Incr       Path
  --------------------------------------------------------------------------
  clock clk (rise edge)                                   0.00       0.00
  clock network delay (ideal)                             0.00       0.00
  genblk1_6__u_RADIX2_mult_d_i_reg_reg_1_/CK (DFFRPQN_X1M_A9TH)
                                                          0.00 #     0.00 r
  genblk1_6__u_RADIX2_mult_d_i_reg_reg_1_/QN (DFFRPQN_X1M_A9TH)
                                                          0.25       0.25 f
  U21984/Y (INV_X3P5B_A9TR)                               0.06       0.31 r
  U20149/Y (XNOR2_X0P5M_A9TR)                             0.16       0.47 r
  U36095/Y (OAI22_X1M_A9TH)                               0.19       0.66 f
  U25002/CO (ADDF_X1M_A9TR)                               0.15       0.81 f
  U19931/CO (ADDF_X1M_A9TH)                               0.17       0.98 f
  U36108/Y (INV_X1M_A9TH)                                 0.08       1.06 r
  U27393/S (ADDH_X1M_A9TR)                                0.13       1.18 f
  U22351/Y (NOR2_X2M_A9TL)                                0.06       1.24 r
  U19620/Y (AOI2XB1_X1M_A9TL)                             0.10       1.34 r
  U21420/Y (XNOR2_X1P4M_A9TL)                             0.09       1.42 r
  U26280/Y (XOR2_X1P4M_A9TL)                              0.09       1.51 r
  U26132/Y (NAND2_X1A_A9TL)                               0.05       1.57 f
  U26077/Y (INV_X1M_A9TR)                                 0.05       1.62 r
  U26023/Y (AOI21_X2M_A9TL)                               0.04       1.66 f
  U25940/Y (OAI21_X2M_A9TL)                               0.06       1.71 r
  U23341/Y (AOI21_X6M_A9TL)                               0.04       1.75 f
  U19271/Y (OAI21_X1P4M_A9TL)                             0.05       1.80 r
  U25752/Y (XNOR2_X1M_A9TL)                               0.06       1.85 r
  genblk1_6__u_RADIX2_u_MQ_MONTYMUL_w_reg_reg_28_/D (DFFRPQ_X1M_A9TH)
                                                          0.00       1.85 r
  data arrival time                                                  1.85

  clock clk (rise edge)                                   2.00       2.00
  clock network delay (ideal)                             0.00       2.00
  clock uncertainty                                      -0.10       1.90
  genblk1_6__u_RADIX2_u_MQ_MONTYMUL_w_reg_reg_28_/CK (DFFRPQ_X1M_A9TH)
                                                          0.00       1.90 r
  library setup time                                     -0.05       1.85
  data required time                                                 1.85
  --------------------------------------------------------------------------
  data required time                                                 1.85
  data arrival time                                                 -1.85
  --------------------------------------------------------------------------
  slack (MET)                                                        0.00


1
exit

Memory usage for this session 1065 Mbytes.
Memory usage for this session including child processes 1614 Mbytes.
CPU usage for this session 218 seconds ( 0.06 hours ).
Elapsed time for this session 180 seconds ( 0.05 hours ).

Thank you...

