#======================================================
#
# Synopsys Synthesis Scripts (Design Vision dctcl mode)
#
#======================================================
#======================================================
# (A) Global Parameters
#======================================================
set DESIGN "KEYGEN"
KEYGEN
set CYCLE 1.8
1.8
set INPUT_DLY [expr 0*$CYCLE]
0.0
set OUTPUT_DLY [expr 0*$CYCLE]
0.0
#======================================================
# (B) Read RTL Code
#======================================================
# (B-1) analyze + elaborate
set hdlin_auto_save_templates TRUE
TRUE
analyze -f sverilog $DESIGN\.v 
Running PRESTO HDLC
Compiling source file ../01_RTL/KEYGEN.v
Opening include file ../01_RTL/MODP_R.v
Opening include file ../01_RTL/MODP_MONTYMUL_TOP.v
Opening include file ../01_RTL/MODP_R2_TOP.v
Opening include file ../01_RTL/MODP_ADD.v
Opening include file ../01_RTL/MODP_MKGM2.v
Opening include file ../01_RTL/MODP_DIV.v
Presto compilation completed successfully.
Loading db file '/cell_base_lib/CBDK_TSMC40_Arm_f2.0/CIC/SynopsysDC/db/sc9_base_rvt/sc9_cln40g_base_rvt_ss_typical_max_0p81v_125c.db'
Loading db file '/cell_base_lib/CBDK_TSMC40_Arm_f2.0/CIC/SynopsysDC/db/sc9_base_hvt/sc9_cln40g_base_hvt_ss_typical_max_0p81v_125c.db'
Loading db file '/cell_base_lib/CBDK_TSMC40_Arm_f2.0/CIC/SynopsysDC/db/sc9_base_lvt/sc9_cln40g_base_lvt_ss_typical_max_0p81v_125c.db'
Loading db file '/usr/cad/synopsys/synthesis/cur/libraries/syn/dw_foundation.sldb'
Loading db file '/usr/cad/synopsys/synthesis/cur/libraries/syn/standard.sldb'
1
elaborate $DESIGN  
Loading db file '/usr/cad/synopsys/synthesis/2022.03/libraries/syn/gtech.db'
Loading db file '/usr/cad/synopsys/synthesis/2022.03/libraries/syn/standard.sldb'
  Loading link library 'sc9_cln40g_base_rvt_ss_typical_max_0p81v_125c'
  Loading link library 'sc9_cln40g_base_hvt_ss_typical_max_0p81v_125c'
  Loading link library 'sc9_cln40g_base_lvt_ss_typical_max_0p81v_125c'
  Loading link library 'gtech'
Running PRESTO HDLC
Presto compilation completed successfully. (KEYGEN)
Elaborated 1 design.
Current design is now 'KEYGEN'.
Information: Building the design 'MODP_MKGM2'. (HDL-193)
Warning:  ../01_RTL/MODP_MKGM2.v:349: signed to unsigned assignment occurs. (VER-318)
Warning:  ../01_RTL/MODP_MKGM2.v:350: signed to unsigned conversion occurs. (VER-318)

Statistics for case statements in always block at line 355 in file
        '../01_RTL/MODP_MKGM2.v'
===============================================
|           Line           |  full/ parallel  |
===============================================
|           356            |    auto/auto     |
===============================================

Statistics for case statements in always block at line 406 in file
        '../01_RTL/MODP_MKGM2.v'
===============================================
|           Line           |  full/ parallel  |
===============================================
|           407            |    auto/auto     |
===============================================

Statistics for case statements in always block at line 443 in file
        '../01_RTL/MODP_MKGM2.v'
===============================================
|           Line           |  full/ parallel  |
===============================================
|           444            |    auto/auto     |
===============================================

Inferred memory devices in process
        in routine MODP_MKGM2 line 719 in file
                '../01_RTL/MODP_MKGM2.v'.
============================================================================================
|          Register Name           |   Type    | Width | Bus | MB | AR | AS | SR | SS | ST |
============================================================================================
|      in_valid_modp_div_reg       | Flip-flop |   1   |  N  | N  | Y  | N  | N  | N  | N  |
|            state_reg             | Flip-flop |   3   |  Y  | N  | Y  | N  | N  | N  | N  |
|             cnt_reg              | Flip-flop |  10   |  Y  | N  | Y  | N  | N  | N  | N  |
|             cnt2_reg             | Flip-flop |  10   |  Y  | N  | Y  | N  | N  | N  | N  |
|            g_reg_reg             | Flip-flop |  31   |  Y  | N  | Y  | N  | N  | N  | N  |
|            ig_reg_reg            | Flip-flop |  31   |  Y  | N  | Y  | N  | N  | N  | N  |
|              x1_reg              | Flip-flop |  31   |  Y  | N  | Y  | N  | N  | N  | N  |
|              x2_reg              | Flip-flop |  31   |  Y  | N  | Y  | N  | N  | N  | N  |
|     in_valid_modp_R2_reg_reg     | Flip-flop |   1   |  N  | N  | Y  | N  | N  | N  | N  |
|   in_valid_modp_montymul_0_reg   | Flip-flop |   1   |  N  | N  | Y  | N  | N  | N  | N  |
| in_valid_modp_montymul_1_reg_reg | Flip-flop |   1   |  N  | N  | Y  | N  | N  | N  | N  |
============================================================================================
Presto compilation completed successfully. (MODP_MKGM2)
Information: Building the design 'MODP_MONTYMUL_TOP' instantiated from design 'KEYGEN' with
        the parameters "MASTER_NUM=3,MUL_NUM=1". (HDL-193)
Warning:  ../01_RTL/MODP_MONTYMUL_TOP.v:144: signed to unsigned assignment occurs. (VER-318)
Presto compilation completed successfully. (MODP_MONTYMUL_TOP_MASTER_NUM3_MUL_NUM1)
Information: Building the design 'MODP_R2_TOP' instantiated from design 'KEYGEN' with
        the parameters "MASTER_NUM=1,R2_NUM=1". (HDL-193)
Warning:  ../01_RTL/MODP_R2_TOP.v:192: signed to unsigned assignment occurs. (VER-318)
Presto compilation completed successfully. (MODP_R2_TOP_MASTER_NUM1_R2_NUM1)
Information: Building the design 'MODP_R'. (HDL-193)
Warning:  ../01_RTL/MODP_R.v:25: signed to unsigned conversion occurs. (VER-318)
Presto compilation completed successfully. (MODP_R)
Information: Building the design 'MODP_DIV'. (HDL-193)

Statistics for case statements in always block at line 99 in file
        '../01_RTL/MODP_DIV.v'
===============================================
|           Line           |  full/ parallel  |
===============================================
|           100            |    auto/auto     |
===============================================

Inferred memory devices in process
        in routine MODP_DIV line 239 in file
                '../01_RTL/MODP_DIV.v'.
==========================================================================================
|         Register Name          |   Type    | Width | Bus | MB | AR | AS | SR | SS | ST |
==========================================================================================
|             z0_reg             | Flip-flop |  31   |  Y  | N  | Y  | N  | N  | N  | N  |
|           state_reg            | Flip-flop |   1   |  N  | N  | Y  | N  | N  | N  | N  |
|            cnt_reg             | Flip-flop |   3   |  Y  | N  | Y  | N  | N  | N  | N  |
| in_valid_modp_montymul_reg_reg | Flip-flop |   1   |  N  | N  | Y  | N  | N  | N  | N  |
|             i_reg              | Flip-flop |   5   |  Y  | N  | Y  | N  | N  | N  | N  |
|             e_reg              | Flip-flop |  31   |  Y  | N  | Y  | N  | N  | N  | N  |
==========================================================================================
Presto compilation completed successfully. (MODP_DIV)
Information: Building the design 'MODP_MONTYMUL' instantiated from design 'MODP_MONTYMUL_TOP_MASTER_NUM3_MUL_NUM1' with
        the parameters "MASTER_NUM=3". (HDL-193)

Inferred memory devices in process
        in routine MODP_MONTYMUL_MASTER_NUM3 line 490 in file
                '../01_RTL/MODP_MONTYMUL_TOP.v'.
===============================================================================
|    Register Name    |   Type    | Width | Bus | MB | AR | AS | SR | SS | ST |
===============================================================================
|      o_bus_reg      | Flip-flop |   3   |  Y  | N  | Y  | N  | N  | N  | N  |
|      p_reg_reg      | Flip-flop |  31   |  Y  | N  | Y  | N  | N  | N  | N  |
|    isMQ_reg_reg     | Flip-flop |   1   |  N  | N  | Y  | N  | N  | N  | N  |
|    out_valid_reg    | Flip-flop |   1   |  N  | N  | Y  | N  | N  | N  | N  |
|     a_b_reg_reg     | Flip-flop |  62   |  Y  | N  | Y  | N  | N  | N  | N  |
|   a_b_p0i_reg_reg   | Flip-flop |  31   |  Y  | N  | Y  | N  | N  | N  | N  |
===============================================================================
Presto compilation completed successfully. (MODP_MONTYMUL_MASTER_NUM3)
Information: Building the design 'MODP_R2' instantiated from design 'MODP_R2_TOP_MASTER_NUM1_R2_NUM1' with
        the parameters "MASTER_NUM=1". (HDL-193)
Warning:  ../01_RTL/MODP_R2_TOP.v:456: signed to unsigned conversion occurs. (VER-318)

Statistics for case statements in always block at line 384 in file
        '../01_RTL/MODP_R2_TOP.v'
===============================================
|           Line           |  full/ parallel  |
===============================================
|           385            |    auto/auto     |
===============================================

Inferred memory devices in process
        in routine MODP_R2_MASTER_NUM1 line 504 in file
                '../01_RTL/MODP_R2_TOP.v'.
======================================================================================
|       Register Name        |   Type    | Width | Bus | MB | AR | AS | SR | SS | ST |
======================================================================================
|         o_bus_reg          | Flip-flop |   1   |  N  | N  | Y  | N  | N  | N  | N  |
|         state_reg          | Flip-flop |   1   |  N  | N  | Y  | N  | N  | N  | N  |
|          cnt_reg           | Flip-flop |   3   |  Y  | N  | Y  | N  | N  | N  | N  |
|         p_reg_reg          | Flip-flop |  31   |  Y  | N  | Y  | N  | N  | N  | N  |
|        p0i_reg_reg         | Flip-flop |  31   |  Y  | N  | Y  | N  | N  | N  | N  |
| in_valid_modp_montymul_reg | Flip-flop |   1   |  N  | N  | Y  | N  | N  | N  | N  |
|           z_reg            | Flip-flop |  31   |  Y  | N  | Y  | N  | N  | N  | N  |
|       out_valid_reg        | Flip-flop |   1   |  N  | N  | Y  | N  | N  | N  | N  |
======================================================================================
Presto compilation completed successfully. (MODP_R2_MASTER_NUM1)
Information: Building the design 'MODP_ADD'. (HDL-193)
Presto compilation completed successfully. (MODP_ADD)
1
# (B-2) read_sverilog
# read_sverilog $DESIGN\.v
# (B-3) set current design
current_design $DESIGN
Current design is 'KEYGEN'.
{KEYGEN}
link

  Linking design 'KEYGEN'
  Using the following designs and libraries:
  --------------------------------------------------------------------------
  * (9 designs)               /home/daniel_kuo/Falcon/hardware/modp_mkgm2/02_SYN/KEYGEN.db, etc
  sc9_cln40g_base_rvt_ss_typical_max_0p81v_125c (library) /cell_base_lib/CBDK_TSMC40_Arm_f2.0/CIC/SynopsysDC/db/sc9_base_rvt/sc9_cln40g_base_rvt_ss_typical_max_0p81v_125c.db
  sc9_cln40g_base_hvt_ss_typical_max_0p81v_125c (library) /cell_base_lib/CBDK_TSMC40_Arm_f2.0/CIC/SynopsysDC/db/sc9_base_hvt/sc9_cln40g_base_hvt_ss_typical_max_0p81v_125c.db
  sc9_cln40g_base_lvt_ss_typical_max_0p81v_125c (library) /cell_base_lib/CBDK_TSMC40_Arm_f2.0/CIC/SynopsysDC/db/sc9_base_lvt/sc9_cln40g_base_lvt_ss_typical_max_0p81v_125c.db
  dw_foundation.sldb (library) /usr/cad/synopsys/synthesis/cur/libraries/syn/dw_foundation.sldb

1
#======================================================
#  (C) Global Setting
#======================================================
set_wire_load_mode top
1
# set_operating_conditions -max WCCOM -min BCCOM
# set_wire_load_model -name umc18_wl10 -library slow
#======================================================
#  (D) Set Design Constraints
#======================================================
# (D-1) Setting Clock Constraints
create_clock -name clk -period $CYCLE [get_ports clk] 
1
set_dont_touch_network             [get_clocks clk]
1
set_fix_hold                       [get_clocks clk]
1
set_clock_uncertainty       0.1    [get_clocks clk]
1
# set_clock_latency   -source 0      [get_clocks clk]
# set_clock_latency           1      [get_clocks clk] 
set_input_transition        0.5    [all_inputs] 
1
set_clock_transition        0.1    [all_clocks] 
1
# (D-2) Setting in/out Constraints
set_input_delay   -max  $INPUT_DLY  -clock clk   [all_inputs] ;  # set_up time check 
1
set_input_delay   -min  0           -clock clk   [all_inputs] ;  # hold   time check 
1
set_output_delay  -max  $OUTPUT_DLY -clock clk   [all_outputs] ; # set_up time check 
1
set_output_delay  -min  0           -clock clk   [all_outputs] ; # hold   time check 
1
set_input_delay 0 -clock clk clk
1
set_input_delay 0 -clock clk rst_n
1
#set_max_delay $CYCLE -from [all_inputs] -to [all_outputs]
# (D-3) Setting Design Environment
# set_driving_cell -library umc18io3v5v_slow -lib_cell P2C    -pin {Y}  [get_ports clk]
# set_driving_cell -library umc18io3v5v_slow -lib_cell P2C    -pin {Y}  [remove_from_collection [all_inputs] [get_ports clk]]
# set_load  [load_of "umc18io3v5v_slow/P8C/A"]       [all_outputs] ; # ~= 0.038
set_load 0.05 [all_outputs]
1
# (D-4) Setting DRC Constraint
#set_max_delay           0     ; # Optimize delay max effort                 
#set_max_area            0      ; # Optimize area max effort           
set_max_transition      3       [all_inputs]   ; # U18 LUT Max Transition Value  
1
set_max_capacitance     0.15    [all_inputs]   ; # U18 LUT Max Capacitance Value
1
set_max_fanout          10      [all_inputs]
1
# set_dont_use slow/JKFF*
#set_dont_touch [get_cells core_reg_macro]
#set hdlin_ff_always_sync_set_reset true
# (D-5) Report Clock skew
report_clock -skew clk
Information: Checking out the license 'DesignWare'. (SEC-104)
Information: Changed wire load model for 'alt1' from '(none)' to 'Small'. (OPT-170)
Information: Changed wire load model for 'astr' from '(none)' to 'Small'. (OPT-170)
Information: Changed wire load model for 'alt1' from '(none)' to 'Small'. (OPT-170)
Information: Changed wire load model for 'astr' from '(none)' to 'Small'. (OPT-170)
Information: Changed wire load model for 'alt1' from '(none)' to 'Small'. (OPT-170)
Information: Changed wire load model for 'apparch' from '(none)' to 'Small'. (OPT-170)
Information: Changed wire load model for 'alt1' from '(none)' to 'Small'. (OPT-170)
Information: Changed wire load model for 'apparch' from '(none)' to 'Small'. (OPT-170)
Information: Changed wire load model for 'alt1' from '(none)' to 'Small'. (OPT-170)
Information: Changed wire load model for 'apparch' from '(none)' to 'Small'. (OPT-170)
Information: Updating design information... (UID-85)
Warning: Design 'KEYGEN' contains 1 high-fanout nets. A fanout number of 1000 will be used for delay calculations involving these nets. (TIM-134)
 
****************************************
Report : clock_skew
Design : KEYGEN
Version: T-2022.03
Date   : Thu Oct  9 22:38:13 2025
****************************************

                 Rise      Fall  Min Rise  Min fall        Uncertainty
Object          Delay     Delay     Delay     Delay     Plus      Minus
--------------------------------------------------------------------------------
clk                 -         -         -         -      0.10      0.10

                 Max Transition      Min Transition
Object           Rise      Fall      Rise      Fall
-------------------------------------------------------
clk              0.10      0.10      0.10      0.10
1
check_timing

Information: Checking generated_clocks...

Information: Checking loops...

Information: Checking no_input_delay...

Information: Checking unconstrained_endpoints...

Information: Checking pulse_clock_cell_type...

Information: Checking no_driving_cell...

Information: Checking partial_input_delay...
1
#======================================================
#  (E) Optimization
#======================================================
check_design > Report/$DESIGN\.check
set_fix_multiple_port_nets -all -buffer_constants [get_designs *]
1
set_fix_hold [all_clocks]
1
compile_ultra
Information: Performing power optimization. (PWR-850)
Alib files are up-to-date.
Information: Running optimization using a maximum of 4 cores. (OPT-1500)
Information: Evaluating DesignWare library utilization. (UISN-27)

============================================================================
| DesignWare Building Block Library  |         Version         | Available |
============================================================================
| Basic DW Building Blocks           | S-2021.06-DWBB_202106.0 |     *     |
| Licensed DW Building Blocks        | S-2021.06-DWBB_202106.0 |     *     |
============================================================================

====================================================================================================
| Flow Information                                                                                 |
----------------------------------------------------------------------------------------------------
| Flow         | Design Compiler NXT WLM                                                           |
| Comand line  | compile_ultra                                                                     |
====================================================================================================
| Design Information                                      | Value                                  |
====================================================================================================
| Number of Scenarios                                     | 0                                      |
| Leaf Cell Count                                         | 1406                                   |
| Number of User Hierarchies                              | 9                                      |
| Sequential Cell Count                                   | 452                                    |
| Macro Count                                             | 0                                      |
| Number of Power Domains                                 | 0                                      |
| Number of Path Groups                                   | 2                                      |
| Number of VT class                                      | 0                                      |
| Number of Clocks                                        | 1                                      |
| Number of Dont Touch cells                              | 301                                    |
| Number of Dont Touch nets                               | 7                                      |
| Number of size only cells                               | 0                                      |
| Design with UPF Data                                    | false                                  |
----------------------------------------------------------------------------------------------------
| Variables                                               | Value                                  |
----------------------------------------------------------------------------------------------------
| set_fix_multiple_port_nets                              | -all -buffer_constants                 |
====================================================================================================
Information: Sequential output inversion is enabled.  SVF file must be used for formal verification. (OPT-1208)

Information: There are 575 potential problems in your design. Please run 'check_design' for more information. (LINT-99)

Information: Uniquified 2 instances of design 'MODP_R'. (OPT-1056)
  Simplifying Design 'KEYGEN'

Loaded alib file './alib-52/sc9_cln40g_base_rvt_ss_typical_max_0p81v_125c.db.alib' (placeholder)
Loaded alib file './alib-52/sc9_cln40g_base_hvt_ss_typical_max_0p81v_125c.db.alib'
Loaded alib file './alib-52/sc9_cln40g_base_lvt_ss_typical_max_0p81v_125c.db.alib' (placeholder)
  Building model 'DW01_NAND2'
Information: Ungrouping hierarchy u_MODP_MKGM2 before Pass 1 (OPT-776)
Information: Ungrouping hierarchy u_MODP_MONTYMUL_TOP before Pass 1 (OPT-776)
Information: Ungrouping hierarchy u_MODP_R2_TOP before Pass 1 (OPT-776)
Information: Ungrouping hierarchy u_MODP_MKGM2/u_MODP_R before Pass 1 (OPT-776)
Information: Ungrouping hierarchy u_MODP_MKGM2/u_MODP_DIV before Pass 1 (OPT-776)
Information: Ungrouping hierarchy u_MODP_R2_TOP/genblk1[0].u_MODP_R2 before Pass 1 (OPT-776)
Information: Ungrouping hierarchy u_MODP_R2_TOP/genblk1[0].u_MODP_R2/u_MODP_ADD before Pass 1 (OPT-776)
Information: Ungrouping hierarchy u_MODP_R2_TOP/genblk1[0].u_MODP_R2/u_MODP_R before Pass 1 (OPT-776)
Information: Ungrouping 8 of 10 hierarchies before Pass 1 (OPT-775)
Information: State dependent leakage is now switched from on to off.

  Beginning Pass 1 Mapping
  ------------------------
  Processing 'KEYGEN'
Information: Added key list 'DesignWare' to design 'KEYGEN'. (DDB-72)
Information: The register 'u_MODP_MKGM2/in_valid_modp_R2_reg_reg' is a constant and will be removed. (OPT-1206)
Information: The register 'u_MODP_R2_TOP/genblk1[0].u_MODP_R2/o_bus_reg[0]' is a constant and will be removed. (OPT-1206)
 Implement Synthetic for 'KEYGEN'.
  Processing 'MODP_MONTYMUL_MASTER_NUM3'
Information: The register 'o_bus_reg[2]' is a constant and will be removed. (OPT-1206)
 Implement Synthetic for 'MODP_MONTYMUL_MASTER_NUM3'.

  Updating timing information
Information: Updating design information... (UID-85)
Information: The library cell 'TIELO_X1M_A9TR' in the library 'sc9_cln40g_base_rvt_ss_typical_max_0p81v_125c' is not characterized for internal power. (PWR-536)
Information: The library cell 'TIEHI_X1M_A9TR' in the library 'sc9_cln40g_base_rvt_ss_typical_max_0p81v_125c' is not characterized for internal power. (PWR-536)
Information: The library cell 'TIELO_X1M_A9TH' in the library 'sc9_cln40g_base_hvt_ss_typical_max_0p81v_125c' is not characterized for internal power. (PWR-536)
Information: The library cell 'TIEHI_X1M_A9TH' in the library 'sc9_cln40g_base_hvt_ss_typical_max_0p81v_125c' is not characterized for internal power. (PWR-536)
Information: The library cell 'TIELO_X1M_A9TL' in the library 'sc9_cln40g_base_lvt_ss_typical_max_0p81v_125c' is not characterized for internal power. (PWR-536)
Information: The library cell 'TIEHI_X1M_A9TL' in the library 'sc9_cln40g_base_lvt_ss_typical_max_0p81v_125c' is not characterized for internal power. (PWR-536)
Information: The target library(s) contains cell(s), other than black boxes, that are not characterized for internal power. (PWR-24)
Information: The register 'u_MODP_MONTYMUL_TOP/genblk1[0].u_MODP_MONTYMUL/isMQ_reg_reg' is a constant and will be removed. (OPT-1206)

  Beginning Mapping Optimizations  (Ultra High effort)
  -------------------------------
Information: Updating design information... (UID-85)
Information: Ungrouping hierarchy u_MODP_MONTYMUL_TOP/genblk1[0].u_MODP_MONTYMUL 'MODP_MONTYMUL_MASTER_NUM3' #insts = 161. (OPT-777)
  Mapping Optimization (Phase 1)
  Mapping Optimization (Phase 2)
  Mapping Optimization (Phase 3)
  Mapping Optimization (Phase 4)
  Mapping Optimization (Phase 5)
  Mapping Optimization (Phase 6)

                                  TOTAL                                                            
   ELAPSED            WORST NEG   SETUP    DESIGN                              LEAKAGE   MIN DELAY 
    TIME      AREA      SLACK     COST    RULE COST         ENDPOINT            POWER      COST    
  --------- --------- --------- --------- --------- ------------------------- --------- -----------
    0:00:32   40444.3      1.94     511.2       0.0                            280.4236      0.00  
    0:00:32   40012.3      2.30     536.6      17.1                            277.3734      0.00  

  Beginning Constant Register Removal
  -----------------------------------
    0:00:32   40168.1      2.30     536.3      17.1                            279.2437      0.00  
    0:00:32   40133.8      2.30     536.0      17.1                            278.9557      0.00  

  Beginning Global Optimizations
  ------------------------------
  Numerical Synthesis (Phase 1)
  Numerical Synthesis (Phase 2)
  Global Optimization (Phase 1)
  Global Optimization (Phase 2)
  Global Optimization (Phase 3)
  Global Optimization (Phase 4)
  Global Optimization (Phase 5)
  Global Optimization (Phase 6)
  Global Optimization (Phase 7)
  Global Optimization (Phase 8)
  Global Optimization (Phase 9)
  Global Optimization (Phase 10)
  Global Optimization (Phase 11)
  Global Optimization (Phase 12)
  Global Optimization (Phase 13)
  Global Optimization (Phase 14)
  Global Optimization (Phase 15)
  Global Optimization (Phase 16)
  Global Optimization (Phase 17)
  Global Optimization (Phase 18)
  Global Optimization (Phase 19)
  Global Optimization (Phase 20)
  Global Optimization (Phase 21)
  Global Optimization (Phase 22)
  Global Optimization (Phase 23)
  Global Optimization (Phase 24)
  Global Optimization (Phase 25)
  Global Optimization (Phase 26)
  Global Optimization (Phase 27)
  Global Optimization (Phase 28)
  Global Optimization (Phase 29)
  Global Optimization (Phase 30)
  Global Optimization (Phase 31)

  Beginning Isolate Ports
  -----------------------

  Beginning Delay Optimization
  ----------------------------
    0:00:35   21861.0      2.23     426.9     313.7                            127.7944      0.00  
  Mapping 'KEYGEN_DP_OP_29J1_125_6134_6'
    0:00:38   23230.4      1.77     413.2     313.7                            139.8365      0.00  
    0:00:38   23230.4      1.77     413.2     313.7                            139.8365      0.00  
    0:00:38   23237.2      1.77     415.3     313.7                            139.9768      0.00  
    0:00:40   23153.1      1.92     436.7     313.7                            139.3965      0.00  
    0:00:40   23113.6      1.95     432.2     313.7                            139.1185      0.00  

  Beginning WLM Backend Optimization
  --------------------------------------

  Beginning Delay Optimization HSVT Pass
  --------------------------------------
    0:00:46   22691.6      1.91     431.3     240.1                            135.9211      0.00  
    0:00:46   22691.6      1.91     431.3     240.1                            135.9211      0.00  
    0:00:46   22691.6      1.91     431.3     240.1                            135.9211      0.00  
    0:00:46   23053.8      1.78     423.5     240.1                            155.2122      0.00  
    0:00:47   23053.8      1.78     423.5     240.1                            155.2122      0.00  
    0:00:47   23053.8      1.78     423.5     240.1                            155.2122      0.00  
    0:00:47   23053.8      1.78     423.5     240.1                            155.2122      0.00  
    0:00:48   23180.1      1.67     418.5     240.1                            174.5539      0.00  
    0:00:50   23180.1      1.67     418.5     240.1                            174.5539      0.00  
    0:00:52   23415.1      0.97     290.5     294.3                            429.2899      0.00  
    0:00:54   23809.7      0.64     185.8     157.5                            596.4275      0.00  
    0:00:56   24232.4      0.45     113.8     122.6                            718.5312      0.00  
    0:00:57   24461.7      0.45      75.4     122.6                            759.6711      0.00  
    0:00:57   24461.7      0.45      75.4     122.6                            759.6711      0.00  
    0:00:58   23589.2      0.45      43.1     115.0                            794.8441      0.00  
    0:00:58   23589.2      0.45      43.1     115.0                            794.8441      0.00  
    0:01:01   24795.4      0.38      43.8     117.3                            880.6943      0.00  
    0:01:01   24795.4      0.38      43.8     117.3                            880.6943      0.00  
    0:01:02   24968.4      0.28      40.3     118.3                            907.2559      0.00  
    0:01:02   24968.4      0.28      40.3     118.3                            907.2559      0.00  
    0:01:06   26226.2      0.26      39.8     118.3                            991.0441      0.00  
    0:01:06   26226.2      0.26      39.8     118.3                            991.0441      0.00  
    0:01:16   29004.3      0.03       1.9     193.9                           1193.5062      0.00  
    0:01:16   29004.3      0.03       1.9     193.9                           1193.5062      0.00  
    0:01:27   30309.8      0.02       0.6     187.5                           1262.7670      0.00  

  Beginning Delay Optimization
  ----------------------------
    0:01:27   30309.8      0.02       0.6     187.5                           1262.7670      0.00  
    0:01:28   30425.2      0.00       0.0     188.5                           1273.8442      0.00  
    0:01:28   30425.2      0.00       0.0     188.5                           1273.8442      0.00  
    0:01:28   30425.2      0.00       0.0     188.5                           1273.8442      0.00  
    0:01:28   30425.2      0.00       0.0     188.5                           1273.8442      0.00  
    0:01:28   30425.2      0.00       0.0     188.5                           1273.8442      0.00  
    0:01:28   30425.2      0.00       0.0     188.5                           1273.8442      0.00  
    0:01:28   30425.2      0.00       0.0     188.5                           1273.8442      0.00  


  Beginning Design Rule Fixing  (max_transition)  (max_capacitance)
  ----------------------------

                                  TOTAL                                                            
   ELAPSED            WORST NEG   SETUP    DESIGN                              LEAKAGE   MIN DELAY 
    TIME      AREA      SLACK     COST    RULE COST         ENDPOINT            POWER      COST    
  --------- --------- --------- --------- --------- ------------------------- --------- -----------
    0:01:28   30425.2      0.00       0.0     188.5                           1273.8442      0.00  
  Global Optimization (Phase 32)
  Global Optimization (Phase 33)
  Global Optimization (Phase 34)
    0:01:29   30425.4      0.00       0.0       0.0                           1273.9359      0.00  
    0:01:29   30425.4      0.00       0.0       0.0                           1273.9359      0.00  


  Beginning Leakage Power Optimization  (max_leakage_power 0)
  ------------------------------------

                                  TOTAL                                                            
   ELAPSED            WORST NEG   SETUP    DESIGN                              LEAKAGE   MIN DELAY 
    TIME      AREA      SLACK     COST    RULE COST         ENDPOINT            POWER      COST    
  --------- --------- --------- --------- --------- ------------------------- --------- -----------
    0:01:29   30425.4      0.00       0.0       0.0                           1273.9359      0.00  
  Global Optimization (Phase 35)
  Global Optimization (Phase 36)
  Global Optimization (Phase 37)
  Global Optimization (Phase 38)
  Global Optimization (Phase 39)
  Global Optimization (Phase 40)
  Global Optimization (Phase 41)
  Global Optimization (Phase 42)
  Global Optimization (Phase 43)
  Global Optimization (Phase 44)
  Global Optimization (Phase 45)
  Global Optimization (Phase 46)
  Global Optimization (Phase 47)
  Global Optimization (Phase 48)
  Global Optimization (Phase 49)
    0:01:32   28780.9      0.06       8.8       0.0                           1140.3877      0.00  
    0:01:39   30223.1      0.03       1.7       0.0                           1220.1613      0.00  
    0:01:39   30223.1      0.03       1.7       0.0                           1220.1613      0.00  
    0:01:40   28518.3      0.03       0.6       0.0                           1100.4089      0.00  
    0:01:40   28518.3      0.03       0.6       0.0                           1100.4089      0.00  
    0:01:50   29826.0      0.02       0.7       0.0                           1175.1572      0.00  
    0:01:50   29826.0      0.02       0.7       0.0                           1175.1572      0.00  
    0:01:50   29946.0      0.02       0.3       0.0                           1182.8499      0.00  
    0:01:50   29946.0      0.02       0.3       0.0                           1182.8499      0.00  
    0:01:54   30228.6      0.01       0.1       0.0                           1197.0140      0.00  
    0:01:54   30228.6      0.01       0.1       0.0                           1197.0140      0.00  
    0:01:55   30298.4      0.00       0.0       0.0                           1203.2749      0.00  
    0:01:55   30298.4      0.00       0.0       0.0                           1203.2749      0.00  
    0:01:55   30298.4      0.00       0.0       0.0                           1203.2749      0.00  
    0:01:55   30298.4      0.00       0.0       0.0                           1203.2749      0.00  
    0:01:55   30298.4      0.00       0.0       0.0                           1203.2749      0.00  
    0:01:55   30298.4      0.00       0.0       0.0                           1203.2749      0.00  
    0:01:55   30298.4      0.00       0.0       0.0                           1203.2749      0.00  
    0:01:55   30298.4      0.00       0.0       0.0                           1203.2749      0.00  
    0:01:55   30298.4      0.00       0.0       0.0                           1203.2749      0.00  
    0:01:55   30298.4      0.00       0.0       0.0                           1203.2749      0.00  
    0:01:55   30298.4      0.00       0.0       0.0                           1203.2749      0.00  

                                  TOTAL                                                            
   ELAPSED            WORST NEG   SETUP    DESIGN                              LEAKAGE   MIN DELAY 
    TIME      AREA      SLACK     COST    RULE COST         ENDPOINT            POWER      COST    
  --------- --------- --------- --------- --------- ------------------------- --------- -----------
    0:01:55   30298.4      0.00       0.0       0.0                           1203.2749      0.00  
    0:02:01   26336.2      0.01       0.0       0.0                           1044.7220      0.00  
    0:02:01   26346.9      0.00       0.0       0.0                           1045.4080      0.00  
    0:02:01   26346.9      0.00       0.0       0.0                           1045.4080      0.00  
    0:02:02   25781.9      0.00       0.0       0.0                            980.7552      0.00  

  Beginning Delay Optimization HSVT Pass
  --------------------------------------
    0:02:03   25781.9      0.00       0.0       0.0                            980.7552      0.00  
    0:02:03   25781.9      0.00       0.0       0.0                            980.7552      0.00  
    0:02:03   25781.9      0.00       0.0       0.0                            980.7552      0.00  
    0:02:04   25781.9      0.00       0.0       0.0                            980.7552      0.00  
    0:02:05   25781.9      0.00       0.0       0.0                            980.7552      0.00  
    0:02:06   25781.9      0.00       0.0       0.0                            980.7552      0.00  
    0:02:06   25781.9      0.00       0.0       0.0                            980.7552      0.00  
    0:02:06   25782.2      0.00       0.0       0.0                            980.5945      0.00  
    0:02:08   25791.2      0.00       0.0       0.0                            972.4743      0.00  
    0:02:08   25791.2      0.00       0.0       0.0                            972.4743      0.00  
    0:02:08   25791.2      0.00       0.0       0.0                            972.4743      0.00  
    0:02:08   25791.2      0.00       0.0       0.0                            972.4743      0.00  
    0:02:09   25791.2      0.00       0.0       0.0                            972.4743      0.00  
    0:02:09   25791.2      0.00       0.0       0.0                            972.4743      0.00  
    0:02:11   24594.2      0.00       0.0       0.0                            907.5275      0.00  
Loading db file '/cell_base_lib/CBDK_TSMC40_Arm_f2.0/CIC/SynopsysDC/db/sc9_base_rvt/sc9_cln40g_base_rvt_ss_typical_max_0p81v_125c.db'
Loading db file '/cell_base_lib/CBDK_TSMC40_Arm_f2.0/CIC/SynopsysDC/db/sc9_base_hvt/sc9_cln40g_base_hvt_ss_typical_max_0p81v_125c.db'
Loading db file '/cell_base_lib/CBDK_TSMC40_Arm_f2.0/CIC/SynopsysDC/db/sc9_base_lvt/sc9_cln40g_base_lvt_ss_typical_max_0p81v_125c.db'


Note: Symbol # after min delay cost means estimated hold TNS across all active scenarios 


  Optimization Complete
  ---------------------
Information: State dependent leakage is now switched from off to on.
Information: Propagating switching activity (low effort zero delay simulation). (PWR-6)
1
#uniquify
#compile
#======================================================
#  (F) Output Reports 
#======================================================
report_design  >  Report/$DESIGN\.design
report_resource >  Report/$DESIGN\.resource
report_timing -max_paths 3 >  Report/$DESIGN\.timing
report_area >  Report/$DESIGN\.area
report_power > Report/$DESIGN\.power
report_clock > Report/$DESIGN\.clock
report_port >  Report/$DESIGN\.port
report_power >  Report/$DESIGN\.power
#report_reference > Report/$DESIGN\.reference
#======================================================
#  (G) Change Naming Rule
#======================================================
set bus_inference_style "%s\[%d\]"
%s[%d]
set bus_naming_style "%s\[%d\]"
%s[%d]
set hdlout_internal_busses true
true
change_names -hierarchy -rule verilog
1
define_name_rules name_rule -allowed "a-z A-Z 0-9 _" -max_length 255 -type cell
1
define_name_rules name_rule -allowed "a-z A-Z 0-9 _[]" -max_length 255 -type net
1
define_name_rules name_rule -map {{"\\*cell\\*" "cell"}}
1
define_name_rules name_rule -case_insensitive
1
change_names -hierarchy -rules name_rule
1
#======================================================
#  (H) Output Results
#======================================================
set verilogout_higher_designs_first true
true
write -format verilog -output Netlist/$DESIGN\_SYN.v -hierarchy
Writing verilog file '/home/daniel_kuo/Falcon/hardware/modp_mkgm2/02_SYN/Netlist/KEYGEN_SYN.v'.
1
write -format ddc     -hierarchy -output $DESIGN\_SYN.ddc
Writing ddc file 'KEYGEN_SYN.ddc'.
1
write_sdf -version 3.0 -context verilog -load_delay cell Netlist/$DESIGN\_SYN.sdf -significant_digits 6
Information: Writing timing information to file '/home/daniel_kuo/Falcon/hardware/modp_mkgm2/02_SYN/Netlist/KEYGEN_SYN.sdf'. (WT-3)
1
write_sdc Netlist/$DESIGN\_SYN.sdc
1
#======================================================
#  (I) Finish and Quit
#======================================================
report_area
 
****************************************
Report : area
Design : KEYGEN
Version: T-2022.03
Date   : Thu Oct  9 22:40:30 2025
****************************************

Library(s) Used:

    sc9_cln40g_base_hvt_ss_typical_max_0p81v_125c (File: /cell_base_lib/CBDK_TSMC40_Arm_f2.0/CIC/SynopsysDC/db/sc9_base_hvt/sc9_cln40g_base_hvt_ss_typical_max_0p81v_125c.db)
    sc9_cln40g_base_lvt_ss_typical_max_0p81v_125c (File: /cell_base_lib/CBDK_TSMC40_Arm_f2.0/CIC/SynopsysDC/db/sc9_base_lvt/sc9_cln40g_base_lvt_ss_typical_max_0p81v_125c.db)
    sc9_cln40g_base_rvt_ss_typical_max_0p81v_125c (File: /cell_base_lib/CBDK_TSMC40_Arm_f2.0/CIC/SynopsysDC/db/sc9_base_rvt/sc9_cln40g_base_rvt_ss_typical_max_0p81v_125c.db)

Number of ports:                          184
Number of nets:                         12191
Number of cells:                        11240
Number of combinational cells:          10792
Number of sequential cells:               448
Number of macros/black boxes:               0
Number of buf/inv:                       1919
Number of references:                     536

Combinational area:              22548.455850
Buf/Inv area:                     2180.681998
Noncombinational area:            2045.735905
Macro/Black Box area:                0.000000
Net Interconnect area:               0.000000

Total cell area:                 24594.191755
Total area:                      24594.191755
1
report_timing 
 
****************************************
Report : timing
        -path full
        -delay max
        -max_paths 1
Design : KEYGEN
Version: T-2022.03
Date   : Thu Oct  9 22:40:30 2025
****************************************

Operating Conditions: ss_typical_max_0p81v_125c   Library: sc9_cln40g_base_rvt_ss_typical_max_0p81v_125c
Wire Load Model Mode: top

  Startpoint: u_MODP_MKGM2_state_reg_1_
              (rising edge-triggered flip-flop clocked by clk)
  Endpoint: u_MODP_MONTYMUL_TOP_genblk1_0__u_MODP_MONTYMUL_a_b_p0i_reg_reg_29_
            (rising edge-triggered flip-flop clocked by clk)
  Path Group: clk
  Path Type: max

  Des/Clust/Port     Wire Load Model       Library
  ------------------------------------------------
  KEYGEN             Small                 sc9_cln40g_base_rvt_ss_typical_max_0p81v_125c

  Point                                                   Incr       Path
  --------------------------------------------------------------------------
  clock clk (rise edge)                                   0.00       0.00
  clock network delay (ideal)                             0.00       0.00
  u_MODP_MKGM2_state_reg_1_/CK (DFFRPQ_X4M_A9TL)          0.00       0.00 r
  u_MODP_MKGM2_state_reg_1_/Q (DFFRPQ_X4M_A9TL)           0.15       0.15 r
  U11164/Y (NAND2_X8M_A9TL)                               0.02       0.18 f
  U10868/Y (NOR2_X8A_A9TL)                                0.03       0.21 r
  U11044/Y (NOR2_X8A_A9TL)                                0.02       0.23 f
  U10898/Y (NOR2_X8A_A9TL)                                0.02       0.25 r
  U11088/Y (NAND3BB_X8M_A9TL)                             0.06       0.32 r
  U11031/Y (NAND2B_X6M_A9TL)                              0.05       0.36 r
  U8356/Y (NAND2_X4M_A9TL)                                0.02       0.38 f
  U3418/Y (INV_X4M_A9TL)                                  0.02       0.40 r
  U8530/Y (NAND3_X6M_A9TL)                                0.03       0.43 f
  U8529/Y (AND2_X6B_A9TL)                                 0.04       0.47 f
  U8390/Y (NAND2_X6M_A9TL)                                0.02       0.49 r
  U10466/Y (NAND2_X8M_A9TL)                               0.02       0.51 f
  U8617/Y (INV_X16M_A9TL)                                 0.02       0.54 r
  U8833/Y (OAI22_X8M_A9TL)                                0.03       0.57 f
  U8985/Y (XOR2_X4M_A9TL)                                 0.04       0.61 f
  U11059/Y (XOR2_X4M_A9TL)                                0.04       0.65 f
  U9118/Y (XNOR2_X4M_A9TL)                                0.04       0.69 f
  U6437/Y (INV_X7P5M_A9TL)                                0.03       0.73 r
  U3074/Y (BUFH_X6M_A9TL)                                 0.04       0.76 r
  U7616/Y (XOR2_X3M_A9TL)                                 0.04       0.80 r
  U11169/Y (OAI22_X3M_A9TL)                               0.05       0.85 f
  U3769/Y (INV_X2P5M_A9TL)                                0.03       0.88 r
  U9692/Y (NAND2_X1A_A9TL)                                0.03       0.92 f
  U6284/Y (NAND2_X2M_A9TL)                                0.03       0.95 r
  U2421/Y (NAND2_X3M_A9TL)                                0.03       0.98 f
  U7475/Y (XNOR2_X3M_A9TL)                                0.04       1.01 f
  U8445/Y (XNOR2_X3M_A9TL)                                0.04       1.05 f
  U11028/S (ADDF_X2M_A9TL)                                0.12       1.17 r
  U2138/Y (INV_X3P5B_A9TL)                                0.03       1.19 f
  U9410/Y (AO21A1AI2_X6M_A9TL)                            0.04       1.23 r
  U8576/Y (XOR2_X4M_A9TL)                                 0.04       1.27 r
  U8575/Y (XOR2_X4M_A9TL)                                 0.04       1.31 r
  U8574/Y (XOR2_X4M_A9TL)                                 0.04       1.35 r
  U8749/Y (XNOR2_X4M_A9TL)                                0.05       1.40 r
  U8905/Y (INV_X1P7B_A9TL)                                0.04       1.44 f
  U6078/Y (NAND2_X2M_A9TL)                                0.03       1.47 r
  U8904/Y (NAND2_X4M_A9TL)                                0.03       1.49 f
  U8903/Y (XOR2_X4M_A9TL)                                 0.05       1.54 f
  U9228/Y (XOR2_X4M_A9TL)                                 0.04       1.58 f
  U8410/Y (OR2_X6M_A9TL)                                  0.04       1.62 f
  U8424/Y (NAND2_X4M_A9TL)                                0.02       1.64 r
  U8423/Y (XOR2_X2M_A9TL)                                 0.05       1.69 r
  u_MODP_MONTYMUL_TOP_genblk1_0__u_MODP_MONTYMUL_a_b_p0i_reg_reg_29_/D (DFFRPQ_X2M_A9TL)
                                                          0.00       1.69 r
  data arrival time                                                  1.69

  clock clk (rise edge)                                   1.80       1.80
  clock network delay (ideal)                             0.00       1.80
  clock uncertainty                                      -0.10       1.70
  u_MODP_MONTYMUL_TOP_genblk1_0__u_MODP_MONTYMUL_a_b_p0i_reg_reg_29_/CK (DFFRPQ_X2M_A9TL)
                                                          0.00       1.70 r
  library setup time                                     -0.01       1.69
  data required time                                                 1.69
  --------------------------------------------------------------------------
  data required time                                                 1.69
  data arrival time                                                 -1.69
  --------------------------------------------------------------------------
  slack (MET)                                                        0.00


1
exit

Memory usage for this session 852 Mbytes.
Memory usage for this session including child processes 1064 Mbytes.
CPU usage for this session 333 seconds ( 0.09 hours ).
Elapsed time for this session 141 seconds ( 0.04 hours ).

Thank you...

