Command: vcs -timescale=1ns/1fs -j8 -sverilog +v2k -full64 -Mupdate -R -debug_access+all \
-y /usr/cad/synopsys/synthesis/cur/dw/sim_ver/ +libext+.sv -f filelist.f -o simv \
-l vcs.log -P /usr/cad/synopsys/verdi/2022.06/share/PLI/VCS/linux64/novas.tab /usr/cad/synopsys/verdi/2022.06/share/PLI/VCS/linux64/pli.a \
+define+RTL +define+CYCLE_TIME=1.55 +define+WN=4 +notimingchecks
*** Using c compiler gcc instead of cc ...
                         Chronologic VCS (TM)
         Version T-2022.06_Full64 -- Mon Feb 23 17:32:37 2026

                    Copyright (c) 1991 - 2022 Synopsys, Inc.
   This software and the associated documentation are proprietary to Synopsys,
 Inc. This software may only be used in accordance with the terms and conditions
 of a written license agreement with Synopsys, Inc. All other use, reproduction,
   or distribution of this software is strictly prohibited.  Licensed Products
     communicate with Synopsys servers for the purpose of providing software
    updates, detecting software piracy and verifying that customers are using
    Licensed Products in conformity with the applicable License Key for such
  Licensed Products. Synopsys will use information gathered in connection with
    this process to deliver software updates and pursue software pirates and
                                   infringers.

 Inclusivity & Diversity - Visit SolvNetPlus to read the "Synopsys Statement on
            Inclusivity and Diversity" (Refer to article 000036315 at
                        https://solvnetplus.synopsys.com)

The design hasn't changed and need not be recompiled. 
If you really want to, delete file /home/daniel_kuo/Falcon/hardware/modp_ntt2/01_RTL/simv.daidir/.vcs.timestamp and
run VCS again.

Command: /home/daniel_kuo/Falcon/hardware/modp_ntt2/01_RTL/./simv +v2k +libext+.sv -a vcs.log +define+RTL +define+CYCLE_TIME=1.55 +define+WN=4 +notimingchecks
Chronologic VCS simulator copyright 1991-2022
Contains Synopsys proprietary information.
Compiler version T-2022.06_Full64; Runtime version T-2022.06_Full64;  Feb 23 17:32 2026
*Verdi* Loading libsscore_vcs202206.so
FSDB Dumper for VCS, Release Verdi_T-2022.06, Linux x86_64/64bit, 05/29/2022
(C) 1996 - 2022 by Synopsys, Inc.
*Verdi* : Create FSDB file 'MAKE_FG.fsdb'
*Verdi* : Begin traversing the scopes, layer (0).
*Verdi* : Enable +mda dumping.
*Verdi* : End of traversing.
***********************************************************
                          FAIL!                          	 
         The execution latency are over        2000 cycles        	 
***********************************************************
$finish called from file "PATTERN.sv", line 204.
$finish at simulation time              3946800
           V C S   S i m u l a t i o n   R e p o r t 
Time: 3946800 ps
CPU Time:      0.190 seconds;       Data structure size:   0.1Mb
Mon Feb 23 17:32:38 2026
CPU time: .239 seconds in simulation
