#======================================================
#
# Synopsys Synthesis Scripts (Design Vision dctcl mode)
#
#======================================================
#======================================================
# (A) Global Parameters
#======================================================
set DESIGN "MODP_MONTYMUL"
MODP_MONTYMUL
set CYCLE 2.6 
2.6
set INPUT_DLY [expr 0*$CYCLE]
0.0
set OUTPUT_DLY [expr 0*$CYCLE]
0.0
#======================================================
# (B) Read RTL Code
#======================================================
# (B-1) analyze + elaborate
set hdlin_auto_save_templates TRUE
TRUE
analyze -f sverilog $DESIGN\.v 
Running PRESTO HDLC
Compiling source file ../01_RTL/MODP_MONTYMUL.v
Presto compilation completed successfully.
Loading db file '/cell_base_lib/CBDK_TSMC40_Arm_f2.0/CIC/SynopsysDC/db/sc9_base_rvt/sc9_cln40g_base_rvt_ss_typical_max_0p81v_125c.db'
Loading db file '/cell_base_lib/CBDK_TSMC40_Arm_f2.0/CIC/SynopsysDC/db/sc9_base_hvt/sc9_cln40g_base_hvt_ss_typical_max_0p81v_125c.db'
Loading db file '/cell_base_lib/CBDK_TSMC40_Arm_f2.0/CIC/SynopsysDC/db/sc9_base_lvt/sc9_cln40g_base_lvt_ss_typical_max_0p81v_125c.db'
Loading db file '/usr/cad/synopsys/synthesis/cur/libraries/syn/dw_foundation.sldb'
Loading db file '/usr/cad/synopsys/synthesis/cur/libraries/syn/standard.sldb'
1
elaborate $DESIGN  
Loading db file '/usr/cad/synopsys/synthesis/2022.03/libraries/syn/gtech.db'
Loading db file '/usr/cad/synopsys/synthesis/2022.03/libraries/syn/standard.sldb'
  Loading link library 'sc9_cln40g_base_rvt_ss_typical_max_0p81v_125c'
  Loading link library 'sc9_cln40g_base_hvt_ss_typical_max_0p81v_125c'
  Loading link library 'sc9_cln40g_base_lvt_ss_typical_max_0p81v_125c'
  Loading link library 'gtech'
Running PRESTO HDLC

Inferred memory devices in process
        in routine MODP_MONTYMUL line 110 in file
                '../01_RTL/MODP_MONTYMUL.v'.
===============================================================================
|    Register Name    |   Type    | Width | Bus | MB | AR | AS | SR | SS | ST |
===============================================================================
|        d_reg        | Flip-flop |  31   |  Y  | N  | Y  | N  | N  | N  | N  |
|    out_valid_reg    | Flip-flop |   1   |  N  | N  | Y  | N  | N  | N  | N  |
===============================================================================
Presto compilation completed successfully. (MODP_MONTYMUL)
Elaborated 1 design.
Current design is now 'MODP_MONTYMUL'.
1
# (B-2) read_sverilog
# read_sverilog $DESIGN\.v
# (B-3) set current design
current_design $DESIGN
Current design is 'MODP_MONTYMUL'.
{MODP_MONTYMUL}
link

  Linking design 'MODP_MONTYMUL'
  Using the following designs and libraries:
  --------------------------------------------------------------------------
  MODP_MONTYMUL               /home/daniel_kuo/Falcon/hardware/modp_montymul/02_SYN/MODP_MONTYMUL.db
  sc9_cln40g_base_rvt_ss_typical_max_0p81v_125c (library) /cell_base_lib/CBDK_TSMC40_Arm_f2.0/CIC/SynopsysDC/db/sc9_base_rvt/sc9_cln40g_base_rvt_ss_typical_max_0p81v_125c.db
  sc9_cln40g_base_hvt_ss_typical_max_0p81v_125c (library) /cell_base_lib/CBDK_TSMC40_Arm_f2.0/CIC/SynopsysDC/db/sc9_base_hvt/sc9_cln40g_base_hvt_ss_typical_max_0p81v_125c.db
  sc9_cln40g_base_lvt_ss_typical_max_0p81v_125c (library) /cell_base_lib/CBDK_TSMC40_Arm_f2.0/CIC/SynopsysDC/db/sc9_base_lvt/sc9_cln40g_base_lvt_ss_typical_max_0p81v_125c.db
  dw_foundation.sldb (library) /usr/cad/synopsys/synthesis/cur/libraries/syn/dw_foundation.sldb

1
#======================================================
#  (C) Global Setting
#======================================================
set_wire_load_mode top
1
# set_operating_conditions -max WCCOM -min BCCOM
# set_wire_load_model -name umc18_wl10 -library slow
#======================================================
#  (D) Set Design Constraints
#======================================================
# (D-1) Setting Clock Constraints
create_clock -name clk -period $CYCLE [get_ports clk] 
1
set_dont_touch_network             [get_clocks clk]
1
set_fix_hold                       [get_clocks clk]
1
set_clock_uncertainty       0.1    [get_clocks clk]
1
# set_clock_latency   -source 0      [get_clocks clk]
# set_clock_latency           1      [get_clocks clk] 
set_input_transition        0.5    [all_inputs] 
1
set_clock_transition        0.1    [all_clocks] 
1
# (D-2) Setting in/out Constraints
set_input_delay   -max  $INPUT_DLY  -clock clk   [all_inputs] ;  # set_up time check 
1
set_input_delay   -min  0           -clock clk   [all_inputs] ;  # hold   time check 
1
set_output_delay  -max  $OUTPUT_DLY -clock clk   [all_outputs] ; # set_up time check 
1
set_output_delay  -min  0           -clock clk   [all_outputs] ; # hold   time check 
1
set_input_delay 0 -clock clk clk
1
set_input_delay 0 -clock clk rst_n
1
#set_max_delay $CYCLE -from [all_inputs] -to [all_outputs]
# (D-3) Setting Design Environment
# set_driving_cell -library umc18io3v5v_slow -lib_cell P2C    -pin {Y}  [get_ports clk]
# set_driving_cell -library umc18io3v5v_slow -lib_cell P2C    -pin {Y}  [remove_from_collection [all_inputs] [get_ports clk]]
# set_load  [load_of "umc18io3v5v_slow/P8C/A"]       [all_outputs] ; # ~= 0.038
set_load 0.05 [all_outputs]
1
# (D-4) Setting DRC Constraint
#set_max_delay           0     ; # Optimize delay max effort                 
#set_max_area            0      ; # Optimize area max effort           
set_max_transition      3       [all_inputs]   ; # U18 LUT Max Transition Value  
1
set_max_capacitance     0.15    [all_inputs]   ; # U18 LUT Max Capacitance Value
1
set_max_fanout          10      [all_inputs]
1
# set_dont_use slow/JKFF*
#set_dont_touch [get_cells core_reg_macro]
#set hdlin_ff_always_sync_set_reset true
# (D-5) Report Clock skew
report_clock -skew clk
Information: Checking out the license 'DesignWare'. (SEC-104)
Information: Changed wire load model for 'alt1' from '(none)' to 'Small'. (OPT-170)
Information: Changed wire load model for 'apparch' from '(none)' to 'Small'. (OPT-170)
Information: Changed wire load model for 'alt1' from '(none)' to 'Small'. (OPT-170)
Information: Changed wire load model for 'apparch' from '(none)' to 'Small'. (OPT-170)
Information: Updating design information... (UID-85)
 
****************************************
Report : clock_skew
Design : MODP_MONTYMUL
Version: T-2022.03
Date   : Thu Oct 23 10:58:37 2025
****************************************

                 Rise      Fall  Min Rise  Min fall        Uncertainty
Object          Delay     Delay     Delay     Delay     Plus      Minus
--------------------------------------------------------------------------------
clk                 -         -         -         -      0.10      0.10

                 Max Transition      Min Transition
Object           Rise      Fall      Rise      Fall
-------------------------------------------------------
clk              0.10      0.10      0.10      0.10
1
check_timing

Information: Checking generated_clocks...

Information: Checking loops...

Information: Checking no_input_delay...

Information: Checking unconstrained_endpoints...

Information: Checking pulse_clock_cell_type...

Information: Checking no_driving_cell...

Information: Checking partial_input_delay...
1
#======================================================
#  (E) Optimization
#======================================================
check_design > Report/$DESIGN\.check
set_fix_multiple_port_nets -all -buffer_constants [get_designs *]
1
set_fix_hold [all_clocks]
1
compile_ultra
Information: Performing power optimization. (PWR-850)
Alib files are up-to-date.
Information: Running optimization using a maximum of 4 cores. (OPT-1500)
Information: Evaluating DesignWare library utilization. (UISN-27)

============================================================================
| DesignWare Building Block Library  |         Version         | Available |
============================================================================
| Basic DW Building Blocks           | S-2021.06-DWBB_202106.0 |     *     |
| Licensed DW Building Blocks        | S-2021.06-DWBB_202106.0 |     *     |
============================================================================

====================================================================================================
| Flow Information                                                                                 |
----------------------------------------------------------------------------------------------------
| Flow         | Design Compiler NXT WLM                                                           |
| Comand line  | compile_ultra                                                                     |
====================================================================================================
| Design Information                                      | Value                                  |
====================================================================================================
| Number of Scenarios                                     | 0                                      |
| Leaf Cell Count                                         | 56                                     |
| Number of User Hierarchies                              | 0                                      |
| Sequential Cell Count                                   | 32                                     |
| Macro Count                                             | 0                                      |
| Number of Power Domains                                 | 0                                      |
| Number of Path Groups                                   | 2                                      |
| Number of VT class                                      | 0                                      |
| Number of Clocks                                        | 1                                      |
| Number of Dont Touch cells                              | 11                                     |
| Number of Dont Touch nets                               | 1                                      |
| Number of size only cells                               | 0                                      |
| Design with UPF Data                                    | false                                  |
----------------------------------------------------------------------------------------------------
| Variables                                               | Value                                  |
----------------------------------------------------------------------------------------------------
| set_fix_multiple_port_nets                              | -all -buffer_constants                 |
====================================================================================================
Information: Sequential output inversion is enabled.  SVF file must be used for formal verification. (OPT-1208)

Information: There are 49 potential problems in your design. Please run 'check_design' for more information. (LINT-99)

  Simplifying Design 'MODP_MONTYMUL'

Loaded alib file './alib-52/sc9_cln40g_base_rvt_ss_typical_max_0p81v_125c.db.alib' (placeholder)
Loaded alib file './alib-52/sc9_cln40g_base_hvt_ss_typical_max_0p81v_125c.db.alib'
Loaded alib file './alib-52/sc9_cln40g_base_lvt_ss_typical_max_0p81v_125c.db.alib' (placeholder)
  Building model 'DW01_NAND2'
Information: Ungrouping 0 of 1 hierarchies before Pass 1 (OPT-775)
Information: State dependent leakage is now switched from on to off.

  Beginning Pass 1 Mapping
  ------------------------
  Processing 'MODP_MONTYMUL'
 Implement Synthetic for 'MODP_MONTYMUL'.

  Updating timing information
Information: Updating design information... (UID-85)
Information: The library cell 'TIELO_X1M_A9TR' in the library 'sc9_cln40g_base_rvt_ss_typical_max_0p81v_125c' is not characterized for internal power. (PWR-536)
Information: The library cell 'TIEHI_X1M_A9TR' in the library 'sc9_cln40g_base_rvt_ss_typical_max_0p81v_125c' is not characterized for internal power. (PWR-536)
Information: The library cell 'TIELO_X1M_A9TH' in the library 'sc9_cln40g_base_hvt_ss_typical_max_0p81v_125c' is not characterized for internal power. (PWR-536)
Information: The library cell 'TIEHI_X1M_A9TH' in the library 'sc9_cln40g_base_hvt_ss_typical_max_0p81v_125c' is not characterized for internal power. (PWR-536)
Information: The library cell 'TIELO_X1M_A9TL' in the library 'sc9_cln40g_base_lvt_ss_typical_max_0p81v_125c' is not characterized for internal power. (PWR-536)
Information: The library cell 'TIEHI_X1M_A9TL' in the library 'sc9_cln40g_base_lvt_ss_typical_max_0p81v_125c' is not characterized for internal power. (PWR-536)
Information: The target library(s) contains cell(s), other than black boxes, that are not characterized for internal power. (PWR-24)

  Beginning Mapping Optimizations  (Ultra High effort)
  -------------------------------
  Mapping Optimization (Phase 1)
  Mapping Optimization (Phase 2)

                                  TOTAL                                                            
   ELAPSED            WORST NEG   SETUP    DESIGN                              LEAKAGE   MIN DELAY 
    TIME      AREA      SLACK     COST    RULE COST         ENDPOINT            POWER      COST    
  --------- --------- --------- --------- --------- ------------------------- --------- -----------
    0:00:26   38848.6      0.64      19.6     210.0                           1822.6414      0.00  
    0:00:26   38769.4      0.65      20.1     210.0                           1819.6180      0.00  

  Beginning Constant Register Removal
  -----------------------------------
    0:00:26   38788.7      0.65      20.1     210.0                           1820.9717      0.00  
    0:00:27   38788.7      0.65      20.1     210.0                           1820.9717      0.00  

  Beginning Global Optimizations
  ------------------------------
  Numerical Synthesis (Phase 1)
  Numerical Synthesis (Phase 2)
  Global Optimization (Phase 1)
  Global Optimization (Phase 2)
  Global Optimization (Phase 3)
  Global Optimization (Phase 4)
  Global Optimization (Phase 5)
  Global Optimization (Phase 6)
  Global Optimization (Phase 7)
  Global Optimization (Phase 8)
  Global Optimization (Phase 9)
  Global Optimization (Phase 10)
  Global Optimization (Phase 11)
  Global Optimization (Phase 12)
  Global Optimization (Phase 13)
  Global Optimization (Phase 14)
  Global Optimization (Phase 15)
  Global Optimization (Phase 16)
  Global Optimization (Phase 17)
  Global Optimization (Phase 18)
  Global Optimization (Phase 19)
  Global Optimization (Phase 20)
  Global Optimization (Phase 21)
  Global Optimization (Phase 22)
  Global Optimization (Phase 23)
  Global Optimization (Phase 24)
  Global Optimization (Phase 25)
  Global Optimization (Phase 26)
  Global Optimization (Phase 27)
  Global Optimization (Phase 28)
  Global Optimization (Phase 29)
  Global Optimization (Phase 30)
  Global Optimization (Phase 31)

  Beginning Isolate Ports
  -----------------------

  Beginning Delay Optimization
  ----------------------------
    0:00:29   17091.9      1.66      49.7     210.0                            550.6474      0.00  
    0:00:29   23501.5      1.70      51.2     210.0                            941.4316      0.00  
    0:00:29   23546.4      1.62      49.2     210.0                            945.1738      0.00  
    0:00:30   34239.1      1.51      46.1       2.0                           1587.7936      0.00  
    0:00:30   34264.5      1.39      42.7       2.0                           1590.1256      0.00  
  Mapping 'MODP_MONTYMUL_DW_cmp_1'
Information: Added key list 'DesignWare' to design 'MODP_MONTYMUL'. (DDB-72)
  Mapping 'MODP_MONTYMUL_DW01_add_1'
    0:00:30   34768.9      1.35      41.3       2.0                           1614.7944      0.00  
    0:00:30   34768.9      1.35      41.3       2.0                           1614.7944      0.00  
    0:00:30   34717.0      1.34      41.0       2.0                           1612.4498      0.00  
    0:00:30   34717.0      1.34      41.0       2.0                           1612.4498      0.00  
    0:00:31   34717.0      1.34      41.0       2.0                           1612.4498      0.00  
    0:00:35   34530.5      1.97      60.7       2.0                           1603.2338      0.00  
    0:00:36   34457.3      1.98      61.0       2.0                           1599.1398      0.00  

  Beginning WLM Backend Optimization
  --------------------------------------
    0:00:41   31694.6      1.52      46.9       0.0                           1391.7670      0.00  
    0:00:43   30963.4      0.94      28.9       0.0                           1395.7831      0.00  
    0:00:43   30963.4      0.94      28.9       0.0                           1395.7831      0.00  
    0:00:43   26886.5      0.94      28.7       0.0                           1153.6000      0.00  
    0:00:43   26886.5      0.94      28.7       0.0                           1153.6000      0.00  
    0:00:48   28268.4      0.81      24.9      30.0                           1237.2874      0.00  
    0:00:48   28268.4      0.81      24.9      30.0                           1237.2874      0.00  
    0:00:49   28487.9      0.70      21.6      62.8                           1252.1696      0.00  
    0:00:49   28487.9      0.70      21.6      62.8                           1252.1696      0.00  
    0:00:53   29934.9      0.64      19.7     232.2                           1339.8718      0.00  
    0:00:53   29934.9      0.64      19.7     232.2                           1339.8718      0.00  
    0:01:01   33545.1      0.29       8.7    1169.3                           1585.1943      0.00  
    0:01:01   33545.1      0.29       8.7    1169.3                           1585.1943      0.00  
    0:01:08   35230.2      0.27       8.3    1516.0                           1680.9062      0.00  
    0:01:08   35230.2      0.27       8.3    1516.0                           1680.9062      0.00  
    0:01:20   39033.6      0.09       2.6    3571.9                           1929.9468      0.00  
    0:01:20   39033.6      0.09       2.6    3571.9                           1929.9468      0.00  
    0:01:31   40240.4      0.09       2.6    3550.4                           1995.5713      0.00  
    0:01:31   40240.4      0.09       2.6    3550.4                           1995.5713      0.00  
    0:01:37   41746.8      0.02       0.6    3458.5                           2099.3005      0.00  
    0:01:37   41746.8      0.02       0.6    3458.5                           2099.3005      0.00  
    0:01:44   42087.5      0.02       0.6    3557.7                           2119.5215      0.00  


  Beginning Design Rule Fixing  (max_transition)  (max_fanout)  (max_capacitance)
  ----------------------------

                                  TOTAL                                                            
   ELAPSED            WORST NEG   SETUP    DESIGN                              LEAKAGE   MIN DELAY 
    TIME      AREA      SLACK     COST    RULE COST         ENDPOINT            POWER      COST    
  --------- --------- --------- --------- --------- ------------------------- --------- -----------
    0:01:44   42087.5      0.02       0.6    3557.7                           2119.5215      0.00  
  Global Optimization (Phase 32)
  Global Optimization (Phase 33)
  Global Optimization (Phase 34)
    0:01:44   42150.1      0.03       0.7    2628.7 a[3]                      2123.4983      0.00  
    0:01:45   42249.0      0.02       0.6    2539.5 d_reg[18]/D               2131.9478      0.00  
    0:01:46   42391.4      0.02       0.5    2504.9 d_reg[18]/D               2142.0251      0.00  
    0:01:46   42437.7      0.02       0.4    2459.9 d_reg[18]/D               2146.4890      0.00  
    0:01:47   42496.7      0.01       0.2    2453.0 d_reg[18]/D               2151.9033      0.00  
    0:01:47   42534.1      0.01       0.2    2445.2 d_reg[18]/D               2155.6724      0.00  
    0:01:48   42588.7      0.01       0.1    2445.2 d_reg[18]/D               2160.3735      0.00  
    0:01:48   42616.4      0.00       0.0    2438.1 d_reg[7]/D                2162.7625      0.00  
    0:01:49   42664.7      0.01       0.3    2233.2 d_reg[18]/D               2167.0583      0.00  
    0:01:49   42675.1      0.01       0.2    2233.2 d_reg[18]/D               2170.6504      0.00  
    0:01:50   42662.9      0.01       0.1    2233.2 d_reg[18]/D               2169.4265      0.00  
    0:01:50   42703.3      0.00       0.0    2232.2 d_reg[18]/D               2173.1941      0.00  
    0:01:51   42704.9      0.01       0.3    1776.0 d_reg[20]/D               2173.9517      0.00  
    0:01:51   42800.6      0.01       0.2    1776.0 d_reg[18]/D               2181.6257      0.00  
    0:01:52   42892.6      0.00       0.0    1776.0 d_reg[18]/D               2187.5767      0.00  
    0:01:52   42905.8      0.00       0.0    1776.0 d_reg[18]/D               2188.5132      0.00  
    0:01:52   42911.5      0.00       0.0    1774.0 d_reg[16]/D               2188.7410      0.00  
    0:01:53   42948.9      0.00       0.0    1622.7 d_reg[18]/D               2191.5522      0.00  
    0:01:53   42947.8      0.00       0.0    1622.7 d_reg[18]/D               2191.3987      0.00  
    0:01:54   43093.4      0.03       0.7       0.0 d_reg[1]/D                2202.5154      0.00  
    0:01:55   43137.6      0.02       0.5       0.0 d_reg[18]/D               2206.4934      0.00  
    0:01:55   43198.1      0.02       0.4       0.0 d_reg[18]/D               2209.9758      0.00  
    0:01:56   43309.0      0.01       0.1       0.0 d_reg[18]/D               2218.4072      0.00  
    0:01:56   43322.4      0.00       0.1       0.0 d_reg[18]/D               2219.3572      0.00  
    0:01:57   43357.4      0.00       0.0       0.0 d_reg[18]/D               2221.1758      0.00  
    0:01:57   43388.0      0.00       0.0       0.0 d_reg[18]/D               2223.4714      0.00  
    0:01:57   43386.8      0.00       0.0       0.0                           2223.4727      0.00  
    0:01:57   43386.8      0.00       0.0       0.0                           2223.4727      0.00  


  Beginning Leakage Power Optimization  (max_leakage_power 0)
  ------------------------------------

                                  TOTAL                                                            
   ELAPSED            WORST NEG   SETUP    DESIGN                              LEAKAGE   MIN DELAY 
    TIME      AREA      SLACK     COST    RULE COST         ENDPOINT            POWER      COST    
  --------- --------- --------- --------- --------- ------------------------- --------- -----------
    0:01:57   43386.8      0.00       0.0       0.0                           2223.4727      0.00  
  Global Optimization (Phase 35)
  Global Optimization (Phase 36)
  Global Optimization (Phase 37)
  Global Optimization (Phase 38)
  Global Optimization (Phase 39)
  Global Optimization (Phase 40)
  Global Optimization (Phase 41)
  Global Optimization (Phase 42)
  Global Optimization (Phase 43)
  Global Optimization (Phase 44)
  Global Optimization (Phase 45)
  Global Optimization (Phase 46)
  Global Optimization (Phase 47)
  Global Optimization (Phase 48)
  Global Optimization (Phase 49)
  Global Optimization (Phase 50)
    0:02:01   38255.0      0.16       4.8       0.0 d_reg[20]/D               1872.4731      0.00  
    0:02:01   38255.0      0.16       4.8       0.0                           1872.4731      0.00  
    0:02:13   38655.6      0.12       3.5      13.4                           1883.6150      0.00  
    0:02:13   38655.6      0.12       3.5      13.4                           1883.6150      0.00  
    0:02:14   37773.5      0.12       3.5       5.0                           1813.5090      0.00  
    0:02:14   37773.5      0.12       3.5       5.0                           1813.5090      0.00  
    0:02:25   38691.4      0.09       2.7      13.0                           1857.8342      0.00  
    0:02:25   38691.4      0.09       2.7      13.0                           1857.8342      0.00  
    0:02:26   39074.9      0.07       2.0      13.0                           1882.9841      0.00  
    0:02:26   39074.9      0.07       2.0      13.0                           1882.9841      0.00  
    0:02:39   40233.9      0.05       1.5      16.0                           1948.3551      0.00  
    0:02:39   40233.9      0.05       1.5      16.0                           1948.3551      0.00  
    0:02:41   40700.8      0.00       0.0     681.5                           1982.3635      0.00  
    0:02:41   40700.8      0.00       0.0     681.5                           1982.3635      0.00  
    0:02:41   40700.8      0.00       0.0     681.5                           1982.3635      0.00  
    0:02:41   40700.8      0.00       0.0     681.5                           1982.3635      0.00  
    0:02:41   40700.8      0.00       0.0     681.5                           1982.3635      0.00  
    0:02:41   40700.8      0.00       0.0     681.5                           1982.3635      0.00  
    0:02:41   40700.8      0.00       0.0     681.5                           1982.3635      0.00  
    0:02:41   40700.8      0.00       0.0     681.5                           1982.3635      0.00  
    0:02:41   40700.8      0.00       0.0     681.5                           1982.3635      0.00  
    0:02:41   40700.8      0.00       0.0     681.5                           1982.3635      0.00  
    0:02:41   40700.8      0.00       0.0     681.5                           1982.3635      0.00  

                                  TOTAL                                                            
   ELAPSED            WORST NEG   SETUP    DESIGN                              LEAKAGE   MIN DELAY 
    TIME      AREA      SLACK     COST    RULE COST         ENDPOINT            POWER      COST    
  --------- --------- --------- --------- --------- ------------------------- --------- -----------
    0:02:41   40698.8      0.00       0.0     681.5                           1982.2753      0.00  
    0:02:56   30779.7      0.04       1.1     477.2                           1405.4971      0.00  
    0:02:57   31234.4      0.02       0.5     506.7 d_reg[10]/D               1440.9818      0.00  
    0:02:58   31605.9      0.01       0.2     506.7 d_reg[6]/D                1467.5016      0.00  
    0:02:59   31779.7      0.00       0.0     462.8                           1478.3308      0.00  
    0:03:00   31741.1      0.00       0.0     462.8                           1476.4224      0.00  
    0:03:00   31706.9      0.00       0.0     462.8                           1474.3074      0.00  
    0:03:00   31706.9      0.00       0.0     462.8                           1474.3074      0.00  
    0:03:01   31476.0      0.00       0.1     462.8                           1419.5652      0.00  

  Beginning Delay Optimization HSVT Pass
  --------------------------------------
    0:03:02   31476.0      0.00       0.1     462.8                           1419.5652      0.00  
    0:03:02   31476.0      0.00       0.1     462.8                           1419.5652      0.00  
    0:03:02   31476.0      0.00       0.1     462.8                           1419.5652      0.00  
    0:03:05   31509.1      0.00       0.0     463.8                           1421.1395      0.00  
    0:03:07   31509.1      0.00       0.0     463.8                           1421.1395      0.00  
    0:03:07   31509.1      0.00       0.0     463.8                           1421.1395      0.00  
    0:03:07   31509.1      0.00       0.0     463.8                           1421.1395      0.00  
    0:03:08   31509.1      0.00       0.0     463.8                           1420.8496      0.00  
    0:03:11   31520.0      0.00       0.0     430.3 a[3]                      1416.2042      0.00  
    0:03:12   31614.8      0.22       6.6      44.0 d_reg[30]/D               1423.3021      0.00  
    0:03:13   31916.9      0.20       6.2      44.0 d_reg[17]/D               1444.1986      0.00  
    0:03:13   32059.5      0.20       6.0      44.0 d_reg[17]/D               1453.6621      0.00  
    0:03:14   32317.9      0.19       5.9      44.0 d_reg[17]/D               1471.5669      0.00  
    0:03:15   32463.9      0.19       5.8      44.0 d_reg[24]/D               1481.7953      0.00  
    0:03:16   32718.8      0.13       4.0      42.0 d_reg[24]/D               1500.2567      0.00  
    0:03:16   32909.6      0.08       2.3      42.0 d_reg[24]/D               1513.8661      0.00  
    0:03:17   32934.8      0.07       2.1      42.0 d_reg[24]/D               1515.9097      0.00  
    0:03:17   33071.7      0.06       1.7      42.0 d_reg[24]/D               1525.4719      0.00  
    0:03:18   33203.5      0.02       0.5      26.0 d_reg[24]/D               1535.1001      0.00  
    0:03:19   33313.5      0.00       0.1      25.0 d_reg[28]/D               1541.2527      0.00  
    0:03:19   33388.4      0.01       0.1       0.0 d_reg[28]/D               1547.0449      0.00  
    0:03:20   33389.7      0.00       0.0       0.0                           1545.9126      0.00  
    0:03:20   33389.7      0.00       0.0       0.0                           1545.9126      0.00  
    0:03:20   33389.7      0.00       0.0       0.0                           1545.9126      0.00  
    0:03:20   33389.7      0.00       0.0       0.0                           1545.9126      0.00  
    0:03:20   33389.7      0.00       0.0       0.0                           1545.9126      0.00  
    0:03:20   33389.7      0.00       0.0       0.0                           1545.9126      0.00  
    0:03:25   31182.7      0.00       0.0       0.0                           1389.5314      0.00  
Loading db file '/cell_base_lib/CBDK_TSMC40_Arm_f2.0/CIC/SynopsysDC/db/sc9_base_rvt/sc9_cln40g_base_rvt_ss_typical_max_0p81v_125c.db'
Loading db file '/cell_base_lib/CBDK_TSMC40_Arm_f2.0/CIC/SynopsysDC/db/sc9_base_hvt/sc9_cln40g_base_hvt_ss_typical_max_0p81v_125c.db'
Loading db file '/cell_base_lib/CBDK_TSMC40_Arm_f2.0/CIC/SynopsysDC/db/sc9_base_lvt/sc9_cln40g_base_lvt_ss_typical_max_0p81v_125c.db'


Note: Symbol # after min delay cost means estimated hold TNS across all active scenarios 


  Optimization Complete
  ---------------------
Information: State dependent leakage is now switched from off to on.
Information: Propagating switching activity (low effort zero delay simulation). (PWR-6)
1
#uniquify
#compile
#======================================================
#  (F) Output Reports 
#======================================================
report_design  >  Report/$DESIGN\.design
report_resource >  Report/$DESIGN\.resource
report_timing -max_paths 3 >  Report/$DESIGN\.timing
report_area >  Report/$DESIGN\.area
report_power > Report/$DESIGN\.power
report_clock > Report/$DESIGN\.clock
report_port >  Report/$DESIGN\.port
report_power >  Report/$DESIGN\.power
#report_reference > Report/$DESIGN\.reference
#======================================================
#  (G) Change Naming Rule
#======================================================
set bus_inference_style "%s\[%d\]"
%s[%d]
set bus_naming_style "%s\[%d\]"
%s[%d]
set hdlout_internal_busses true
true
change_names -hierarchy -rule verilog
1
define_name_rules name_rule -allowed "a-z A-Z 0-9 _" -max_length 255 -type cell
1
define_name_rules name_rule -allowed "a-z A-Z 0-9 _[]" -max_length 255 -type net
1
define_name_rules name_rule -map {{"\\*cell\\*" "cell"}}
1
define_name_rules name_rule -case_insensitive
1
change_names -hierarchy -rules name_rule
1
#======================================================
#  (H) Output Results
#======================================================
set verilogout_higher_designs_first true
true
write -format verilog -output Netlist/$DESIGN\_SYN.v -hierarchy
Writing verilog file '/home/daniel_kuo/Falcon/hardware/modp_montymul/02_SYN/Netlist/MODP_MONTYMUL_SYN.v'.
1
write -format ddc     -hierarchy -output $DESIGN\_SYN.ddc
Writing ddc file 'MODP_MONTYMUL_SYN.ddc'.
1
write_sdf -version 3.0 -context verilog -load_delay cell Netlist/$DESIGN\_SYN.sdf -significant_digits 6
Information: Writing timing information to file '/home/daniel_kuo/Falcon/hardware/modp_montymul/02_SYN/Netlist/MODP_MONTYMUL_SYN.sdf'. (WT-3)
1
write_sdc Netlist/$DESIGN\_SYN.sdc
1
#======================================================
#  (I) Finish and Quit
#======================================================
report_area
 
****************************************
Report : area
Design : MODP_MONTYMUL
Version: T-2022.03
Date   : Thu Oct 23 11:02:08 2025
****************************************

Library(s) Used:

    sc9_cln40g_base_lvt_ss_typical_max_0p81v_125c (File: /cell_base_lib/CBDK_TSMC40_Arm_f2.0/CIC/SynopsysDC/db/sc9_base_lvt/sc9_cln40g_base_lvt_ss_typical_max_0p81v_125c.db)
    sc9_cln40g_base_rvt_ss_typical_max_0p81v_125c (File: /cell_base_lib/CBDK_TSMC40_Arm_f2.0/CIC/SynopsysDC/db/sc9_base_rvt/sc9_cln40g_base_rvt_ss_typical_max_0p81v_125c.db)
    sc9_cln40g_base_hvt_ss_typical_max_0p81v_125c (File: /cell_base_lib/CBDK_TSMC40_Arm_f2.0/CIC/SynopsysDC/db/sc9_base_hvt/sc9_cln40g_base_hvt_ss_typical_max_0p81v_125c.db)

Number of ports:                          160
Number of nets:                         13336
Number of cells:                        12490
Number of combinational cells:          12458
Number of sequential cells:                32
Number of macros/black boxes:               0
Number of buf/inv:                       2212
Number of references:                     527

Combinational area:              31037.579923
Buf/Inv area:                     2856.999599
Noncombinational area:             145.151993
Macro/Black Box area:                0.000000
Net Interconnect area:               0.000000

Total cell area:                 31182.731915
Total area:                      31182.731915
1
report_timing 
 
****************************************
Report : timing
        -path full
        -delay max
        -max_paths 1
Design : MODP_MONTYMUL
Version: T-2022.03
Date   : Thu Oct 23 11:02:08 2025
****************************************

Operating Conditions: ss_typical_max_0p81v_125c   Library: sc9_cln40g_base_rvt_ss_typical_max_0p81v_125c
Wire Load Model Mode: top

  Startpoint: a[7] (input port clocked by clk)
  Endpoint: d_reg_27_ (rising edge-triggered flip-flop clocked by clk)
  Path Group: clk
  Path Type: max

  Des/Clust/Port     Wire Load Model       Library
  ------------------------------------------------
  MODP_MONTYMUL      Small                 sc9_cln40g_base_rvt_ss_typical_max_0p81v_125c

  Point                                    Incr       Path
  -----------------------------------------------------------
  clock clk (rise edge)                    0.00       0.00
  clock network delay (ideal)              0.00       0.00
  input external delay                     0.00       0.00 f
  a[7] (in)                                0.00       0.00 f
  U2243/Y (INV_X7P5B_A9TL)                 0.05       0.05 r
  U11833/Y (AND2_X11B_A9TL)                0.05       0.10 r
  U7804/Y (NAND2XB_X8M_A9TL)               0.04       0.14 r
  U2183/Y (BUF_X9M_A9TR)                   0.05       0.19 r
  U2063/Y (INV_X1B_A9TR)                   0.04       0.23 f
  U11157/Y (AO1B2_X4M_A9TL)                0.05       0.28 f
  U7279/Y (OAI21_X3M_A9TL)                 0.04       0.32 r
  U3286/Y (NAND2_X4M_A9TL)                 0.03       0.35 f
  U3287/Y (OAI21_X4M_A9TL)                 0.03       0.38 r
  U10847/Y (AO21B_X4M_A9TL)                0.03       0.40 f
  U1826/Y (NAND2_X1A_A9TL)                 0.04       0.45 r
  U3713/Y (OAI21_X8M_A9TL)                 0.04       0.48 f
  U6610/Y (NAND2B_X4M_A9TL)                0.05       0.53 f
  U11044/Y (NAND2B_X6M_A9TL)               0.02       0.55 r
  U7699/Y (NAND2_X4M_A9TL)                 0.02       0.57 f
  U11809/Y (XOR2_X4M_A9TL)                 0.05       0.62 f
  U11136/Y (XNOR2_X4M_A9TL)                0.06       0.68 f
  U3973/Y (INV_X16M_A9TL)                  0.04       0.72 r
  U3874/Y (BUFH_X13M_A9TL)                 0.03       0.75 r
  U9722/Y (XOR2_X3M_A9TL)                  0.03       0.78 r
  U10780/Y (OAI22_X6M_A9TL)                0.04       0.83 f
  U1459/Y (XOR2_X3M_A9TL)                  0.06       0.89 f
  U3412/Y (XOR2_X4M_A9TL)                  0.05       0.93 f
  U1415/Y (NOR2_X2A_A9TL)                  0.04       0.98 r
  U1398/Y (NOR2_X2A_A9TL)                  0.03       1.00 f
  U3355/Y (NOR2_X4A_A9TL)                  0.04       1.05 r
  U3160/Y (NAND2_X6M_A9TL)                 0.03       1.08 f
  U2286/Y (AOI21_X8M_A9TL)                 0.03       1.11 r
  U10919/Y (NAND2_X8M_A9TL)                0.02       1.14 f
  U1268/Y (AOI21_X6M_A9TL)                 0.03       1.17 r
  U10218/Y (XOR2_X4M_A9TL)                 0.04       1.20 r
  U7589/Y (INV_X11M_A9TL)                  0.03       1.24 f
  U2905/Y (XNOR2_X3M_A9TL)                 0.04       1.27 f
  U4899/Y (INV_X1P7M_A9TR)                 0.04       1.31 r
  U9591/Y (OAI22BB_X3M_A9TL)               0.05       1.36 r
  U11840/S (ADDF_X2M_A9TL)                 0.12       1.49 f
  U2906/Y (XOR2_X4M_A9TL)                  0.05       1.54 f
  U816/Y (INV_X5M_A9TL)                    0.02       1.56 r
  U7097/Y (XOR2_X3M_A9TL)                  0.05       1.61 r
  U10765/Y (XOR2_X4M_A9TL)                 0.06       1.68 r
  U10764/Y (XOR2_X4M_A9TL)                 0.06       1.74 r
  U10325/Y (XOR2_X4M_A9TL)                 0.05       1.78 r
  U10052/Y (NOR2_X6A_A9TL)                 0.03       1.81 f
  U6019/Y (NOR2_X6A_A9TL)                  0.03       1.84 r
  U11506/Y (NAND2_X4M_A9TL)                0.02       1.86 f
  U11942/Y (OAI21_X8M_A9TL)                0.04       1.90 r
  U10153/Y (NAND2_X8M_A9TL)                0.03       1.92 f
  U11732/Y (NAND2_X8M_A9TL)                0.02       1.95 r
  U10728/Y (INV_X16M_A9TL)                 0.02       1.97 f
  U9020/Y (INV_X16M_A9TL)                  0.02       1.98 r
  U11158/Y (XOR2_X4M_A9TL)                 0.04       2.02 r
  U10717/Y (XOR2_X4M_A9TL)                 0.05       2.07 f
  U262/Y (BUFH_X2M_A9TL)                   0.05       2.12 f
  U11175/Y (NAND2_X4M_A9TL)                0.03       2.15 r
  U10377/Y (OAI21_X6M_A9TL)                0.04       2.18 f
  U7404/Y (NAND3BB_X2M_A9TL)               0.05       2.24 f
  U8294/Y (NAND2_X3M_A9TL)                 0.03       2.27 r
  U3055/Y (OAI21_X8M_A9TL)                 0.03       2.29 f
  U10223/Y (NAND2_X3M_A9TL)                0.02       2.32 r
  U6990/Y (NAND3_X4A_A9TL)                 0.03       2.34 f
  U6989/Y (AOI2XB1_X3M_A9TL)               0.04       2.38 r
  U8281/Y (XOR2_X1P4M_A9TL)                0.03       2.41 f
  U5317/Y (AOI2XB1_X4M_A9TL)               0.06       2.47 f
  U9430/Y (OAI21_X4M_A9TL)                 0.02       2.50 r
  d_reg_27_/D (DFFRPQ_X2M_A9TL)            0.00       2.50 r
  data arrival time                                   2.50

  clock clk (rise edge)                    2.60       2.60
  clock network delay (ideal)              0.00       2.60
  clock uncertainty                       -0.10       2.50
  d_reg_27_/CK (DFFRPQ_X2M_A9TL)           0.00       2.50 r
  library setup time                       0.00       2.50
  data required time                                  2.50
  -----------------------------------------------------------
  data required time                                  2.50
  data arrival time                                  -2.50
  -----------------------------------------------------------
  slack (MET)                                         0.00


1
exit

Memory usage for this session 847 Mbytes.
Memory usage for this session including child processes 1014 Mbytes.
CPU usage for this session 569 seconds ( 0.16 hours ).
Elapsed time for this session 215 seconds ( 0.06 hours ).

Thank you...

