Command: vcs -timescale=1ns/1fs -j4 -sverilog +v2k -full64 -Mupdate -R -debug_access+all \
-y /usr/cad/synopsys/synthesis/cur/dw/sim_ver/ +libext+.v -f filelist.f -o simv -l \
vcs.log -P /usr/cad/synopsys/verdi/2022.06/share/PLI/VCS/linux64/novas.tab /usr/cad/synopsys/verdi/2022.06/share/PLI/VCS/linux64/pli.a \
+define+RTL +define+ +notimingchecks
*** Using c compiler gcc instead of cc ...
                         Chronologic VCS (TM)
         Version T-2022.06_Full64 -- Fri Sep  5 09:14:50 2025

                    Copyright (c) 1991 - 2022 Synopsys, Inc.
   This software and the associated documentation are proprietary to Synopsys,
 Inc. This software may only be used in accordance with the terms and conditions
 of a written license agreement with Synopsys, Inc. All other use, reproduction,
   or distribution of this software is strictly prohibited.  Licensed Products
     communicate with Synopsys servers for the purpose of providing software
    updates, detecting software piracy and verifying that customers are using
    Licensed Products in conformity with the applicable License Key for such
  Licensed Products. Synopsys will use information gathered in connection with
    this process to deliver software updates and pursue software pirates and
                                   infringers.

 Inclusivity & Diversity - Visit SolvNetPlus to read the "Synopsys Statement on
            Inclusivity and Diversity" (Refer to article 000036315 at
                        https://solvnetplus.synopsys.com)

Parsing design file 'TESTBED.v'
Parsing included file 'PATTERN.v'.
Back to file 'TESTBED.v'.
Parsing included file 'MQ_NTT.v'.
Parsing included file 'RADIX2.v'.
Parsing included file 'DELAY_BUFFER.v'.
Back to file 'RADIX2.v'.
Parsing included file 'BUTTERFLY.v'.

Warning-[EPIMD] Empty Port in Module Declaration
BUTTERFLY.v, 8
  There is empty port specified in module declaration.
  

Back to file 'RADIX2.v'.
Parsing included file 'MQ.v'.
Back to file 'RADIX2.v'.
Back to file 'MQ_NTT.v'.
Back to file 'TESTBED.v'.
Top Level Modules:
       TESTBED
TimeScale is 1 ns / 10 ps

Warning-[TFIPC] Too few instance port connections
RADIX2.v, 79
RADIX2, "BUTTERFLY u_BUTTERFLY( .x (delay_d_o),  .y (mult_d_reg),  .X (butterfly_X),  .Y (butterfly_Y));"
  The above instance has fewer port connections than the module definition.
  Please use '+lint=TFIPC-L' to print out detailed information of unconnected 
  ports.


Warning-[TFIPC] Too few instance port connections
RADIX2.v, 79
RADIX2, "BUTTERFLY u_BUTTERFLY( .x (delay_d_o),  .y (mult_d_reg),  .X (butterfly_X),  .Y (butterfly_Y));"
  The above instance has fewer port connections than the module definition.
  Please use '+lint=TFIPC-L' to print out detailed information of unconnected 
  ports.


Warning-[TFIPC] Too few instance port connections
RADIX2.v, 79
RADIX2, "BUTTERFLY u_BUTTERFLY( .x (delay_d_o),  .y (mult_d_reg),  .X (butterfly_X),  .Y (butterfly_Y));"
  The above instance has fewer port connections than the module definition.
  Please use '+lint=TFIPC-L' to print out detailed information of unconnected 
  ports.


Warning-[TFIPC] Too few instance port connections
RADIX2.v, 79
RADIX2, "BUTTERFLY u_BUTTERFLY( .x (delay_d_o),  .y (mult_d_reg),  .X (butterfly_X),  .Y (butterfly_Y));"
  The above instance has fewer port connections than the module definition.
  Please use '+lint=TFIPC-L' to print out detailed information of unconnected 
  ports.


Warning-[TFIPC] Too few instance port connections
RADIX2.v, 79
RADIX2, "BUTTERFLY u_BUTTERFLY( .x (delay_d_o),  .y (mult_d_reg),  .X (butterfly_X),  .Y (butterfly_Y));"
  The above instance has fewer port connections than the module definition.
  Please use '+lint=TFIPC-L' to print out detailed information of unconnected 
  ports.


Warning-[TFIPC] Too few instance port connections
RADIX2.v, 79
RADIX2, "BUTTERFLY u_BUTTERFLY( .x (delay_d_o),  .y (mult_d_reg),  .X (butterfly_X),  .Y (butterfly_Y));"
  The above instance has fewer port connections than the module definition.
  Please use '+lint=TFIPC-L' to print out detailed information of unconnected 
  ports.


Warning-[TFIPC] Too few instance port connections
RADIX2.v, 79
RADIX2, "BUTTERFLY u_BUTTERFLY( .x (delay_d_o),  .y (mult_d_reg),  .X (butterfly_X),  .Y (butterfly_Y));"
  The above instance has fewer port connections than the module definition.
  Please use '+lint=TFIPC-L' to print out detailed information of unconnected 
  ports.


Warning-[TFIPC] Too few instance port connections
RADIX2.v, 79
RADIX2, "BUTTERFLY u_BUTTERFLY( .x (delay_d_o),  .y (mult_d_reg),  .X (butterfly_X),  .Y (butterfly_Y));"
  The above instance has fewer port connections than the module definition.
  Please use '+lint=TFIPC-L' to print out detailed information of unconnected 
  ports.


Warning-[TFIPC] Too few instance port connections
RADIX2.v, 79
RADIX2, "BUTTERFLY u_BUTTERFLY( .x (delay_d_o),  .y (mult_d_reg),  .X (butterfly_X),  .Y (butterfly_Y));"
  The above instance has fewer port connections than the module definition.
  Please use '+lint=TFIPC-L' to print out detailed information of unconnected 
  ports.

Starting vcs inline pass...


Note-[VCS_PARAL] Parallel code-gen enabled
  VCS is running with parallel code generation(-j)...

4 modules and 0 UDP read.
recompiling module TESTBED
recompiling module PATTERN
Both modules done.
	However, due to incremental compilation, only 2 modules need to be compiled. 
make[1]: Entering directory `/home/daniel_kuo/Falcon/hardware/mq_ntt/01_RTL/csrc' \

rm -f _cuarc*.so _csrc*.so pre_vcsobj_*.so share_vcsobj_*.so
ld -shared  -Bsymbolic   -o .//../simv.daidir//_cuarc0.so objs/amcQw_d.o 
rm -f _cuarc0.so
if [ -x ../simv ]; then chmod a-x ../simv; fi
g++  -o ../simv      -rdynamic  -Wl,-rpath='$ORIGIN'/simv.daidir -Wl,-rpath=./simv.daidir \
-Wl,-rpath=/usr/cad/synopsys/vcs/2022.06/linux64/lib -L/usr/cad/synopsys/vcs/2022.06/linux64/lib \
-Wl,-rpath-link=./  /usr/lib64/libnuma.so.1     _29528_archive_1.so _29545_archive_1.so \
_prev_archive_1.so _cuarc0.so  SIM_l.o      rmapats_mop.o rmapats.o rmar.o rmar_nd.o \
rmar_llvm_0_1.o rmar_llvm_0_0.o           -lvirsim -lerrorinf -lsnpsmalloc -lvfs \
/usr/cad/synopsys/verdi/2022.06/share/PLI/VCS/linux64/pli.a    -lvcsnew -lsimprofile \
-luclinative /usr/cad/synopsys/vcs/2022.06/linux64/lib/vcs_tls.o   -Wl,-whole-archive \
-lvcsucli    -Wl,-no-whole-archive        _vcs_pli_stub_.o   /usr/cad/synopsys/vcs/2022.06/linux64/lib/vcs_save_restore_new.o \
/usr/cad/synopsys/verdi/2022.06//share/PLI/VCS/LINUX64/pli.a -ldl -lm  -lc -lpthread \
-ldl 
../simv up to date
make[1]: Leaving directory `/home/daniel_kuo/Falcon/hardware/mq_ntt/01_RTL/csrc' \

Command: /home/daniel_kuo/Falcon/hardware/mq_ntt/01_RTL/./simv +v2k +libext+.v -a vcs.log +define+RTL +define+ +notimingchecks
Chronologic VCS simulator copyright 1991-2022
Contains Synopsys proprietary information.
Compiler version T-2022.06_Full64; Runtime version T-2022.06_Full64;  Sep  5 09:14 2025
*Verdi* Loading libsscore_vcs202206.so
FSDB Dumper for VCS, Release Verdi_T-2022.06, Linux x86_64/64bit, 05/29/2022
(C) 1996 - 2022 by Synopsys, Inc.
*Verdi* FSDB WARNING: The FSDB file already exists. Overwriting the FSDB file may crash the programs that are using this file.
*Verdi* : Create FSDB file 'MQ_NTT.fsdb'
*Verdi* : Begin traversing the scopes, layer (0).
*Verdi* : Enable +mda dumping.
*Verdi* : End of traversing.
PASS PATTERN NO.   1,  539 CYCLES
PASS PATTERN NO.   2,  539 CYCLES
PASS PATTERN NO.   3,  539 CYCLES
PASS PATTERN NO.   4,  539 CYCLES
PASS PATTERN NO.   5,  539 CYCLES
PASS PATTERN NO.   6,  539 CYCLES
PASS PATTERN NO.   7,  539 CYCLES
PASS PATTERN NO.   8,  539 CYCLES
PASS PATTERN NO.   9,  539 CYCLES
PASS PATTERN NO.  10,  539 CYCLES
PASS PATTERN NO.  11,  539 CYCLES
PASS PATTERN NO.  12,  539 CYCLES
PASS PATTERN NO.  13,  539 CYCLES
PASS PATTERN NO.  14,  539 CYCLES
PASS PATTERN NO.  15,  539 CYCLES
PASS PATTERN NO.  16,  539 CYCLES
PASS PATTERN NO.  17,  539 CYCLES
PASS PATTERN NO.  18,  539 CYCLES
PASS PATTERN NO.  19,  539 CYCLES
PASS PATTERN NO.  20,  539 CYCLES
PASS PATTERN NO.  21,  539 CYCLES
PASS PATTERN NO.  22,  539 CYCLES
PASS PATTERN NO.  23,  539 CYCLES
PASS PATTERN NO.  24,  539 CYCLES
PASS PATTERN NO.  25,  539 CYCLES
PASS PATTERN NO.  26,  539 CYCLES
PASS PATTERN NO.  27,  539 CYCLES
PASS PATTERN NO.  28,  539 CYCLES
PASS PATTERN NO.  29,  539 CYCLES
PASS PATTERN NO.  30,  539 CYCLES
PASS PATTERN NO.  31,  539 CYCLES
PASS PATTERN NO.  32,  539 CYCLES
PASS PATTERN NO.  33,  539 CYCLES
PASS PATTERN NO.  34,  539 CYCLES
PASS PATTERN NO.  35,  539 CYCLES
PASS PATTERN NO.  36,  539 CYCLES
PASS PATTERN NO.  37,  539 CYCLES
PASS PATTERN NO.  38,  539 CYCLES
PASS PATTERN NO.  39,  539 CYCLES
PASS PATTERN NO.  40,  539 CYCLES
PASS PATTERN NO.  41,  539 CYCLES
PASS PATTERN NO.  42,  539 CYCLES
PASS PATTERN NO.  43,  539 CYCLES
PASS PATTERN NO.  44,  539 CYCLES
PASS PATTERN NO.  45,  539 CYCLES
PASS PATTERN NO.  46,  539 CYCLES
PASS PATTERN NO.  47,  539 CYCLES
PASS PATTERN NO.  48,  539 CYCLES
PASS PATTERN NO.  49,  539 CYCLES
PASS PATTERN NO.  50,  539 CYCLES
PASS PATTERN NO.  51,  539 CYCLES
PASS PATTERN NO.  52,  539 CYCLES
PASS PATTERN NO.  53,  539 CYCLES
PASS PATTERN NO.  54,  539 CYCLES
PASS PATTERN NO.  55,  539 CYCLES
PASS PATTERN NO.  56,  539 CYCLES
PASS PATTERN NO.  57,  539 CYCLES
PASS PATTERN NO.  58,  539 CYCLES
PASS PATTERN NO.  59,  539 CYCLES
PASS PATTERN NO.  60,  539 CYCLES
PASS PATTERN NO.  61,  539 CYCLES
PASS PATTERN NO.  62,  539 CYCLES
PASS PATTERN NO.  63,  539 CYCLES
PASS PATTERN NO.  64,  539 CYCLES
PASS PATTERN NO.  65,  539 CYCLES
PASS PATTERN NO.  66,  539 CYCLES
PASS PATTERN NO.  67,  539 CYCLES
PASS PATTERN NO.  68,  539 CYCLES
PASS PATTERN NO.  69,  539 CYCLES
PASS PATTERN NO.  70,  539 CYCLES
PASS PATTERN NO.  71,  539 CYCLES
PASS PATTERN NO.  72,  539 CYCLES
PASS PATTERN NO.  73,  539 CYCLES
PASS PATTERN NO.  74,  539 CYCLES
PASS PATTERN NO.  75,  539 CYCLES
PASS PATTERN NO.  76,  539 CYCLES
PASS PATTERN NO.  77,  539 CYCLES
PASS PATTERN NO.  78,  539 CYCLES
PASS PATTERN NO.  79,  539 CYCLES
PASS PATTERN NO.  80,  539 CYCLES
PASS PATTERN NO.  81,  539 CYCLES
PASS PATTERN NO.  82,  539 CYCLES
PASS PATTERN NO.  83,  539 CYCLES
PASS PATTERN NO.  84,  539 CYCLES
PASS PATTERN NO.  85,  539 CYCLES
PASS PATTERN NO.  86,  539 CYCLES
PASS PATTERN NO.  87,  539 CYCLES
PASS PATTERN NO.  88,  539 CYCLES
PASS PATTERN NO.  89,  539 CYCLES
PASS PATTERN NO.  90,  539 CYCLES
PASS PATTERN NO.  91,  539 CYCLES
PASS PATTERN NO.  92,  539 CYCLES
PASS PATTERN NO.  93,  539 CYCLES
PASS PATTERN NO.  94,  539 CYCLES
PASS PATTERN NO.  95,  539 CYCLES
PASS PATTERN NO.  96,  539 CYCLES
PASS PATTERN NO.  97,  539 CYCLES
PASS PATTERN NO.  98,  539 CYCLES
PASS PATTERN NO.  99,  539 CYCLES
--------------------------------------------------------------------
                         Congratulations!                           
                  You have passed all patterns!                     
                  Your execution cycles = 53361 cycles                
                  Your clock period = 2.0 ns                       
                  Total Latency = 106722.0 ns                           
--------------------------------------------------------------------
$finish called from file "PATTERN.v", line 207.
$finish at simulation time             20872300
           V C S   S i m u l a t i o n   R e p o r t 
Time: 208723000 ps
CPU Time:      8.350 seconds;       Data structure size:   0.1Mb
Fri Sep  5 09:14:57 2025
CPU time: .631 seconds to compile + .152 seconds to elab + .124 seconds to link + 8.369 seconds in simulation
