#======================================================
#
# Synopsys Synthesis Scripts (Design Vision dctcl mode)
#
#======================================================
#======================================================
# (A) Global Parameters
#======================================================
set DESIGN "MODP_NTT2"
MODP_NTT2
set CYCLE 2.0
2.0
set INPUT_DLY [expr 0*$CYCLE]
0.0
set OUTPUT_DLY [expr 0*$CYCLE]
0.0
#======================================================
# (B) Read RTL Code
#======================================================
# (B-1) analyze + elaborate
set hdlin_auto_save_templates TRUE
TRUE
analyze -f sverilog $DESIGN\.v 
Running PRESTO HDLC
Compiling source file ../01_RTL/MODP_NTT2.v
Opening include file ../01_RTL/RADIX2.v
Opening include file ../01_RTL/DELAY_BUFFER.v
Opening include file ../01_RTL/BUTTERFLY.v
Opening include file ../01_RTL/MQ.v
Presto compilation completed successfully.
Loading db file '/cell_base_lib/CBDK_TSMC40_Arm_f2.0/CIC/SynopsysDC/db/sc9_base_rvt/sc9_cln40g_base_rvt_ss_typical_max_0p81v_125c.db'
Loading db file '/cell_base_lib/CBDK_TSMC40_Arm_f2.0/CIC/SynopsysDC/db/sc9_base_hvt/sc9_cln40g_base_hvt_ss_typical_max_0p81v_125c.db'
Loading db file '/cell_base_lib/CBDK_TSMC40_Arm_f2.0/CIC/SynopsysDC/db/sc9_base_lvt/sc9_cln40g_base_lvt_ss_typical_max_0p81v_125c.db'
Loading db file '/usr/cad/synopsys/synthesis/cur/libraries/syn/dw_foundation.sldb'
Loading db file '/usr/cad/synopsys/synthesis/cur/libraries/syn/standard.sldb'
1
elaborate $DESIGN  
Loading db file '/usr/cad/synopsys/synthesis/2022.03/libraries/syn/gtech.db'
Loading db file '/usr/cad/synopsys/synthesis/2022.03/libraries/syn/standard.sldb'
  Loading link library 'sc9_cln40g_base_rvt_ss_typical_max_0p81v_125c'
  Loading link library 'sc9_cln40g_base_hvt_ss_typical_max_0p81v_125c'
  Loading link library 'sc9_cln40g_base_lvt_ss_typical_max_0p81v_125c'
  Loading link library 'gtech'
Running PRESTO HDLC
Warning:  ../01_RTL/MODP_NTT2.v:135: signed to unsigned conversion occurs. (VER-318)

Inferred memory devices in process
        in routine MODP_NTT2 line 180 in file
                '../01_RTL/MODP_NTT2.v'.
===============================================================================
|    Register Name    |   Type    | Width | Bus | MB | AR | AS | SR | SS | ST |
===============================================================================
|    isMQ_reg_reg     | Flip-flop |   1   |  N  | N  | Y  | N  | N  | N  | N  |
|  in_valid_reg_reg   | Flip-flop |   1   |  N  | N  | Y  | N  | N  | N  | N  |
|     a_i_reg_reg     | Flip-flop |  31   |  Y  | N  | Y  | N  | N  | N  | N  |
|    logn_reg_reg     | Flip-flop |   4   |  Y  | N  | Y  | N  | N  | N  | N  |
|      p_reg_reg      | Flip-flop |  31   |  Y  | N  | Y  | N  | N  | N  | N  |
|     p0i_reg_reg     | Flip-flop |  31   |  Y  | N  | Y  | N  | N  | N  | N  |
===============================================================================
Presto compilation completed successfully. (MODP_NTT2)
Elaborated 1 design.
Current design is now 'MODP_NTT2'.
Information: Building the design 'RADIX2' instantiated from design 'MODP_NTT2' with
        the parameters "9,0". (HDL-193)
Warning:  ../01_RTL/RADIX2.v:144: signed to unsigned assignment occurs. (VER-318)
Warning:  ../01_RTL/RADIX2.v:146: signed to unsigned assignment occurs. (VER-318)
Warning:  ../01_RTL/RADIX2.v:148: signed to unsigned conversion occurs. (VER-318)
Warning:  ../01_RTL/RADIX2.v:213: signed to unsigned assignment occurs. (VER-318)

Statistics for case statements in always block at line 153 in file
        '../01_RTL/RADIX2.v'
===============================================
|           Line           |  full/ parallel  |
===============================================
|           154            |    auto/auto     |
===============================================

Statistics for case statements in always block at line 170 in file
        '../01_RTL/RADIX2.v'
===============================================
|           Line           |  full/ parallel  |
===============================================
|           171            |    auto/auto     |
===============================================

Inferred memory devices in process
        in routine RADIX2_MAX_LOGN9_STAGE0 line 261 in file
                '../01_RTL/RADIX2.v'.
===============================================================================
|    Register Name    |   Type    | Width | Bus | MB | AR | AS | SR | SS | ST |
===============================================================================
|    isMQ_reg_reg     | Flip-flop |   1   |  N  | N  | Y  | N  | N  | N  | N  |
|     i_valid_reg     | Flip-flop |   1   |  N  | N  | Y  | N  | N  | N  | N  |
|   mult_d_reg_reg    | Flip-flop |  31   |  Y  | N  | Y  | N  | N  | N  | N  |
|    state_reg_reg    | Flip-flop |   1   |  N  | N  | Y  | N  | N  | N  | N  |
|     cnt_reg_reg     | Flip-flop |  10   |  Y  | N  | Y  | N  | N  | N  | N  |
|    out_valid_reg    | Flip-flop |   1   |  N  | N  | Y  | N  | N  | N  | N  |
|       a_o_reg       | Flip-flop |  31   |  Y  | N  | Y  | N  | N  | N  | N  |
|  in_valid_reg_reg   | Flip-flop |   1   |  N  | N  | Y  | N  | N  | N  | N  |
|     mult_en_reg     | Flip-flop |   1   |  N  | N  | Y  | N  | N  | N  | N  |
|    logn_reg_reg     | Flip-flop |   4   |  Y  | N  | Y  | N  | N  | N  | N  |
|      p_reg_reg      | Flip-flop |  31   |  Y  | N  | Y  | N  | N  | N  | N  |
|     p0i_reg_reg     | Flip-flop |  31   |  Y  | N  | Y  | N  | N  | N  | N  |
===============================================================================
Presto compilation completed successfully. (RADIX2_MAX_LOGN9_STAGE0)
Information: Building the design 'RADIX2' instantiated from design 'MODP_NTT2' with
        the parameters "9,1". (HDL-193)
Warning:  ../01_RTL/RADIX2.v:144: signed to unsigned assignment occurs. (VER-318)
Warning:  ../01_RTL/RADIX2.v:146: signed to unsigned assignment occurs. (VER-318)
Warning:  ../01_RTL/RADIX2.v:148: signed to unsigned conversion occurs. (VER-318)
Warning:  ../01_RTL/RADIX2.v:213: signed to unsigned assignment occurs. (VER-318)

Statistics for case statements in always block at line 153 in file
        '../01_RTL/RADIX2.v'
===============================================
|           Line           |  full/ parallel  |
===============================================
|           154            |    auto/auto     |
===============================================

Statistics for case statements in always block at line 170 in file
        '../01_RTL/RADIX2.v'
===============================================
|           Line           |  full/ parallel  |
===============================================
|           171            |    auto/auto     |
===============================================
Warning:  ../01_RTL/RADIX2.v:222: Statement unreachable (Branch condition impossible to meet).  (VER-61)

Inferred memory devices in process
        in routine RADIX2_MAX_LOGN9_STAGE1 line 261 in file
                '../01_RTL/RADIX2.v'.
===============================================================================
|    Register Name    |   Type    | Width | Bus | MB | AR | AS | SR | SS | ST |
===============================================================================
|    isMQ_reg_reg     | Flip-flop |   1   |  N  | N  | Y  | N  | N  | N  | N  |
|     i_valid_reg     | Flip-flop |   1   |  N  | N  | Y  | N  | N  | N  | N  |
|   mult_d_reg_reg    | Flip-flop |  31   |  Y  | N  | Y  | N  | N  | N  | N  |
|    state_reg_reg    | Flip-flop |   1   |  N  | N  | Y  | N  | N  | N  | N  |
|     cnt_reg_reg     | Flip-flop |  10   |  Y  | N  | Y  | N  | N  | N  | N  |
|    out_valid_reg    | Flip-flop |   1   |  N  | N  | Y  | N  | N  | N  | N  |
|       a_o_reg       | Flip-flop |  31   |  Y  | N  | Y  | N  | N  | N  | N  |
|  in_valid_reg_reg   | Flip-flop |   1   |  N  | N  | Y  | N  | N  | N  | N  |
|     mult_en_reg     | Flip-flop |   1   |  N  | N  | Y  | N  | N  | N  | N  |
|    logn_reg_reg     | Flip-flop |   4   |  Y  | N  | Y  | N  | N  | N  | N  |
|      p_reg_reg      | Flip-flop |  31   |  Y  | N  | Y  | N  | N  | N  | N  |
|     p0i_reg_reg     | Flip-flop |  31   |  Y  | N  | Y  | N  | N  | N  | N  |
===============================================================================
Presto compilation completed successfully. (RADIX2_MAX_LOGN9_STAGE1)
Information: Building the design 'RADIX2' instantiated from design 'MODP_NTT2' with
        the parameters "9,2". (HDL-193)
Warning:  ../01_RTL/RADIX2.v:144: signed to unsigned assignment occurs. (VER-318)
Warning:  ../01_RTL/RADIX2.v:146: signed to unsigned assignment occurs. (VER-318)
Warning:  ../01_RTL/RADIX2.v:148: signed to unsigned conversion occurs. (VER-318)
Warning:  ../01_RTL/RADIX2.v:213: signed to unsigned assignment occurs. (VER-318)

Statistics for case statements in always block at line 153 in file
        '../01_RTL/RADIX2.v'
===============================================
|           Line           |  full/ parallel  |
===============================================
|           154            |    auto/auto     |
===============================================

Statistics for case statements in always block at line 170 in file
        '../01_RTL/RADIX2.v'
===============================================
|           Line           |  full/ parallel  |
===============================================
|           171            |    auto/auto     |
===============================================
Warning:  ../01_RTL/RADIX2.v:222: Statement unreachable (Branch condition impossible to meet).  (VER-61)

Inferred memory devices in process
        in routine RADIX2_MAX_LOGN9_STAGE2 line 261 in file
                '../01_RTL/RADIX2.v'.
===============================================================================
|    Register Name    |   Type    | Width | Bus | MB | AR | AS | SR | SS | ST |
===============================================================================
|    isMQ_reg_reg     | Flip-flop |   1   |  N  | N  | Y  | N  | N  | N  | N  |
|     i_valid_reg     | Flip-flop |   1   |  N  | N  | Y  | N  | N  | N  | N  |
|   mult_d_reg_reg    | Flip-flop |  31   |  Y  | N  | Y  | N  | N  | N  | N  |
|    state_reg_reg    | Flip-flop |   1   |  N  | N  | Y  | N  | N  | N  | N  |
|     cnt_reg_reg     | Flip-flop |  10   |  Y  | N  | Y  | N  | N  | N  | N  |
|    out_valid_reg    | Flip-flop |   1   |  N  | N  | Y  | N  | N  | N  | N  |
|       a_o_reg       | Flip-flop |  31   |  Y  | N  | Y  | N  | N  | N  | N  |
|  in_valid_reg_reg   | Flip-flop |   1   |  N  | N  | Y  | N  | N  | N  | N  |
|     mult_en_reg     | Flip-flop |   1   |  N  | N  | Y  | N  | N  | N  | N  |
|    logn_reg_reg     | Flip-flop |   4   |  Y  | N  | Y  | N  | N  | N  | N  |
|      p_reg_reg      | Flip-flop |  31   |  Y  | N  | Y  | N  | N  | N  | N  |
|     p0i_reg_reg     | Flip-flop |  31   |  Y  | N  | Y  | N  | N  | N  | N  |
===============================================================================
Presto compilation completed successfully. (RADIX2_MAX_LOGN9_STAGE2)
Information: Building the design 'RADIX2' instantiated from design 'MODP_NTT2' with
        the parameters "9,3". (HDL-193)
Warning:  ../01_RTL/RADIX2.v:144: signed to unsigned assignment occurs. (VER-318)
Warning:  ../01_RTL/RADIX2.v:146: signed to unsigned assignment occurs. (VER-318)
Warning:  ../01_RTL/RADIX2.v:148: signed to unsigned conversion occurs. (VER-318)
Warning:  ../01_RTL/RADIX2.v:213: signed to unsigned assignment occurs. (VER-318)

Statistics for case statements in always block at line 153 in file
        '../01_RTL/RADIX2.v'
===============================================
|           Line           |  full/ parallel  |
===============================================
|           154            |    auto/auto     |
===============================================

Statistics for case statements in always block at line 170 in file
        '../01_RTL/RADIX2.v'
===============================================
|           Line           |  full/ parallel  |
===============================================
|           171            |    auto/auto     |
===============================================
Warning:  ../01_RTL/RADIX2.v:222: Statement unreachable (Branch condition impossible to meet).  (VER-61)

Inferred memory devices in process
        in routine RADIX2_MAX_LOGN9_STAGE3 line 261 in file
                '../01_RTL/RADIX2.v'.
===============================================================================
|    Register Name    |   Type    | Width | Bus | MB | AR | AS | SR | SS | ST |
===============================================================================
|    isMQ_reg_reg     | Flip-flop |   1   |  N  | N  | Y  | N  | N  | N  | N  |
|     i_valid_reg     | Flip-flop |   1   |  N  | N  | Y  | N  | N  | N  | N  |
|   mult_d_reg_reg    | Flip-flop |  31   |  Y  | N  | Y  | N  | N  | N  | N  |
|    state_reg_reg    | Flip-flop |   1   |  N  | N  | Y  | N  | N  | N  | N  |
|     cnt_reg_reg     | Flip-flop |  10   |  Y  | N  | Y  | N  | N  | N  | N  |
|    out_valid_reg    | Flip-flop |   1   |  N  | N  | Y  | N  | N  | N  | N  |
|       a_o_reg       | Flip-flop |  31   |  Y  | N  | Y  | N  | N  | N  | N  |
|  in_valid_reg_reg   | Flip-flop |   1   |  N  | N  | Y  | N  | N  | N  | N  |
|     mult_en_reg     | Flip-flop |   1   |  N  | N  | Y  | N  | N  | N  | N  |
|    logn_reg_reg     | Flip-flop |   4   |  Y  | N  | Y  | N  | N  | N  | N  |
|      p_reg_reg      | Flip-flop |  31   |  Y  | N  | Y  | N  | N  | N  | N  |
|     p0i_reg_reg     | Flip-flop |  31   |  Y  | N  | Y  | N  | N  | N  | N  |
===============================================================================
Presto compilation completed successfully. (RADIX2_MAX_LOGN9_STAGE3)
Information: Building the design 'RADIX2' instantiated from design 'MODP_NTT2' with
        the parameters "9,4". (HDL-193)
Warning:  ../01_RTL/RADIX2.v:144: signed to unsigned assignment occurs. (VER-318)
Warning:  ../01_RTL/RADIX2.v:146: signed to unsigned assignment occurs. (VER-318)
Warning:  ../01_RTL/RADIX2.v:148: signed to unsigned conversion occurs. (VER-318)
Warning:  ../01_RTL/RADIX2.v:213: signed to unsigned assignment occurs. (VER-318)

Statistics for case statements in always block at line 153 in file
        '../01_RTL/RADIX2.v'
===============================================
|           Line           |  full/ parallel  |
===============================================
|           154            |    auto/auto     |
===============================================

Statistics for case statements in always block at line 170 in file
        '../01_RTL/RADIX2.v'
===============================================
|           Line           |  full/ parallel  |
===============================================
|           171            |    auto/auto     |
===============================================
Warning:  ../01_RTL/RADIX2.v:222: Statement unreachable (Branch condition impossible to meet).  (VER-61)

Inferred memory devices in process
        in routine RADIX2_MAX_LOGN9_STAGE4 line 261 in file
                '../01_RTL/RADIX2.v'.
===============================================================================
|    Register Name    |   Type    | Width | Bus | MB | AR | AS | SR | SS | ST |
===============================================================================
|    isMQ_reg_reg     | Flip-flop |   1   |  N  | N  | Y  | N  | N  | N  | N  |
|     i_valid_reg     | Flip-flop |   1   |  N  | N  | Y  | N  | N  | N  | N  |
|   mult_d_reg_reg    | Flip-flop |  31   |  Y  | N  | Y  | N  | N  | N  | N  |
|    state_reg_reg    | Flip-flop |   1   |  N  | N  | Y  | N  | N  | N  | N  |
|     cnt_reg_reg     | Flip-flop |  10   |  Y  | N  | Y  | N  | N  | N  | N  |
|    out_valid_reg    | Flip-flop |   1   |  N  | N  | Y  | N  | N  | N  | N  |
|       a_o_reg       | Flip-flop |  31   |  Y  | N  | Y  | N  | N  | N  | N  |
|  in_valid_reg_reg   | Flip-flop |   1   |  N  | N  | Y  | N  | N  | N  | N  |
|     mult_en_reg     | Flip-flop |   1   |  N  | N  | Y  | N  | N  | N  | N  |
|    logn_reg_reg     | Flip-flop |   4   |  Y  | N  | Y  | N  | N  | N  | N  |
|      p_reg_reg      | Flip-flop |  31   |  Y  | N  | Y  | N  | N  | N  | N  |
|     p0i_reg_reg     | Flip-flop |  31   |  Y  | N  | Y  | N  | N  | N  | N  |
===============================================================================
Presto compilation completed successfully. (RADIX2_MAX_LOGN9_STAGE4)
Information: Building the design 'RADIX2' instantiated from design 'MODP_NTT2' with
        the parameters "9,5". (HDL-193)
Warning:  ../01_RTL/RADIX2.v:144: signed to unsigned assignment occurs. (VER-318)
Warning:  ../01_RTL/RADIX2.v:146: signed to unsigned assignment occurs. (VER-318)
Warning:  ../01_RTL/RADIX2.v:148: signed to unsigned conversion occurs. (VER-318)
Warning:  ../01_RTL/RADIX2.v:213: signed to unsigned assignment occurs. (VER-318)

Statistics for case statements in always block at line 153 in file
        '../01_RTL/RADIX2.v'
===============================================
|           Line           |  full/ parallel  |
===============================================
|           154            |    auto/auto     |
===============================================

Statistics for case statements in always block at line 170 in file
        '../01_RTL/RADIX2.v'
===============================================
|           Line           |  full/ parallel  |
===============================================
|           171            |    auto/auto     |
===============================================
Warning:  ../01_RTL/RADIX2.v:222: Statement unreachable (Branch condition impossible to meet).  (VER-61)

Inferred memory devices in process
        in routine RADIX2_MAX_LOGN9_STAGE5 line 261 in file
                '../01_RTL/RADIX2.v'.
===============================================================================
|    Register Name    |   Type    | Width | Bus | MB | AR | AS | SR | SS | ST |
===============================================================================
|    isMQ_reg_reg     | Flip-flop |   1   |  N  | N  | Y  | N  | N  | N  | N  |
|     i_valid_reg     | Flip-flop |   1   |  N  | N  | Y  | N  | N  | N  | N  |
|   mult_d_reg_reg    | Flip-flop |  31   |  Y  | N  | Y  | N  | N  | N  | N  |
|    state_reg_reg    | Flip-flop |   1   |  N  | N  | Y  | N  | N  | N  | N  |
|     cnt_reg_reg     | Flip-flop |  10   |  Y  | N  | Y  | N  | N  | N  | N  |
|    out_valid_reg    | Flip-flop |   1   |  N  | N  | Y  | N  | N  | N  | N  |
|       a_o_reg       | Flip-flop |  31   |  Y  | N  | Y  | N  | N  | N  | N  |
|  in_valid_reg_reg   | Flip-flop |   1   |  N  | N  | Y  | N  | N  | N  | N  |
|     mult_en_reg     | Flip-flop |   1   |  N  | N  | Y  | N  | N  | N  | N  |
|    logn_reg_reg     | Flip-flop |   4   |  Y  | N  | Y  | N  | N  | N  | N  |
|      p_reg_reg      | Flip-flop |  31   |  Y  | N  | Y  | N  | N  | N  | N  |
|     p0i_reg_reg     | Flip-flop |  31   |  Y  | N  | Y  | N  | N  | N  | N  |
===============================================================================
Presto compilation completed successfully. (RADIX2_MAX_LOGN9_STAGE5)
Information: Building the design 'RADIX2' instantiated from design 'MODP_NTT2' with
        the parameters "9,6". (HDL-193)
Warning:  ../01_RTL/RADIX2.v:144: signed to unsigned assignment occurs. (VER-318)
Warning:  ../01_RTL/RADIX2.v:146: signed to unsigned assignment occurs. (VER-318)
Warning:  ../01_RTL/RADIX2.v:148: signed to unsigned conversion occurs. (VER-318)
Warning:  ../01_RTL/RADIX2.v:213: signed to unsigned assignment occurs. (VER-318)

Statistics for case statements in always block at line 153 in file
        '../01_RTL/RADIX2.v'
===============================================
|           Line           |  full/ parallel  |
===============================================
|           154            |    auto/auto     |
===============================================

Statistics for case statements in always block at line 170 in file
        '../01_RTL/RADIX2.v'
===============================================
|           Line           |  full/ parallel  |
===============================================
|           171            |    auto/auto     |
===============================================
Warning:  ../01_RTL/RADIX2.v:222: Statement unreachable (Branch condition impossible to meet).  (VER-61)

Inferred memory devices in process
        in routine RADIX2_MAX_LOGN9_STAGE6 line 261 in file
                '../01_RTL/RADIX2.v'.
===============================================================================
|    Register Name    |   Type    | Width | Bus | MB | AR | AS | SR | SS | ST |
===============================================================================
|    isMQ_reg_reg     | Flip-flop |   1   |  N  | N  | Y  | N  | N  | N  | N  |
|     i_valid_reg     | Flip-flop |   1   |  N  | N  | Y  | N  | N  | N  | N  |
|   mult_d_reg_reg    | Flip-flop |  31   |  Y  | N  | Y  | N  | N  | N  | N  |
|    state_reg_reg    | Flip-flop |   1   |  N  | N  | Y  | N  | N  | N  | N  |
|     cnt_reg_reg     | Flip-flop |  10   |  Y  | N  | Y  | N  | N  | N  | N  |
|    out_valid_reg    | Flip-flop |   1   |  N  | N  | Y  | N  | N  | N  | N  |
|       a_o_reg       | Flip-flop |  31   |  Y  | N  | Y  | N  | N  | N  | N  |
|  in_valid_reg_reg   | Flip-flop |   1   |  N  | N  | Y  | N  | N  | N  | N  |
|     mult_en_reg     | Flip-flop |   1   |  N  | N  | Y  | N  | N  | N  | N  |
|    logn_reg_reg     | Flip-flop |   4   |  Y  | N  | Y  | N  | N  | N  | N  |
|      p_reg_reg      | Flip-flop |  31   |  Y  | N  | Y  | N  | N  | N  | N  |
|     p0i_reg_reg     | Flip-flop |  31   |  Y  | N  | Y  | N  | N  | N  | N  |
===============================================================================
Presto compilation completed successfully. (RADIX2_MAX_LOGN9_STAGE6)
Information: Building the design 'RADIX2' instantiated from design 'MODP_NTT2' with
        the parameters "9,7". (HDL-193)
Warning:  ../01_RTL/RADIX2.v:144: signed to unsigned assignment occurs. (VER-318)
Warning:  ../01_RTL/RADIX2.v:146: signed to unsigned assignment occurs. (VER-318)
Warning:  ../01_RTL/RADIX2.v:148: signed to unsigned conversion occurs. (VER-318)
Warning:  ../01_RTL/RADIX2.v:213: signed to unsigned assignment occurs. (VER-318)

Statistics for case statements in always block at line 153 in file
        '../01_RTL/RADIX2.v'
===============================================
|           Line           |  full/ parallel  |
===============================================
|           154            |    auto/auto     |
===============================================

Statistics for case statements in always block at line 170 in file
        '../01_RTL/RADIX2.v'
===============================================
|           Line           |  full/ parallel  |
===============================================
|           171            |    auto/auto     |
===============================================
Warning:  ../01_RTL/RADIX2.v:222: Statement unreachable (Branch condition impossible to meet).  (VER-61)

Inferred memory devices in process
        in routine RADIX2_MAX_LOGN9_STAGE7 line 261 in file
                '../01_RTL/RADIX2.v'.
===============================================================================
|    Register Name    |   Type    | Width | Bus | MB | AR | AS | SR | SS | ST |
===============================================================================
|    isMQ_reg_reg     | Flip-flop |   1   |  N  | N  | Y  | N  | N  | N  | N  |
|     i_valid_reg     | Flip-flop |   1   |  N  | N  | Y  | N  | N  | N  | N  |
|   mult_d_reg_reg    | Flip-flop |  31   |  Y  | N  | Y  | N  | N  | N  | N  |
|    state_reg_reg    | Flip-flop |   1   |  N  | N  | Y  | N  | N  | N  | N  |
|     cnt_reg_reg     | Flip-flop |  10   |  Y  | N  | Y  | N  | N  | N  | N  |
|    out_valid_reg    | Flip-flop |   1   |  N  | N  | Y  | N  | N  | N  | N  |
|       a_o_reg       | Flip-flop |  31   |  Y  | N  | Y  | N  | N  | N  | N  |
|  in_valid_reg_reg   | Flip-flop |   1   |  N  | N  | Y  | N  | N  | N  | N  |
|     mult_en_reg     | Flip-flop |   1   |  N  | N  | Y  | N  | N  | N  | N  |
|    logn_reg_reg     | Flip-flop |   4   |  Y  | N  | Y  | N  | N  | N  | N  |
|      p_reg_reg      | Flip-flop |  31   |  Y  | N  | Y  | N  | N  | N  | N  |
|     p0i_reg_reg     | Flip-flop |  31   |  Y  | N  | Y  | N  | N  | N  | N  |
===============================================================================
Presto compilation completed successfully. (RADIX2_MAX_LOGN9_STAGE7)
Information: Building the design 'RADIX2' instantiated from design 'MODP_NTT2' with
        the parameters "9,8". (HDL-193)
Warning:  ../01_RTL/RADIX2.v:144: signed to unsigned assignment occurs. (VER-318)
Warning:  ../01_RTL/RADIX2.v:146: signed to unsigned assignment occurs. (VER-318)
Warning:  ../01_RTL/RADIX2.v:148: signed to unsigned conversion occurs. (VER-318)
Warning:  ../01_RTL/RADIX2.v:213: signed to unsigned assignment occurs. (VER-318)

Statistics for case statements in always block at line 153 in file
        '../01_RTL/RADIX2.v'
===============================================
|           Line           |  full/ parallel  |
===============================================
|           154            |    auto/auto     |
===============================================

Statistics for case statements in always block at line 170 in file
        '../01_RTL/RADIX2.v'
===============================================
|           Line           |  full/ parallel  |
===============================================
|           171            |    auto/auto     |
===============================================
Warning:  ../01_RTL/RADIX2.v:222: Statement unreachable (Branch condition impossible to meet).  (VER-61)

Inferred memory devices in process
        in routine RADIX2_MAX_LOGN9_STAGE8 line 261 in file
                '../01_RTL/RADIX2.v'.
===============================================================================
|    Register Name    |   Type    | Width | Bus | MB | AR | AS | SR | SS | ST |
===============================================================================
|    isMQ_reg_reg     | Flip-flop |   1   |  N  | N  | Y  | N  | N  | N  | N  |
|     i_valid_reg     | Flip-flop |   1   |  N  | N  | Y  | N  | N  | N  | N  |
|   mult_d_reg_reg    | Flip-flop |  31   |  Y  | N  | Y  | N  | N  | N  | N  |
|    state_reg_reg    | Flip-flop |   1   |  N  | N  | Y  | N  | N  | N  | N  |
|     cnt_reg_reg     | Flip-flop |  10   |  Y  | N  | Y  | N  | N  | N  | N  |
|    out_valid_reg    | Flip-flop |   1   |  N  | N  | Y  | N  | N  | N  | N  |
|       a_o_reg       | Flip-flop |  31   |  Y  | N  | Y  | N  | N  | N  | N  |
|  in_valid_reg_reg   | Flip-flop |   1   |  N  | N  | Y  | N  | N  | N  | N  |
|     mult_en_reg     | Flip-flop |   1   |  N  | N  | Y  | N  | N  | N  | N  |
|    logn_reg_reg     | Flip-flop |   4   |  Y  | N  | Y  | N  | N  | N  | N  |
|      p_reg_reg      | Flip-flop |  31   |  Y  | N  | Y  | N  | N  | N  | N  |
|     p0i_reg_reg     | Flip-flop |  31   |  Y  | N  | Y  | N  | N  | N  | N  |
===============================================================================
Presto compilation completed successfully. (RADIX2_MAX_LOGN9_STAGE8)
Information: Building the design 'BUTTERFLY'. (HDL-193)
Presto compilation completed successfully. (BUTTERFLY)
Information: Building the design 'DELAY_BUFFER' instantiated from design 'RADIX2_MAX_LOGN9_STAGE0' with
        the parameters "DEPTH=1". (HDL-193)

Inferred memory devices in process
        in routine DELAY_BUFFER_DEPTH1 line 39 in file
                '../01_RTL/DELAY_BUFFER.v'.
===============================================================================
|    Register Name    |   Type    | Width | Bus | MB | AR | AS | SR | SS | ST |
===============================================================================
|      buff_reg       | Flip-flop |  31   |  Y  | N  | Y  | N  | N  | N  | N  |
|    buf_valid_reg    | Flip-flop |   1   |  N  | N  | Y  | N  | N  | N  | N  |
===============================================================================
Presto compilation completed successfully. (DELAY_BUFFER_DEPTH1)
Information: Building the design 'MODP_MONTYMUL'. (HDL-193)

Inferred memory devices in process
        in routine MODP_MONTYMUL line 184 in file
                '../01_RTL/MQ.v'.
===============================================================================
|    Register Name    |   Type    | Width | Bus | MB | AR | AS | SR | SS | ST |
===============================================================================
|   a_b_p0i_reg_reg   | Flip-flop |  31   |  Y  | N  | Y  | N  | N  | N  | N  |
|      a_reg_reg      | Flip-flop |  31   |  Y  | N  | Y  | N  | N  | N  | N  |
|     ena_reg_reg     | Flip-flop |   1   |  N  | N  | Y  | N  | N  | N  | N  |
|    isMQ_reg_reg     | Flip-flop |   1   |  N  | N  | Y  | N  | N  | N  | N  |
|    out_valid_reg    | Flip-flop |   1   |  N  | N  | Y  | N  | N  | N  | N  |
|     a_b_reg_reg     | Flip-flop |  62   |  Y  | N  | Y  | N  | N  | N  | N  |
===============================================================================
Presto compilation completed successfully. (MODP_MONTYMUL)
Information: Building the design 'DELAY_BUFFER' instantiated from design 'RADIX2_MAX_LOGN9_STAGE1' with
        the parameters "DEPTH=2". (HDL-193)

Inferred memory devices in process
        in routine DELAY_BUFFER_DEPTH2 line 39 in file
                '../01_RTL/DELAY_BUFFER.v'.
===============================================================================
|    Register Name    |   Type    | Width | Bus | MB | AR | AS | SR | SS | ST |
===============================================================================
|      buff_reg       | Flip-flop |  31   |  Y  | N  | Y  | N  | N  | N  | N  |
|    buf_valid_reg    | Flip-flop |   1   |  N  | N  | Y  | N  | N  | N  | N  |
===============================================================================

Inferred memory devices in process
        in routine DELAY_BUFFER_DEPTH2 line 59 in file
                '../01_RTL/DELAY_BUFFER.v'.
===============================================================================
|    Register Name    |   Type    | Width | Bus | MB | AR | AS | SR | SS | ST |
===============================================================================
|      buff_reg       | Flip-flop |  31   |  Y  | N  | Y  | N  | N  | N  | N  |
|    buf_valid_reg    | Flip-flop |   1   |  N  | N  | Y  | N  | N  | N  | N  |
===============================================================================
Presto compilation completed successfully. (DELAY_BUFFER_DEPTH2)
Information: Building the design 'DELAY_BUFFER' instantiated from design 'RADIX2_MAX_LOGN9_STAGE2' with
        the parameters "DEPTH=4". (HDL-193)

Inferred memory devices in process
        in routine DELAY_BUFFER_DEPTH4 line 39 in file
                '../01_RTL/DELAY_BUFFER.v'.
===============================================================================
|    Register Name    |   Type    | Width | Bus | MB | AR | AS | SR | SS | ST |
===============================================================================
|      buff_reg       | Flip-flop |  31   |  Y  | N  | Y  | N  | N  | N  | N  |
|    buf_valid_reg    | Flip-flop |   1   |  N  | N  | Y  | N  | N  | N  | N  |
===============================================================================

Inferred memory devices in process
        in routine DELAY_BUFFER_DEPTH4 line 59 in file
                '../01_RTL/DELAY_BUFFER.v'.
===============================================================================
|    Register Name    |   Type    | Width | Bus | MB | AR | AS | SR | SS | ST |
===============================================================================
|      buff_reg       | Flip-flop |  93   |  Y  | N  | Y  | N  | N  | N  | N  |
|    buf_valid_reg    | Flip-flop |   3   |  Y  | N  | Y  | N  | N  | N  | N  |
===============================================================================
Presto compilation completed successfully. (DELAY_BUFFER_DEPTH4)
Information: Building the design 'DELAY_BUFFER' instantiated from design 'RADIX2_MAX_LOGN9_STAGE3' with
        the parameters "DEPTH=8". (HDL-193)

Inferred memory devices in process
        in routine DELAY_BUFFER_DEPTH8 line 39 in file
                '../01_RTL/DELAY_BUFFER.v'.
===============================================================================
|    Register Name    |   Type    | Width | Bus | MB | AR | AS | SR | SS | ST |
===============================================================================
|      buff_reg       | Flip-flop |  31   |  Y  | N  | Y  | N  | N  | N  | N  |
|    buf_valid_reg    | Flip-flop |   1   |  N  | N  | Y  | N  | N  | N  | N  |
===============================================================================

Inferred memory devices in process
        in routine DELAY_BUFFER_DEPTH8 line 59 in file
                '../01_RTL/DELAY_BUFFER.v'.
===============================================================================
|    Register Name    |   Type    | Width | Bus | MB | AR | AS | SR | SS | ST |
===============================================================================
|      buff_reg       | Flip-flop |  217  |  Y  | N  | Y  | N  | N  | N  | N  |
|    buf_valid_reg    | Flip-flop |   7   |  Y  | N  | Y  | N  | N  | N  | N  |
===============================================================================
Presto compilation completed successfully. (DELAY_BUFFER_DEPTH8)
Information: Building the design 'DELAY_BUFFER' instantiated from design 'RADIX2_MAX_LOGN9_STAGE4' with
        the parameters "DEPTH=16". (HDL-193)

Inferred memory devices in process
        in routine DELAY_BUFFER_DEPTH16 line 39 in file
                '../01_RTL/DELAY_BUFFER.v'.
===============================================================================
|    Register Name    |   Type    | Width | Bus | MB | AR | AS | SR | SS | ST |
===============================================================================
|      buff_reg       | Flip-flop |  31   |  Y  | N  | Y  | N  | N  | N  | N  |
|    buf_valid_reg    | Flip-flop |   1   |  N  | N  | Y  | N  | N  | N  | N  |
===============================================================================

Inferred memory devices in process
        in routine DELAY_BUFFER_DEPTH16 line 59 in file
                '../01_RTL/DELAY_BUFFER.v'.
===============================================================================
|    Register Name    |   Type    | Width | Bus | MB | AR | AS | SR | SS | ST |
===============================================================================
|      buff_reg       | Flip-flop |  465  |  Y  | N  | Y  | N  | N  | N  | N  |
|    buf_valid_reg    | Flip-flop |  15   |  Y  | N  | Y  | N  | N  | N  | N  |
===============================================================================
Presto compilation completed successfully. (DELAY_BUFFER_DEPTH16)
Information: Building the design 'DELAY_BUFFER' instantiated from design 'RADIX2_MAX_LOGN9_STAGE5' with
        the parameters "DEPTH=32". (HDL-193)

Inferred memory devices in process
        in routine DELAY_BUFFER_DEPTH32 line 39 in file
                '../01_RTL/DELAY_BUFFER.v'.
===============================================================================
|    Register Name    |   Type    | Width | Bus | MB | AR | AS | SR | SS | ST |
===============================================================================
|      buff_reg       | Flip-flop |  31   |  Y  | N  | Y  | N  | N  | N  | N  |
|    buf_valid_reg    | Flip-flop |   1   |  N  | N  | Y  | N  | N  | N  | N  |
===============================================================================

Inferred memory devices in process
        in routine DELAY_BUFFER_DEPTH32 line 59 in file
                '../01_RTL/DELAY_BUFFER.v'.
===============================================================================
|    Register Name    |   Type    | Width | Bus | MB | AR | AS | SR | SS | ST |
===============================================================================
|      buff_reg       | Flip-flop |  961  |  Y  | N  | Y  | N  | N  | N  | N  |
|    buf_valid_reg    | Flip-flop |  31   |  Y  | N  | Y  | N  | N  | N  | N  |
===============================================================================
Presto compilation completed successfully. (DELAY_BUFFER_DEPTH32)
Information: Building the design 'DELAY_BUFFER' instantiated from design 'RADIX2_MAX_LOGN9_STAGE6' with
        the parameters "DEPTH=64". (HDL-193)

Inferred memory devices in process
        in routine DELAY_BUFFER_DEPTH64 line 39 in file
                '../01_RTL/DELAY_BUFFER.v'.
===============================================================================
|    Register Name    |   Type    | Width | Bus | MB | AR | AS | SR | SS | ST |
===============================================================================
|      buff_reg       | Flip-flop |  31   |  Y  | N  | Y  | N  | N  | N  | N  |
|    buf_valid_reg    | Flip-flop |   1   |  N  | N  | Y  | N  | N  | N  | N  |
===============================================================================

Inferred memory devices in process
        in routine DELAY_BUFFER_DEPTH64 line 59 in file
                '../01_RTL/DELAY_BUFFER.v'.
===============================================================================
|    Register Name    |   Type    | Width | Bus | MB | AR | AS | SR | SS | ST |
===============================================================================
|      buff_reg       | Flip-flop | 1953  |  Y  | N  | Y  | N  | N  | N  | N  |
|    buf_valid_reg    | Flip-flop |  63   |  Y  | N  | Y  | N  | N  | N  | N  |
===============================================================================
Presto compilation completed successfully. (DELAY_BUFFER_DEPTH64)
Information: Building the design 'DELAY_BUFFER' instantiated from design 'RADIX2_MAX_LOGN9_STAGE7' with
        the parameters "DEPTH=128". (HDL-193)

Inferred memory devices in process
        in routine DELAY_BUFFER_DEPTH128 line 39 in file
                '../01_RTL/DELAY_BUFFER.v'.
===============================================================================
|    Register Name    |   Type    | Width | Bus | MB | AR | AS | SR | SS | ST |
===============================================================================
|      buff_reg       | Flip-flop |  31   |  Y  | N  | Y  | N  | N  | N  | N  |
|    buf_valid_reg    | Flip-flop |   1   |  N  | N  | Y  | N  | N  | N  | N  |
===============================================================================

Inferred memory devices in process
        in routine DELAY_BUFFER_DEPTH128 line 59 in file
                '../01_RTL/DELAY_BUFFER.v'.
===============================================================================
|    Register Name    |   Type    | Width | Bus | MB | AR | AS | SR | SS | ST |
===============================================================================
|      buff_reg       | Flip-flop | 3937  |  Y  | N  | Y  | N  | N  | N  | N  |
|    buf_valid_reg    | Flip-flop |  127  |  Y  | N  | Y  | N  | N  | N  | N  |
===============================================================================
Presto compilation completed successfully. (DELAY_BUFFER_DEPTH128)
Information: Building the design 'DELAY_BUFFER' instantiated from design 'RADIX2_MAX_LOGN9_STAGE8' with
        the parameters "DEPTH=256". (HDL-193)

Inferred memory devices in process
        in routine DELAY_BUFFER_DEPTH256 line 39 in file
                '../01_RTL/DELAY_BUFFER.v'.
===============================================================================
|    Register Name    |   Type    | Width | Bus | MB | AR | AS | SR | SS | ST |
===============================================================================
|      buff_reg       | Flip-flop |  31   |  Y  | N  | Y  | N  | N  | N  | N  |
|    buf_valid_reg    | Flip-flop |   1   |  N  | N  | Y  | N  | N  | N  | N  |
===============================================================================

Inferred memory devices in process
        in routine DELAY_BUFFER_DEPTH256 line 59 in file
                '../01_RTL/DELAY_BUFFER.v'.
===============================================================================
|    Register Name    |   Type    | Width | Bus | MB | AR | AS | SR | SS | ST |
===============================================================================
|      buff_reg       | Flip-flop | 7905  |  Y  | N  | Y  | N  | N  | N  | N  |
|    buf_valid_reg    | Flip-flop |  255  |  Y  | N  | Y  | N  | N  | N  | N  |
===============================================================================
Presto compilation completed successfully. (DELAY_BUFFER_DEPTH256)
Information: Building the design 'MODP_ADD'. (HDL-193)
Presto compilation completed successfully. (MODP_ADD)
Information: Building the design 'MODP_SUB'. (HDL-193)
Presto compilation completed successfully. (MODP_SUB)
1
# (B-2) read_sverilog
# read_sverilog $DESIGN\.v
# (B-3) set current design
current_design $DESIGN
Current design is 'MODP_NTT2'.
{MODP_NTT2}
link

  Linking design 'MODP_NTT2'
  Using the following designs and libraries:
  --------------------------------------------------------------------------
  * (23 designs)              /home/daniel_kuo/Falcon/hardware/modp_ntt2/02_SYN/MODP_NTT2.db, etc
  sc9_cln40g_base_rvt_ss_typical_max_0p81v_125c (library) /cell_base_lib/CBDK_TSMC40_Arm_f2.0/CIC/SynopsysDC/db/sc9_base_rvt/sc9_cln40g_base_rvt_ss_typical_max_0p81v_125c.db
  sc9_cln40g_base_hvt_ss_typical_max_0p81v_125c (library) /cell_base_lib/CBDK_TSMC40_Arm_f2.0/CIC/SynopsysDC/db/sc9_base_hvt/sc9_cln40g_base_hvt_ss_typical_max_0p81v_125c.db
  sc9_cln40g_base_lvt_ss_typical_max_0p81v_125c (library) /cell_base_lib/CBDK_TSMC40_Arm_f2.0/CIC/SynopsysDC/db/sc9_base_lvt/sc9_cln40g_base_lvt_ss_typical_max_0p81v_125c.db
  dw_foundation.sldb (library) /usr/cad/synopsys/synthesis/cur/libraries/syn/dw_foundation.sldb

1
#======================================================
#  (C) Global Setting
#======================================================
set_wire_load_mode top
1
# set_operating_conditions -max WCCOM -min BCCOM
# set_wire_load_model -name umc18_wl10 -library slow
#======================================================
#  (D) Set Design Constraints
#======================================================
# (D-1) Setting Clock Constraints
create_clock -name clk -period $CYCLE [get_ports clk] 
1
set_dont_touch_network             [get_clocks clk]
1
set_fix_hold                       [get_clocks clk]
1
set_clock_uncertainty       0.1    [get_clocks clk]
1
# set_clock_latency   -source 0      [get_clocks clk]
# set_clock_latency           1      [get_clocks clk] 
set_input_transition        0.5    [all_inputs] 
1
set_clock_transition        0.1    [all_clocks] 
1
# (D-2) Setting in/out Constraints
set_input_delay   -max  $INPUT_DLY  -clock clk   [all_inputs] ;  # set_up time check 
1
set_input_delay   -min  0           -clock clk   [all_inputs] ;  # hold   time check 
1
set_output_delay  -max  $OUTPUT_DLY -clock clk   [all_outputs] ; # set_up time check 
1
set_output_delay  -min  0           -clock clk   [all_outputs] ; # hold   time check 
1
set_input_delay 0 -clock clk clk
1
set_input_delay 0 -clock clk rst_n
1
#set_max_delay $CYCLE -from [all_inputs] -to [all_outputs]
# (D-3) Setting Design Environment
# set_driving_cell -library umc18io3v5v_slow -lib_cell P2C    -pin {Y}  [get_ports clk]
# set_driving_cell -library umc18io3v5v_slow -lib_cell P2C    -pin {Y}  [remove_from_collection [all_inputs] [get_ports clk]]
# set_load  [load_of "umc18io3v5v_slow/P8C/A"]       [all_outputs] ; # ~= 0.038
set_load 0.05 [all_outputs]
1
# (D-4) Setting DRC Constraint
#set_max_delay           0     ; # Optimize delay max effort                 
#set_max_area            0      ; # Optimize area max effort           
set_max_transition      3       [all_inputs]   ; # U18 LUT Max Transition Value  
1
set_max_capacitance     0.15    [all_inputs]   ; # U18 LUT Max Capacitance Value
1
set_max_fanout          10      [all_inputs]
1
# set_dont_use slow/JKFF*
#set_dont_touch [get_cells core_reg_macro]
#set hdlin_ff_always_sync_set_reset true
# (D-5) Report Clock skew
report_clock -skew clk
Information: Checking out the license 'DesignWare'. (SEC-104)
Information: Changed wire load model for 'alt1' from '(none)' to 'Small'. (OPT-170)
Information: Changed wire load model for 'astr' from '(none)' to 'Small'. (OPT-170)
Information: Changed wire load model for 'alt1' from '(none)' to 'Small'. (OPT-170)
Information: Changed wire load model for 'astr' from '(none)' to 'Small'. (OPT-170)
Information: Changed wire load model for 'alt1' from '(none)' to 'Small'. (OPT-170)
Information: Changed wire load model for 'apparch' from '(none)' to 'Small'. (OPT-170)
Information: Changed wire load model for 'alt1' from '(none)' to 'Small'. (OPT-170)
Information: Changed wire load model for 'apparch' from '(none)' to 'Small'. (OPT-170)
Information: Changed wire load model for 'alt1' from '(none)' to 'Small'. (OPT-170)
Information: Changed wire load model for 'apparch' from '(none)' to 'Small'. (OPT-170)
Information: Updating design information... (UID-85)
Warning: Design 'MODP_NTT2' contains 15 high-fanout nets. A fanout number of 1000 will be used for delay calculations involving these nets. (TIM-134)
 
****************************************
Report : clock_skew
Design : MODP_NTT2
Version: T-2022.03
Date   : Wed Sep 24 01:15:51 2025
****************************************

                 Rise      Fall  Min Rise  Min fall        Uncertainty
Object          Delay     Delay     Delay     Delay     Plus      Minus
--------------------------------------------------------------------------------
clk                 -         -         -         -      0.10      0.10

                 Max Transition      Min Transition
Object           Rise      Fall      Rise      Fall
-------------------------------------------------------
clk              0.10      0.10      0.10      0.10
1
check_timing

Information: Checking generated_clocks...

Information: Checking loops...

Information: Checking no_input_delay...

Information: Checking unconstrained_endpoints...

Information: Checking pulse_clock_cell_type...

Information: Checking no_driving_cell...

Information: Checking partial_input_delay...
1
#======================================================
#  (E) Optimization
#======================================================
check_design > Report/$DESIGN\.check
set_fix_multiple_port_nets -all -buffer_constants [get_designs *]
1
set_fix_hold [all_clocks]
1
compile_ultra
Information: Performing power optimization. (PWR-850)
Alib files are up-to-date.
Information: Running optimization using a maximum of 4 cores. (OPT-1500)
Information: Evaluating DesignWare library utilization. (UISN-27)

============================================================================
| DesignWare Building Block Library  |         Version         | Available |
============================================================================
| Basic DW Building Blocks           | S-2021.06-DWBB_202106.0 |     *     |
| Licensed DW Building Blocks        | S-2021.06-DWBB_202106.0 |     *     |
============================================================================

====================================================================================================
| Flow Information                                                                                 |
----------------------------------------------------------------------------------------------------
| Flow         | Design Compiler NXT WLM                                                           |
| Comand line  | compile_ultra                                                                     |
====================================================================================================
| Design Information                                      | Value                                  |
====================================================================================================
| Number of Scenarios                                     | 0                                      |
| Leaf Cell Count                                         | 20524                                  |
| Number of User Hierarchies                              | 54                                     |
| Sequential Cell Count                                   | 18890                                  |
| Macro Count                                             | 0                                      |
| Number of Power Domains                                 | 0                                      |
| Number of Path Groups                                   | 2                                      |
| Number of VT class                                      | 0                                      |
| Number of Clocks                                        | 1                                      |
| Number of Dont Touch cells                              | 630                                    |
| Number of Dont Touch nets                               | 28                                     |
| Number of size only cells                               | 0                                      |
| Design with UPF Data                                    | false                                  |
----------------------------------------------------------------------------------------------------
| Variables                                               | Value                                  |
----------------------------------------------------------------------------------------------------
| set_fix_multiple_port_nets                              | -all -buffer_constants                 |
====================================================================================================
Information: Sequential output inversion is enabled.  SVF file must be used for formal verification. (OPT-1208)

Information: There are 776 potential problems in your design. Please run 'check_design' for more information. (LINT-99)

Information: Uniquified 9 instances of design 'BUTTERFLY'. (OPT-1056)
Information: Uniquified 9 instances of design 'MODP_MONTYMUL'. (OPT-1056)
Information: Uniquified 9 instances of design 'MODP_ADD'. (OPT-1056)
Information: Uniquified 9 instances of design 'MODP_SUB'. (OPT-1056)
  Simplifying Design 'MODP_NTT2'

Loaded alib file './alib-52/sc9_cln40g_base_rvt_ss_typical_max_0p81v_125c.db.alib' (placeholder)
Loaded alib file './alib-52/sc9_cln40g_base_hvt_ss_typical_max_0p81v_125c.db.alib'
Loaded alib file './alib-52/sc9_cln40g_base_lvt_ss_typical_max_0p81v_125c.db.alib' (placeholder)
  Building model 'DW01_NAND2'
Information: Ungrouping hierarchy genblk1[0].u_RADIX2 before Pass 1 (OPT-776)
Information: Ungrouping hierarchy genblk1[1].u_RADIX2 before Pass 1 (OPT-776)
Information: Ungrouping hierarchy genblk1[2].u_RADIX2 before Pass 1 (OPT-776)
Information: Ungrouping hierarchy genblk1[3].u_RADIX2 before Pass 1 (OPT-776)
Information: Ungrouping hierarchy genblk1[4].u_RADIX2 before Pass 1 (OPT-776)
Information: Ungrouping hierarchy genblk1[5].u_RADIX2 before Pass 1 (OPT-776)
Information: Ungrouping hierarchy genblk1[6].u_RADIX2 before Pass 1 (OPT-776)
Information: Ungrouping hierarchy genblk1[7].u_RADIX2 before Pass 1 (OPT-776)
Information: Ungrouping hierarchy genblk1[8].u_RADIX2 before Pass 1 (OPT-776)
Information: Ungrouping hierarchy genblk1[0].u_RADIX2/u_BUTTERFLY before Pass 1 (OPT-776)
Information: Ungrouping hierarchy genblk1[0].u_RADIX2/u_DELAY_BUFFER before Pass 1 (OPT-776)
Information: Ungrouping hierarchy genblk1[1].u_RADIX2/u_DELAY_BUFFER before Pass 1 (OPT-776)
Information: Ungrouping hierarchy genblk1[2].u_RADIX2/u_DELAY_BUFFER before Pass 1 (OPT-776)
Information: Ungrouping hierarchy genblk1[3].u_RADIX2/u_DELAY_BUFFER before Pass 1 (OPT-776)
Information: Ungrouping hierarchy genblk1[4].u_RADIX2/u_DELAY_BUFFER before Pass 1 (OPT-776)
Information: Ungrouping hierarchy genblk1[5].u_RADIX2/u_DELAY_BUFFER before Pass 1 (OPT-776)
Information: Ungrouping hierarchy genblk1[6].u_RADIX2/u_DELAY_BUFFER before Pass 1 (OPT-776)
Information: Ungrouping hierarchy genblk1[7].u_RADIX2/u_DELAY_BUFFER before Pass 1 (OPT-776)
Information: Ungrouping hierarchy genblk1[8].u_RADIX2/u_BUTTERFLY before Pass 1 (OPT-776)
Information: Ungrouping hierarchy genblk1[7].u_RADIX2/u_BUTTERFLY before Pass 1 (OPT-776)
Information: Ungrouping hierarchy genblk1[6].u_RADIX2/u_BUTTERFLY before Pass 1 (OPT-776)
Information: Ungrouping hierarchy genblk1[5].u_RADIX2/u_BUTTERFLY before Pass 1 (OPT-776)
Information: Ungrouping hierarchy genblk1[4].u_RADIX2/u_BUTTERFLY before Pass 1 (OPT-776)
Information: Ungrouping hierarchy genblk1[3].u_RADIX2/u_BUTTERFLY before Pass 1 (OPT-776)
Information: Ungrouping hierarchy genblk1[2].u_RADIX2/u_BUTTERFLY before Pass 1 (OPT-776)
Information: Ungrouping hierarchy genblk1[1].u_RADIX2/u_BUTTERFLY before Pass 1 (OPT-776)
Information: Ungrouping hierarchy genblk1[0].u_RADIX2/u_BUTTERFLY/u_modp_add before Pass 1 (OPT-776)
Information: Ungrouping hierarchy genblk1[0].u_RADIX2/u_BUTTERFLY/u_modp_sub before Pass 1 (OPT-776)
Information: Ungrouping hierarchy genblk1[8].u_RADIX2/u_BUTTERFLY/u_modp_add before Pass 1 (OPT-776)
Information: Ungrouping hierarchy genblk1[7].u_RADIX2/u_BUTTERFLY/u_modp_add before Pass 1 (OPT-776)
Information: Ungrouping hierarchy genblk1[6].u_RADIX2/u_BUTTERFLY/u_modp_add before Pass 1 (OPT-776)
Information: Ungrouping hierarchy genblk1[5].u_RADIX2/u_BUTTERFLY/u_modp_add before Pass 1 (OPT-776)
Information: Ungrouping hierarchy genblk1[4].u_RADIX2/u_BUTTERFLY/u_modp_add before Pass 1 (OPT-776)
Information: Ungrouping hierarchy genblk1[3].u_RADIX2/u_BUTTERFLY/u_modp_add before Pass 1 (OPT-776)
Information: Ungrouping hierarchy genblk1[2].u_RADIX2/u_BUTTERFLY/u_modp_add before Pass 1 (OPT-776)
Information: Ungrouping hierarchy genblk1[1].u_RADIX2/u_BUTTERFLY/u_modp_add before Pass 1 (OPT-776)
Information: Ungrouping hierarchy genblk1[8].u_RADIX2/u_BUTTERFLY/u_modp_sub before Pass 1 (OPT-776)
Information: Ungrouping hierarchy genblk1[7].u_RADIX2/u_BUTTERFLY/u_modp_sub before Pass 1 (OPT-776)
Information: Ungrouping hierarchy genblk1[6].u_RADIX2/u_BUTTERFLY/u_modp_sub before Pass 1 (OPT-776)
Information: Ungrouping hierarchy genblk1[5].u_RADIX2/u_BUTTERFLY/u_modp_sub before Pass 1 (OPT-776)
Information: Ungrouping hierarchy genblk1[4].u_RADIX2/u_BUTTERFLY/u_modp_sub before Pass 1 (OPT-776)
Information: Ungrouping hierarchy genblk1[3].u_RADIX2/u_BUTTERFLY/u_modp_sub before Pass 1 (OPT-776)
Information: Ungrouping hierarchy genblk1[2].u_RADIX2/u_BUTTERFLY/u_modp_sub before Pass 1 (OPT-776)
Information: Ungrouping hierarchy genblk1[1].u_RADIX2/u_BUTTERFLY/u_modp_sub before Pass 1 (OPT-776)
Information: Ungrouping 44 of 55 hierarchies before Pass 1 (OPT-775)
Information: State dependent leakage is now switched from on to off.

  Beginning Pass 1 Mapping
  ------------------------
  Processing 'MODP_NTT2'
Information: Added key list 'DesignWare' to design 'MODP_NTT2'. (DDB-72)
 Implement Synthetic for 'MODP_NTT2'.
  Processing 'DELAY_BUFFER_DEPTH256'
  Processing 'MODP_MONTYMUL_0'
 Implement Synthetic for 'MODP_MONTYMUL_0'.

  Updating timing information
Information: Updating design information... (UID-85)
Information: The library cell 'TIELO_X1M_A9TR' in the library 'sc9_cln40g_base_rvt_ss_typical_max_0p81v_125c' is not characterized for internal power. (PWR-536)
Information: The library cell 'TIEHI_X1M_A9TR' in the library 'sc9_cln40g_base_rvt_ss_typical_max_0p81v_125c' is not characterized for internal power. (PWR-536)
Information: The library cell 'TIELO_X1M_A9TH' in the library 'sc9_cln40g_base_hvt_ss_typical_max_0p81v_125c' is not characterized for internal power. (PWR-536)
Information: The library cell 'TIEHI_X1M_A9TH' in the library 'sc9_cln40g_base_hvt_ss_typical_max_0p81v_125c' is not characterized for internal power. (PWR-536)
Information: The library cell 'TIELO_X1M_A9TL' in the library 'sc9_cln40g_base_lvt_ss_typical_max_0p81v_125c' is not characterized for internal power. (PWR-536)
Information: The library cell 'TIEHI_X1M_A9TL' in the library 'sc9_cln40g_base_lvt_ss_typical_max_0p81v_125c' is not characterized for internal power. (PWR-536)
Information: The target library(s) contains cell(s), other than black boxes, that are not characterized for internal power. (PWR-24)
Information: Complementing port 'ena' in design 'DELAY_BUFFER_DEPTH256'.
         The new name of the port is 'ena_BAR'. (OPT-319)
Information: The register 'genblk1[8].u_RADIX2/logn_reg_reg[1]' is a constant and will be removed. (OPT-1206)
Information: The register 'genblk1[8].u_RADIX2/logn_reg_reg[2]' is a constant and will be removed. (OPT-1206)
Information: The register 'genblk1[7].u_RADIX2/logn_reg_reg[2]' is a constant and will be removed. (OPT-1206)
Information: The register 'genblk1[7].u_RADIX2/logn_reg_reg[1]' is a constant and will be removed. (OPT-1206)

  Beginning Mapping Optimizations  (Ultra High effort)
  -------------------------------
Information: Ungrouping hierarchy genblk1[8].u_RADIX2/u_MODP_MONTYMUL 'MODP_MONTYMUL_0' #insts = 229. (OPT-777)
Information: Ungrouping hierarchy genblk1[7].u_RADIX2/u_MODP_MONTYMUL 'MODP_MONTYMUL_1' #insts = 229. (OPT-777)
Information: Ungrouping hierarchy genblk1[6].u_RADIX2/u_MODP_MONTYMUL 'MODP_MONTYMUL_2' #insts = 229. (OPT-777)
Information: Ungrouping hierarchy genblk1[5].u_RADIX2/u_MODP_MONTYMUL 'MODP_MONTYMUL_3' #insts = 229. (OPT-777)
Information: Ungrouping hierarchy genblk1[4].u_RADIX2/u_MODP_MONTYMUL 'MODP_MONTYMUL_4' #insts = 229. (OPT-777)
Information: Ungrouping hierarchy genblk1[3].u_RADIX2/u_MODP_MONTYMUL 'MODP_MONTYMUL_5' #insts = 229. (OPT-777)
Information: Ungrouping hierarchy genblk1[2].u_RADIX2/u_MODP_MONTYMUL 'MODP_MONTYMUL_6' #insts = 229. (OPT-777)
Information: Ungrouping hierarchy genblk1[1].u_RADIX2/u_MODP_MONTYMUL 'MODP_MONTYMUL_7' #insts = 229. (OPT-777)
Information: Ungrouping hierarchy genblk1[0].u_RADIX2/u_MODP_MONTYMUL 'MODP_MONTYMUL_8' #insts = 229. (OPT-777)
  Mapping Optimization (Phase 1)
  Mapping Optimization (Phase 2)
  Mapping Optimization (Phase 3)
  Mapping Optimization (Phase 4)
  Mapping Optimization (Phase 5)
  Mapping Optimization (Phase 6)
  Mapping Optimization (Phase 7)
Information: In design 'MODP_NTT2', the register 'genblk1[8].u_RADIX2/isMQ_reg_reg' is removed because it is merged to 'genblk1[8].u_RADIX2/u_MODP_MONTYMUL/isMQ_reg_reg'. (OPT-1215)
Information: In design 'MODP_NTT2', the register 'genblk1[7].u_RADIX2/isMQ_reg_reg' is removed because it is merged to 'genblk1[7].u_RADIX2/u_MODP_MONTYMUL/isMQ_reg_reg'. (OPT-1215)
Information: In design 'MODP_NTT2', the register 'genblk1[6].u_RADIX2/isMQ_reg_reg' is removed because it is merged to 'genblk1[6].u_RADIX2/u_MODP_MONTYMUL/isMQ_reg_reg'. (OPT-1215)
Information: In design 'MODP_NTT2', the register 'genblk1[5].u_RADIX2/isMQ_reg_reg' is removed because it is merged to 'genblk1[5].u_RADIX2/u_MODP_MONTYMUL/isMQ_reg_reg'. (OPT-1215)
Information: In design 'MODP_NTT2', the register 'genblk1[4].u_RADIX2/isMQ_reg_reg' is removed because it is merged to 'genblk1[4].u_RADIX2/u_MODP_MONTYMUL/isMQ_reg_reg'. (OPT-1215)
Information: In design 'MODP_NTT2', the register 'genblk1[3].u_RADIX2/isMQ_reg_reg' is removed because it is merged to 'genblk1[3].u_RADIX2/u_MODP_MONTYMUL/isMQ_reg_reg'. (OPT-1215)
Information: In design 'MODP_NTT2', the register 'genblk1[2].u_RADIX2/isMQ_reg_reg' is removed because it is merged to 'genblk1[2].u_RADIX2/u_MODP_MONTYMUL/isMQ_reg_reg'. (OPT-1215)
Information: In design 'MODP_NTT2', the register 'genblk1[1].u_RADIX2/isMQ_reg_reg' is removed because it is merged to 'genblk1[1].u_RADIX2/u_MODP_MONTYMUL/isMQ_reg_reg'. (OPT-1215)
Information: In design 'MODP_NTT2', the register 'genblk1[0].u_RADIX2/isMQ_reg_reg' is removed because it is merged to 'genblk1[0].u_RADIX2/u_MODP_MONTYMUL/isMQ_reg_reg'. (OPT-1215)

                                  TOTAL                                                            
   ELAPSED            WORST NEG   SETUP    DESIGN                              LEAKAGE   MIN DELAY 
    TIME      AREA      SLACK     COST    RULE COST         ENDPOINT            POWER      COST    
  --------- --------- --------- --------- --------- ------------------------- --------- -----------
    0:02:32  603696.9      1.58     942.0       0.0                           4159.3589      0.00  
    0:02:34  601862.3      1.70     994.6       0.0                           4145.2520      0.00  

  Beginning Constant Register Removal
  -----------------------------------
    0:02:37  602259.5      1.63     943.0       0.0                           4150.0254      0.00  
    0:02:39  602120.9      1.73     938.8       0.0                           4148.8765      0.00  

  Beginning Global Optimizations
  ------------------------------
  Numerical Synthesis (Phase 1)
  Numerical Synthesis (Phase 2)
  Global Optimization (Phase 1)
  Global Optimization (Phase 2)
  Global Optimization (Phase 3)
  Global Optimization (Phase 4)
  Global Optimization (Phase 5)
  Global Optimization (Phase 6)
  Global Optimization (Phase 7)
  Global Optimization (Phase 8)
  Global Optimization (Phase 9)
  Global Optimization (Phase 10)
  Global Optimization (Phase 11)
  Global Optimization (Phase 12)
  Global Optimization (Phase 13)
  Global Optimization (Phase 14)
  Global Optimization (Phase 15)
  Global Optimization (Phase 16)
  Global Optimization (Phase 17)
  Global Optimization (Phase 18)
  Global Optimization (Phase 19)
  Global Optimization (Phase 20)
  Global Optimization (Phase 21)
  Global Optimization (Phase 22)
  Global Optimization (Phase 23)
  Global Optimization (Phase 24)
  Global Optimization (Phase 25)
  Global Optimization (Phase 26)
  Global Optimization (Phase 27)
  Global Optimization (Phase 28)
  Global Optimization (Phase 29)
  Global Optimization (Phase 30)
  Global Optimization (Phase 31)
  Mapping 'MODP_NTT2_DP_OP_26_177_9778_4'

  Beginning Isolate Ports
  -----------------------

  Beginning Delay Optimization
  ----------------------------
    0:03:10  304970.7      2.56    3119.1     642.0                           1585.2885      0.00  
    0:03:15  306103.6      1.62    1575.3    1169.0                           1595.3596      0.00  
    0:03:15  306103.6      1.62    1575.3    1169.0                           1595.3596      0.00  
    0:03:15  306107.9      1.62    1576.2     527.4                           1595.6749      0.00  
    0:03:35  305765.4      1.76    1641.6     525.4                           1593.6998      0.00  
    0:03:38  294940.2      1.76    1657.2     525.4                           1525.5887      0.00  

  Beginning WLM Backend Optimization
  --------------------------------------
    0:03:56  294748.1      1.76    1657.5     525.4                           1519.0950      0.00  
    0:03:57  294374.6      1.75    1657.4     525.4                           1514.9287      0.00  
    0:03:58  294138.0      1.75    1657.6     525.0                           1513.2078      0.00  
    0:03:58  293736.6      1.75    1657.6     525.0                           1509.7480      0.00  
    0:04:14  293132.9      1.75    1657.8     525.0                           1505.2045      0.00  
    0:04:29  291578.4      1.75    1669.3     525.0                           1490.8109      0.00  
    0:04:32  290623.6      1.75    1701.1     523.0                           1482.6387      0.00  
    0:04:32  290175.9      1.75    1704.1     490.0                           1479.4736      0.00  
    0:04:33  289998.5      1.75    1719.5     488.0                           1478.2469      0.00  
    0:04:34  289916.4      1.75    1719.5     487.0                           1477.4886      0.00  
    0:04:34  289881.7      1.75    1720.4     485.0                           1477.1975      0.00  

  Beginning Delay Optimization HSVT Pass
  --------------------------------------
    0:04:35  289766.2      1.75    1721.8     473.0                           1476.2195      0.00  
    0:04:35  289766.2      1.75    1721.8     473.0                           1476.2195      0.00  
    0:04:35  289766.2      1.75    1721.8     473.0                           1476.2195      0.00  
    0:04:39  294163.9      1.56    1533.7     983.0                           1614.4630      0.00  
    0:04:40  294163.9      1.56    1533.7     983.0                           1614.4630      0.00  
    0:04:40  294163.9      1.56    1533.7     983.0                           1614.4630      0.00  
    0:04:40  294163.9      1.56    1533.7     983.0                           1614.4630      0.00  
    0:04:42  295641.1      1.52    1503.5    1109.0                           1701.0282      0.00  
    0:04:44  295641.1      1.52    1503.5    1109.0                           1701.0282      0.00  
    0:04:47  297001.4      1.44    1437.9    1109.0                           2098.7500      0.00  
    0:04:50  297989.8      1.43    1369.1    1109.1                           2308.3225      0.00  
    0:04:53  299003.4      1.43    1331.0    1160.5                           2519.9634      0.00  
    0:04:55  299559.0      1.40    1286.9    1209.1                           2652.6455      0.00  
    0:04:58  300015.6      1.37    1249.0    1209.1                           2770.9580      0.00  
    0:04:58  300015.6      1.37    1249.0    1209.1                           2770.9580      0.00  
    0:04:58  300015.6      1.37    1249.0    1209.1                           2770.9580      0.00  
    0:05:05  291348.0      1.37    1016.6    1209.1                           2768.4167      0.00  
    0:05:05  291348.0      1.37    1016.6    1209.1                           2768.4167      0.00  
    0:05:26  303646.6      1.06     877.4    1208.5                           3940.7131      0.00  
    0:05:26  303646.6      1.06     877.4    1208.5                           3940.7131      0.00  
    0:05:38  303935.8      0.47     352.3    1222.4                           5205.0449      0.00  
    0:05:38  303935.8      0.47     352.3    1222.4                           5205.0449      0.00  
    0:05:43  305627.5      0.46     347.1    1219.7                           5326.4116      0.00  
    0:05:43  305627.5      0.46     347.1    1219.7                           5326.4116      0.00  
    0:06:27  309073.5      0.06      27.6    1472.4                           6667.7896      0.00  
    0:06:27  309073.5      0.06      27.6    1472.4                           6667.7896      0.00  
    0:06:38  312513.4      0.06      25.8    1471.7                           6896.6724      0.00  

  Beginning Delay Optimization
  ----------------------------
    0:06:38  312513.4      0.06      25.8    1471.7                           6896.6724      0.00  
    0:06:53  314455.0      0.00       0.0    1467.2                           7214.7544      0.00  
    0:06:53  314455.0      0.00       0.0    1467.2                           7214.7544      0.00  
    0:06:53  314455.0      0.00       0.0    1467.2                           7214.7544      0.00  
    0:06:53  314455.0      0.00       0.0    1467.2                           7214.7544      0.00  
    0:06:53  314455.0      0.00       0.0    1467.2                           7214.7544      0.00  
    0:06:53  314455.0      0.00       0.0    1467.2                           7214.7544      0.00  
    0:06:53  314455.0      0.00       0.0    1467.2                           7214.7544      0.00  


  Beginning Design Rule Fixing  (max_transition)  (max_fanout)  (max_capacitance)
  ----------------------------

                                  TOTAL                                                            
   ELAPSED            WORST NEG   SETUP    DESIGN                              LEAKAGE   MIN DELAY 
    TIME      AREA      SLACK     COST    RULE COST         ENDPOINT            POWER      COST    
  --------- --------- --------- --------- --------- ------------------------- --------- -----------
    0:06:53  314455.0      0.00       0.0    1467.2                           7214.7544      0.00  
  Global Optimization (Phase 32)
  Global Optimization (Phase 33)
  Global Optimization (Phase 34)
    0:06:55  314845.6      0.00       0.0     105.0 s_bus[36]                 7246.2017      0.00  
    0:06:55  314842.6      0.00       0.0       0.0                           7245.4824      0.00  
    0:06:55  314842.6      0.00       0.0       0.0                           7245.4824      0.00  


  Beginning Leakage Power Optimization  (max_leakage_power 0)
  ------------------------------------

                                  TOTAL                                                            
   ELAPSED            WORST NEG   SETUP    DESIGN                              LEAKAGE   MIN DELAY 
    TIME      AREA      SLACK     COST    RULE COST         ENDPOINT            POWER      COST    
  --------- --------- --------- --------- --------- ------------------------- --------- -----------
    0:06:55  314842.6      0.00       0.0       0.0                           7245.4824      0.00  
  Global Optimization (Phase 35)
  Global Optimization (Phase 36)
  Global Optimization (Phase 37)
  Global Optimization (Phase 38)
  Global Optimization (Phase 39)
  Global Optimization (Phase 40)
  Global Optimization (Phase 41)
  Global Optimization (Phase 42)
  Global Optimization (Phase 43)
  Global Optimization (Phase 44)
  Global Optimization (Phase 45)
  Global Optimization (Phase 46)
  Global Optimization (Phase 47)
  Global Optimization (Phase 48)
  Global Optimization (Phase 49)
  Global Optimization (Phase 50)
    0:07:48  297827.4      0.35     616.0      17.1                           5742.3540      0.00  
    0:08:13  306047.3      0.22     218.8      17.1                           6243.9521      0.00  
    0:08:13  306047.3      0.22     218.8      17.1                           6243.9521      0.00  
    0:08:24  290016.9      0.21     115.7      17.1                           5639.9067      0.00  
    0:08:24  290016.9      0.21     115.7      17.1                           5639.9067      0.00  
    0:08:40  295419.0      0.15      71.7      19.1                           5969.1899      0.00  
    0:08:40  295419.0      0.15      71.7      19.1                           5969.1899      0.00  
    0:08:44  297242.7      0.06      19.4      20.0                           6182.4346      0.00  
    0:08:44  297242.7      0.06      19.4      20.0                           6182.4346      0.00  
    0:08:51  300703.5      0.06      17.8      20.0                           6394.9189      0.00  
    0:08:51  300703.5      0.06      17.8      20.0                           6394.9189      0.00  
    0:08:58  301736.8      0.00       0.0      36.0                           6526.5347      0.00  
    0:08:58  301736.8      0.00       0.0      36.0                           6526.5347      0.00  
    0:08:58  301736.8      0.00       0.0      36.0                           6526.5347      0.00  
    0:08:58  301736.8      0.00       0.0      36.0                           6526.5347      0.00  
    0:08:58  301736.8      0.00       0.0      36.0                           6526.5347      0.00  
    0:08:58  301736.8      0.00       0.0      36.0                           6526.5347      0.00  
    0:08:58  301736.8      0.00       0.0      36.0                           6526.5347      0.00  
    0:08:58  301736.8      0.00       0.0      36.0                           6526.5347      0.00  
    0:08:58  301736.8      0.00       0.0      36.0                           6526.5347      0.00  
    0:08:58  301736.8      0.00       0.0      36.0                           6526.5347      0.00  
    0:08:58  301736.8      0.00       0.0      36.0                           6526.5347      0.00  
    0:08:59  301741.7      0.00       0.0      36.0                           6526.5083      0.00  

                                  TOTAL                                                            
   ELAPSED            WORST NEG   SETUP    DESIGN                              LEAKAGE   MIN DELAY 
    TIME      AREA      SLACK     COST    RULE COST         ENDPOINT            POWER      COST    
  --------- --------- --------- --------- --------- ------------------------- --------- -----------
    0:09:02  301741.7      0.00       0.0      36.0                           6526.5083      0.00  
    0:10:39  272070.2      0.01       0.2      18.0                           4935.6533      0.00  
    0:10:40  272084.5      0.00       0.0      18.0                           4937.9746      0.00  
    0:10:40  272084.5      0.00       0.0      18.0                           4937.9746      0.00  
    0:10:52  268371.1      0.00       0.0      18.0                           4508.9106      0.00  

  Beginning Delay Optimization HSVT Pass
  --------------------------------------
    0:10:53  268371.1      0.00       0.0      18.0                           4508.9106      0.00  
    0:10:53  268371.1      0.00       0.0      18.0                           4508.9106      0.00  
    0:10:53  268371.1      0.00       0.0      18.0                           4508.9106      0.00  
    0:11:03  268363.1      0.00       0.0      18.0                           4508.4014      0.00  
    0:11:05  268363.1      0.00       0.0      18.0                           4508.4014      0.00  
    0:11:05  268363.1      0.00       0.0      18.0                           4508.4014      0.00  
    0:11:05  268363.1      0.00       0.0      18.0                           4508.4014      0.00  
    0:11:07  268364.9      0.00       0.0      18.0                           4508.3149      0.00  
    0:11:18  268250.6      0.00       0.0      18.0                           4500.9736      0.00  
    0:11:35  268210.5      0.00       0.0      18.0                           4498.8018      0.00  
    0:11:36  268161.5      0.00       0.0      18.0                           4497.3916      0.00  
    0:11:37  268147.7      0.00       0.0      18.0                           4496.7183      0.00  
    0:11:38  268140.2      0.00       0.0      18.0                           4494.3667      0.00  
    0:11:40  268264.5      0.00       0.0      18.0                           4485.2583      0.00  
    0:11:41  268407.6      0.00       0.0      18.0                           4478.4131      0.00  
    0:11:42  268635.3      0.00       0.0      18.0                           4467.7866      0.00  
    0:11:44  269031.3      0.00       0.0       0.0 genblk1[3].u_RADIX2/u_MODP_MONTYMUL/a_b_p0i_reg_reg[30]/D 4456.4834      0.00  
    0:11:47  269094.8      0.00       0.0       0.0 genblk1[7].u_RADIX2/u_MODP_MONTYMUL/a_b_p0i_reg_reg[30]/D 4460.4170      0.00  
    0:11:47  269133.3      0.00       0.0       0.0                           4462.8193      0.00  
    0:11:47  269133.3      0.00       0.0       0.0                           4462.8193      0.00  
    0:11:47  269133.3      0.00       0.0       0.0                           4462.8193      0.00  
    0:11:47  269133.3      0.00       0.0       0.0                           4462.8193      0.00  
    0:11:48  269133.3      0.00       0.0       0.0                           4462.8193      0.00  
    0:11:48  269133.3      0.00       0.0       0.0                           4462.8193      0.00  
    0:11:57  266285.0      0.00       0.0       0.0                           4392.9307      0.00  
    0:12:04  264183.9      0.00       0.0       0.0                           4330.5142      0.00  
Loading db file '/cell_base_lib/CBDK_TSMC40_Arm_f2.0/CIC/SynopsysDC/db/sc9_base_rvt/sc9_cln40g_base_rvt_ss_typical_max_0p81v_125c.db'
Loading db file '/cell_base_lib/CBDK_TSMC40_Arm_f2.0/CIC/SynopsysDC/db/sc9_base_hvt/sc9_cln40g_base_hvt_ss_typical_max_0p81v_125c.db'
Loading db file '/cell_base_lib/CBDK_TSMC40_Arm_f2.0/CIC/SynopsysDC/db/sc9_base_lvt/sc9_cln40g_base_lvt_ss_typical_max_0p81v_125c.db'


Note: Symbol # after min delay cost means estimated hold TNS across all active scenarios 


  Optimization Complete
  ---------------------
Warning: Design 'MODP_NTT2' contains 1 high-fanout nets. A fanout number of 1000 will be used for delay calculations involving these nets. (TIM-134)
     Net 'genblk1[8].u_RADIX2/u_DELAY_BUFFER/clk': 18877 load(s), 1 driver(s)
Information: State dependent leakage is now switched from off to on.
Information: Propagating switching activity (low effort zero delay simulation). (PWR-6)
1
#uniquify
#compile
#======================================================
#  (F) Output Reports 
#======================================================
report_design  >  Report/$DESIGN\.design
report_resource >  Report/$DESIGN\.resource
report_timing -max_paths 3 >  Report/$DESIGN\.timing
report_area >  Report/$DESIGN\.area
report_power > Report/$DESIGN\.power
report_clock > Report/$DESIGN\.clock
report_port >  Report/$DESIGN\.port
report_power >  Report/$DESIGN\.power
#report_reference > Report/$DESIGN\.reference
#======================================================
#  (G) Change Naming Rule
#======================================================
set bus_inference_style "%s\[%d\]"
%s[%d]
set bus_naming_style "%s\[%d\]"
%s[%d]
set hdlout_internal_busses true
true
change_names -hierarchy -rule verilog
1
define_name_rules name_rule -allowed "a-z A-Z 0-9 _" -max_length 255 -type cell
1
define_name_rules name_rule -allowed "a-z A-Z 0-9 _[]" -max_length 255 -type net
1
define_name_rules name_rule -map {{"\\*cell\\*" "cell"}}
1
define_name_rules name_rule -case_insensitive
1
change_names -hierarchy -rules name_rule
1
#======================================================
#  (H) Output Results
#======================================================
set verilogout_higher_designs_first true
true
write -format verilog -output Netlist/$DESIGN\_SYN.v -hierarchy
Writing verilog file '/home/daniel_kuo/Falcon/hardware/modp_ntt2/02_SYN/Netlist/MODP_NTT2_SYN.v'.
1
write -format ddc     -hierarchy -output $DESIGN\_SYN.ddc
Writing ddc file 'MODP_NTT2_SYN.ddc'.
1
write_sdf -version 3.0 -context verilog -load_delay cell Netlist/$DESIGN\_SYN.sdf -significant_digits 6
Information: Writing timing information to file '/home/daniel_kuo/Falcon/hardware/modp_ntt2/02_SYN/Netlist/MODP_NTT2_SYN.sdf'. (WT-3)
1
write_sdc Netlist/$DESIGN\_SYN.sdc
1
#======================================================
#  (I) Finish and Quit
#======================================================
report_area
 
****************************************
Report : area
Design : MODP_NTT2
Version: T-2022.03
Date   : Wed Sep 24 01:28:16 2025
****************************************

Library(s) Used:

    sc9_cln40g_base_hvt_ss_typical_max_0p81v_125c (File: /cell_base_lib/CBDK_TSMC40_Arm_f2.0/CIC/SynopsysDC/db/sc9_base_hvt/sc9_cln40g_base_hvt_ss_typical_max_0p81v_125c.db)
    sc9_cln40g_base_lvt_ss_typical_max_0p81v_125c (File: /cell_base_lib/CBDK_TSMC40_Arm_f2.0/CIC/SynopsysDC/db/sc9_base_lvt/sc9_cln40g_base_lvt_ss_typical_max_0p81v_125c.db)
    sc9_cln40g_base_rvt_ss_typical_max_0p81v_125c (File: /cell_base_lib/CBDK_TSMC40_Arm_f2.0/CIC/SynopsysDC/db/sc9_base_rvt/sc9_cln40g_base_rvt_ss_typical_max_0p81v_125c.db)

Number of ports:                          569
Number of nets:                        142139
Number of cells:                       128460
Number of combinational cells:         109582
Number of sequential cells:             18877
Number of macros/black boxes:               0
Number of buf/inv:                      20457
Number of references:                     804

Combinational area:             178473.906804
Buf/Inv area:                    14036.198208
Noncombinational area:           85709.983786
Macro/Black Box area:                0.000000
Net Interconnect area:               0.000000

Total cell area:                264183.890590
Total area:                     264183.890590
1
report_timing 
 
****************************************
Report : timing
        -path full
        -delay max
        -max_paths 1
Design : MODP_NTT2
Version: T-2022.03
Date   : Wed Sep 24 01:28:16 2025
****************************************

 # A fanout number of 1000 was used for high fanout net computations.

Operating Conditions: ss_typical_max_0p81v_125c   Library: sc9_cln40g_base_rvt_ss_typical_max_0p81v_125c
Wire Load Model Mode: top

  Startpoint: logn_reg_reg_0_
              (rising edge-triggered flip-flop clocked by clk)
  Endpoint: genblk1_8__u_RADIX2_u_MODP_MONTYMUL_a_b_p0i_reg_reg_30_
            (rising edge-triggered flip-flop clocked by clk)
  Path Group: clk
  Path Type: max

  Des/Clust/Port     Wire Load Model       Library
  ------------------------------------------------
  MODP_NTT2          Small                 sc9_cln40g_base_rvt_ss_typical_max_0p81v_125c

  Point                                                   Incr       Path
  --------------------------------------------------------------------------
  clock clk (rise edge)                                   0.00       0.00
  clock network delay (ideal)                             0.00       0.00
  logn_reg_reg_0_/CK (DFFRPQ_X4M_A9TL)                    0.00 #     0.00 r
  logn_reg_reg_0_/Q (DFFRPQ_X4M_A9TL)                     0.14       0.14 r
  U68005/Y (BUFH_X9M_A9TL)                                0.03       0.18 r
  U76668/Y (NAND2B_X8M_A9TL)                              0.03       0.20 f
  U74557/Y (NOR2_X8A_A9TL)                                0.03       0.24 r
  U76860/Y (INV_X16M_A9TL)                                0.03       0.26 f
  U74773/Y (INV_X16M_A9TL)                                0.02       0.28 r
  U55650/Y (NAND2XB_X4M_A9TL)                             0.02       0.30 f
  U34767/Y (INV_X9M_A9TR)                                 0.04       0.34 r
  U26312/Y (XNOR2_X1M_A9TL)                               0.07       0.41 r
  U82508/Y (OAI22_X1M_A9TL)                               0.08       0.49 f
  U38439/S (ADDF_X1M_A9TL)                                0.14       0.63 r
  U34153/Y (OAI21_X1P4M_A9TL)                             0.04       0.67 f
  U66051/Y (NAND2_X2M_A9TL)                               0.04       0.71 r
  U65593/CO (CGEN_X1M_A9TL)                               0.07       0.78 r
  U24496/S (ADDF_X1M_A9TL)                                0.12       0.90 r
  U85853/Y (XOR2_X4M_A9TL)                                0.05       0.95 r
  U94450/Y (XOR2_X2M_A9TL)                                0.08       1.03 r
  U51242/Y (XOR2_X2M_A9TL)                                0.07       1.10 r
  U74354/Y (XOR2_X4M_A9TL)                                0.06       1.16 r
  U22907/Y (INV_X7P5M_A9TR)                               0.04       1.20 f
  U90160/Y (NAND2_X6M_A9TL)                               0.04       1.24 r
  U89542/Y (OAI22_X1M_A9TL)                               0.06       1.30 f
  U93937/CO (ADDF_X1M_A9TL)                               0.10       1.40 f
  U85224/CO (ADDF_X2M_A9TL)                               0.07       1.48 f
  U83961/S (ADDF_X1M_A9TL)                                0.10       1.58 r
  U85069/S (ADDF_X2M_A9TL)                                0.12       1.69 f
  U75407/Y (NAND2B_X6M_A9TL)                              0.04       1.74 f
  U61016/Y (NAND2_X3M_A9TL)                               0.02       1.76 r
  U75382/Y (NAND2XB_X6M_A9TL)                             0.03       1.79 r
  U68148/Y (NAND2_X6M_A9TL)                               0.02       1.81 f
  U74776/Y (AOI21_X8M_A9TL)                               0.03       1.84 r
  U74355/Y (OAI21_X8M_A9TL)                               0.02       1.87 f
  U68110/Y (XOR2_X3M_A9TL)                                0.02       1.89 r
  genblk1_8__u_RADIX2_u_MODP_MONTYMUL_a_b_p0i_reg_reg_30_/D (DFFRPQ_X2M_A9TL)
                                                          0.00       1.89 r
  data arrival time                                                  1.89

  clock clk (rise edge)                                   2.00       2.00
  clock network delay (ideal)                             0.00       2.00
  clock uncertainty                                      -0.10       1.90
  genblk1_8__u_RADIX2_u_MODP_MONTYMUL_a_b_p0i_reg_reg_30_/CK (DFFRPQ_X2M_A9TL)
                                                          0.00       1.90 r
  library setup time                                     -0.01       1.89
  data required time                                                 1.89
  --------------------------------------------------------------------------
  data required time                                                 1.89
  data arrival time                                                 -1.89
  --------------------------------------------------------------------------
  slack (MET)                                                        0.00


1
exit

Memory usage for this session 1332 Mbytes.
Memory usage for this session including child processes 1967 Mbytes.
CPU usage for this session 1550 seconds ( 0.43 hours ).
Elapsed time for this session 754 seconds ( 0.21 hours ).

Thank you...

