Command: vcs -timescale=1ns/1fs -j4 -sverilog +v2k -full64 -Mupdate -R -debug_access+all \
-y /usr/cad/synopsys/synthesis/cur/dw/sim_ver/ +libext+.v -f filelist.f -o simv -l \
vcs.log -P /usr/cad/synopsys/verdi/2022.06/share/PLI/VCS/linux64/novas.tab /usr/cad/synopsys/verdi/2022.06/share/PLI/VCS/linux64/pli.a \
+define+RTL +define+ +notimingchecks
*** Using c compiler gcc instead of cc ...
                         Chronologic VCS (TM)
         Version T-2022.06_Full64 -- Fri Oct  3 02:19:51 2025

                    Copyright (c) 1991 - 2022 Synopsys, Inc.
   This software and the associated documentation are proprietary to Synopsys,
 Inc. This software may only be used in accordance with the terms and conditions
 of a written license agreement with Synopsys, Inc. All other use, reproduction,
   or distribution of this software is strictly prohibited.  Licensed Products
     communicate with Synopsys servers for the purpose of providing software
    updates, detecting software piracy and verifying that customers are using
    Licensed Products in conformity with the applicable License Key for such
  Licensed Products. Synopsys will use information gathered in connection with
    this process to deliver software updates and pursue software pirates and
                                   infringers.

 Inclusivity & Diversity - Visit SolvNetPlus to read the "Synopsys Statement on
            Inclusivity and Diversity" (Refer to article 000036315 at
                        https://solvnetplus.synopsys.com)

Parsing design file 'TESTBED.v'
Parsing included file 'PATTERN.v'.
Back to file 'TESTBED.v'.
Parsing included file 'MODP_MONTYMUL_TOP.v'.
Back to file 'TESTBED.v'.
Top Level Modules:
       TESTBED
TimeScale is 1 ns / 10 ps
Starting vcs inline pass...


Note-[VCS_PARAL] Parallel code-gen enabled
  VCS is running with parallel code generation(-j)...

2 modules and 0 UDP read.
recompiling module TESTBED
recompiling module MODP_MONTYMUL
Both modules done.
make[1]: Entering directory `/home/daniel_kuo/Falcon/hardware/modp_montymul_top/01_RTL/csrc' \

rm -f _cuarc*.so _csrc*.so pre_vcsobj_*.so share_vcsobj_*.so
ld -shared  -Bsymbolic   -o .//../simv.daidir//_cuarc0.so objs/amcQw_d.o 
rm -f _cuarc0.so
if [ -x ../simv ]; then chmod a-x ../simv; fi
g++  -o ../simv      -rdynamic  -Wl,-rpath='$ORIGIN'/simv.daidir -Wl,-rpath=./simv.daidir \
-Wl,-rpath=/usr/cad/synopsys/vcs/2022.06/linux64/lib -L/usr/cad/synopsys/vcs/2022.06/linux64/lib \
-Wl,-rpath-link=./  /usr/lib64/libnuma.so.1     _7332_archive_1.so _7350_archive_1.so \
_prev_archive_1.so _cuarc0.so  SIM_l.o      rmapats_mop.o rmapats.o rmar.o rmar_nd.o \
rmar_llvm_0_1.o rmar_llvm_0_0.o           -lvirsim -lerrorinf -lsnpsmalloc -lvfs \
/usr/cad/synopsys/verdi/2022.06/share/PLI/VCS/linux64/pli.a    -lvcsnew -lsimprofile \
-luclinative /usr/cad/synopsys/vcs/2022.06/linux64/lib/vcs_tls.o   -Wl,-whole-archive \
-lvcsucli    -Wl,-no-whole-archive        _vcs_pli_stub_.o   /usr/cad/synopsys/vcs/2022.06/linux64/lib/vcs_save_restore_new.o \
/usr/cad/synopsys/verdi/2022.06//share/PLI/VCS/LINUX64/pli.a -ldl -lm  -lc -lpthread \
-ldl 
../simv up to date
make[1]: Leaving directory `/home/daniel_kuo/Falcon/hardware/modp_montymul_top/01_RTL/csrc' \

Command: /home/daniel_kuo/Falcon/hardware/modp_montymul_top/01_RTL/./simv +v2k +libext+.v -a vcs.log +define+RTL +define+ +notimingchecks
Chronologic VCS simulator copyright 1991-2022
Contains Synopsys proprietary information.
Compiler version T-2022.06_Full64; Runtime version T-2022.06_Full64;  Oct  3 02:19 2025
*Verdi* Loading libsscore_vcs202206.so
FSDB Dumper for VCS, Release Verdi_T-2022.06, Linux x86_64/64bit, 05/29/2022
(C) 1996 - 2022 by Synopsys, Inc.
*Verdi* FSDB WARNING: The FSDB file already exists. Overwriting the FSDB file may crash the programs that are using this file.
*Verdi* : Create FSDB file 'MODP_MONTYMUL_TOP.fsdb'
*Verdi* : Begin traversing the scopes, layer (0).
*Verdi* : Enable +mda dumping.
*Verdi* : End of traversing.
PASS BLOCK NO. 101 ~ NO. 201,  101 CYCLES
PASS BLOCK NO. 501 ~ NO. 601,  201 CYCLES
PASS BLOCK NO.1001 ~ NO.1101,  301 CYCLES
PASS BLOCK NO.1501 ~ NO.1601,  301 CYCLES
PASS BLOCK NO.2101 ~ NO.2201,  301 CYCLES
PASS BLOCK NO.2801 ~ NO.2901,  401 CYCLES
PASS BLOCK NO.3301 ~ NO.3401,  301 CYCLES
PASS BLOCK NO.3901 ~ NO.4001,  301 CYCLES
PASS BLOCK NO.4201 ~ NO.4301,  201 CYCLES
PASS BLOCK NO.4701 ~ NO.4801,  301 CYCLES
PASS BLOCK NO.5201 ~ NO.5301,  301 CYCLES
PASS BLOCK NO.5601 ~ NO.5701,  201 CYCLES
PASS BLOCK NO.6101 ~ NO.6201,  301 CYCLES
PASS BLOCK NO.6801 ~ NO.6901,  401 CYCLES
PASS BLOCK NO.7601 ~ NO.7701,  401 CYCLES
PASS BLOCK NO.8101 ~ NO.8201,  301 CYCLES
PASS BLOCK NO.8401 ~ NO.8501,  201 CYCLES
PASS BLOCK NO.8901 ~ NO.9001,  301 CYCLES
PASS BLOCK NO.9201 ~ NO.9301,  201 CYCLES
PASS BLOCK NO.9901 ~ NO.10001,  401 CYCLES
--------------------------------------------------------------------
                         Congratulations!                           
                  You have passed all patterns!                     
                  Your execution cycles =  5720 cycles                
                  Your clock period = 2.0 ns                       
                  Total Latency = 11440.0 ns                           
--------------------------------------------------------------------
$finish called from file "PATTERN.v", line 252.
$finish at simulation time              1150400
           V C S   S i m u l a t i o n   R e p o r t 
Time: 11504000 ps
CPU Time:      0.310 seconds;       Data structure size:   0.0Mb
Fri Oct  3 02:19:53 2025
CPU time: .304 seconds to compile + .240 seconds to elab + .239 seconds to link + .358 seconds in simulation
