#======================================================
#
# Synopsys Synthesis Scripts (Design Vision dctcl mode)
#
#======================================================
#======================================================
# (A) Global Parameters
#======================================================
set DESIGN "MAKE_FG"
MAKE_FG
# set CYCLE 2.0 
if {[info exists env(PERIOD)]} {
    set CYCLE $env(PERIOD)
} else {
    set CYCLE 1.8 ;
    puts "Warning: PERIOD not set, using default $CYCLE"
}
Warning: PERIOD not set, using default 1.8
set INPUT_DLY [expr 0*$CYCLE]
0.0
set OUTPUT_DLY [expr 0*$CYCLE]
0.0
#======================================================
# (B) Read RTL Code
#======================================================
# (B-1) analyze + elaborate
set hdlin_auto_save_templates TRUE
TRUE
analyze -f sverilog {Usertype.sv INF.sv MAKE_FG.sv}
Running PRESTO HDLC
Compiling source file ../01_RTL/Usertype.sv
Warning:  ../01_RTL/Usertype.sv:4: The package usertype has already been analyzed. It is being replaced. (VER-26)
Warning:  ../01_RTL/Usertype.sv:9: Parameter keyword used in local parameter declaration. (VER-329)
Compiling source file ../01_RTL/INF.sv
Information:  ../01_RTL/INF.sv:1: List () of one, unnamed, port is ignored. (VER-988)
Compiling source file ../01_RTL/MAKE_FG.sv
Opening include file ../01_RTL/ZINT_REBUILD_CRT.sv
Opening include file ../01_RTL/ZINT_MOD_SMALL_UNSIGNED.sv
Opening include file ../01_RTL/MODP_ADD.sv
Opening include file ../01_RTL/ZINT_ADD_MUL_SMALL.sv
Opening include file ../01_RTL/MODP_SUB.sv
Opening include file ../01_RTL/MODP_MONTYMUL_TOP.sv
Presto compilation completed successfully.
Loading db file '/cell_base_lib/CBDK_TSMC40_Arm_f2.0/CIC/SynopsysDC/db/sc9_base_rvt/sc9_cln40g_base_rvt_ss_typical_max_0p81v_125c.db'
Loading db file '/cell_base_lib/CBDK_TSMC40_Arm_f2.0/CIC/SynopsysDC/db/sc9_base_hvt/sc9_cln40g_base_hvt_ss_typical_max_0p81v_125c.db'
Loading db file '/cell_base_lib/CBDK_TSMC40_Arm_f2.0/CIC/SynopsysDC/db/sc9_base_lvt/sc9_cln40g_base_lvt_ss_typical_max_0p81v_125c.db'
Loading db file '/home/daniel_kuo/Falcon/hardware/zint_rebuild_CRT/04_MEM/RF_2p_CRT_4x256_nldm_ss_0p81v_0p81v_125c.db'
Loading db file '/home/daniel_kuo/Falcon/hardware/zint_rebuild_CRT/04_MEM/RF_2p_CRT_TMP_nldm_ss_0p81v_0p81v_125c.db'
Loading db file '/usr/cad/synopsys/synthesis/cur/libraries/syn/dw_foundation.sldb'
Loading db file '/usr/cad/synopsys/synthesis/cur/libraries/syn/standard.sldb'
1
elaborate $DESIGN  
Loading db file '/usr/cad/synopsys/synthesis/2022.03/libraries/syn/gtech.db'
Loading db file '/usr/cad/synopsys/synthesis/2022.03/libraries/syn/standard.sldb'
  Loading link library 'sc9_cln40g_base_rvt_ss_typical_max_0p81v_125c'
  Loading link library 'sc9_cln40g_base_hvt_ss_typical_max_0p81v_125c'
  Loading link library 'sc9_cln40g_base_lvt_ss_typical_max_0p81v_125c'
  Loading link library 'RF_2p_CRT_4x256_nldm_ss_0p81v_0p81v_125c'
  Loading link library 'RF_2p_CRT_TMP_nldm_ss_0p81v_0p81v_125c'
  Loading link library 'gtech'
Running PRESTO HDLC
Warning:  ../01_RTL/MAKE_FG.sv:116: signed to unsigned assignment occurs. (VER-318)
Warning:  ../01_RTL/MAKE_FG.sv:171: signed to unsigned conversion occurs. (VER-318)

Statistics for case statements in always block at line 238 in file
        '../01_RTL/MAKE_FG.sv'
===============================================
|           Line           |  full/ parallel  |
===============================================
|           239            |    auto/auto     |
===============================================

Inferred memory devices in process
        in routine MAKE_FG line 286 in file
                '../01_RTL/MAKE_FG.sv'.
===============================================================================
|    Register Name    |   Type    | Width | Bus | MB | AR | AS | SR | SS | ST |
===============================================================================
|  inf.out_data_reg   | Flip-flop |  31   |  Y  | N  | Y  | N  | N  | N  | N  |
|   debug_state_reg   | Flip-flop |   1   |  N  | N  | Y  | N  | N  | N  | N  |
|    debug_cnt_reg    | Flip-flop |  12   |  Y  | N  | Y  | N  | N  | N  | N  |
| debug_CENA_reg_reg  | Flip-flop |   1   |  N  | N  | N  | Y  | N  | N  | N  |
|    debug_QA_reg     | Flip-flop |  124  |  Y  | N  | Y  | N  | N  | N  | N  |
| out_valid_reg1_reg  | Flip-flop |   1   |  N  | N  | Y  | N  | N  | N  | N  |
| out_valid_reg2_reg  | Flip-flop |   1   |  N  | N  | Y  | N  | N  | N  | N  |
|  inf.out_valid_reg  | Flip-flop |   1   |  N  | N  | Y  | N  | N  | N  | N  |
===============================================================================

Inferred memory devices in process
        in routine MAKE_FG line 312 in file
                '../01_RTL/MAKE_FG.sv'.
==================================================================================
|     Register Name      |   Type    | Width | Bus | MB | AR | AS | SR | SS | ST |
==================================================================================
|     rf_crt_DB_reg      | Flip-flop |  124  |  Y  | N  | Y  | N  | N  | N  | N  |
|        logn_reg        | Flip-flop |   4   |  Y  | N  | Y  | N  | N  | N  | N  |
|        xlen_reg        | Flip-flop |   9   |  Y  | N  | Y  | N  | N  | N  | N  |
|     input_ptr_reg      | Flip-flop |  10   |  Y  | N  | Y  | N  | N  | N  | N  |
| intt_output_buffer_reg | Flip-flop |  124  |  Y  | N  | Y  | N  | N  | N  | N  |
|    rf_crt_CENB_reg     | Flip-flop |   1   |  N  | N  | N  | Y  | N  | N  | N  |
|     rf_crt_AB_reg      | Flip-flop |   8   |  Y  | N  | Y  | N  | N  | N  | N  |
==================================================================================
Presto compilation completed successfully. (MAKE_FG)
Elaborated 1 design.
Current design is now 'MAKE_FG'.
Information: Building the design 'RF_CRT'. (HDL-193)
Presto compilation completed successfully. (RF_CRT)
Information: Building the design 'ZINT_REBUILD_CRT'. (HDL-193)
Warning:  ../01_RTL/ZINT_REBUILD_CRT.sv:288: signed to unsigned assignment occurs. (VER-318)
Warning:  ../01_RTL/ZINT_REBUILD_CRT.sv:453: signed to unsigned assignment occurs. (VER-318)

Statistics for case statements in always block at line 269 in file
        '../01_RTL/ZINT_REBUILD_CRT.sv'
===============================================
|           Line           |  full/ parallel  |
===============================================
|           270            |    auto/auto     |
===============================================

Statistics for case statements in always block at line 505 in file
        '../01_RTL/ZINT_REBUILD_CRT.sv'
===============================================
|           Line           |  full/ parallel  |
===============================================
|           507            |    auto/auto     |
===============================================

Statistics for case statements in always block at line 529 in file
        '../01_RTL/ZINT_REBUILD_CRT.sv'
===============================================
|           Line           |  full/ parallel  |
===============================================
|           531            |    auto/auto     |
===============================================

Inferred memory devices in process
        in routine ZINT_REBUILD_CRT line 764 in file
                '../01_RTL/ZINT_REBUILD_CRT.sv'.
===============================================================================================
|            Register Name            |   Type    | Width | Bus | MB | AR | AS | SR | SS | ST |
===============================================================================================
| mod_small_unsigned_input_buffer_reg | Flip-flop |  124  |  Y  | N  | Y  | N  | N  | N  | N  |
===============================================================================================

Inferred memory devices in process
        in routine ZINT_REBUILD_CRT line 778 in file
                '../01_RTL/ZINT_REBUILD_CRT.sv'.
================================================================================================
|            Register Name             |   Type    | Width | Bus | MB | AR | AS | SR | SS | ST |
================================================================================================
| mod_small_unsigned_output_buffer_reg | Flip-flop |  124  |  Y  | N  | Y  | N  | N  | N  | N  |
================================================================================================

Inferred memory devices in process
        in routine ZINT_REBUILD_CRT line 792 in file
                '../01_RTL/ZINT_REBUILD_CRT.sv'.
==========================================================================================
|         Register Name          |   Type    | Width | Bus | MB | AR | AS | SR | SS | ST |
==========================================================================================
| add_mul_small_input_buffer_reg | Flip-flop |  124  |  Y  | N  | Y  | N  | N  | N  | N  |
==========================================================================================

Inferred memory devices in process
        in routine ZINT_REBUILD_CRT line 806 in file
                '../01_RTL/ZINT_REBUILD_CRT.sv'.
===========================================================================================
|          Register Name          |   Type    | Width | Bus | MB | AR | AS | SR | SS | ST |
===========================================================================================
| add_mul_small_output_buffer_reg | Flip-flop |  124  |  Y  | N  | Y  | N  | N  | N  | N  |
===========================================================================================

Inferred memory devices in process
        in routine ZINT_REBUILD_CRT line 817 in file
                '../01_RTL/ZINT_REBUILD_CRT.sv'.
=====================================================================================================
|               Register Name               |   Type    | Width | Bus | MB | AR | AS | SR | SS | ST |
=====================================================================================================
|                  tmp_reg                  | Flip-flop |  31   |  Y  | N  | Y  | N  | N  | N  | N  |
|                 state_reg                 | Flip-flop |   1   |  N  | N  | Y  | N  | N  | N  | N  |
|                 num_1_reg                 | Flip-flop |  10   |  Y  | N  | Y  | N  | N  | N  | N  |
|        mod_small_unsigned_ptr_reg         | Flip-flop |  10   |  Y  | N  | Y  | N  | N  | N  | N  |
|      in_valid_mod_small_unsigned_reg      | Flip-flop |   1   |  N  | N  | Y  | N  | N  | N  | N  |
|        dlen_mod_small_unsigned_reg        | Flip-flop |   9   |  Y  | N  | Y  | N  | N  | N  | N  |
|         p_mod_small_unsigned_reg          | Flip-flop |  31   |  Y  | N  | Y  | N  | N  | N  | N  |
|        p0i_mod_small_unsigned_reg         | Flip-flop |  31   |  Y  | N  | Y  | N  | N  | N  | N  |
|         R2_mod_small_unsigned_reg         | Flip-flop |  31   |  Y  | N  | Y  | N  | N  | N  | N  |
| mod_small_unsigned_output_buffer_full_reg | Flip-flop |   1   |  N  | N  | Y  | N  | N  | N  | N  |
|         mod_small_unsigned_AB_reg         | Flip-flop |   8   |  Y  | N  | Y  | N  | N  | N  | N  |
|      mod_small_unsigned_ptr_reg_reg       | Flip-flop |   8   |  Y  | N  | Y  | N  | N  | N  | N  |
|      is_read_mod_small_unsigned_reg       | Flip-flop |   1   |  N  | N  | Y  | N  | N  | N  | N  |
|           add_mul_small_ptr_reg           | Flip-flop |  10   |  Y  | N  | Y  | N  | N  | N  | N  |
|        in_valid_add_mul_small_reg         | Flip-flop |   1   |  N  | N  | Y  | N  | N  | N  | N  |
|          len_i_add_mul_small_reg          | Flip-flop |   9   |  Y  | N  | Y  | N  | N  | N  | N  |
|            s_add_mul_small_reg            | Flip-flop |  31   |  Y  | N  | Y  | N  | N  | N  | N  |
|            p_add_mul_small_reg            | Flip-flop |  31   |  Y  | N  | Y  | N  | N  | N  | N  |
|           p0i_add_mul_small_reg           | Flip-flop |  31   |  Y  | N  | Y  | N  | N  | N  | N  |
|   add_mul_small_output_buffer_full_reg    | Flip-flop |   1   |  N  | N  | Y  | N  | N  | N  | N  |
|           add_mul_small_AB_reg            | Flip-flop |   8   |  Y  | N  | Y  | N  | N  | N  | N  |
|         add_mul_small_ptr_reg_reg         | Flip-flop |   8   |  Y  | N  | Y  | N  | N  | N  | N  |
|           vB_add_mul_small_reg            | Flip-flop |   8   |  Y  | N  | Y  | N  | N  | N  | N  |
|                intt_AB_reg                | Flip-flop |   8   |  Y  | N  | Y  | N  | N  | N  | N  |
|          stall_add_mul_small_reg          | Flip-flop |   1   |  N  | N  | Y  | N  | N  | N  | N  |
|      read_ena_add_mul_small_reg_reg       | Flip-flop |   1   |  N  | N  | Y  | N  | N  | N  | N  |
|    read_ena_mod_small_unsigned_reg_reg    | Flip-flop |   1   |  N  | N  | Y  | N  | N  | N  | N  |
|              rf_tmp_CENB_reg              | Flip-flop |   1   |  N  | N  | Y  | N  | N  | N  | N  |
|               rf_tmp_AB_reg               | Flip-flop |   8   |  Y  | N  | Y  | N  | N  | N  | N  |
|               rf_tmp_DB_reg               | Flip-flop |  31   |  Y  | N  | Y  | N  | N  | N  | N  |
|               tmp_valid_reg               | Flip-flop |   1   |  N  | N  | Y  | N  | N  | N  | N  |
=====================================================================================================
Presto compilation completed successfully. (ZINT_REBUILD_CRT)
Information: Building the design 'MODP_MONTYMUL_TOP' instantiated from design 'MAKE_FG' with
        the parameters "MASTER_NUM=8,MUL_NUM=4". (HDL-193)
Warning:  ../01_RTL/MODP_MONTYMUL_TOP.sv:117: signed to unsigned part selection occurs. (VER-318)
Presto compilation completed successfully. (MODP_MONTYMUL_TOP_MASTER_NUM8_MUL_NUM4)
Information: Building the design 'ZINT_MOD_SMALL_UNSIGNED' instantiated from design 'ZINT_REBUILD_CRT' with
        the parameters "SLAVE_NUM=4". (HDL-193)

Statistics for case statements in always block at line 117 in file
        '../01_RTL/ZINT_MOD_SMALL_UNSIGNED.sv'
===============================================
|           Line           |  full/ parallel  |
===============================================
|           118            |    auto/auto     |
===============================================

Inferred memory devices in process
        in routine ZINT_MOD_SMALL_UNSIGNED_SLAVE_NUM4 line 305 in file
                '../01_RTL/ZINT_MOD_SMALL_UNSIGNED.sv'.
=================================================================================
|     Register Name     |   Type    | Width | Bus | MB | AR | AS | SR | SS | ST |
=================================================================================
| modp_montymul_req_reg | Flip-flop |   4   |  Y  | N  | Y  | N  | N  | N  | N  |
|        x0_reg         | Flip-flop |  124  |  Y  | N  | Y  | N  | N  | N  | N  |
|         w_reg         | Flip-flop |  124  |  Y  | N  | Y  | N  | N  | N  | N  |
=================================================================================

Inferred memory devices in process
        in routine ZINT_MOD_SMALL_UNSIGNED_SLAVE_NUM4 line 320 in file
                '../01_RTL/ZINT_MOD_SMALL_UNSIGNED.sv'.
==================================================================================
|     Register Name      |   Type    | Width | Bus | MB | AR | AS | SR | SS | ST |
==================================================================================
|    read_ena_reg_reg    | Flip-flop |   1   |  N  | N  | Y  | N  | N  | N  | N  |
|       state_reg        | Flip-flop |   1   |  N  | N  | Y  | N  | N  | N  | N  |
|        cnt_reg         | Flip-flop |   9   |  Y  | N  | Y  | N  | N  | N  | N  |
| out_valid_modp_add_reg | Flip-flop |   1   |  N  | N  | Y  | N  | N  | N  | N  |
| modp_montymul_done_reg | Flip-flop |   1   |  N  | N  | Y  | N  | N  | N  | N  |
==================================================================================
Presto compilation completed successfully. (ZINT_MOD_SMALL_UNSIGNED_SLAVE_NUM4)
Information: Building the design 'ZINT_ADD_MUL_SMALL' instantiated from design 'ZINT_REBUILD_CRT' with
        the parameters "SLAVE_NUM=4". (HDL-193)
Warning:  ../01_RTL/ZINT_ADD_MUL_SMALL.sv:245: signed to unsigned assignment occurs. (VER-318)
Warning:  ../01_RTL/ZINT_ADD_MUL_SMALL.sv:273: signed to unsigned conversion occurs. (VER-318)

Statistics for case statements in always block at line 142 in file
        '../01_RTL/ZINT_ADD_MUL_SMALL.sv'
===============================================
|           Line           |  full/ parallel  |
===============================================
|           143            |    auto/auto     |
===============================================

Statistics for case statements in always block at line 195 in file
        '../01_RTL/ZINT_ADD_MUL_SMALL.sv'
===============================================
|           Line           |  full/ parallel  |
===============================================
|           196            |    auto/auto     |
===============================================

Statistics for case statements in always block at line 208 in file
        '../01_RTL/ZINT_ADD_MUL_SMALL.sv'
===============================================
|           Line           |  full/ parallel  |
===============================================
|           212            |    auto/auto     |
===============================================

Statistics for case statements in always block at line 233 in file
        '../01_RTL/ZINT_ADD_MUL_SMALL.sv'
===============================================
|           Line           |  full/ parallel  |
===============================================
|           237            |    auto/auto     |
===============================================

Statistics for case statements in always block at line 261 in file
        '../01_RTL/ZINT_ADD_MUL_SMALL.sv'
===============================================
|           Line           |  full/ parallel  |
===============================================
|           265            |    auto/auto     |
===============================================

Inferred memory devices in process
        in routine ZINT_ADD_MUL_SMALL_SLAVE_NUM4 line 424 in file
                '../01_RTL/ZINT_ADD_MUL_SMALL.sv'.
=================================================================================
|     Register Name     |   Type    | Width | Bus | MB | AR | AS | SR | SS | ST |
=================================================================================
|        cc_reg         | Flip-flop |  124  |  Y  | N  | Y  | N  | N  | N  | N  |
|        xr_reg         | Flip-flop |  124  |  Y  | N  | Y  | N  | N  | N  | N  |
| modp_montymul_req_reg | Flip-flop |   4   |  Y  | N  | Y  | N  | N  | N  | N  |
=================================================================================

Inferred memory devices in process
        in routine ZINT_ADD_MUL_SMALL_SLAVE_NUM4 line 439 in file
                '../01_RTL/ZINT_ADD_MUL_SMALL.sv'.
===============================================================================
|    Register Name    |   Type    | Width | Bus | MB | AR | AS | SR | SS | ST |
===============================================================================
|      p_tmp_reg      | Flip-flop |  31   |  Y  | N  | Y  | N  | N  | N  | N  |
|      state_reg      | Flip-flop |   2   |  Y  | N  | Y  | N  | N  | N  | N  |
|       cnt_reg       | Flip-flop |   9   |  Y  | N  | Y  | N  | N  | N  | N  |
|     r_state_reg     | Flip-flop |   2   |  Y  | N  | Y  | N  | N  | N  | N  |
|       uA_reg        | Flip-flop |   9   |  Y  | N  | Y  | N  | N  | N  | N  |
|       len_reg       | Flip-flop |   9   |  Y  | N  | Y  | N  | N  | N  | N  |
|     cc_tmp_reg      | Flip-flop |  31   |  Y  | N  | Y  | N  | N  | N  | N  |
===============================================================================
Presto compilation completed successfully. (ZINT_ADD_MUL_SMALL_SLAVE_NUM4)
Information: Building the design 'PRIMES'. (HDL-193)

Statistics for case statements in always block at line 909 in file
        '../01_RTL/ZINT_REBUILD_CRT.sv'
===============================================
|           Line           |  full/ parallel  |
===============================================
|           910            |    auto/auto     |
===============================================
Presto compilation completed successfully. (PRIMES)
Information: Building the design 'RF_TMP'. (HDL-193)
Presto compilation completed successfully. (RF_TMP)
Information: Building the design 'MODP_MONTYMUL' instantiated from design 'MODP_MONTYMUL_TOP_MASTER_NUM8_MUL_NUM4' with
        the parameters "MASTER_NUM=8". (HDL-193)

Inferred memory devices in process
        in routine MODP_MONTYMUL_MASTER_NUM8 line 259 in file
                '../01_RTL/MODP_MONTYMUL_TOP.sv'.
===============================================================================
|    Register Name    |   Type    | Width | Bus | MB | AR | AS | SR | SS | ST |
===============================================================================
|      o_bus_reg      | Flip-flop |   3   |  Y  | N  | Y  | N  | N  | N  | N  |
|      p_reg_reg      | Flip-flop |  31   |  Y  | N  | Y  | N  | N  | N  | N  |
|    isMQ_reg_reg     | Flip-flop |   1   |  N  | N  | Y  | N  | N  | N  | N  |
|    out_valid_reg    | Flip-flop |   1   |  N  | N  | Y  | N  | N  | N  | N  |
|     a_b_reg_reg     | Flip-flop |  62   |  Y  | N  | Y  | N  | N  | N  | N  |
|   a_b_p0i_reg_reg   | Flip-flop |  31   |  Y  | N  | Y  | N  | N  | N  | N  |
===============================================================================
Presto compilation completed successfully. (MODP_MONTYMUL_MASTER_NUM8)
Information: Building the design 'MODP_ADD'. (HDL-193)
Presto compilation completed successfully. (MODP_ADD)
Information: Building the design 'MODP_SUB'. (HDL-193)
Presto compilation completed successfully. (MODP_SUB)
1
# (B-2) read_sverilog
# read_sverilog $DESIGN\.v
# (B-3) set current design
current_design $DESIGN
Current design is 'MAKE_FG'.
{MAKE_FG}
link

  Linking design 'MAKE_FG'
  Using the following designs and libraries:
  --------------------------------------------------------------------------
  * (11 designs)              /home/daniel_kuo/Falcon/hardware/zint_rebuild_CRT/02_SYN/MAKE_FG.db, etc
  sc9_cln40g_base_rvt_ss_typical_max_0p81v_125c (library) /cell_base_lib/CBDK_TSMC40_Arm_f2.0/CIC/SynopsysDC/db/sc9_base_rvt/sc9_cln40g_base_rvt_ss_typical_max_0p81v_125c.db
  sc9_cln40g_base_hvt_ss_typical_max_0p81v_125c (library) /cell_base_lib/CBDK_TSMC40_Arm_f2.0/CIC/SynopsysDC/db/sc9_base_hvt/sc9_cln40g_base_hvt_ss_typical_max_0p81v_125c.db
  sc9_cln40g_base_lvt_ss_typical_max_0p81v_125c (library) /cell_base_lib/CBDK_TSMC40_Arm_f2.0/CIC/SynopsysDC/db/sc9_base_lvt/sc9_cln40g_base_lvt_ss_typical_max_0p81v_125c.db
  RF_2p_CRT_4x256_nldm_ss_0p81v_0p81v_125c (library) /home/daniel_kuo/Falcon/hardware/zint_rebuild_CRT/04_MEM/RF_2p_CRT_4x256_nldm_ss_0p81v_0p81v_125c.db
  RF_2p_CRT_TMP_nldm_ss_0p81v_0p81v_125c (library) /home/daniel_kuo/Falcon/hardware/zint_rebuild_CRT/04_MEM/RF_2p_CRT_TMP_nldm_ss_0p81v_0p81v_125c.db
  dw_foundation.sldb (library) /usr/cad/synopsys/synthesis/cur/libraries/syn/dw_foundation.sldb

1
#======================================================
#  (C) Global Setting
#======================================================
set_wire_load_mode top
1
# set_operating_conditions -max WCCOM -min BCCOM
# set_wire_load_model -name umc18_wl10 -library slow
#======================================================
#  (D) Set Design Constraints
#======================================================
# (D-1) Setting Clock Constraints
create_clock -name clk -period $CYCLE [get_ports clk] 
1
set_dont_touch_network             [get_clocks clk]
1
# set_fix_hold                       [get_clocks clk]
# set_clock_uncertainty       0.1    [get_clocks clk]
# set_clock_latency   -source 0      [get_clocks clk]
# set_clock_latency           1      [get_clocks clk] 
# set_input_transition        0.5    [all_inputs] 
# set_clock_transition        0.1    [all_clocks] 
# (D-2) Setting in/out Constraints
set_input_delay   -max  $INPUT_DLY  -clock clk   [all_inputs] ;  # set_up time check 
1
set_input_delay   -min  0           -clock clk   [all_inputs] ;  # hold   time check 
1
set_output_delay  -max  $OUTPUT_DLY -clock clk   [all_outputs] ; # set_up time check 
1
set_output_delay  -min  0           -clock clk   [all_outputs] ; # hold   time check 
1
set_input_delay 0 -clock clk clk
1
set_input_delay 0 -clock clk rst_n
1
# set_max_delay $CYCLE -from [all_inputs] -to [all_outputs]
# (D-3) Setting Design Environment
# set_driving_cell -library umc18io3v5v_slow -lib_cell P2C    -pin {Y}  [get_ports clk]
# set_driving_cell -library umc18io3v5v_slow -lib_cell P2C    -pin {Y}  [remove_from_collection [all_inputs] [get_ports clk]]
# set_load  [load_of "umc18io3v5v_slow/P8C/A"]       [all_outputs] ; # ~= 0.038
set_load 0.05 [all_outputs]
1
# (D-4) Setting DRC Constraint
# set_max_delay           0     ; # Optimize delay max effort                 
# set_max_area            0      ; # Optimize area max effort           
# set_max_transition      3       [all_inputs]   ; # U18 LUT Max Transition Value  
# set_max_capacitance     0.15    [all_inputs]   ; # U18 LUT Max Capacitance Value
# set_max_fanout          10      [all_inputs]
# set_dont_use slow/JKFF*
# set_dont_touch [get_cells core_reg_macro]
# set hdlin_ff_always_sync_set_reset true
# (D-5) Report Clock skew
report_clock -skew clk
Information: Checking out the license 'DesignWare'. (SEC-104)
Information: Changed wire load model for 'alt1' from '(none)' to 'Small'. (OPT-170)
Information: Changed wire load model for 'astr' from '(none)' to 'Small'. (OPT-170)
Information: Changed wire load model for 'alt1' from '(none)' to 'Small'. (OPT-170)
Information: Changed wire load model for 'apparch' from '(none)' to 'Small'. (OPT-170)
Information: Changed wire load model for 'alt1' from '(none)' to 'Small'. (OPT-170)
Information: Changed wire load model for 'apparch' from '(none)' to 'Small'. (OPT-170)
Information: Changed wire load model for 'alt1' from '(none)' to 'Small'. (OPT-170)
Information: Changed wire load model for 'astr' from '(none)' to 'Small'. (OPT-170)
Information: Changed wire load model for 'alt1' from '(none)' to 'Small'. (OPT-170)
Information: Changed wire load model for 'astr' from '(none)' to 'Small'. (OPT-170)
Information: Changed wire load model for 'alt1' from '(none)' to 'Small'. (OPT-170)
Information: Changed wire load model for 'apparch' from '(none)' to 'Small'. (OPT-170)
  Allocating blocks in 'DW_div_uns_a_width10_b_width7'
  Allocating blocks in 'DW_div_a_width10_b_width7_tc_mode0_rem_mode1'
Information: Changed wire load model for 'alt1' from '(none)' to 'Small'. (OPT-170)
Information: Changed wire load model for 'pparch' from '(none)' to 'Small'. (OPT-170)
Information: Changed wire load model for 'alt1' from '(none)' to 'Small'. (OPT-170)
Information: Changed wire load model for 'pparch' from '(none)' to 'Small'. (OPT-170)
Information: Changed wire load model for 'alt1' from '(none)' to 'Small'. (OPT-170)
Information: Changed wire load model for 'pparch' from '(none)' to 'Small'. (OPT-170)
Information: Changed wire load model for 'alt1' from '(none)' to 'Small'. (OPT-170)
Information: Changed wire load model for 'pparch' from '(none)' to 'Small'. (OPT-170)
Information: Changed wire load model for 'alt1' from '(none)' to 'Small'. (OPT-170)
Information: Changed wire load model for 'pparch' from '(none)' to 'Small'. (OPT-170)
Information: Changed wire load model for 'alt1' from '(none)' to 'Small'. (OPT-170)
Information: Changed wire load model for 'pparch' from '(none)' to 'Small'. (OPT-170)
Information: Changed wire load model for 'alt1' from '(none)' to 'Small'. (OPT-170)
Information: Changed wire load model for 'pparch' from '(none)' to 'Small'. (OPT-170)
Information: Changed wire load model for 'alt1' from '(none)' to 'Small'. (OPT-170)
Information: Changed wire load model for 'pparch' from '(none)' to 'Small'. (OPT-170)
Information: Changed wire load model for 'alt1' from '(none)' to 'Small'. (OPT-170)
Information: Changed wire load model for 'pparch' from '(none)' to 'Small'. (OPT-170)
Information: Changed wire load model for 'alt1' from '(none)' to 'Small'. (OPT-170)
Information: Changed wire load model for 'pparch' from '(none)' to 'Small'. (OPT-170)
Information: Changed wire load model for 'alt1' from '(none)' to 'Small'. (OPT-170)
Information: Changed wire load model for 'pparch' from '(none)' to 'Small'. (OPT-170)
Information: Changed wire load model for 'alt1' from '(none)' to 'Small'. (OPT-170)
Information: Changed wire load model for 'pparch' from '(none)' to 'Small'. (OPT-170)
Information: Changed wire load model for 'alt1' from '(none)' to 'Small'. (OPT-170)
Information: Changed wire load model for 'pparch' from '(none)' to 'Small'. (OPT-170)
Information: Changed wire load model for 'alt1' from '(none)' to 'Small'. (OPT-170)
Information: Changed wire load model for 'pparch' from '(none)' to 'Small'. (OPT-170)
Information: Changed wire load model for 'alt1' from '(none)' to 'Small'. (OPT-170)
Information: Changed wire load model for 'pparch' from '(none)' to 'Small'. (OPT-170)
Information: Changed wire load model for 'alt1' from '(none)' to 'Small'. (OPT-170)
Information: Changed wire load model for 'pparch' from '(none)' to 'Small'. (OPT-170)
Information: Changed wire load model for 'alt1' from '(none)' to 'Small'. (OPT-170)
Information: Changed wire load model for 'pparch' from '(none)' to 'Small'. (OPT-170)
Warning: Design 'DW_div_uns_a_width10_b_width7' inherited license information from design 'DW_div_a_width10_b_width7_tc_mode0_rem_mode1'. (DDB-74)
Information: Changed wire load model for 'alt1' from '(none)' to 'Small'. (OPT-170)
Information: Changed wire load model for 'apparch' from '(none)' to 'Small'. (OPT-170)
Information: Changed wire load model for 'alt1' from '(none)' to 'Small'. (OPT-170)
Information: Changed wire load model for 'apparch' from '(none)' to 'Small'. (OPT-170)
Information: Changed wire load model for 'alt1' from '(none)' to 'Small'. (OPT-170)
Information: Changed wire load model for 'apparch' from '(none)' to 'Small'. (OPT-170)
Information: Changed wire load model for 'alt1' from '(none)' to 'Small'. (OPT-170)
Information: Changed wire load model for 'apparch' from '(none)' to 'Small'. (OPT-170)
Information: Updating design information... (UID-85)
Warning: Design 'MAKE_FG' contains 10 high-fanout nets. A fanout number of 1000 will be used for delay calculations involving these nets. (TIM-134)
 
****************************************
Report : clock_skew
Design : MAKE_FG
Version: T-2022.03
Date   : Thu Jan 29 18:14:37 2026
****************************************

                 Rise      Fall  Min Rise  Min fall        Uncertainty
Object          Delay     Delay     Delay     Delay     Plus      Minus
--------------------------------------------------------------------------------
1
check_timing

Information: Checking generated_clocks...

Information: Checking loops...

Information: Checking no_input_delay...

Information: Checking unconstrained_endpoints...

Information: Checking pulse_clock_cell_type...

Information: Checking no_driving_cell...

Information: Checking partial_input_delay...
1
#======================================================
#  (E) Optimization
#======================================================
uniquify
Information: Uniquified 2 instances of design 'PRIMES'. (OPT-1056)
Information: Uniquified 4 instances of design 'MODP_MONTYMUL_MASTER_NUM8'. (OPT-1056)
Information: Uniquified 4 instances of design 'MODP_ADD'. (OPT-1056)
Information: Uniquified 4 instances of design 'MODP_SUB'. (OPT-1056)
1
set_fix_multiple_port_nets -all -buffer_constants
1
check_design > Report/$DESIGN\.check
# compile_ultra -no_autoungroup
compile_ultra
Information: Performing power optimization. (PWR-850)
Alib files are up-to-date.
Information: Running optimization using a maximum of 4 cores. (OPT-1500)
Information: Evaluating DesignWare library utilization. (UISN-27)

============================================================================
| DesignWare Building Block Library  |         Version         | Available |
============================================================================
| Basic DW Building Blocks           | S-2021.06-DWBB_202106.0 |     *     |
| Licensed DW Building Blocks        | S-2021.06-DWBB_202106.0 |     *     |
============================================================================

====================================================================================================
| Flow Information                                                                                 |
----------------------------------------------------------------------------------------------------
| Flow         | Design Compiler NXT WLM                                                           |
| Comand line  | compile_ultra                                                                     |
====================================================================================================
| Design Information                                      | Value                                  |
====================================================================================================
| Number of Scenarios                                     | 0                                      |
| Leaf Cell Count                                         | 8489                                   |
| Number of User Hierarchies                              | 20                                     |
| Sequential Cell Count                                   | 2439                                   |
| Macro Count                                             | 0                                      |
| Number of Power Domains                                 | 0                                      |
| Number of Path Groups                                   | 2                                      |
| Number of VT class                                      | 0                                      |
| Number of Clocks                                        | 1                                      |
| Number of Dont Touch cells                              | 2776                                   |
| Number of Dont Touch nets                               | 11                                     |
| Number of size only cells                               | 0                                      |
| Design with UPF Data                                    | false                                  |
----------------------------------------------------------------------------------------------------
| Variables                                               | Value                                  |
----------------------------------------------------------------------------------------------------
| set_fix_multiple_port_nets                              | -all -buffer_constants                 |
====================================================================================================
Information: Sequential output inversion is enabled.  SVF file must be used for formal verification. (OPT-1208)

Information: There are 1966 potential problems in your design. Please run 'check_design' for more information. (LINT-99)

  Simplifying Design 'MAKE_FG'

  Loading target library 'RF_2p_CRT_4x256_nldm_ss_0p81v_0p81v_125c'
  Loading target library 'RF_2p_CRT_TMP_nldm_ss_0p81v_0p81v_125c'
Loaded alib file './alib-52/sc9_cln40g_base_rvt_ss_typical_max_0p81v_125c.db.alib' (placeholder)
Loaded alib file './alib-52/sc9_cln40g_base_hvt_ss_typical_max_0p81v_125c.db.alib'
Loaded alib file './alib-52/sc9_cln40g_base_lvt_ss_typical_max_0p81v_125c.db.alib' (placeholder)
Loaded alib file './alib-52/RF_2p_CRT_4x256_nldm_ss_0p81v_0p81v_125c.db.alib' (placeholder)
Loaded alib file './alib-52/RF_2p_CRT_TMP_nldm_ss_0p81v_0p81v_125c.db.alib' (placeholder)
  Building model 'DW01_NAND2'
Information: Ungrouping hierarchy u_RF_CRT before Pass 1 (OPT-776)
Information: Ungrouping hierarchy u_ZINT_REBUILD_CRT/u_ZINT_MOD_SMALL_UNSIGNED before Pass 1 (OPT-776)
Information: Ungrouping hierarchy u_ZINT_REBUILD_CRT/u_RF_TMP before Pass 1 (OPT-776)
Information: Ungrouping hierarchy u_ZINT_REBUILD_CRT/u_ZINT_MOD_SMALL_UNSIGNED/genblk1[0].u_MODP_ADD before Pass 1 (OPT-776)
Information: Ungrouping hierarchy u_ZINT_REBUILD_CRT/u_ZINT_ADD_MUL_SMALL/genblk1[0].u_MODP_SUB before Pass 1 (OPT-776)
Information: Ungrouping hierarchy u_ZINT_REBUILD_CRT/u_ZINT_MOD_SMALL_UNSIGNED/genblk1[3].u_MODP_ADD before Pass 1 (OPT-776)
Information: Ungrouping hierarchy u_ZINT_REBUILD_CRT/u_ZINT_MOD_SMALL_UNSIGNED/genblk1[2].u_MODP_ADD before Pass 1 (OPT-776)
Information: Ungrouping hierarchy u_ZINT_REBUILD_CRT/u_ZINT_MOD_SMALL_UNSIGNED/genblk1[1].u_MODP_ADD before Pass 1 (OPT-776)
Information: Ungrouping hierarchy u_ZINT_REBUILD_CRT/u_ZINT_ADD_MUL_SMALL/genblk1[3].u_MODP_SUB before Pass 1 (OPT-776)
Information: Ungrouping hierarchy u_ZINT_REBUILD_CRT/u_ZINT_ADD_MUL_SMALL/genblk1[2].u_MODP_SUB before Pass 1 (OPT-776)
Information: Ungrouping hierarchy u_ZINT_REBUILD_CRT/u_ZINT_ADD_MUL_SMALL/genblk1[1].u_MODP_SUB before Pass 1 (OPT-776)
Information: Ungrouping 11 of 21 hierarchies before Pass 1 (OPT-775)
Information: State dependent leakage is now switched from on to off.

  Beginning Pass 1 Mapping
  ------------------------
.
  Processing 'PRIMES_0'
 Implement Synthetic for 'PRIMES_0'.
  Processing 'PRIMES_1'
 Implement Synthetic for 'PRIMES_1'.
  Processing 'ZINT_REBUILD_CRT'
Information: Added key list 'DesignWare' to design 'ZINT_REBUILD_CRT'. (DDB-72)
Information: The register 'p_mod_small_unsigned_reg[10]' is a constant and will be removed. (OPT-1206)
Information: The register 'p_mod_small_unsigned_reg[9]' is a constant and will be removed. (OPT-1206)
Information: The register 'p_mod_small_unsigned_reg[8]' is a constant and will be removed. (OPT-1206)
Information: The register 'p_mod_small_unsigned_reg[7]' is a constant and will be removed. (OPT-1206)
Information: The register 'p_mod_small_unsigned_reg[6]' is a constant and will be removed. (OPT-1206)
Information: The register 'p_mod_small_unsigned_reg[5]' is a constant and will be removed. (OPT-1206)
Information: The register 'p_mod_small_unsigned_reg[4]' is a constant and will be removed. (OPT-1206)
Information: The register 'p_mod_small_unsigned_reg[3]' is a constant and will be removed. (OPT-1206)
Information: The register 'p_mod_small_unsigned_reg[2]' is a constant and will be removed. (OPT-1206)
Information: The register 'p_mod_small_unsigned_reg[1]' is a constant and will be removed. (OPT-1206)
Information: The register 'p_add_mul_small_reg[10]' is a constant and will be removed. (OPT-1206)
Information: The register 'p_add_mul_small_reg[9]' is a constant and will be removed. (OPT-1206)
Information: The register 'p_add_mul_small_reg[8]' is a constant and will be removed. (OPT-1206)
Information: The register 'p_add_mul_small_reg[7]' is a constant and will be removed. (OPT-1206)
Information: The register 'p_add_mul_small_reg[6]' is a constant and will be removed. (OPT-1206)
Information: The register 'p_add_mul_small_reg[5]' is a constant and will be removed. (OPT-1206)
Information: The register 'p_add_mul_small_reg[4]' is a constant and will be removed. (OPT-1206)
Information: The register 'p_add_mul_small_reg[3]' is a constant and will be removed. (OPT-1206)
Information: The register 'p_add_mul_small_reg[2]' is a constant and will be removed. (OPT-1206)
Information: The register 'p_add_mul_small_reg[1]' is a constant and will be removed. (OPT-1206)
Information: In design 'ZINT_REBUILD_CRT', the register 'read_ena_add_mul_small_reg_reg' is removed because it is merged to 'is_read_mod_small_unsigned_reg'. (OPT-1215)
 Implement Synthetic for 'ZINT_REBUILD_CRT'.
  Processing 'ZINT_REBUILD_CRT_DW_div_uns_J3_0'
  Processing 'ZINT_REBUILD_CRT_DW_div_uns_J3_1'
  Processing 'MAKE_FG'
 Implement Synthetic for 'MAKE_FG'.
Information: Added key list 'DesignWare' to design 'MAKE_FG'. (DDB-72)
  Processing 'ZINT_ADD_MUL_SMALL_SLAVE_NUM4'
Information: Added key list 'DesignWare' to design 'ZINT_ADD_MUL_SMALL_SLAVE_NUM4'. (DDB-72)
 Implement Synthetic for 'ZINT_ADD_MUL_SMALL_SLAVE_NUM4'.
  Processing 'MODP_MONTYMUL_TOP_MASTER_NUM8_MUL_NUM4'
  Processing 'MODP_MONTYMUL_MASTER_NUM8_0'
 Implement Synthetic for 'MODP_MONTYMUL_MASTER_NUM8_0'.
  Processing 'MODP_MONTYMUL_MASTER_NUM8_2'
Information: The register 'o_bus_reg[1]' is a constant and will be removed. (OPT-1206)
 Implement Synthetic for 'MODP_MONTYMUL_MASTER_NUM8_2'.
  Processing 'MODP_MONTYMUL_MASTER_NUM8_1'
Information: The register 'o_bus_reg[0]' is a constant and will be removed. (OPT-1206)
 Implement Synthetic for 'MODP_MONTYMUL_MASTER_NUM8_1'.
  Processing 'MODP_MONTYMUL_MASTER_NUM8_3'
Information: The register 'o_bus_reg[0]' is a constant and will be removed. (OPT-1206)
Information: The register 'o_bus_reg[1]' is a constant and will be removed. (OPT-1206)
 Implement Synthetic for 'MODP_MONTYMUL_MASTER_NUM8_3'.

  Updating timing information
Information: Updating design information... (UID-85)
Information: The library cell 'TIELO_X1M_A9TR' in the library 'sc9_cln40g_base_rvt_ss_typical_max_0p81v_125c' is not characterized for internal power. (PWR-536)
Information: The library cell 'TIEHI_X1M_A9TR' in the library 'sc9_cln40g_base_rvt_ss_typical_max_0p81v_125c' is not characterized for internal power. (PWR-536)
Information: The library cell 'TIELO_X1M_A9TH' in the library 'sc9_cln40g_base_hvt_ss_typical_max_0p81v_125c' is not characterized for internal power. (PWR-536)
Information: The library cell 'TIEHI_X1M_A9TH' in the library 'sc9_cln40g_base_hvt_ss_typical_max_0p81v_125c' is not characterized for internal power. (PWR-536)
Information: The library cell 'TIELO_X1M_A9TL' in the library 'sc9_cln40g_base_lvt_ss_typical_max_0p81v_125c' is not characterized for internal power. (PWR-536)
Information: The library cell 'TIEHI_X1M_A9TL' in the library 'sc9_cln40g_base_lvt_ss_typical_max_0p81v_125c' is not characterized for internal power. (PWR-536)
Information: The target library(s) contains cell(s), other than black boxes, that are not characterized for internal power. (PWR-24)
Information: Complementing port 'r_state[1]' in design 'ZINT_ADD_MUL_SMALL_SLAVE_NUM4'.
         The new name of the port is 'r_state[1]_BAR'. (OPT-319)
Information: Complementing port 'r_state[0]' in design 'ZINT_ADD_MUL_SMALL_SLAVE_NUM4'.
         The new name of the port is 'r_state[0]_BAR'. (OPT-319)
Information: Complementing port 'len[6]' in design 'ZINT_ADD_MUL_SMALL_SLAVE_NUM4'.
         The new name of the port is 'len[6]_BAR'. (OPT-319)
Information: The register 'u_MODP_MONTYMUL_TOP/genblk1[3].u_MODP_MONTYMUL/isMQ_reg_reg' is a constant and will be removed. (OPT-1206)
Information: The register 'u_MODP_MONTYMUL_TOP/genblk1[3].u_MODP_MONTYMUL/p_reg_reg[1]' is a constant and will be removed. (OPT-1206)
Information: The register 'u_MODP_MONTYMUL_TOP/genblk1[3].u_MODP_MONTYMUL/p_reg_reg[2]' is a constant and will be removed. (OPT-1206)
Information: The register 'u_MODP_MONTYMUL_TOP/genblk1[3].u_MODP_MONTYMUL/p_reg_reg[3]' is a constant and will be removed. (OPT-1206)
Information: The register 'u_MODP_MONTYMUL_TOP/genblk1[3].u_MODP_MONTYMUL/p_reg_reg[4]' is a constant and will be removed. (OPT-1206)
Information: The register 'u_MODP_MONTYMUL_TOP/genblk1[3].u_MODP_MONTYMUL/p_reg_reg[5]' is a constant and will be removed. (OPT-1206)
Information: The register 'u_MODP_MONTYMUL_TOP/genblk1[3].u_MODP_MONTYMUL/p_reg_reg[6]' is a constant and will be removed. (OPT-1206)
Information: The register 'u_MODP_MONTYMUL_TOP/genblk1[3].u_MODP_MONTYMUL/p_reg_reg[7]' is a constant and will be removed. (OPT-1206)
Information: The register 'u_MODP_MONTYMUL_TOP/genblk1[3].u_MODP_MONTYMUL/p_reg_reg[8]' is a constant and will be removed. (OPT-1206)
Information: The register 'u_MODP_MONTYMUL_TOP/genblk1[3].u_MODP_MONTYMUL/p_reg_reg[9]' is a constant and will be removed. (OPT-1206)
Information: The register 'u_MODP_MONTYMUL_TOP/genblk1[3].u_MODP_MONTYMUL/p_reg_reg[10]' is a constant and will be removed. (OPT-1206)
Information: The register 'u_MODP_MONTYMUL_TOP/genblk1[2].u_MODP_MONTYMUL/isMQ_reg_reg' is a constant and will be removed. (OPT-1206)
Information: The register 'u_MODP_MONTYMUL_TOP/genblk1[2].u_MODP_MONTYMUL/p_reg_reg[1]' is a constant and will be removed. (OPT-1206)
Information: The register 'u_MODP_MONTYMUL_TOP/genblk1[2].u_MODP_MONTYMUL/p_reg_reg[2]' is a constant and will be removed. (OPT-1206)
Information: The register 'u_MODP_MONTYMUL_TOP/genblk1[2].u_MODP_MONTYMUL/p_reg_reg[3]' is a constant and will be removed. (OPT-1206)
Information: The register 'u_MODP_MONTYMUL_TOP/genblk1[2].u_MODP_MONTYMUL/p_reg_reg[4]' is a constant and will be removed. (OPT-1206)
Information: The register 'u_MODP_MONTYMUL_TOP/genblk1[2].u_MODP_MONTYMUL/p_reg_reg[5]' is a constant and will be removed. (OPT-1206)
Information: The register 'u_MODP_MONTYMUL_TOP/genblk1[2].u_MODP_MONTYMUL/p_reg_reg[6]' is a constant and will be removed. (OPT-1206)
Information: The register 'u_MODP_MONTYMUL_TOP/genblk1[2].u_MODP_MONTYMUL/p_reg_reg[7]' is a constant and will be removed. (OPT-1206)
Information: The register 'u_MODP_MONTYMUL_TOP/genblk1[2].u_MODP_MONTYMUL/p_reg_reg[8]' is a constant and will be removed. (OPT-1206)
Information: The register 'u_MODP_MONTYMUL_TOP/genblk1[2].u_MODP_MONTYMUL/p_reg_reg[9]' is a constant and will be removed. (OPT-1206)
Information: The register 'u_MODP_MONTYMUL_TOP/genblk1[2].u_MODP_MONTYMUL/p_reg_reg[10]' is a constant and will be removed. (OPT-1206)
Information: The register 'u_MODP_MONTYMUL_TOP/genblk1[1].u_MODP_MONTYMUL/isMQ_reg_reg' is a constant and will be removed. (OPT-1206)
Information: The register 'u_MODP_MONTYMUL_TOP/genblk1[1].u_MODP_MONTYMUL/p_reg_reg[1]' is a constant and will be removed. (OPT-1206)
Information: The register 'u_MODP_MONTYMUL_TOP/genblk1[1].u_MODP_MONTYMUL/p_reg_reg[2]' is a constant and will be removed. (OPT-1206)
Information: The register 'u_MODP_MONTYMUL_TOP/genblk1[1].u_MODP_MONTYMUL/p_reg_reg[3]' is a constant and will be removed. (OPT-1206)
Information: The register 'u_MODP_MONTYMUL_TOP/genblk1[1].u_MODP_MONTYMUL/p_reg_reg[4]' is a constant and will be removed. (OPT-1206)
Information: The register 'u_MODP_MONTYMUL_TOP/genblk1[1].u_MODP_MONTYMUL/p_reg_reg[5]' is a constant and will be removed. (OPT-1206)
Information: The register 'u_MODP_MONTYMUL_TOP/genblk1[1].u_MODP_MONTYMUL/p_reg_reg[6]' is a constant and will be removed. (OPT-1206)
Information: The register 'u_MODP_MONTYMUL_TOP/genblk1[1].u_MODP_MONTYMUL/p_reg_reg[7]' is a constant and will be removed. (OPT-1206)
Information: The register 'u_MODP_MONTYMUL_TOP/genblk1[1].u_MODP_MONTYMUL/p_reg_reg[8]' is a constant and will be removed. (OPT-1206)
Information: The register 'u_MODP_MONTYMUL_TOP/genblk1[1].u_MODP_MONTYMUL/p_reg_reg[9]' is a constant and will be removed. (OPT-1206)
Information: The register 'u_MODP_MONTYMUL_TOP/genblk1[1].u_MODP_MONTYMUL/p_reg_reg[10]' is a constant and will be removed. (OPT-1206)
Information: The register 'u_MODP_MONTYMUL_TOP/genblk1[0].u_MODP_MONTYMUL/isMQ_reg_reg' is a constant and will be removed. (OPT-1206)
Information: The register 'u_MODP_MONTYMUL_TOP/genblk1[0].u_MODP_MONTYMUL/p_reg_reg[1]' is a constant and will be removed. (OPT-1206)
Information: The register 'u_MODP_MONTYMUL_TOP/genblk1[0].u_MODP_MONTYMUL/p_reg_reg[2]' is a constant and will be removed. (OPT-1206)
Information: The register 'u_MODP_MONTYMUL_TOP/genblk1[0].u_MODP_MONTYMUL/p_reg_reg[3]' is a constant and will be removed. (OPT-1206)
Information: The register 'u_MODP_MONTYMUL_TOP/genblk1[0].u_MODP_MONTYMUL/p_reg_reg[4]' is a constant and will be removed. (OPT-1206)
Information: The register 'u_MODP_MONTYMUL_TOP/genblk1[0].u_MODP_MONTYMUL/p_reg_reg[5]' is a constant and will be removed. (OPT-1206)
Information: The register 'u_MODP_MONTYMUL_TOP/genblk1[0].u_MODP_MONTYMUL/p_reg_reg[6]' is a constant and will be removed. (OPT-1206)
Information: The register 'u_MODP_MONTYMUL_TOP/genblk1[0].u_MODP_MONTYMUL/p_reg_reg[7]' is a constant and will be removed. (OPT-1206)
Information: The register 'u_MODP_MONTYMUL_TOP/genblk1[0].u_MODP_MONTYMUL/p_reg_reg[8]' is a constant and will be removed. (OPT-1206)
Information: The register 'u_MODP_MONTYMUL_TOP/genblk1[0].u_MODP_MONTYMUL/p_reg_reg[9]' is a constant and will be removed. (OPT-1206)
Information: The register 'u_MODP_MONTYMUL_TOP/genblk1[0].u_MODP_MONTYMUL/p_reg_reg[10]' is a constant and will be removed. (OPT-1206)
Information: The register 'u_ZINT_REBUILD_CRT/u_ZINT_ADD_MUL_SMALL/p_tmp_reg[1]' is a constant and will be removed. (OPT-1206)
Information: The register 'u_ZINT_REBUILD_CRT/u_ZINT_ADD_MUL_SMALL/p_tmp_reg[2]' is a constant and will be removed. (OPT-1206)
Information: The register 'u_ZINT_REBUILD_CRT/u_ZINT_ADD_MUL_SMALL/p_tmp_reg[3]' is a constant and will be removed. (OPT-1206)
Information: The register 'u_ZINT_REBUILD_CRT/u_ZINT_ADD_MUL_SMALL/p_tmp_reg[4]' is a constant and will be removed. (OPT-1206)
Information: The register 'u_ZINT_REBUILD_CRT/u_ZINT_ADD_MUL_SMALL/p_tmp_reg[5]' is a constant and will be removed. (OPT-1206)
Information: The register 'u_ZINT_REBUILD_CRT/u_ZINT_ADD_MUL_SMALL/p_tmp_reg[6]' is a constant and will be removed. (OPT-1206)
Information: The register 'u_ZINT_REBUILD_CRT/u_ZINT_ADD_MUL_SMALL/p_tmp_reg[7]' is a constant and will be removed. (OPT-1206)
Information: The register 'u_ZINT_REBUILD_CRT/u_ZINT_ADD_MUL_SMALL/p_tmp_reg[8]' is a constant and will be removed. (OPT-1206)
Information: The register 'u_ZINT_REBUILD_CRT/u_ZINT_ADD_MUL_SMALL/p_tmp_reg[9]' is a constant and will be removed. (OPT-1206)
Information: The register 'u_ZINT_REBUILD_CRT/u_ZINT_ADD_MUL_SMALL/p_tmp_reg[10]' is a constant and will be removed. (OPT-1206)
Information: In design 'MAKE_FG', the register 'u_MODP_MONTYMUL_TOP/genblk1[3].u_MODP_MONTYMUL/o_bus_reg[1]' is removed because it is merged to 'u_MODP_MONTYMUL_TOP/genblk1[3].u_MODP_MONTYMUL/o_bus_reg[0]'. (OPT-1215)
Information: In design 'MAKE_FG', the register 'u_MODP_MONTYMUL_TOP/genblk1[3].u_MODP_MONTYMUL/out_valid_reg' is removed because it is merged to 'u_MODP_MONTYMUL_TOP/genblk1[3].u_MODP_MONTYMUL/o_bus_reg[0]'. (OPT-1215)
Information: In design 'MAKE_FG', the register 'u_MODP_MONTYMUL_TOP/genblk1[2].u_MODP_MONTYMUL/out_valid_reg' is removed because it is merged to 'u_MODP_MONTYMUL_TOP/genblk1[2].u_MODP_MONTYMUL/o_bus_reg[1]'. (OPT-1215)
Information: In design 'MAKE_FG', the register 'u_MODP_MONTYMUL_TOP/genblk1[1].u_MODP_MONTYMUL/out_valid_reg' is removed because it is merged to 'u_MODP_MONTYMUL_TOP/genblk1[1].u_MODP_MONTYMUL/o_bus_reg[0]'. (OPT-1215)

  Beginning Mapping Optimizations  (Ultra High effort)
  -------------------------------
Information: Ungrouping hierarchy u_MODP_MONTYMUL_TOP/genblk1[3].u_MODP_MONTYMUL 'MODP_MONTYMUL_MASTER_NUM8_0' #insts = 150. (OPT-777)
Information: Ungrouping hierarchy u_MODP_MONTYMUL_TOP/genblk1[2].u_MODP_MONTYMUL 'MODP_MONTYMUL_MASTER_NUM8_1' #insts = 150. (OPT-777)
Information: Ungrouping hierarchy u_MODP_MONTYMUL_TOP/genblk1[1].u_MODP_MONTYMUL 'MODP_MONTYMUL_MASTER_NUM8_2' #insts = 150. (OPT-777)
Information: Ungrouping hierarchy u_MODP_MONTYMUL_TOP/genblk1[0].u_MODP_MONTYMUL 'MODP_MONTYMUL_MASTER_NUM8_3' #insts = 150. (OPT-777)
Information: Ungrouping hierarchy u_ZINT_REBUILD_CRT/u_ZINT_ADD_MUL_SMALL 'ZINT_ADD_MUL_SMALL_SLAVE_NUM4' #insts = 1822. (OPT-777)
  Mapping Optimization (Phase 1)
  Mapping Optimization (Phase 2)
  Mapping Optimization (Phase 3)
  Mapping Optimization (Phase 4)
  Mapping Optimization (Phase 5)
  Mapping Optimization (Phase 6)
  Mapping Optimization (Phase 7)
  Mapping Optimization (Phase 8)
  Mapping Optimization (Phase 9)

                                  TOTAL                                                
   ELAPSED            WORST NEG   SETUP    DESIGN                              LEAKAGE 
    TIME      AREA      SLACK     COST    RULE COST         ENDPOINT            POWER  
  --------- --------- --------- --------- --------- ------------------------- ---------
    0:01:47  303928.1      0.58     180.1      52.4                           11857.6416
    0:01:48  302177.4      1.10     197.3      52.4                           11783.0996

  Beginning Constant Register Removal
  -----------------------------------
    0:01:49  302322.8      1.10     197.3      52.4                           11794.4092
    0:01:50  302257.3      1.07     197.0      52.4                           11791.3232

  Beginning Global Optimizations
  ------------------------------
  Numerical Synthesis (Phase 1)
  Numerical Synthesis (Phase 2)
  Global Optimization (Phase 1)
  Global Optimization (Phase 2)
  Global Optimization (Phase 3)
  Global Optimization (Phase 4)
  Global Optimization (Phase 5)
  Global Optimization (Phase 6)
  Global Optimization (Phase 7)
  Global Optimization (Phase 8)
  Global Optimization (Phase 9)
  Global Optimization (Phase 10)
  Global Optimization (Phase 11)
  Global Optimization (Phase 12)
  Global Optimization (Phase 13)
  Global Optimization (Phase 14)
  Global Optimization (Phase 15)
  Global Optimization (Phase 16)
  Global Optimization (Phase 17)
  Global Optimization (Phase 18)
  Global Optimization (Phase 19)
  Global Optimization (Phase 20)
  Global Optimization (Phase 21)
  Global Optimization (Phase 22)
  Global Optimization (Phase 23)
  Global Optimization (Phase 24)
  Global Optimization (Phase 25)
  Global Optimization (Phase 26)
  Global Optimization (Phase 27)
  Global Optimization (Phase 28)
  Global Optimization (Phase 29)
  Global Optimization (Phase 30)
  Global Optimization (Phase 31)
Information: Added key list 'DesignWare' to design 'MODP_MONTYMUL_TOP_MASTER_NUM8_MUL_NUM4'. (DDB-72)

  Beginning Isolate Ports
  -----------------------

  Beginning Delay Optimization
  ----------------------------
    0:02:06  145976.4      1.27     363.1     272.3                           3592.3987
    0:02:09  147748.6      0.45     228.0     274.8                           3712.1399
    0:02:09  147748.6      0.45     228.0     274.8                           3712.1399
    0:02:10  147771.5      0.46     229.7     270.7                           3714.2661
    0:02:21  146992.7      2.82     453.5     314.1                           3683.4866
    0:02:22  146200.5      2.83     539.5     345.2                           3651.0593

  Beginning WLM Backend Optimization
  --------------------------------------
    0:02:28  144062.7      3.28     538.1     393.2                           3404.3337
    0:02:29  144078.3      3.28     539.5     393.1                           3390.6733
    0:02:30  143595.0      2.95     542.2     370.2                           3362.2224
    0:02:32  143217.2      2.95     542.0     224.3                           3340.9702
    0:02:32  142861.3      2.91     542.3     224.3                           3320.4038
    0:02:33  142818.4      2.91     542.3     224.3                           3317.8833
    0:02:35  143644.2      0.43     274.8      97.3                           3375.4714
    0:02:38  144365.2      0.43     241.5      97.3                           3421.9297
    0:02:41  145874.1      0.43     152.6     101.2                           3527.2151
    0:02:43  146772.5      0.43     127.2     143.7                           3587.9954
    0:02:43  146772.5      0.43     127.2     143.7                           3587.9954
    0:02:47  146754.8      0.44     115.9     102.7                           3419.2429
    0:02:47  146754.8      0.44     115.9     102.7                           3419.2429
    0:02:49  147496.4      0.41     112.8     144.3                           3456.2275
    0:02:49  147496.4      0.41     112.8     144.3                           3456.2275
    0:02:51  150214.8      0.26      98.4     172.7                           3630.5242
    0:02:51  150214.8      0.26      98.4     172.7                           3630.5242
    0:02:55  151390.6      0.26      97.7     102.7                           3695.4023
    0:02:55  151390.6      0.26      97.7     102.7                           3695.4023
    0:03:21  159863.8      0.04       7.0     114.3                           4243.8384
    0:03:21  159863.8      0.04       7.0     114.3                           4243.8384
    0:03:21  160004.0      0.04       7.0     114.3                           4252.4009
    0:03:21  160004.0      0.04       7.0     114.3                           4252.4009
    0:03:26  161785.9      0.02       2.7     209.6                           4362.5596
    0:03:26  161785.9      0.02       2.7     209.6                           4362.5596
    0:03:29  162225.0      0.02       2.9     209.6                           4383.2798
    0:03:29  162225.0      0.02       2.9     209.6                           4383.2798
    0:03:34  163606.2      0.01       0.2     265.7                           4472.4365
    0:03:34  163606.2      0.01       0.2     265.7                           4472.4365
    0:03:42  165734.8      0.03       1.1     274.4                           4580.3223


  Beginning Design Rule Fixing  (max_transition)  (max_capacitance)
  ----------------------------

                                  TOTAL                                                
   ELAPSED            WORST NEG   SETUP    DESIGN                              LEAKAGE 
    TIME      AREA      SLACK     COST    RULE COST         ENDPOINT            POWER  
  --------- --------- --------- --------- --------- ------------------------- ---------
    0:03:42  165734.8      0.03       1.1     274.4                           4580.3223
  Global Optimization (Phase 32)
  Global Optimization (Phase 33)
  Global Optimization (Phase 34)
    0:03:44  165763.6      0.01       0.6       0.0 u_ZINT_REBUILD_CRT/p0i_add_mul_small_reg[22]/D 4580.9736
    0:03:44  165833.6      0.01       0.4       0.0 u_ZINT_REBUILD_CRT/s_add_mul_small_reg[24]/D 4585.9985
    0:03:45  165944.1      0.00       0.1       0.0 u_MODP_MONTYMUL_TOP/genblk1[3].u_MODP_MONTYMUL/a_b_p0i_reg_reg[30]/D 4593.3423
    0:03:45  165954.3      0.00       0.0       0.0 u_ZINT_REBUILD_CRT/p0i_add_mul_small_reg[29]/D 4593.0830
    0:03:46  165979.9      0.00       0.0       0.0                           4594.6904
    0:03:46  165979.9      0.00       0.0       0.0                           4594.6904


  Beginning Leakage Power Optimization  (max_leakage_power 0)
  ------------------------------------

                                  TOTAL                                                
   ELAPSED            WORST NEG   SETUP    DESIGN                              LEAKAGE 
    TIME      AREA      SLACK     COST    RULE COST         ENDPOINT            POWER  
  --------- --------- --------- --------- --------- ------------------------- ---------
    0:03:46  165979.9      0.00       0.0       0.0                           4594.6904
  Global Optimization (Phase 35)
  Global Optimization (Phase 36)
  Global Optimization (Phase 37)
  Global Optimization (Phase 38)
  Global Optimization (Phase 39)
  Global Optimization (Phase 40)
  Global Optimization (Phase 41)
  Global Optimization (Phase 42)
  Global Optimization (Phase 43)
  Global Optimization (Phase 44)
  Global Optimization (Phase 45)
  Global Optimization (Phase 46)
  Global Optimization (Phase 47)
  Global Optimization (Phase 48)
  Global Optimization (Phase 49)
  Global Optimization (Phase 50)
    0:04:01  166070.4      0.58     492.0       0.1                           4008.8513
    0:04:13  172214.7      0.37     303.4     597.7                           4374.4507
    0:04:13  172214.7      0.37     303.4     597.7                           4374.4507
    0:04:19  165231.9      0.36     223.5      56.6                           4118.4106
    0:04:19  165231.9      0.36     223.5      56.6                           4118.4106
    0:04:22  167079.7      0.31     197.3      71.6                           4233.4756
    0:04:22  167079.7      0.31     197.3      71.6                           4233.4756
    0:04:23  167824.7      0.14      66.0      86.1                           4360.7373
    0:04:23  167824.7      0.14      66.0      86.1                           4360.7373
    0:04:43  174049.3      0.08      33.4     194.9                           4709.0195
    0:04:43  174049.3      0.08      33.4     194.9                           4709.0195
    0:04:49  176016.5      0.00       0.0     243.0                           4881.7656
    0:04:49  176016.5      0.00       0.0     243.0                           4881.7656
    0:04:49  176016.5      0.00       0.0     243.0                           4881.7656
    0:04:49  176016.5      0.00       0.0     243.0                           4881.7656
    0:04:49  176016.5      0.00       0.0     243.0                           4881.7656
    0:04:49  176016.5      0.00       0.0     243.0                           4881.7656
    0:04:49  176016.5      0.00       0.0     243.0                           4881.7656
    0:04:49  176016.5      0.00       0.0     243.0                           4881.7656
    0:04:49  176016.5      0.00       0.0     243.0                           4881.7656
    0:04:49  176016.5      0.00       0.0     243.0                           4881.7656
    0:04:49  176016.5      0.00       0.0     243.0                           4881.7656
    0:04:50  175681.3      0.00       0.0     243.0                           4881.8691

                                  TOTAL                                                
   ELAPSED            WORST NEG   SETUP    DESIGN                              LEAKAGE 
    TIME      AREA      SLACK     COST    RULE COST         ENDPOINT            POWER  
  --------- --------- --------- --------- --------- ------------------------- ---------
    0:04:51  175681.3      0.00       0.0     243.0                           4881.8691
    0:05:50  154887.4      0.01       0.2     100.3                           3776.2659
    0:05:51  154999.6      0.00       0.0     100.3                           3783.9900
    0:05:51  154999.6      0.00       0.0     100.3                           3783.9900
    0:05:59  154052.3      0.01       0.3       7.9                           3548.4890

  Beginning Delay Optimization HSVT Pass
  --------------------------------------
    0:06:00  154052.3      0.01       0.3       7.9                           3548.4890
    0:06:00  154052.3      0.01       0.3       7.9                           3548.4890
    0:06:00  154052.3      0.01       0.3       7.9                           3548.4890
    0:06:02  154232.8      0.01       0.6       7.9                           3559.2517
    0:06:03  154232.8      0.01       0.6       7.9                           3559.2517
    0:06:03  154232.8      0.01       0.6       7.9                           3559.2517
    0:06:03  154232.8      0.01       0.6       7.9                           3559.2517
    0:06:04  154593.0      0.01       0.3       7.9                           3572.0278
    0:06:07  154570.5      0.01       0.4       7.8                           3571.0710
    0:06:08  154477.3      0.01       0.4       0.0                           3566.4854
    0:06:09  154568.5      0.01       0.5       0.0                           3560.8953
    0:06:10  154678.5      0.01       0.5       0.0                           3553.6501
    0:06:10  154683.9      0.01       0.5       0.0                           3553.0137
    0:06:11  155020.5      0.00       0.0       0.0                           3592.6399
    0:06:11  155020.5      0.00       0.0       0.0                           3592.6399
    0:06:11  155020.5      0.00       0.0       0.0                           3592.6399
    0:06:12  155030.5      0.00       0.0       0.0                           3593.5757
    0:06:12  155038.9      0.00       0.0       0.0                           3594.3594
    0:06:20  152456.5      0.00       0.0       0.0                           3478.3093
    0:06:24  151086.7      0.00       0.0       0.0                           3436.8086
Loading db file '/cell_base_lib/CBDK_TSMC40_Arm_f2.0/CIC/SynopsysDC/db/sc9_base_rvt/sc9_cln40g_base_rvt_ss_typical_max_0p81v_125c.db'
Loading db file '/cell_base_lib/CBDK_TSMC40_Arm_f2.0/CIC/SynopsysDC/db/sc9_base_hvt/sc9_cln40g_base_hvt_ss_typical_max_0p81v_125c.db'
Loading db file '/cell_base_lib/CBDK_TSMC40_Arm_f2.0/CIC/SynopsysDC/db/sc9_base_lvt/sc9_cln40g_base_lvt_ss_typical_max_0p81v_125c.db'
Loading db file '/home/daniel_kuo/Falcon/hardware/zint_rebuild_CRT/04_MEM/RF_2p_CRT_4x256_nldm_ss_0p81v_0p81v_125c.db'
Loading db file '/home/daniel_kuo/Falcon/hardware/zint_rebuild_CRT/04_MEM/RF_2p_CRT_TMP_nldm_ss_0p81v_0p81v_125c.db'


Note: Symbol # after min delay cost means estimated hold TNS across all active scenarios 


  Optimization Complete
  ---------------------
Warning: Design 'MAKE_FG' contains 1 high-fanout nets. A fanout number of 1000 will be used for delay calculations involving these nets. (TIM-134)
     Net 'u_MODP_MONTYMUL_TOP/clk': 2358 load(s), 1 driver(s)
  Loading target library 'RF_2p_CRT_4x256_nldm_ss_0p81v_0p81v_125c'
  Loading target library 'RF_2p_CRT_TMP_nldm_ss_0p81v_0p81v_125c'
Information: State dependent leakage is now switched from off to on.
Information: Propagating switching activity (low effort zero delay simulation). (PWR-6)
Warning: Design has unannotated black box outputs. (PWR-428)
1
set_fix_hold [get_clocks clk]
1
compile -incremental_mapping -only_hold_time
Information: Performing power optimization. (PWR-850)
====================================================================================================
| Flow Information                                                                                 |
----------------------------------------------------------------------------------------------------
| Flow         | Design Compiler NXT                                                               |
| Comand line  | compile_ultra                                                                     |
====================================================================================================
| Design Information                                      | Value                                  |
====================================================================================================
| Number of Scenarios                                     | 0                                      |
| Leaf Cell Count                                         | 61802                                  |
| Number of User Hierarchies                              | 4                                      |
| Sequential Cell Count                                   | 2356                                   |
| Macro Count                                             | 0                                      |
| Number of Power Domains                                 | 0                                      |
| Number of Path Groups                                   | 2                                      |
| Number of VT class                                      | 0                                      |
| Number of Clocks                                        | 1                                      |
| Number of Dont Touch cells                              | 2                                      |
| Number of Dont Touch nets                               | 3                                      |
| Number of size only cells                               | 0                                      |
| Design with UPF Data                                    | false                                  |
----------------------------------------------------------------------------------------------------
| Variables                                               | Value                                  |
----------------------------------------------------------------------------------------------------
| set_fix_multiple_port_nets                              | -all -buffer_constants                 |
====================================================================================================

Information: There are 1338 potential problems in your design. Please run 'check_design' for more information. (LINT-99)


Information: State dependent leakage is now switched from on to off.

  Beginning Pass 1 Mapping  (Incremental)
  ------------------------

  Updating timing information
Information: Updating design information... (UID-85)
Information: The library cell 'TIELO_X1M_A9TR' in the library 'sc9_cln40g_base_rvt_ss_typical_max_0p81v_125c' is not characterized for internal power. (PWR-536)
Information: The library cell 'TIEHI_X1M_A9TR' in the library 'sc9_cln40g_base_rvt_ss_typical_max_0p81v_125c' is not characterized for internal power. (PWR-536)
Information: The library cell 'TIELO_X1M_A9TH' in the library 'sc9_cln40g_base_hvt_ss_typical_max_0p81v_125c' is not characterized for internal power. (PWR-536)
Information: The library cell 'TIEHI_X1M_A9TH' in the library 'sc9_cln40g_base_hvt_ss_typical_max_0p81v_125c' is not characterized for internal power. (PWR-536)
Information: The library cell 'TIELO_X1M_A9TL' in the library 'sc9_cln40g_base_lvt_ss_typical_max_0p81v_125c' is not characterized for internal power. (PWR-536)
Information: The library cell 'TIEHI_X1M_A9TL' in the library 'sc9_cln40g_base_lvt_ss_typical_max_0p81v_125c' is not characterized for internal power. (PWR-536)
Information: The target library(s) contains cell(s), other than black boxes, that are not characterized for internal power. (PWR-24)

  Beginning Mapping Optimizations  (Incremental)
  -------------------------------

  Beginning Delay Optimization Phase
  ----------------------------------

                                  TOTAL                                                            
   ELAPSED            WORST NEG   SETUP    DESIGN                              LEAKAGE   MIN DELAY 
    TIME      AREA      SLACK     COST    RULE COST         ENDPOINT            POWER      COST    
  --------- --------- --------- --------- --------- ------------------------- --------- -----------
    0:00:05  151086.7      0.00       0.0       0.0                           3436.8086      0.00  
    0:00:06  153386.2      0.00       0.0       0.0                           3637.7090      0.00  
    0:00:07  153384.8      0.00       0.0       0.0                           3637.7280      0.00  


  Beginning Design Rule Fixing  (min_path)
  ----------------------------

                                  TOTAL                                                            
   ELAPSED            WORST NEG   SETUP    DESIGN                              LEAKAGE   MIN DELAY 
    TIME      AREA      SLACK     COST    RULE COST         ENDPOINT            POWER      COST    
  --------- --------- --------- --------- --------- ------------------------- --------- -----------
    0:00:07  153384.8      0.00       0.0       0.0                           3637.7280     -4.09  
Information: State dependent leakage is now switched from off to on.
Information: Propagating switching activity (low effort zero delay simulation). (PWR-6)
Warning: Design has unannotated black box outputs. (PWR-428)
    0:00:12  153428.1      0.00       0.0       0.0                           3708.0039      0.00  
Loading db file '/cell_base_lib/CBDK_TSMC40_Arm_f2.0/CIC/SynopsysDC/db/sc9_base_rvt/sc9_cln40g_base_rvt_ss_typical_max_0p81v_125c.db'
Loading db file '/cell_base_lib/CBDK_TSMC40_Arm_f2.0/CIC/SynopsysDC/db/sc9_base_hvt/sc9_cln40g_base_hvt_ss_typical_max_0p81v_125c.db'
Loading db file '/cell_base_lib/CBDK_TSMC40_Arm_f2.0/CIC/SynopsysDC/db/sc9_base_lvt/sc9_cln40g_base_lvt_ss_typical_max_0p81v_125c.db'
Loading db file '/home/daniel_kuo/Falcon/hardware/zint_rebuild_CRT/04_MEM/RF_2p_CRT_4x256_nldm_ss_0p81v_0p81v_125c.db'
Loading db file '/home/daniel_kuo/Falcon/hardware/zint_rebuild_CRT/04_MEM/RF_2p_CRT_TMP_nldm_ss_0p81v_0p81v_125c.db'


Note: Symbol # after min delay cost means estimated hold TNS across all active scenarios 


  Optimization Complete
  ---------------------
Warning: Design 'MAKE_FG' contains 1 high-fanout nets. A fanout number of 1000 will be used for delay calculations involving these nets. (TIM-134)
     Net 'u_MODP_MONTYMUL_TOP/clk': 2358 load(s), 1 driver(s)
1
# set_fix_multiple_port_nets -all -buffer_constants
# set_fix_hold [get_clocks clk]
# check_design > Report/$DESIGN\.check
# compile_ultra
# # compile_ultra -incremental
# # uniquify
# # compile
#======================================================
#  (F) Output Reports 
#======================================================
report_design  >  Report/$DESIGN\.design
report_resource >  Report/$DESIGN\.resource
report_timing -max_paths 3 >  Report/$DESIGN\.timing
report_area >  Report/$DESIGN\.area
report_power > Report/$DESIGN\.power
report_clock > Report/$DESIGN\.clock
report_port >  Report/$DESIGN\.port
report_power >  Report/$DESIGN\.power
#report_reference > Report/$DESIGN\.reference
#======================================================
#  (G) Change Naming Rule
#======================================================
set bus_inference_style "%s\[%d\]"
%s[%d]
set bus_naming_style "%s\[%d\]"
%s[%d]
set hdlout_internal_busses true
true
change_names -hierarchy -rule verilog
1
define_name_rules name_rule -allowed "a-z A-Z 0-9 _" -max_length 255 -type cell
1
define_name_rules name_rule -allowed "a-z A-Z 0-9 _[]" -max_length 255 -type net
1
define_name_rules name_rule -map {{"\\*cell\\*" "cell"}}
1
define_name_rules name_rule -case_insensitive
1
change_names -hierarchy -rules name_rule
1
#======================================================
#  (H) Output Results
#======================================================
set verilogout_higher_designs_first true
true
write -format verilog -output Netlist/$DESIGN\_SYN.v -hierarchy
Writing verilog file '/home/daniel_kuo/Falcon/hardware/zint_rebuild_CRT/02_SYN/Netlist/MAKE_FG_SYN.v'.
1
write -format ddc     -hierarchy -output $DESIGN\_SYN.ddc
Writing ddc file 'MAKE_FG_SYN.ddc'.
1
write_sdf -version 3.0 -context verilog -load_delay cell Netlist/$DESIGN\_SYN.sdf -significant_digits 6
Information: Writing timing information to file '/home/daniel_kuo/Falcon/hardware/zint_rebuild_CRT/02_SYN/Netlist/MAKE_FG_SYN.sdf'. (WT-3)
1
write_sdc Netlist/$DESIGN\_SYN.sdc
1
# write -format svsim   -output Netlist/$DESIGN\_Wrapper.sv
#======================================================
#  (I) Finish and Quit
#======================================================
report_resource
 
****************************************
Report : resources
Design : MAKE_FG
Version: T-2022.03
Date   : Thu Jan 29 18:21:35 2026
****************************************


Resource Report for this hierarchy in file ../01_RTL/MAKE_FG.sv
=============================================================================
| Cell           | Module         | Parameters | Contained Operations       |
=============================================================================
| ash_1          | DW_leftsh      | A_width=9  | sll_116 (MAKE_FG.sv:116)   |
|                |                | SH_width=4 |                            |
| add_x_2        | DW01_inc       | width=10   | add_142 (MAKE_FG.sv:142)   |
| add_x_7        | DW01_add       | width=10   | add_184 (MAKE_FG.sv:184)   |
| add_x_13       | DW01_inc       | width=12   | add_255 (MAKE_FG.sv:255)   |
| add_x_15       | DW01_add       | width=10   | add_261 (MAKE_FG.sv:261)   |
| DP_OP_41J4_122_9807             |            |                            |
|                | DP_OP_41J4_122_9807 |       |                            |
=============================================================================

Datapath Report for DP_OP_41J4_122_9807
==============================================================================
| Cell                 | Contained Operations                                |
==============================================================================
| DP_OP_41J4_122_9807  | mult_246 (MAKE_FG.sv:246) sub_246 (MAKE_FG.sv:246)  |
|                      | eq_246 (MAKE_FG.sv:246)                             |
==============================================================================

==============================================================================
|       |      | Data     |       |                                          |
| Var   | Type | Class    | Width | Expression                               |
==============================================================================
| I1    | PI   | Unsigned | 9     |                                          |
| I2    | PI   | Unsigned | 9     |                                          |
| I3    | PI   | Unsigned | 12    |                                          |
| T10   | IFO  | Unsigned | 18    | I1 * I2 (MAKE_FG.sv:246)                 |
| T11   | IFO  | Signed   | 19    | T10 - $unsigned(1'b1) (MAKE_FG.sv:246)   |
| T30   | IFO  | Signed   | 32    | T11                                      |
| O1    | PO   | Unsigned | 1     | I3 == $unsigned(T30) (MAKE_FG.sv:246)    |
==============================================================================


Datapath Extraction Report

Information: Operator associated with resources 'add_184 (MAKE_FG.sv:184)' in design 'MAKE_FG' breaks the datapath extraction because there is leakage due to truncation on the fanout of its driver 'sll_116 (MAKE_FG.sv:116)'.  (HDL-120)


Implementation Report
===============================================================================
|                    |                  | Current            | Set            |
| Cell               | Module           | Implementation     | Implementation |
===============================================================================
| ash_1              | DW_leftsh        | astr (area)        |                |
| add_x_2            | DW01_inc         | apparch (area)     |                |
| add_x_7            | DW01_add         | apparch (area)     |                |
| add_x_13           | DW01_inc         | apparch (area)     |                |
| add_x_15           | DW01_add         | apparch (area)     |                |
| DP_OP_41J4_122_9807                   |                    |                |
|                    | DP_OP_41J4_122_9807 | str (area,speed)                 |
|                    |                  | mult_arch: benc_radix4              |
===============================================================================

1
report_area -hierarchy
 
****************************************
Report : area
Design : MAKE_FG
Version: T-2022.03
Date   : Thu Jan 29 18:21:35 2026
****************************************

Library(s) Used:

    sc9_cln40g_base_rvt_ss_typical_max_0p81v_125c (File: /cell_base_lib/CBDK_TSMC40_Arm_f2.0/CIC/SynopsysDC/db/sc9_base_rvt/sc9_cln40g_base_rvt_ss_typical_max_0p81v_125c.db)
    sc9_cln40g_base_lvt_ss_typical_max_0p81v_125c (File: /cell_base_lib/CBDK_TSMC40_Arm_f2.0/CIC/SynopsysDC/db/sc9_base_lvt/sc9_cln40g_base_lvt_ss_typical_max_0p81v_125c.db)
    sc9_cln40g_base_hvt_ss_typical_max_0p81v_125c (File: /cell_base_lib/CBDK_TSMC40_Arm_f2.0/CIC/SynopsysDC/db/sc9_base_hvt/sc9_cln40g_base_hvt_ss_typical_max_0p81v_125c.db)
    RF_2p_CRT_TMP_nldm_ss_0p81v_0p81v_125c (File: /home/daniel_kuo/Falcon/hardware/zint_rebuild_CRT/04_MEM/RF_2p_CRT_TMP_nldm_ss_0p81v_0p81v_125c.db)
    RF_2p_CRT_4x256_nldm_ss_0p81v_0p81v_125c (File: /home/daniel_kuo/Falcon/hardware/zint_rebuild_CRT/04_MEM/RF_2p_CRT_4x256_nldm_ss_0p81v_0p81v_125c.db)

Number of ports:                         3356
Number of nets:                         71223
Number of cells:                        62306
Number of combinational cells:          59946
Number of sequential cells:              2354
Number of macros/black boxes:               2
Number of buf/inv:                       8965
Number of references:                     210

Combinational area:              98824.923559
Buf/Inv area:                     9507.455997
Noncombinational area:           10776.628317
Macro/Black Box area:            43826.589844
Net Interconnect area:               0.000000

Total cell area:                153428.141720
Total area:                     153428.141720

Hierarchical area distribution
------------------------------

                                  Global cell area               Local cell area
                                  --------------------  ---------------------------------- 
Hierarchical cell                 Absolute     Percent  Combi-      Noncombi-   Black-
                                  Total        Total    national    national    boxes       Design
--------------------------------  -----------  -------  ----------  ----------  ----------  --------------------------------------
MAKE_FG                           153428.1417    100.0   1659.0420   2058.4367  34997.6250  MAKE_FG
u_MODP_MONTYMUL_TOP                49832.4953     32.5  47680.6170   2151.8783      0.0000  MODP_MONTYMUL_TOP_MASTER_NUM8_MUL_NUM4
u_ZINT_REBUILD_CRT                 64880.5427     42.3  35236.3280   6566.3133   8828.9648  ZINT_REBUILD_CRT
u_ZINT_REBUILD_CRT/u_PRIMES_0       4469.5475      2.9   4469.5475      0.0000      0.0000  PRIMES_1
u_ZINT_REBUILD_CRT/u_PRIMES_1       9779.3891      6.4   9779.3891      0.0000      0.0000  PRIMES_0
--------------------------------  -----------  -------  ----------  ----------  ----------  --------------------------------------
Total                                                   98824.9236  10776.6283  43826.5898

1
report_timing -delay_type min
 
****************************************
Report : timing
        -path full
        -delay min
        -max_paths 1
Design : MAKE_FG
Version: T-2022.03
Date   : Thu Jan 29 18:21:36 2026
****************************************

 # A fanout number of 1000 was used for high fanout net computations.

Operating Conditions: ss_typical_max_0p81v_125c   Library: sc9_cln40g_base_rvt_ss_typical_max_0p81v_125c
Wire Load Model Mode: top

  Startpoint: clk (clock source 'clk')
  Endpoint: u_RF_CRT_u_RF_2p_CRT_4x256
            (rising edge-triggered flip-flop clocked by clk)
  Path Group: clk
  Path Type: min

  Des/Clust/Port     Wire Load Model       Library
  ------------------------------------------------
  MAKE_FG            Small                 sc9_cln40g_base_rvt_ss_typical_max_0p81v_125c

  Point                                                   Incr       Path
  --------------------------------------------------------------------------
  clock clk (rise edge)                                   0.00       0.00
  clk (in)                                                0.00 #     0.00 r
  u_RF_CRT_u_RF_2p_CRT_4x256/CLKB (RF_2p_CRT_4x256)       0.00 #     0.00 r
  data arrival time                                                  0.00

  clock clk (rise edge)                                   0.00       0.00
  clock network delay (ideal)                             0.00       0.00
  u_RF_CRT_u_RF_2p_CRT_4x256/CLKA (RF_2p_CRT_4x256)       0.00       0.00 r
  library hold time                                       0.00       0.00
  data required time                                                 0.00
  --------------------------------------------------------------------------
  data required time                                                 0.00
  data arrival time                                                  0.00
  --------------------------------------------------------------------------
  slack (MET)                                                        0.00


1
report_timing
 
****************************************
Report : timing
        -path full
        -delay max
        -max_paths 1
Design : MAKE_FG
Version: T-2022.03
Date   : Thu Jan 29 18:21:36 2026
****************************************

 # A fanout number of 1000 was used for high fanout net computations.

Operating Conditions: ss_typical_max_0p81v_125c   Library: sc9_cln40g_base_rvt_ss_typical_max_0p81v_125c
Wire Load Model Mode: top

  Startpoint: logn_reg_0_
              (rising edge-triggered flip-flop clocked by clk)
  Endpoint: u_ZINT_REBUILD_CRT/s_add_mul_small_reg_12_
            (rising edge-triggered flip-flop clocked by clk)
  Path Group: clk
  Path Type: max

  Des/Clust/Port     Wire Load Model       Library
  ------------------------------------------------
  MAKE_FG            Small                 sc9_cln40g_base_rvt_ss_typical_max_0p81v_125c

  Point                                                   Incr       Path
  --------------------------------------------------------------------------
  clock clk (rise edge)                                   0.00       0.00
  clock network delay (ideal)                             0.00       0.00
  logn_reg_0_/CK (DFFRPQ_X4M_A9TL)                        0.00 #     0.00 r
  logn_reg_0_/Q (DFFRPQ_X4M_A9TL)                         0.12       0.12 r
  U1243/Y (NAND2_X6M_A9TL)                                0.03       0.15 f
  U499/Y (NOR2_X6A_A9TL)                                  0.04       0.18 r
  u_ZINT_REBUILD_CRT/num[3] (ZINT_REBUILD_CRT)            0.00       0.18 r
  u_ZINT_REBUILD_CRT/U14388/Y (INV_X11M_A9TL)             0.02       0.21 f
  u_ZINT_REBUILD_CRT/U2132/Y (NOR2_X2M_A9TR)              0.04       0.24 r
  u_ZINT_REBUILD_CRT/U10084/Y (INV_X2M_A9TH)              0.04       0.28 f
  u_ZINT_REBUILD_CRT/U14716/Y (NAND2_X3M_A9TL)            0.03       0.31 r
  u_ZINT_REBUILD_CRT/U14715/CON (CGENI_X2M_A9TL)          0.04       0.36 f
  u_ZINT_REBUILD_CRT/U14923/Y (AOI21_X4M_A9TL)            0.04       0.39 r
  u_ZINT_REBUILD_CRT/U14917/Y (NAND3BB_X8M_A9TL)          0.05       0.44 r
  u_ZINT_REBUILD_CRT/U2477/Y (NAND2_X8M_A9TL)             0.02       0.46 f
  u_ZINT_REBUILD_CRT/U2476/Y (INV_X16M_A9TL)              0.02       0.48 r
  u_ZINT_REBUILD_CRT/U2354/Y (NAND2_X6M_A9TL)             0.02       0.50 f
  u_ZINT_REBUILD_CRT/U16949/Y (OAI21_X8M_A9TL)            0.03       0.53 r
  u_ZINT_REBUILD_CRT/U16962/Y (INV_X11M_A9TL)             0.02       0.55 f
  u_ZINT_REBUILD_CRT/U14539/Y (BUFH_X13M_A9TL)            0.02       0.57 f
  u_ZINT_REBUILD_CRT/U2071/Y (NAND2B_X3M_A9TL)            0.02       0.59 r
  u_ZINT_REBUILD_CRT/U14656/Y (NAND3_X6A_A9TL)            0.03       0.62 f
  u_ZINT_REBUILD_CRT/U14655/Y (AOI21_X8M_A9TL)            0.04       0.66 r
  u_ZINT_REBUILD_CRT/U17063/Y (INV_X6M_A9TL)              0.02       0.68 f
  u_ZINT_REBUILD_CRT/U16995/Y (NAND2_X8M_A9TL)            0.02       0.70 r
  u_ZINT_REBUILD_CRT/U16718/Y (INV_X16M_A9TL)             0.02       0.72 f
  u_ZINT_REBUILD_CRT/U1998/Y (NAND2B_X2M_A9TL)            0.04       0.76 f
  u_ZINT_REBUILD_CRT/U14940/Y (OA21_X8M_A9TL)             0.05       0.81 f
  u_ZINT_REBUILD_CRT/U1956/Y (NAND2XB_X2M_A9TL)           0.03       0.84 r
  u_ZINT_REBUILD_CRT/U10474/Y (NAND2XB_X2M_A9TL)          0.02       0.86 f
  u_ZINT_REBUILD_CRT/U7494/Y (INV_X3M_A9TL)               0.03       0.89 r
  u_ZINT_REBUILD_CRT/U14606/Y (NAND2_X8M_A9TL)            0.02       0.91 f
  u_ZINT_REBUILD_CRT/U14824/Y (NAND2XB_X6M_A9TL)          0.02       0.93 r
  u_ZINT_REBUILD_CRT/U1876/Y (BUFH_X9M_A9TL)              0.03       0.96 r
  u_ZINT_REBUILD_CRT/U15002/Y (INV_X16M_A9TL)             0.02       0.98 f
  u_ZINT_REBUILD_CRT/U15055/Y (OAI21_X4M_A9TL)            0.03       1.01 r
  u_ZINT_REBUILD_CRT/U14903/Y (MXIT2_X4M_A9TL)            0.04       1.05 f
  u_ZINT_REBUILD_CRT/U14612/Y (NOR2_X8A_A9TL)             0.04       1.08 r
  u_ZINT_REBUILD_CRT/U1594/Y (NAND2_X3M_A9TL)             0.03       1.11 f
  u_ZINT_REBUILD_CRT/U14691/Y (AOI21_X6M_A9TL)            0.03       1.14 r
  u_ZINT_REBUILD_CRT/U2451/Y (OAI21_X8M_A9TL)             0.03       1.17 f
  u_ZINT_REBUILD_CRT/U7459/Y (NAND2_X4M_A9TL)             0.02       1.19 r
  u_ZINT_REBUILD_CRT/U14968/Y (AND2_X11B_A9TL)            0.03       1.22 r
  u_ZINT_REBUILD_CRT/U14993/Y (INV_X16M_A9TL)             0.02       1.25 f
  u_ZINT_REBUILD_CRT/u_PRIMES_1/idx[1] (PRIMES_0)         0.00       1.25 f
  u_ZINT_REBUILD_CRT/u_PRIMES_1/U3064/Y (INV_X3P5M_A9TL)
                                                          0.02       1.27 r
  u_ZINT_REBUILD_CRT/u_PRIMES_1/U4441/Y (NAND2_X8M_A9TL)
                                                          0.03       1.30 f
  u_ZINT_REBUILD_CRT/u_PRIMES_1/U5278/Y (NOR2_X8A_A9TL)
                                                          0.04       1.34 r
  u_ZINT_REBUILD_CRT/u_PRIMES_1/U2386/Y (BUFH_X3P5M_A9TL)
                                                          0.05       1.39 r
  u_ZINT_REBUILD_CRT/u_PRIMES_1/U3859/Y (NAND2_X6M_A9TL)
                                                          0.04       1.42 f
  u_ZINT_REBUILD_CRT/u_PRIMES_1/U738/Y (NAND3XXB_X3M_A9TL)
                                                          0.05       1.47 r
  u_ZINT_REBUILD_CRT/u_PRIMES_1/U574/Y (NOR2_X4M_A9TL)
                                                          0.04       1.52 f
  u_ZINT_REBUILD_CRT/u_PRIMES_1/U3808/Y (AND2_X3B_A9TL)
                                                          0.04       1.56 f
  u_ZINT_REBUILD_CRT/u_PRIMES_1/U1673/Y (INV_X1P7B_A9TR)
                                                          0.02       1.58 r
  u_ZINT_REBUILD_CRT/u_PRIMES_1/U3227/Y (OAI31_X2M_A9TR)
                                                          0.05       1.64 f
  u_ZINT_REBUILD_CRT/u_PRIMES_1/U3666/Y (NOR3BB_X3M_A9TL)
                                                          0.06       1.70 f
  u_ZINT_REBUILD_CRT/u_PRIMES_1/U3649/Y (NAND3_X2A_A9TL)
                                                          0.02       1.72 r
  u_ZINT_REBUILD_CRT/u_PRIMES_1/prime[43] (PRIMES_0)      0.00       1.72 r
  u_ZINT_REBUILD_CRT/U10388/Y (AO1B2_X2M_A9TL)            0.05       1.77 r
  u_ZINT_REBUILD_CRT/s_add_mul_small_reg_12_/D (DFFRPQ_X2M_A9TL)
                                                          0.00       1.77 r
  data arrival time                                                  1.77

  clock clk (rise edge)                                   1.80       1.80
  clock network delay (ideal)                             0.00       1.80
  u_ZINT_REBUILD_CRT/s_add_mul_small_reg_12_/CK (DFFRPQ_X2M_A9TL)
                                                          0.00       1.80 r
  library setup time                                     -0.03       1.77
  data required time                                                 1.77
  --------------------------------------------------------------------------
  data required time                                                 1.77
  data arrival time                                                 -1.77
  --------------------------------------------------------------------------
  slack (MET)                                                        0.00


1
exit

Memory usage for this session 1052 Mbytes.
Memory usage for this session including child processes 1709 Mbytes.
CPU usage for this session 948 seconds ( 0.26 hours ).
Elapsed time for this session 426 seconds ( 0.12 hours ).

Thank you...

